Archive member included because of file (symbol)

c:/chibistudio/tools/gnu tools arm embedded/4.7 2013q1/bin/../lib/gcc/arm-none-eabi/4.7.3/../../../../arm-none-eabi/lib/armv7e-m\libm.a(lib_a-s_cos.o)
                              build/obj/kb_gps.o (cos)
c:/chibistudio/tools/gnu tools arm embedded/4.7 2013q1/bin/../lib/gcc/arm-none-eabi/4.7.3/../../../../arm-none-eabi/lib/armv7e-m\libm.a(lib_a-s_sin.o)
                              build/obj/kb_gps.o (sin)
c:/chibistudio/tools/gnu tools arm embedded/4.7 2013q1/bin/../lib/gcc/arm-none-eabi/4.7.3/../../../../arm-none-eabi/lib/armv7e-m\libm.a(lib_a-w_atan2.o)
                              build/obj/kb_gps.o (atan2)
c:/chibistudio/tools/gnu tools arm embedded/4.7 2013q1/bin/../lib/gcc/arm-none-eabi/4.7.3/../../../../arm-none-eabi/lib/armv7e-m\libm.a(lib_a-w_pow.o)
                              build/obj/kb_gps.o (pow)
c:/chibistudio/tools/gnu tools arm embedded/4.7 2013q1/bin/../lib/gcc/arm-none-eabi/4.7.3/../../../../arm-none-eabi/lib/armv7e-m\libm.a(lib_a-w_sqrt.o)
                              build/obj/kb_gps.o (sqrt)
c:/chibistudio/tools/gnu tools arm embedded/4.7 2013q1/bin/../lib/gcc/arm-none-eabi/4.7.3/../../../../arm-none-eabi/lib/armv7e-m\libm.a(lib_a-e_atan2.o)
                              c:/chibistudio/tools/gnu tools arm embedded/4.7 2013q1/bin/../lib/gcc/arm-none-eabi/4.7.3/../../../../arm-none-eabi/lib/armv7e-m\libm.a(lib_a-w_atan2.o) (__ieee754_atan2)
c:/chibistudio/tools/gnu tools arm embedded/4.7 2013q1/bin/../lib/gcc/arm-none-eabi/4.7.3/../../../../arm-none-eabi/lib/armv7e-m\libm.a(lib_a-e_pow.o)
                              c:/chibistudio/tools/gnu tools arm embedded/4.7 2013q1/bin/../lib/gcc/arm-none-eabi/4.7.3/../../../../arm-none-eabi/lib/armv7e-m\libm.a(lib_a-w_pow.o) (__ieee754_pow)
c:/chibistudio/tools/gnu tools arm embedded/4.7 2013q1/bin/../lib/gcc/arm-none-eabi/4.7.3/../../../../arm-none-eabi/lib/armv7e-m\libm.a(lib_a-e_rem_pio2.o)
                              c:/chibistudio/tools/gnu tools arm embedded/4.7 2013q1/bin/../lib/gcc/arm-none-eabi/4.7.3/../../../../arm-none-eabi/lib/armv7e-m\libm.a(lib_a-s_cos.o) (__ieee754_rem_pio2)
c:/chibistudio/tools/gnu tools arm embedded/4.7 2013q1/bin/../lib/gcc/arm-none-eabi/4.7.3/../../../../arm-none-eabi/lib/armv7e-m\libm.a(lib_a-e_sqrt.o)
                              c:/chibistudio/tools/gnu tools arm embedded/4.7 2013q1/bin/../lib/gcc/arm-none-eabi/4.7.3/../../../../arm-none-eabi/lib/armv7e-m\libm.a(lib_a-w_sqrt.o) (__ieee754_sqrt)
c:/chibistudio/tools/gnu tools arm embedded/4.7 2013q1/bin/../lib/gcc/arm-none-eabi/4.7.3/../../../../arm-none-eabi/lib/armv7e-m\libm.a(lib_a-k_cos.o)
                              c:/chibistudio/tools/gnu tools arm embedded/4.7 2013q1/bin/../lib/gcc/arm-none-eabi/4.7.3/../../../../arm-none-eabi/lib/armv7e-m\libm.a(lib_a-s_cos.o) (__kernel_cos)
c:/chibistudio/tools/gnu tools arm embedded/4.7 2013q1/bin/../lib/gcc/arm-none-eabi/4.7.3/../../../../arm-none-eabi/lib/armv7e-m\libm.a(lib_a-k_rem_pio2.o)
                              c:/chibistudio/tools/gnu tools arm embedded/4.7 2013q1/bin/../lib/gcc/arm-none-eabi/4.7.3/../../../../arm-none-eabi/lib/armv7e-m\libm.a(lib_a-e_rem_pio2.o) (__kernel_rem_pio2)
c:/chibistudio/tools/gnu tools arm embedded/4.7 2013q1/bin/../lib/gcc/arm-none-eabi/4.7.3/../../../../arm-none-eabi/lib/armv7e-m\libm.a(lib_a-k_sin.o)
                              c:/chibistudio/tools/gnu tools arm embedded/4.7 2013q1/bin/../lib/gcc/arm-none-eabi/4.7.3/../../../../arm-none-eabi/lib/armv7e-m\libm.a(lib_a-s_cos.o) (__kernel_sin)
c:/chibistudio/tools/gnu tools arm embedded/4.7 2013q1/bin/../lib/gcc/arm-none-eabi/4.7.3/../../../../arm-none-eabi/lib/armv7e-m\libm.a(lib_a-s_atan.o)
                              c:/chibistudio/tools/gnu tools arm embedded/4.7 2013q1/bin/../lib/gcc/arm-none-eabi/4.7.3/../../../../arm-none-eabi/lib/armv7e-m\libm.a(lib_a-e_atan2.o) (atan)
c:/chibistudio/tools/gnu tools arm embedded/4.7 2013q1/bin/../lib/gcc/arm-none-eabi/4.7.3/../../../../arm-none-eabi/lib/armv7e-m\libm.a(lib_a-s_fabs.o)
                              c:/chibistudio/tools/gnu tools arm embedded/4.7 2013q1/bin/../lib/gcc/arm-none-eabi/4.7.3/../../../../arm-none-eabi/lib/armv7e-m\libm.a(lib_a-e_atan2.o) (fabs)
c:/chibistudio/tools/gnu tools arm embedded/4.7 2013q1/bin/../lib/gcc/arm-none-eabi/4.7.3/../../../../arm-none-eabi/lib/armv7e-m\libm.a(lib_a-s_finite.o)
                              c:/chibistudio/tools/gnu tools arm embedded/4.7 2013q1/bin/../lib/gcc/arm-none-eabi/4.7.3/../../../../arm-none-eabi/lib/armv7e-m\libm.a(lib_a-w_pow.o) (finite)
c:/chibistudio/tools/gnu tools arm embedded/4.7 2013q1/bin/../lib/gcc/arm-none-eabi/4.7.3/../../../../arm-none-eabi/lib/armv7e-m\libm.a(lib_a-s_floor.o)
                              c:/chibistudio/tools/gnu tools arm embedded/4.7 2013q1/bin/../lib/gcc/arm-none-eabi/4.7.3/../../../../arm-none-eabi/lib/armv7e-m\libm.a(lib_a-k_rem_pio2.o) (floor)
[...]
Memory Configuration

Name             Origin             Length             Attributes
flash            0x08000000         0x00100000
ram              0x20000000         0x0001c000
ethram           0x2001c000         0x00004000
ccmram           0x10000000         0x00010000
*default*        0x00000000         0xffffffff

Linker script and memory map

LOAD build/obj/kb_debug_asm.o
LOAD build/obj/crt0.o
LOAD build/obj/vectors.o
LOAD build/obj/chcore.o
LOAD build/obj/chcore_v7m.o
LOAD build/obj/nvic.o
LOAD build/obj/chsys.o
LOAD build/obj/chdebug.o
LOAD build/obj/chlists.o
LOAD build/obj/chvt.o
LOAD build/obj/chschd.o
LOAD build/obj/chthreads.o
LOAD build/obj/chdynamic.o
LOAD build/obj/chregistry.o
LOAD build/obj/chsem.o
LOAD build/obj/chmtx.o
LOAD build/obj/chcond.o
LOAD build/obj/chevents.o
LOAD build/obj/chmsg.o
LOAD build/obj/chmboxes.o
LOAD build/obj/chqueues.o
LOAD build/obj/chmemcore.o
LOAD build/obj/chheap.o
LOAD build/obj/chmempools.o
LOAD build/obj/hal.o
LOAD build/obj/adc.o
LOAD build/obj/can.o
LOAD build/obj/ext.o
LOAD build/obj/gpt.o
LOAD build/obj/i2c.o
LOAD build/obj/icu.o
LOAD build/obj/mac.o
LOAD build/obj/mmc_spi.o
LOAD build/obj/mmcsd.o
LOAD build/obj/pal.o
LOAD build/obj/pwm.o
LOAD build/obj/rtc.o
LOAD build/obj/sdc.o
LOAD build/obj/serial.o
LOAD build/obj/serial_usb.o
LOAD build/obj/spi.o
LOAD build/obj/tm.o
LOAD build/obj/uart.o
LOAD build/obj/usb.o
LOAD build/obj/stm32_dma.o
LOAD build/obj/hal_lld.o
LOAD build/obj/adc_lld.o
LOAD build/obj/ext_lld_isr.o
LOAD build/obj/can_lld.o
LOAD build/obj/ext_lld.o
LOAD build/obj/gpt_lld.o
LOAD build/obj/icu_lld.o
LOAD build/obj/mac_lld.o
LOAD build/obj/pwm_lld.o
LOAD build/obj/sdc_lld.o
LOAD build/obj/pal_lld.o
LOAD build/obj/i2c_lld.o
LOAD build/obj/usb_lld.o
LOAD build/obj/rtc_lld.o
LOAD build/obj/spi_lld.o
LOAD build/obj/serial_lld.o
LOAD build/obj/uart_lld.o
LOAD build/obj/board.o
LOAD build/obj/chprintf.o
LOAD build/obj/chrtclib.o
LOAD build/obj/memstreams.o
LOAD build/obj/fatfs_diskio.o
LOAD build/obj/ff.o
LOAD build/obj/kb_debug.o
LOAD build/obj/glcdfont.o
LOAD build/obj/kb_adc.o
LOAD build/obj/kb_buttons.o
LOAD build/obj/kb_logger.o
LOAD build/obj/kb_screen.o
LOAD build/obj/kb_time.o
LOAD build/obj/kb_gps.o
LOAD build/obj/kb_util.o
LOAD build/obj/kb_vectornav.o
LOAD build/obj/main.o
LOAD build/obj/spiEEPROM.o
LOAD build/obj/ST7565.o
LOAD c:/chibistudio/tools/gnu tools arm embedded/4.7 2013q1/bin/../lib/gcc/arm-none-eabi/4.7.3/../../../../arm-none-eabi/lib/armv7e-m\libm.a
START GROUP
LOAD c:/chibistudio/tools/gnu tools arm embedded/4.7 2013q1/bin/../lib/gcc/arm-none-eabi/4.7.3/armv7e-m\libgcc.a
LOAD c:/chibistudio/tools/gnu tools arm embedded/4.7 2013q1/bin/../lib/gcc/arm-none-eabi/4.7.3/../../../../arm-none-eabi/lib/armv7e-m\libc.a
END GROUP
                0x00000400                __main_stack_size__ = 0x400
                0x00000400                __process_stack_size__ = 0x400
                0x20000000                __ram_start__ = ORIGIN (ram)
                0x0001c000                __ram_size__ = 0x1c000
                0x2001c000                __ram_end__ = (__ram_start__ + __ram_size__)
                0x00000000                . = 0x0
                0x00000000                _text = .

startup         0x08000000      0x188
 *(vectors)
 vectors        0x08000000      0x188 build/obj/vectors.o
                0x08000000                _vectors

constructors    0x08000188        0x0
                0x08000188                PROVIDE (__init_array_start, .)
 *(SORT(.init_array.*))
 *(.init_array)
                0x08000188                PROVIDE (__init_array_end, .)

destructors     0x08000188        0x0
                0x08000188                PROVIDE (__fini_array_start, .)
 *(.fini_array)
 *(SORT(.fini_array.*))
                0x08000188                PROVIDE (__fini_array_end, .)

.text           0x08000190     0xdcc4
 *(.text.startup.*)
 .text.startup.main
                0x08000190       0x30 build/obj/main.o
                0x08000190                main
 *(.text)
 .text          0x080001c0       0x12 build/obj/kb_debug_asm.o
                0x080001c0                HardFaultVector
 *fill*         0x080001d2        0xe 00
 .text          0x080001e0      0x370 c:/chibistudio/tools/gnu tools arm embedded/4.7 2013q1/bin/../lib/gcc/arm-none-eabi/4.7.3/armv7e-m\libgcc.a(_arm_addsubdf3.o)
                0x080001e0                __aeabi_drsub
                0x080001e8                __aeabi_dsub
                0x080001e8                __subdf3
                0x080001ec                __aeabi_dadd
                0x080001ec                __adddf3
                0x08000464                __floatunsidf
                0x08000464                __aeabi_ui2d
                0x08000484                __floatsidf
                0x08000484                __aeabi_i2d
                0x080004a8                __aeabi_f2d
                0x080004a8                __extendsfdf2
                0x080004e4                __floatundidf
                0x080004e4                __aeabi_ul2d
                0x080004f4                __floatdidf
                0x080004f4                __aeabi_l2d
 .text          0x08000550      0x424 c:/chibistudio/tools/gnu tools arm embedded/4.7 2013q1/bin/../lib/gcc/arm-none-eabi/4.7.3/armv7e-m\libgcc.a(_arm_muldivdf3.o)
                0x08000550                __aeabi_dmul
                0x08000550                __muldf3
                0x080007a4                __divdf3
                0x080007a4                __aeabi_ddiv
 *fill*         0x08000974        0xc 00
 .text          0x08000980      0x110 c:/chibistudio/tools/gnu tools arm embedded/4.7 2013q1/bin/../lib/gcc/arm-none-eabi/4.7.3/armv7e-m\libgcc.a(_arm_cmpdf2.o)
                0x08000980                __gtdf2
                0x08000980                __gedf2
                0x08000988                __ltdf2
                0x08000988                __ledf2
                0x08000990                __nedf2
                0x08000990                __eqdf2
                0x08000990                __cmpdf2
                0x08000a0c                __aeabi_cdrcmple
                0x08000a1c                __aeabi_cdcmpeq
                0x08000a1c                __aeabi_cdcmple
                0x08000a2c                __aeabi_dcmpeq
                0x08000a40                __aeabi_dcmplt
                0x08000a54                __aeabi_dcmple
                0x08000a68                __aeabi_dcmpge
                0x08000a7c                __aeabi_dcmpgt
 .text          0x08000a90       0x50 c:/chibistudio/tools/gnu tools arm embedded/4.7 2013q1/bin/../lib/gcc/arm-none-eabi/4.7.3/armv7e-m\libgcc.a(_arm_fixdfsi.o)
                0x08000a90                __aeabi_d2iz
                0x08000a90                __fixdfsi
 .text          0x08000ae0       0xa0 c:/chibistudio/tools/gnu tools arm embedded/4.7 2013q1/bin/../lib/gcc/arm-none-eabi/4.7.3/armv7e-m\libgcc.a(_arm_truncdfsf2.o)
                0x08000ae0                __truncdfsf2
                0x08000ae0                __aeabi_d2f
 *(.text.*)
 .text.__late_init
                0x08000b80       0x10 build/obj/crt0.o
                0x08000b80                __late_init
 .text._default_exit
                0x08000b90       0x10 build/obj/crt0.o
                0x08000b90                _default_exit
 .text.ResetHandler
                0x08000ba0      0x200 build/obj/crt0.o
                0x08000ba0                ResetHandler
 .text._unhandled_exception
                0x08000da0       0x10 build/obj/vectors.o
                0x08000da0                NMIVector
                0x08000da0                Vector11C
                0x08000da0                Vector8C
                0x08000da0                VectorDC
                0x08000da0                Vector168
                0x08000da0                Vector110
                0x08000da0                VectorC8
                0x08000da0                Vector94
                0x08000da0                VectorA8
                0x08000da0                VectorB4
                0x08000da0                Vector160
                0x08000da0                VectorEC
                0x08000da0                UsageFaultVector
                0x08000da0                DebugMonitorVector
                0x08000da0                Vector40
                0x08000da0                VectorF8
                0x08000da0                Vector108
                0x08000da0                VectorBC
                0x08000da0                Vector148
                0x08000da0                PendSVVector
                0x08000da0                Vector118
                0x08000da0                VectorCC
                0x08000da0                Vector54
                0x08000da0                Vector98
                0x08000da0                Vector24
                0x08000da0                Vector178
                0x08000da0                BusFaultVector
                0x08000da0                VectorD0
                0x08000da0                Vector140
                0x08000da0                VectorE4
                0x08000da0                VectorC0
                0x08000da0                Vector134
                0x08000da0                VectorF0
                0x08000da0                Vector13C
                0x08000da0                Vector100
                0x08000da0                MemManageVector
                0x08000da0                VectorA0
                0x08000da0                VectorC4
                0x08000da0                Vector180
                0x08000da0                VectorB0
                0x08000da0                Vector90
                0x08000da0                Vector114
                0x08000da0                Vector164
                0x08000da0                Vector1C
                0x08000da0                Vector17C
                0x08000da0                Vector48
                0x08000da0                Vector16C
                0x08000da0                Vector144
                0x08000da0                _unhandled_exception
                0x08000da0                Vector184
                0x08000da0                Vector10C
                0x08000da0                Vector14C
                0x08000da0                Vector50
                0x08000da0                Vector28
                0x08000da0                VectorB8
                0x08000da0                Vector34
                0x08000da0                Vector20
                0x08000da0                Vector174
 .text.port_halt
                0x08000db0       0x10 build/obj/chcore.o
                0x08000db0                port_halt
 .text._port_switch_from_isr
                0x08000dc0       0x10 build/obj/chcore_v7m.o
                0x08000dc0                _port_switch_from_isr
 .text.SVCallVector
                0x08000dd0       0x30 build/obj/chcore_v7m.o
                0x08000dd0                SVCallVector
 .text._port_init
                0x08000e00       0x40 build/obj/chcore_v7m.o
                0x08000e00                _port_init
 .text._port_irq_epilogue
                0x08000e40       0x90 build/obj/chcore_v7m.o
                0x08000e40                _port_irq_epilogue
 .text.SysTickVector
                0x08000ed0       0x30 build/obj/chcore_v7m.o
                0x08000ed0                SysTickVector
 .text._port_switch
                0x08000f00       0x20 build/obj/chcore_v7m.o
                0x08000f00                _port_switch
 .text._port_thread_start
                0x08000f20       0x20 build/obj/chcore_v7m.o
                0x08000f20                _port_thread_start
 .text.nvicEnableVector
                0x08000f40       0x50 build/obj/nvic.o
                0x08000f40                nvicEnableVector
 .text.nvicSetSystemHandlerPriority
                0x08000f90       0x30 build/obj/nvic.o
                0x08000f90                nvicSetSystemHandlerPriority
 .text._idle_thread
                0x08000fc0       0x20 build/obj/chsys.o
                0x08000fc0                _idle_thread
 .text.chSysInit
                0x08000fe0       0x80 build/obj/chsys.o
                0x08000fe0                chSysInit
 .text.chSysTimerHandlerI
                0x08001060       0x70 build/obj/chsys.o
                0x08001060                chSysTimerHandlerI
 .text._trace_init
                0x080010d0       0x20 build/obj/chdebug.o
                0x080010d0                _trace_init
 .text.dbg_trace
                0x080010f0       0x40 build/obj/chdebug.o
                0x080010f0                dbg_trace
 .text.chDbgPanic
                0x08001130       0x20 build/obj/chdebug.o
                0x08001130                chDbgPanic
 .text.chDbgCheckClassS
                0x08001150       0x30 build/obj/chdebug.o
                0x08001150                chDbgCheckClassS
 .text.chDbgCheckClassI
                0x08001180       0x30 build/obj/chdebug.o
                0x08001180                chDbgCheckClassI
 .text.dbg_check_leave_isr
                0x080011b0       0x40 build/obj/chdebug.o
                0x080011b0                dbg_check_leave_isr
 .text.dbg_check_enter_isr
                0x080011f0       0x40 build/obj/chdebug.o
                0x080011f0                dbg_check_enter_isr
 .text.dbg_check_unlock_from_isr
                0x08001230       0x30 build/obj/chdebug.o
                0x08001230                dbg_check_unlock_from_isr
 .text.dbg_check_lock_from_isr
                0x08001260       0x30 build/obj/chdebug.o
                0x08001260                dbg_check_lock_from_isr
 .text.dbg_check_unlock
                0x08001290       0x30 build/obj/chdebug.o
                0x08001290                dbg_check_unlock
 .text.dbg_check_lock
                0x080012c0       0x30 build/obj/chdebug.o
                0x080012c0                dbg_check_lock
 .text.dbg_check_enable
                0x080012f0       0x20 build/obj/chdebug.o
                0x080012f0                dbg_check_enable
 .text._vt_init
                0x08001310       0x20 build/obj/chvt.o
                0x08001310                _vt_init
 .text.chVTSetI
                0x08001330       0x60 build/obj/chvt.o
                0x08001330                chVTSetI
 .text.chVTResetI
                0x08001390       0x50 build/obj/chvt.o
                0x08001390                chVTResetI
 .text._scheduler_init
                0x080013e0       0x20 build/obj/chschd.o
                0x080013e0                _scheduler_init
 .text.chSchReadyI
                0x08001400       0x50 build/obj/chschd.o
                0x08001400                chSchReadyI
 .text.wakeup   0x08001450       0x60 build/obj/chschd.o
 .text.chSchGoSleepS
                0x080014b0       0x50 build/obj/chschd.o
                0x080014b0                chSchGoSleepS
 .text.chSchGoSleepTimeoutS
                0x08001500       0x50 build/obj/chschd.o
                0x08001500                chSchGoSleepTimeoutS
 .text.chSchWakeupS
                0x08001550       0x60 build/obj/chschd.o
                0x08001550                chSchWakeupS
 .text.chSchDoRescheduleBehind
                0x080015b0       0x50 build/obj/chschd.o
                0x080015b0                chSchDoRescheduleBehind
 .text.chSchDoRescheduleAhead
                0x08001600       0x60 build/obj/chschd.o
                0x08001600                chSchDoRescheduleAhead
 .text.chSchDoReschedule
                0x08001660       0x20 build/obj/chschd.o
                0x08001660                chSchDoReschedule
 .text._thread_init
                0x08001680       0x60 build/obj/chthreads.o
                0x08001680                _thread_init
 .text.chThdCreateI
                0x080016e0       0xa0 build/obj/chthreads.o
                0x080016e0                chThdCreateI
 .text.chThdCreateStatic
                0x08001780       0xa0 build/obj/chthreads.o
                0x08001780                chThdCreateStatic
 .text.chThdSleep
                0x08001820       0x30 build/obj/chthreads.o
                0x08001820                chThdSleep
 .text.chThdSleepUntil
                0x08001850       0x30 build/obj/chthreads.o
                0x08001850                chThdSleepUntil
 .text.chThdExitS
                0x08001880       0x50 build/obj/chthreads.o
                0x08001880                chThdExitS
 .text.chThdExit
                0x080018d0       0x20 build/obj/chthreads.o
                0x080018d0                chThdExit
 .text.chSemInit
                0x080018f0       0x20 build/obj/chsem.o
                0x080018f0                chSemInit
 .text.chSemWaitS
                0x08001910       0x70 build/obj/chsem.o
                0x08001910                chSemWaitS
 .text.chSemWait
                0x08001980       0x30 build/obj/chsem.o
                0x08001980                chSemWait
 .text.chSemSignal
                0x080019b0       0x60 build/obj/chsem.o
                0x080019b0                chSemSignal
 .text.chMtxInit
                0x08001a10       0x20 build/obj/chmtx.o
                0x08001a10                chMtxInit
 .text.chEvtSignalI
                0x08001a30       0x50 build/obj/chevents.o
                0x08001a30                chEvtSignalI
 .text.chEvtBroadcastFlagsI
                0x08001a80       0x40 build/obj/chevents.o
                0x08001a80                chEvtBroadcastFlagsI
 .text.qwait    0x08001ac0       0x30 build/obj/chqueues.o
 .text.chIQInit
                0x08001af0       0x20 build/obj/chqueues.o
                0x08001af0                chIQInit
 .text.chIQPutI
                0x08001b10       0x60 build/obj/chqueues.o
                0x08001b10                chIQPutI
 .text.chIQGetTimeout
                0x08001b70       0x60 build/obj/chqueues.o
                0x08001b70                chIQGetTimeout
 .text.chIQReadTimeout
                0x08001bd0       0xa0 build/obj/chqueues.o
                0x08001bd0                chIQReadTimeout
 .text.chOQInit
                0x08001c70       0x20 build/obj/chqueues.o
                0x08001c70                chOQInit
 .text.chOQPutTimeout
                0x08001c90       0x70 build/obj/chqueues.o
                0x08001c90                chOQPutTimeout
 .text.chOQGetI
                0x08001d00       0x50 build/obj/chqueues.o
                0x08001d00                chOQGetI
 .text.chOQWriteTimeout
                0x08001d50       0xa0 build/obj/chqueues.o
                0x08001d50                chOQWriteTimeout
 .text._core_init
                0x08001df0       0x30 build/obj/chmemcore.o
                0x08001df0                _core_init
 .text.chCoreAllocI
                0x08001e20       0x30 build/obj/chmemcore.o
                0x08001e20                chCoreAllocI
 .text.chCoreAlloc
                0x08001e50       0x30 build/obj/chmemcore.o
                0x08001e50                chCoreAlloc
 .text._heap_init
                0x08001e80       0x20 build/obj/chheap.o
                0x08001e80                _heap_init
 .text.halInit  0x08001ea0       0x40 build/obj/hal.o
                0x08001ea0                halInit
 .text.adcInit  0x08001ee0       0x10 build/obj/adc.o
                0x08001ee0                adcInit
 .text.adcObjectInit
                0x08001ef0       0x20 build/obj/adc.o
                0x08001ef0                adcObjectInit
 .text.adcStart
                0x08001f10       0x50 build/obj/adc.o
                0x08001f10                adcStart
 .text.adcStartConversionI
                0x08001f60       0x60 build/obj/adc.o
                0x08001f60                adcStartConversionI
 .text.extInit  0x08001fc0       0x10 build/obj/ext.o
                0x08001fc0                extInit
 .text.extObjectInit
                0x08001fd0       0x10 build/obj/ext.o
                0x08001fd0                extObjectInit
 .text.extStart
                0x08001fe0       0x50 build/obj/ext.o
                0x08001fe0                extStart
 .text.gptInit  0x08002030       0x10 build/obj/gpt.o
                0x08002030                gptInit
 .text.gptObjectInit
                0x08002040       0x10 build/obj/gpt.o
                0x08002040                gptObjectInit
 .text.gptStart
                0x08002050       0x50 build/obj/gpt.o
                0x08002050                gptStart
 .text.gptStartOneShotI
                0x080020a0       0x40 build/obj/gpt.o
                0x080020a0                gptStartOneShotI
 .text.icuInit  0x080020e0       0x10 build/obj/icu.o
                0x080020e0                icuInit
 .text.icuObjectInit
                0x080020f0       0x10 build/obj/icu.o
                0x080020f0                icuObjectInit
 .text.mmcsd_get_slice
                0x08002100       0x60 build/obj/mmcsd.o
 .text.mmcsdGetCapacity
                0x08002160       0x50 build/obj/mmcsd.o
                0x08002160                mmcsdGetCapacity
 .text.rtcInit  0x080021b0       0x10 build/obj/rtc.o
                0x080021b0                rtcInit
 .text.rtcGetTime
                0x080021c0       0x40 build/obj/rtc.o
                0x080021c0                rtcGetTime
 .text.rtcGetTimeFat
                0x08002200       0x20 build/obj/rtc.o
                0x08002200                rtcGetTimeFat
 .text.sdcGetInfo
                0x08002220       0x30 build/obj/sdc.o
                0x08002220                sdcGetInfo
 .text.sdcConnect
                0x08002250      0x270 build/obj/sdc.o
                0x08002250                sdcConnect
 .text.sdcSync  0x080024c0       0x30 build/obj/sdc.o
                0x080024c0                sdcSync
 .text.sdcWrite
                0x080024f0       0x60 build/obj/sdc.o
                0x080024f0                sdcWrite
 .text.sdcRead  0x08002550       0x60 build/obj/sdc.o
                0x08002550                sdcRead
 .text._sdc_wait_for_transfer_state
                0x080025b0       0x50 build/obj/sdc.o
                0x080025b0                _sdc_wait_for_transfer_state
 .text.sdcDisconnect
                0x08002600       0x80 build/obj/sdc.o
                0x08002600                sdcDisconnect
 .text.sdcInit  0x08002680       0x10 build/obj/sdc.o
                0x08002680                sdcInit
 .text.sdcObjectInit
                0x08002690       0x20 build/obj/sdc.o
                0x08002690                sdcObjectInit
 .text.sdcStart
                0x080026b0       0x50 build/obj/sdc.o
                0x080026b0                sdcStart
 .text.readt    0x08002700       0x10 build/obj/serial.o
 .text.read     0x08002710       0x10 build/obj/serial.o
 .text.writet   0x08002720       0x10 build/obj/serial.o
 .text.write    0x08002730       0x10 build/obj/serial.o
 .text.gett     0x08002740       0x10 build/obj/serial.o
 .text.get      0x08002750       0x10 build/obj/serial.o
 .text.putt     0x08002760       0x10 build/obj/serial.o
 .text.put      0x08002770       0x10 build/obj/serial.o
 .text.sdInit   0x08002780       0x10 build/obj/serial.o
                0x08002780                sdInit
 .text.sdObjectInit
                0x08002790       0x50 build/obj/serial.o
                0x08002790                sdObjectInit
 .text.sdStart  0x080027e0       0x50 build/obj/serial.o
                0x080027e0                sdStart
 .text.sdIncomingDataI
                0x08002830       0x50 build/obj/serial.o
                0x08002830                sdIncomingDataI
 .text.spiInit  0x08002880       0x10 build/obj/spi.o
                0x08002880                spiInit
 .text.spiObjectInit
                0x08002890       0x10 build/obj/spi.o
                0x08002890                spiObjectInit
 .text.spiStart
                0x080028a0       0x50 build/obj/spi.o
                0x080028a0                spiStart
 .text.spiSelect
                0x080028f0       0x40 build/obj/spi.o
                0x080028f0                spiSelect
 .text.spiUnselect
                0x08002930       0x40 build/obj/spi.o
                0x08002930                spiUnselect
 .text.Vector6C
                0x08002970       0x40 build/obj/stm32_dma.o
                0x08002970                Vector6C
 .text.Vector70
                0x080029b0       0x40 build/obj/stm32_dma.o
                0x080029b0                Vector70
 .text.Vector74
                0x080029f0       0x40 build/obj/stm32_dma.o
                0x080029f0                Vector74
 .text.Vector78
                0x08002a30       0x40 build/obj/stm32_dma.o
                0x08002a30                Vector78
 .text.Vector7C
                0x08002a70       0x40 build/obj/stm32_dma.o
                0x08002a70                Vector7C
 .text.Vector80
                0x08002ab0       0x40 build/obj/stm32_dma.o
                0x08002ab0                Vector80
 .text.Vector84
                0x08002af0       0x40 build/obj/stm32_dma.o
                0x08002af0                Vector84
 .text.VectorFC
                0x08002b30       0x40 build/obj/stm32_dma.o
                0x08002b30                VectorFC
 .text.Vector120
                0x08002b70       0x40 build/obj/stm32_dma.o
                0x08002b70                Vector120
 .text.Vector124
                0x08002bb0       0x40 build/obj/stm32_dma.o
                0x08002bb0                Vector124
 .text.Vector128
                0x08002bf0       0x40 build/obj/stm32_dma.o
                0x08002bf0                Vector128
 .text.Vector12C
                0x08002c30       0x40 build/obj/stm32_dma.o
                0x08002c30                Vector12C
 .text.Vector130
                0x08002c70       0x40 build/obj/stm32_dma.o
                0x08002c70                Vector130
 .text.Vector150
                0x08002cb0       0x40 build/obj/stm32_dma.o
                0x08002cb0                Vector150
 .text.Vector154
                0x08002cf0       0x40 build/obj/stm32_dma.o
                0x08002cf0                Vector154
 .text.Vector158
                0x08002d30       0x40 build/obj/stm32_dma.o
                0x08002d30                Vector158
 .text.dmaInit  0x08002d70      0x140 build/obj/stm32_dma.o
                0x08002d70                dmaInit
 .text.dmaStreamAllocate
                0x08002eb0       0xc0 build/obj/stm32_dma.o
                0x08002eb0                dmaStreamAllocate
 .text.hal_lld_init
                0x08002f70       0xe0 build/obj/hal_lld.o
                0x08002f70                hal_lld_init
 .text.stm32_clock_init
                0x08003050      0x120 build/obj/hal_lld.o
                0x08003050                stm32_clock_init
 .text.adc_lld_init
                0x08003170       0x90 build/obj/adc_lld.o
                0x08003170                adc_lld_init
 .text.adc_lld_start
                0x08003200      0x100 build/obj/adc_lld.o
                0x08003200                adc_lld_start
 .text.adc_lld_start_conversion
                0x08003300       0x80 build/obj/adc_lld.o
                0x08003300                adc_lld_start_conversion
 .text.adc_lld_stop_conversion
                0x08003380       0x30 build/obj/adc_lld.o
                0x08003380                adc_lld_stop_conversion
 .text.adc_lld_serve_rx_interrupt
                0x080033b0      0x110 build/obj/adc_lld.o
 .text.Vector88
                0x080034c0      0x170 build/obj/adc_lld.o
                0x080034c0                Vector88
 .text.adcSTM32EnableTSVREFE
                0x08003630       0x20 build/obj/adc_lld.o
                0x08003630                adcSTM32EnableTSVREFE
 .text.adcSTM32EnableVBATE
                0x08003650       0x20 build/obj/adc_lld.o
                0x08003650                adcSTM32EnableVBATE
 .text.Vector58
                0x08003670       0x30 build/obj/ext_lld_isr.o
                0x08003670                Vector58
 .text.Vector5C
                0x080036a0       0x30 build/obj/ext_lld_isr.o
                0x080036a0                Vector5C
 .text.Vector60
                0x080036d0       0x30 build/obj/ext_lld_isr.o
                0x080036d0                Vector60
 .text.Vector64
                0x08003700       0x30 build/obj/ext_lld_isr.o
                0x08003700                Vector64
 .text.Vector68
                0x08003730       0x30 build/obj/ext_lld_isr.o
                0x08003730                Vector68
 .text.Vector9C
                0x08003760       0x80 build/obj/ext_lld_isr.o
                0x08003760                Vector9C
 .text.VectorE0
                0x080037e0       0x90 build/obj/ext_lld_isr.o
                0x080037e0                VectorE0
 .text.Vector44
                0x08003870       0x40 build/obj/ext_lld_isr.o
                0x08003870                Vector44
 .text.VectorE8
                0x080038b0       0x40 build/obj/ext_lld_isr.o
                0x080038b0                VectorE8
 .text.Vector138
                0x080038f0       0x40 build/obj/ext_lld_isr.o
                0x080038f0                Vector138
 .text.Vector170
                0x08003930       0x40 build/obj/ext_lld_isr.o
                0x08003930                Vector170
 .text.Vector4C
                0x08003970       0x40 build/obj/ext_lld_isr.o
                0x08003970                Vector4C
 .text.ext_lld_exti_irq_enable
                0x080039b0       0x80 build/obj/ext_lld_isr.o
                0x080039b0                ext_lld_exti_irq_enable
 .text.ext_lld_init
                0x08003a30       0x10 build/obj/ext_lld.o
                0x08003a30                ext_lld_init
 .text.ext_lld_channel_enable
                0x08003a40       0xc0 build/obj/ext_lld.o
                0x08003a40                ext_lld_channel_enable
 .text.ext_lld_channel_disable
                0x08003b00       0x30 build/obj/ext_lld.o
                0x08003b00                ext_lld_channel_disable
 .text.ext_lld_start
                0x08003b30       0x80 build/obj/ext_lld.o
                0x08003b30                ext_lld_start
 .text.VectorF4
                0x08003bb0       0x40 build/obj/gpt_lld.o
                0x08003bb0                VectorF4
 .text.gpt_lld_init
                0x08003bf0       0x20 build/obj/gpt_lld.o
                0x08003bf0                gpt_lld_init
 .text.gpt_lld_start
                0x08003c10       0x80 build/obj/gpt_lld.o
                0x08003c10                gpt_lld_start
 .text.gpt_lld_start_timer
                0x08003c90       0x20 build/obj/gpt_lld.o
                0x08003c90                gpt_lld_start_timer
 .text.icu_lld_serve_interrupt.constprop.0
                0x08003cb0       0x90 build/obj/icu_lld.o
 .text.VectorA4
                0x08003d40       0x20 build/obj/icu_lld.o
                0x08003d40                VectorA4
 .text.VectorAC
                0x08003d60       0x20 build/obj/icu_lld.o
                0x08003d60                VectorAC
 .text.icu_lld_init
                0x08003d80       0x20 build/obj/icu_lld.o
                0x08003d80                icu_lld_init
 .text.sdc_lld_collect_errors
                0x08003da0       0x40 build/obj/sdc_lld.o
 .text.Vector104
                0x08003de0       0x50 build/obj/sdc_lld.o
                0x08003de0                Vector104
 .text.sdc_lld_init
                0x08003e30       0x30 build/obj/sdc_lld.o
                0x08003e30                sdc_lld_init
 .text.sdc_lld_start
                0x08003e60       0x70 build/obj/sdc_lld.o
                0x08003e60                sdc_lld_start
 .text.sdc_lld_start_clk
                0x08003ed0       0x20 build/obj/sdc_lld.o
                0x08003ed0                sdc_lld_start_clk
 .text.sdc_lld_set_data_clk
                0x08003ef0       0x20 build/obj/sdc_lld.o
                0x08003ef0                sdc_lld_set_data_clk
 .text.sdc_lld_stop_clk
                0x08003f10       0x10 build/obj/sdc_lld.o
                0x08003f10                sdc_lld_stop_clk
 .text.sdc_lld_set_bus_mode
                0x08003f20       0x30 build/obj/sdc_lld.o
                0x08003f20                sdc_lld_set_bus_mode
 .text.sdc_lld_send_cmd_none
                0x08003f50       0x30 build/obj/sdc_lld.o
                0x08003f50                sdc_lld_send_cmd_none
 .text.sdc_lld_send_cmd_short
                0x08003f80       0x40 build/obj/sdc_lld.o
                0x08003f80                sdc_lld_send_cmd_short
 .text.sdc_lld_send_cmd_short_crc
                0x08003fc0       0x40 build/obj/sdc_lld.o
                0x08003fc0                sdc_lld_send_cmd_short_crc
 .text.sdc_lld_wait_transaction_end
                0x08004000       0xc0 build/obj/sdc_lld.o
 .text.sdc_lld_error_cleanup
                0x080040c0       0x80 build/obj/sdc_lld.o
 .text.sdc_lld_send_cmd_long_crc
                0x08004140       0x50 build/obj/sdc_lld.o
                0x08004140                sdc_lld_send_cmd_long_crc
 .text.sdc_lld_read_aligned
                0x08004190       0xd0 build/obj/sdc_lld.o
                0x08004190                sdc_lld_read_aligned
 .text.sdc_lld_write_aligned
                0x08004260       0xe0 build/obj/sdc_lld.o
                0x08004260                sdc_lld_write_aligned
 .text.sdc_lld_read
                0x08004340       0xd0 build/obj/sdc_lld.o
                0x08004340                sdc_lld_read
 .text.sdc_lld_write
                0x08004410       0xd0 build/obj/sdc_lld.o
                0x08004410                sdc_lld_write
 .text.sdc_lld_sync
                0x080044e0       0x10 build/obj/sdc_lld.o
                0x080044e0                sdc_lld_sync
 .text._pal_lld_init
                0x080044f0      0x1b0 build/obj/pal_lld.o
                0x080044f0                _pal_lld_init
 .text.rtc_lld_init
                0x080046a0       0x50 build/obj/rtc_lld.o
                0x080046a0                rtc_lld_init
 .text.rtc_lld_get_time
                0x080046f0       0x40 build/obj/rtc_lld.o
                0x080046f0                rtc_lld_get_time
 .text.rtc_lld_get_time_fat
                0x08004730       0xc0 build/obj/rtc_lld.o
                0x08004730                rtc_lld_get_time_fat
 .text.spi_lld_serve_rx_interrupt
                0x080047f0       0x90 build/obj/spi_lld.o
 .text.spi_lld_serve_tx_interrupt
                0x08004880       0x20 build/obj/spi_lld.o
 .text.spi_lld_init
                0x080048a0       0x80 build/obj/spi_lld.o
                0x080048a0                spi_lld_init
 .text.spi_lld_start
                0x08004920      0x120 build/obj/spi_lld.o
                0x08004920                spi_lld_start
 .text.spi_lld_select
                0x08004a40       0x20 build/obj/spi_lld.o
                0x08004a40                spi_lld_select
 .text.spi_lld_unselect
                0x08004a60       0x20 build/obj/spi_lld.o
                0x08004a60                spi_lld_unselect
 .text.spi_lld_send
                0x08004a80       0x40 build/obj/spi_lld.o
                0x08004a80                spi_lld_send
 .text.spi_lld_receive
                0x08004ac0       0x40 build/obj/spi_lld.o
                0x08004ac0                spi_lld_receive
 .text.spi_lld_polled_exchange
                0x08004b00       0x10 build/obj/spi_lld.o
                0x08004b00                spi_lld_polled_exchange
 .text.notify1  0x08004b10       0x20 build/obj/serial_lld.o
 .text.notify2  0x08004b30       0x20 build/obj/serial_lld.o
 .text.notify6  0x08004b50       0x20 build/obj/serial_lld.o
 .text.serve_interrupt
                0x08004b70      0x160 build/obj/serial_lld.o
 .text.VectorD4
                0x08004cd0       0x20 build/obj/serial_lld.o
                0x08004cd0                VectorD4
 .text.VectorD8
                0x08004cf0       0x20 build/obj/serial_lld.o
                0x08004cf0                VectorD8
 .text.Vector15C
                0x08004d10       0x20 build/obj/serial_lld.o
                0x08004d10                Vector15C
 .text.sd_lld_init
                0x08004d30       0x70 build/obj/serial_lld.o
                0x08004d30                sd_lld_init
 .text.sd_lld_start
                0x08004da0       0xf0 build/obj/serial_lld.o
                0x08004da0                sd_lld_start
 .text.__early_init
                0x08004e90       0x10 build/obj/board.o
                0x08004e90                __early_init
 .text.sdc_lld_is_card_inserted
                0x08004ea0       0x20 build/obj/board.o
                0x08004ea0                sdc_lld_is_card_inserted
 .text.sdc_lld_is_write_protected
                0x08004ec0       0x10 build/obj/board.o
                0x08004ec0                sdc_lld_is_write_protected
 .text.boardInit
                0x08004ed0       0x10 build/obj/board.o
                0x08004ed0                boardInit
 .text.long_to_string_with_divisor
                0x08004ee0       0x70 build/obj/chprintf.o
 .text.chprintf
                0x08004f50      0x460 build/obj/chprintf.o
                0x08004f50                chprintf
 .text.stm32_rtc_bcd2tm
                0x080053b0       0xb0 build/obj/chrtclib.o
 .text.rtcGetTimeTm
                0x08005460       0x30 build/obj/chrtclib.o
                0x08005460                rtcGetTimeTm
 .text.put      0x08005490       0x20 build/obj/memstreams.o
 .text.get      0x080054b0       0x20 build/obj/memstreams.o
 .text.reads    0x080054d0       0x30 build/obj/memstreams.o
 .text.writes   0x08005500       0x30 build/obj/memstreams.o
 .text.msObjectInit
                0x08005530       0x20 build/obj/memstreams.o
                0x08005530                msObjectInit
 .text.disk_initialize
                0x08005550       0x30 build/obj/fatfs_diskio.o
                0x08005550                disk_initialize
 .text.disk_status
                0x08005580       0x30 build/obj/fatfs_diskio.o
                0x08005580                disk_status
 .text.disk_read
                0x080055b0       0x30 build/obj/fatfs_diskio.o
                0x080055b0                disk_read
 .text.disk_write
                0x080055e0       0x30 build/obj/fatfs_diskio.o
                0x080055e0                disk_write
 .text.disk_ioctl
                0x08005610       0x40 build/obj/fatfs_diskio.o
                0x08005610                disk_ioctl
 .text.get_fattime
                0x08005650       0x10 build/obj/fatfs_diskio.o
                0x08005650                get_fattime
 .text.validate
                0x08005660       0x30 build/obj/ff.o
 .text.sync_window
                0x08005690       0x70 build/obj/ff.o
 .text.sync_fs  0x08005700       0xd0 build/obj/ff.o
 .text.check_fs
                0x080057d0       0x90 build/obj/ff.o
 .text.chk_mounted
                0x08005860      0x330 build/obj/ff.o
 .text.move_window
                0x08005b90       0x30 build/obj/ff.o
 .text.get_fat  0x08005bc0       0xd0 build/obj/ff.o
                0x08005bc0                get_fat
 .text.dir_sdi  0x08005c90       0xa0 build/obj/ff.o
 .text.put_fat  0x08005d30      0x110 build/obj/ff.o
                0x08005d30                put_fat
 .text.create_chain
                0x08005e40       0xa0 build/obj/ff.o
 .text.dir_next
                0x08005ee0      0x130 build/obj/ff.o
 .text.follow_path
                0x08006010      0x270 build/obj/ff.o
 .text.dir_alloc.part.7.constprop.11
                0x08006280       0x30 build/obj/ff.o
 .text.dir_register
                0x080062b0       0x70 build/obj/ff.o
 .text.remove_chain
                0x08006320       0x60 build/obj/ff.o
 .text.f_mount  0x08006380       0x20 build/obj/ff.o
                0x08006380                f_mount
 .text.f_open   0x080063a0      0x190 build/obj/ff.o
                0x080063a0                f_open
 .text.f_write  0x08006530      0x260 build/obj/ff.o
                0x08006530                f_write
 .text.f_sync   0x08006790       0xb0 build/obj/ff.o
                0x08006790                f_sync
 .text.f_opendir
                0x08006840       0x80 build/obj/ff.o
                0x08006840                f_opendir
 .text.f_getfree
                0x080068c0      0x1f0 build/obj/ff.o
                0x080068c0                f_getfree
 .text.f_mkdir  0x08006ab0      0x260 build/obj/ff.o
                0x08006ab0                f_mkdir
 .text.hard_fault_handler_c
                0x08006d10      0x130 build/obj/kb_debug.o
                0x08006d10                hard_fault_handler_c
 .text.adc_trigger_cb
                0x08006e40       0x50 build/obj/kb_adc.o
                0x08006e40                adc_trigger_cb
 .text.adc_cb   0x08006e90       0x70 build/obj/kb_adc.o
                0x08006e90                adc_cb
 .text.kuroBoxButtonsInit
                0x08006f00       0x40 build/obj/kb_buttons.o
                0x08006f00                kuroBoxButtonsInit
 .text.btn_0_exti_cb
                0x08006f40       0x20 build/obj/kb_buttons.o
                0x08006f40                btn_0_exti_cb
 .text.btn_1_exti_cb
                0x08006f60       0x20 build/obj/kb_buttons.o
                0x08006f60                btn_1_exti_cb
 .text.thWriter
                0x08006f80      0x3f0 build/obj/kb_logger.o
 .text.thLogger
                0x08007370      0x200 build/obj/kb_logger.o
 .text.kuroBoxLoggerInit
                0x08007570       0x70 build/obj/kb_logger.o
                0x08007570                kuroBoxLoggerInit
 .text.kbl_setLTC
                0x080075e0       0x20 build/obj/kb_logger.o
                0x080075e0                kbl_setLTC
 .text.kbl_incPPS
                0x08007600       0x20 build/obj/kb_logger.o
                0x08007600                kbl_incPPS
 .text.kbl_setGpsNavSol
                0x08007620       0x60 build/obj/kb_logger.o
                0x08007620                kbl_setGpsNavSol
 .text.thScreen
                0x08007680      0x370 build/obj/kb_screen.o
 .text.kuroBoxScreenInit
                0x080079f0       0x40 build/obj/kb_screen.o
                0x080079f0                kuroBoxScreenInit
 .text.kbs_setVoltage
                0x08007a30       0x10 build/obj/kb_screen.o
                0x08007a30                kbs_setVoltage
 .text.kbs_setTemperature
                0x08007a40       0x10 build/obj/kb_screen.o
                0x08007a40                kbs_setTemperature
 .text.kbs_setLTC
                0x08007a50       0x10 build/obj/kb_screen.o
                0x08007a50                kbs_setLTC
 .text.kbs_setWriteCount
                0x08007a60       0x10 build/obj/kb_screen.o
                0x08007a60                kbs_setWriteCount
 .text.kbs_setWriteErrors
                0x08007a70       0x10 build/obj/kb_screen.o
                0x08007a70                kbs_setWriteErrors
 .text.kbs_setSDCFree
                0x08007a80       0x10 build/obj/kb_screen.o
                0x08007a80                kbs_setSDCFree
 .text.kbs_setFName
                0x08007a90       0x10 build/obj/kb_screen.o
                0x08007a90                kbs_setFName
 .text.kbs_setBtn0
                0x08007aa0       0x10 build/obj/kb_screen.o
                0x08007aa0                kbs_setBtn0
 .text.kbs_setBtn1
                0x08007ab0       0x10 build/obj/kb_screen.o
                0x08007ab0                kbs_setBtn1
 .text.kbs_PPS  0x08007ac0       0x10 build/obj/kb_screen.o
                0x08007ac0                kbs_PPS
 .text.kbs_setGpsEcef
                0x08007ad0       0x10 build/obj/kb_screen.o
                0x08007ad0                kbs_setGpsEcef
 .text.kbs_setYPR
                0x08007ae0       0x10 build/obj/kb_screen.o
                0x08007ae0                kbs_setYPR
 .text.ltc_store
                0x08007af0      0x140 build/obj/kb_time.o
                0x08007af0                ltc_store
 .text.ltc_exti_cb
                0x08007c30       0x70 build/obj/kb_time.o
                0x08007c30                ltc_exti_cb
 .text.kuroBoxTimeInit
                0x08007ca0       0x20 build/obj/kb_time.o
                0x08007ca0                kuroBoxTimeInit
 .text.thGps    0x08007cc0      0x100 build/obj/kb_gps.o
 .text.ecef_to_lla
                0x08007dc0      0x220 build/obj/kb_gps.o
                0x08007dc0                ecef_to_lla
 .text.gps_timepulse_exti_cb
                0x08007fe0       0x20 build/obj/kb_gps.o
                0x08007fe0                gps_timepulse_exti_cb
 .text.kuroBoxGPSInit
                0x08008000       0x40 build/obj/kb_gps.o
                0x08008000                kuroBoxGPSInit
 .text.calc_checksum_8
                0x08008040       0x40 build/obj/kb_util.o
                0x08008040                calc_checksum_8
 .text.calc_checksum_16
                0x08008080       0x70 build/obj/kb_util.o
                0x08008080                calc_checksum_16
 .text.vectornav_gpt_end_cb
                0x080080f0       0x70 build/obj/kb_vectornav.o
                0x080080f0                vectornav_gpt_end_cb
 .text.vectornav_dispatch_register
                0x08008160       0x30 build/obj/kb_vectornav.o
                0x08008160                vectornav_dispatch_register
 .text.vectornav_spi_end_cb
                0x08008190       0x70 build/obj/kb_vectornav.o
                0x08008190                vectornav_spi_end_cb
 .text.vn_dr_int_exti_cb
                0x08008200       0x60 build/obj/kb_vectornav.o
                0x08008200                vn_dr_int_exti_cb
 .text.kuroBoxVectorNavInit
                0x08008260       0x30 build/obj/kb_vectornav.o
                0x08008260                kuroBoxVectorNavInit
 .text.thBlinker
                0x08008290       0x50 build/obj/main.o
 .text.kuroBox_panic
                0x080082e0       0x10 build/obj/main.o
                0x080082e0                kuroBox_panic
 .text.kuroBoxInit
                0x080082f0      0x180 build/obj/main.o
                0x080082f0                kuroBoxInit
 .text.spiEepromStart
                0x08008470       0x10 build/obj/spiEEPROM.o
                0x08008470                spiEepromStart
 .text.st7565_display
                0x08008480      0x190 build/obj/ST7565.o
                0x08008480                st7565_display
 .text.st7565Start
                0x08008610      0x110 build/obj/ST7565.o
                0x08008610                st7565Start
 .text.st7565_clear
                0x08008720       0x50 build/obj/ST7565.o
                0x08008720                st7565_clear
 .text.st7565_drawchar
                0x08008770       0xb0 build/obj/ST7565.o
                0x08008770                st7565_drawchar
 .text.st7565_drawstring
                0x08008820       0x50 build/obj/ST7565.o
                0x08008820                st7565_drawstring
 .text.st7565_setpixel
                0x08008870       0x90 build/obj/ST7565.o
                0x08008870                st7565_setpixel
 .text.st7565_drawline
                0x08008900      0x200 build/obj/ST7565.o
                0x08008900                st7565_drawline
 .text.st7565_fillrect
                0x08008b00       0xb0 build/obj/ST7565.o
                0x08008b00                st7565_fillrect
 .text.cos      0x08008bb0       0x90 c:/chibistudio/tools/gnu tools arm embedded/4.7 2013q1/bin/../lib/gcc/arm-none-eabi/4.7.3/../../../../arm-none-eabi/lib/armv7e-m\libm.a(lib_a-s_cos.o)
                0x08008bb0                cos
 .text.sin      0x08008c40       0x98 c:/chibistudio/tools/gnu tools arm embedded/4.7 2013q1/bin/../lib/gcc/arm-none-eabi/4.7.3/../../../../arm-none-eabi/lib/armv7e-m\libm.a(lib_a-s_sin.o)
                0x08008c40                sin
 *fill*         0x08008cd8        0x8 00
 .text.atan2    0x08008ce0        0x4 c:/chibistudio/tools/gnu tools arm embedded/4.7 2013q1/bin/../lib/gcc/arm-none-eabi/4.7.3/../../../../arm-none-eabi/lib/armv7e-m\libm.a(lib_a-w_atan2.o)
                0x08008ce0                atan2
 *fill*         0x08008ce4        0xc 00
 .text.pow      0x08008cf0      0x310 c:/chibistudio/tools/gnu tools arm embedded/4.7 2013q1/bin/../lib/gcc/arm-none-eabi/4.7.3/../../../../arm-none-eabi/lib/armv7e-m\libm.a(lib_a-w_pow.o)
                0x08008cf0                pow
 .text.sqrt     0x08009000       0xa8 c:/chibistudio/tools/gnu tools arm embedded/4.7 2013q1/bin/../lib/gcc/arm-none-eabi/4.7.3/../../../../arm-none-eabi/lib/armv7e-m\libm.a(lib_a-w_sqrt.o)
                0x08009000                sqrt
 *fill*         0x080090a8        0x8 00
 .text.__ieee754_atan2
                0x080090b0      0x218 c:/chibistudio/tools/gnu tools arm embedded/4.7 2013q1/bin/../lib/gcc/arm-none-eabi/4.7.3/../../../../arm-none-eabi/lib/armv7e-m\libm.a(lib_a-e_atan2.o)
                0x080090b0                __ieee754_atan2
 *fill*         0x080092c8        0x8 00
 .text.__ieee754_pow
                0x080092d0      0xb20 c:/chibistudio/tools/gnu tools arm embedded/4.7 2013q1/bin/../lib/gcc/arm-none-eabi/4.7.3/../../../../arm-none-eabi/lib/armv7e-m\libm.a(lib_a-e_pow.o)
                0x080092d0                __ieee754_pow
 .text.__ieee754_rem_pio2
                0x08009df0      0x468 c:/chibistudio/tools/gnu tools arm embedded/4.7 2013q1/bin/../lib/gcc/arm-none-eabi/4.7.3/../../../../arm-none-eabi/lib/armv7e-m\libm.a(lib_a-e_rem_pio2.o)
                0x08009df0                __ieee754_rem_pio2
 *fill*         0x0800a258        0x8 00
 .text.__ieee754_sqrt
                0x0800a260      0x208 c:/chibistudio/tools/gnu tools arm embedded/4.7 2013q1/bin/../lib/gcc/arm-none-eabi/4.7.3/../../../../arm-none-eabi/lib/armv7e-m\libm.a(lib_a-e_sqrt.o)
                0x0800a260                __ieee754_sqrt
 *fill*         0x0800a468        0x8 00
 .text.__kernel_cos
                0x0800a470      0x258 c:/chibistudio/tools/gnu tools arm embedded/4.7 2013q1/bin/../lib/gcc/arm-none-eabi/4.7.3/../../../../arm-none-eabi/lib/armv7e-m\libm.a(lib_a-k_cos.o)
                0x0800a470                __kernel_cos
 *fill*         0x0800a6c8        0x8 00
 .text.__kernel_rem_pio2
                0x0800a6d0      0xdec c:/chibistudio/tools/gnu tools arm embedded/4.7 2013q1/bin/../lib/gcc/arm-none-eabi/4.7.3/../../../../arm-none-eabi/lib/armv7e-m\libm.a(lib_a-k_rem_pio2.o)
                0x0800a6d0                __kernel_rem_pio2
 *fill*         0x0800b4bc        0x4 00
 .text.__kernel_sin
                0x0800b4c0      0x170 c:/chibistudio/tools/gnu tools arm embedded/4.7 2013q1/bin/../lib/gcc/arm-none-eabi/4.7.3/../../../../arm-none-eabi/lib/armv7e-m\libm.a(lib_a-k_sin.o)
                0x0800b4c0                __kernel_sin
 .text.atan     0x0800b630      0x368 c:/chibistudio/tools/gnu tools arm embedded/4.7 2013q1/bin/../lib/gcc/arm-none-eabi/4.7.3/../../../../arm-none-eabi/lib/armv7e-m\libm.a(lib_a-s_atan.o)
                0x0800b630                atan
 *fill*         0x0800b998        0x8 00
 .text.fabs     0x0800b9a0        0x8 c:/chibistudio/tools/gnu tools arm embedded/4.7 2013q1/bin/../lib/gcc/arm-none-eabi/4.7.3/../../../../arm-none-eabi/lib/armv7e-m\libm.a(lib_a-s_fabs.o)
                0x0800b9a0                fabs
 *fill*         0x0800b9a8        0x8 00
 .text.finite   0x0800b9b0        0xc c:/chibistudio/tools/gnu tools arm embedded/4.7 2013q1/bin/../lib/gcc/arm-none-eabi/4.7.3/../../../../arm-none-eabi/lib/armv7e-m\libm.a(lib_a-s_finite.o)
                0x0800b9b0                finite
 *fill*         0x0800b9bc        0x4 00
 .text.floor    0x0800b9c0      0x110 c:/chibistudio/tools/gnu tools arm embedded/4.7 2013q1/bin/../lib/gcc/arm-none-eabi/4.7.3/../../../../arm-none-eabi/lib/armv7e-m\libm.a(lib_a-s_floor.o)
                0x0800b9c0                floor
 .text.__fpclassifyd
                0x0800bad0       0x68 c:/chibistudio/tools/gnu tools arm embedded/4.7 2013q1/bin/../lib/gcc/arm-none-eabi/4.7.3/../../../../arm-none-eabi/lib/armv7e-m\libm.a(lib_a-s_fpclassify.o)
                0x0800bad0                __fpclassifyd
 *fill*         0x0800bb38        0x8 00
 .text.matherr  0x0800bb40        0x4 c:/chibistudio/tools/gnu tools arm embedded/4.7 2013q1/bin/../lib/gcc/arm-none-eabi/4.7.3/../../../../arm-none-eabi/lib/armv7e-m\libm.a(lib_a-s_matherr.o)
                0x0800bb40                matherr
 *fill*         0x0800bb44        0xc 00
 .text.nan      0x0800bb50        0xc c:/chibistudio/tools/gnu tools arm embedded/4.7 2013q1/bin/../lib/gcc/arm-none-eabi/4.7.3/../../../../arm-none-eabi/lib/armv7e-m\libm.a(lib_a-s_nan.o)
                0x0800bb50                nan
 *fill*         0x0800bb5c        0x4 00
 .text.rint     0x0800bb60      0x128 c:/chibistudio/tools/gnu tools arm embedded/4.7 2013q1/bin/../lib/gcc/arm-none-eabi/4.7.3/../../../../arm-none-eabi/lib/armv7e-m\libm.a(lib_a-s_rint.o)
                0x0800bb60                rint
 *fill*         0x0800bc88        0x8 00
 .text.scalbn   0x0800bc90      0x108 c:/chibistudio/tools/gnu tools arm embedded/4.7 2013q1/bin/../lib/gcc/arm-none-eabi/4.7.3/../../../../arm-none-eabi/lib/armv7e-m\libm.a(lib_a-s_scalbn.o)
                0x0800bc90                scalbn
 *fill*         0x0800bd98        0x8 00
 .text.copysign
                0x0800bda0       0x18 c:/chibistudio/tools/gnu tools arm embedded/4.7 2013q1/bin/../lib/gcc/arm-none-eabi/4.7.3/../../../../arm-none-eabi/lib/armv7e-m\libm.a(lib_a-s_copysign.o)
                0x0800bda0                copysign
 *fill*         0x0800bdb8        0x8 00
 .text.__errno  0x0800bdc0        0xc c:/chibistudio/tools/gnu tools arm embedded/4.7 2013q1/bin/../lib/gcc/arm-none-eabi/4.7.3/../../../../arm-none-eabi/lib/armv7e-m\libc.a(lib_a-errno.o)
                0x0800bdc0                __errno
 *fill*         0x0800bdcc        0x4 00
 .text.memcpy   0x0800bdd0      0x144 c:/chibistudio/tools/gnu tools arm embedded/4.7 2013q1/bin/../lib/gcc/arm-none-eabi/4.7.3/../../../../arm-none-eabi/lib/armv7e-m\libc.a(lib_a-memcpy.o)
                0x0800bdd0                memcpy
 *fill*         0x0800bf14        0xc 00
 .text.memset   0x0800bf20      0x12c c:/chibistudio/tools/gnu tools arm embedded/4.7 2013q1/bin/../lib/gcc/arm-none-eabi/4.7.3/../../../../arm-none-eabi/lib/armv7e-m\libc.a(lib_a-memset.o)
                0x0800bf20                memset
 *fill*         0x0800c04c        0x4 00
 .text.strcpy   0x0800c050       0xbc c:/chibistudio/tools/gnu tools arm embedded/4.7 2013q1/bin/../lib/gcc/arm-none-eabi/4.7.3/../../../../arm-none-eabi/lib/armv7e-m\libc.a(lib_a-strcpy.o)
                0x0800c050                strcpy
 *(.rodata)
 *(.rodata.*)
 *fill*         0x0800c10c        0x4 00
 .rodata.str1.4
                0x0800c110        0x5 build/obj/chsys.o
                                  0x8 (size before relaxing)
 *fill*         0x0800c115        0xb 00
 .rodata.str1.4
                0x0800c120       0x55 build/obj/chdebug.o
                                 0x58 (size before relaxing)
 *fill*         0x0800c175        0xb 00
 .rodata.str1.4
                0x0800c180       0x31 build/obj/chvt.o
                                 0x34 (size before relaxing)
 *fill*         0x0800c1b1        0xf 00
 .rodata.str1.4
                0x0800c1c0       0x23 build/obj/chschd.o
                                 0x24 (size before relaxing)
 *fill*         0x0800c1e3        0xd 00
 .rodata.str1.4
                0x0800c1f0       0x94 build/obj/chthreads.o
 *fill*         0x0800c284        0xc 00
 .rodata.ch_debug
                0x0800c290       0x18 build/obj/chregistry.o
                0x0800c290                ch_debug
 *fill*         0x0800c2a8        0x8 00
 .rodata.str1.4
                0x0800c2b0      0x146 build/obj/chsem.o
                                0x148 (size before relaxing)
 *fill*         0x0800c3f6        0xa 00
 .rodata.str1.4
                0x0800c400       0xab build/obj/chmtx.o
                                 0xac (size before relaxing)
 *fill*         0x0800c4ab        0x5 00
 .rodata.str1.4
                0x0800c4b0       0x90 build/obj/chevents.o
 .rodata.str1.4
                0x0800c540       0x29 build/obj/chqueues.o
                                 0x2c (size before relaxing)
 *fill*         0x0800c569        0x7 00
 .rodata.str1.4
                0x0800c570      0x10e build/obj/adc.o
                                0x110 (size before relaxing)
 *fill*         0x0800c67e        0x2 00
 .rodata.str1.4
                0x0800c680       0xcd build/obj/ext.o
                                 0xd0 (size before relaxing)
 *fill*         0x0800c74d        0x3 00
 .rodata.str1.4
                0x0800c750      0x109 build/obj/gpt.o
                                0x10c (size before relaxing)
 *fill*         0x0800c859        0x7 00
 .rodata.str1.4
                0x0800c860       0x14 build/obj/mmcsd.o
 *fill*         0x0800c874        0xc 00
 .rodata.str1.4
                0x0800c880       0x40 build/obj/rtc.o
 .rodata.sdc_vmt
                0x0800c8c0       0x20 build/obj/sdc.o
 .rodata.str1.4
                0x0800c8e0      0x137 build/obj/sdc.o
                                0x138 (size before relaxing)
 *fill*         0x0800ca17        0x9 00
 .rodata.str1.4
                0x0800ca20       0x5f build/obj/serial.o
                                 0x60 (size before relaxing)
 *fill*         0x0800ca7f        0x1 00
 .rodata.vmt    0x0800ca80       0x20 build/obj/serial.o
 .rodata.str1.4
                0x0800caa0      0x236 build/obj/spi.o
                                0x238 (size before relaxing)
 *fill*         0x0800ccd6        0xa 00
 .rodata.str1.4
                0x0800cce0       0x47 build/obj/stm32_dma.o
                                 0x48 (size before relaxing)
 *fill*         0x0800cd27        0x9 00
 .rodata._stm32_dma_streams
                0x0800cd30       0xc0 build/obj/stm32_dma.o
                0x0800cd30                _stm32_dma_streams
 .rodata.str1.4
                0x0800cdf0       0x3c build/obj/adc_lld.o
 *fill*         0x0800ce2c        0x4 00
 .rodata.str1.4
                0x0800ce30       0x14 build/obj/gpt_lld.o
 *fill*         0x0800ce44        0xc 00
 .rodata.str1.4
                0x0800ce50       0x7d build/obj/sdc_lld.o
                                 0x80 (size before relaxing)
 *fill*         0x0800cecd        0x3 00
 .rodata.str1.4
                0x0800ced0       0x50 build/obj/spi_lld.o
 .rodata.default_config
                0x0800cf20        0xc build/obj/serial_lld.o
 *fill*         0x0800cf2c        0x4 00
 .rodata.pal_default_config
                0x0800cf30       0xfc build/obj/board.o
                0x0800cf30                pal_default_config
 *fill*         0x0800d02c        0x4 00
 .rodata.str1.4
                0x0800d030        0x7 build/obj/chprintf.o
                                  0x8 (size before relaxing)
 *fill*         0x0800d037        0x9 00
 .rodata.vmt    0x0800d040       0x10 build/obj/memstreams.o
 .rodata.str1.4
                0x0800d050       0x54 build/obj/ff.o
 *fill*         0x0800d0a4        0xc 00
 .rodata.ExCvt  0x0800d0b0       0x80 build/obj/ff.o
 .rodata.str1.4
                0x0800d130      0x114 build/obj/kb_debug.o
 *fill*         0x0800d244        0xc 00
 .rodata.ST7565font
                0x0800d250      0x4fc build/obj/glcdfont.o
                0x0800d250                ST7565font
 *fill*         0x0800d74c        0x4 00
 .rodata.adc_grp_cfg
                0x0800d750       0x28 build/obj/kb_adc.o
 *fill*         0x0800d778        0x8 00
 .rodata.str1.4
                0x0800d780       0x6d build/obj/kb_logger.o
                                 0x70 (size before relaxing)
 *fill*         0x0800d7ed        0x3 00
 .rodata.str1.4
                0x0800d7f0       0x5f build/obj/kb_screen.o
                                 0x60 (size before relaxing)
 *fill*         0x0800d84f        0x1 00
 .rodata.str1.4
                0x0800d850        0x4 build/obj/kb_gps.o
 *fill*         0x0800d854        0xc 00
 .rodata.default_vectornav_config
                0x0800d860       0x14 build/obj/kb_vectornav.o
 *fill*         0x0800d874        0xc 00
 .rodata.str1.4
                0x0800d880       0x3a build/obj/main.o
                                 0x3c (size before relaxing)
 *fill*         0x0800d8ba        0x6 00
 .rodata.extcfg
                0x0800d8c0       0xb8 build/obj/main.o
 *fill*         0x0800d978        0x8 00
 .rodata.sdio_cfg
                0x0800d980        0x4 build/obj/main.o
 *fill*         0x0800d984        0xc 00
 .rodata.lcd_cfg
                0x0800d990       0x1c build/obj/main.o
 *fill*         0x0800d9ac        0x4 00
 .rodata.eeprom_cfg
                0x0800d9b0        0xc build/obj/main.o
 *fill*         0x0800d9bc        0x4 00
 .rodata.st7565_nanibox
                0x0800d9c0      0x200 build/obj/ST7565.o
 .rodata.pagemap
                0x0800dbc0        0x4 build/obj/ST7565.o
 *fill*         0x0800dbc4        0xc 00
 .rodata.str1.4
                0x0800dbd0        0x4 c:/chibistudio/tools/gnu tools arm embedded/4.7 2013q1/bin/../lib/gcc/arm-none-eabi/4.7.3/../../../../arm-none-eabi/lib/armv7e-m\libm.a(lib_a-w_pow.o)
 *fill*         0x0800dbd4        0xc 00
 .rodata.str1.4
                0x0800dbe0        0x5 c:/chibistudio/tools/gnu tools arm embedded/4.7 2013q1/bin/../lib/gcc/arm-none-eabi/4.7.3/../../../../arm-none-eabi/lib/armv7e-m\libm.a(lib_a-w_sqrt.o)
                                  0x8 (size before relaxing)
 *fill*         0x0800dbe5        0xb 00
 .rodata.dp_h   0x0800dbf0       0x10 c:/chibistudio/tools/gnu tools arm embedded/4.7 2013q1/bin/../lib/gcc/arm-none-eabi/4.7.3/../../../../arm-none-eabi/lib/armv7e-m\libm.a(lib_a-e_pow.o)
 .rodata.dp_l   0x0800dc00       0x10 c:/chibistudio/tools/gnu tools arm embedded/4.7 2013q1/bin/../lib/gcc/arm-none-eabi/4.7.3/../../../../arm-none-eabi/lib/armv7e-m\libm.a(lib_a-e_pow.o)
 .rodata.bp     0x0800dc10       0x10 c:/chibistudio/tools/gnu tools arm embedded/4.7 2013q1/bin/../lib/gcc/arm-none-eabi/4.7.3/../../../../arm-none-eabi/lib/armv7e-m\libm.a(lib_a-e_pow.o)
 .rodata.str1.4
                0x00000000        0x5 c:/chibistudio/tools/gnu tools arm embedded/4.7 2013q1/bin/../lib/gcc/arm-none-eabi/4.7.3/../../../../arm-none-eabi/lib/armv7e-m\libm.a(lib_a-e_pow.o)
                                  0x4 (size before relaxing)
 .rodata.npio2_hw
                0x0800dc20       0x80 c:/chibistudio/tools/gnu tools arm embedded/4.7 2013q1/bin/../lib/gcc/arm-none-eabi/4.7.3/../../../../arm-none-eabi/lib/armv7e-m\libm.a(lib_a-e_rem_pio2.o)
 .rodata.two_over_pi
                0x0800dca0      0x108 c:/chibistudio/tools/gnu tools arm embedded/4.7 2013q1/bin/../lib/gcc/arm-none-eabi/4.7.3/../../../../arm-none-eabi/lib/armv7e-m\libm.a(lib_a-e_rem_pio2.o)
 *fill*         0x0800dda8        0x8 00
 .rodata.init_jk
                0x0800ddb0       0x10 c:/chibistudio/tools/gnu tools arm embedded/4.7 2013q1/bin/../lib/gcc/arm-none-eabi/4.7.3/../../../../arm-none-eabi/lib/armv7e-m\libm.a(lib_a-k_rem_pio2.o)
 .rodata.PIo2   0x0800ddc0       0x40 c:/chibistudio/tools/gnu tools arm embedded/4.7 2013q1/bin/../lib/gcc/arm-none-eabi/4.7.3/../../../../arm-none-eabi/lib/armv7e-m\libm.a(lib_a-k_rem_pio2.o)
 .rodata.atanlo
                0x0800de00       0x20 c:/chibistudio/tools/gnu tools arm embedded/4.7 2013q1/bin/../lib/gcc/arm-none-eabi/4.7.3/../../../../arm-none-eabi/lib/armv7e-m\libm.a(lib_a-s_atan.o)
 .rodata.atanhi
                0x0800de20       0x20 c:/chibistudio/tools/gnu tools arm embedded/4.7 2013q1/bin/../lib/gcc/arm-none-eabi/4.7.3/../../../../arm-none-eabi/lib/armv7e-m\libm.a(lib_a-s_atan.o)
 .rodata.TWO52  0x0800de40       0x10 c:/chibistudio/tools/gnu tools arm embedded/4.7 2013q1/bin/../lib/gcc/arm-none-eabi/4.7.3/../../../../arm-none-eabi/lib/armv7e-m\libm.a(lib_a-s_rint.o)
 .rodata.str1.4
                0x0800de50        0x4 c:/chibistudio/tools/gnu tools arm embedded/4.7 2013q1/bin/../lib/gcc/arm-none-eabi/4.7.3/../../../../arm-none-eabi/lib/armv7e-m\libc.a(lib_a-impure.o)
 *(.glue_7t)
 .glue_7t       0x00000000        0x0 linker stubs
 *(.glue_7)
 .glue_7        0x00000000        0x0 linker stubs
 *(.gcc*)

.vfp11_veneer   0x0800de54        0x0
 .vfp11_veneer  0x00000000        0x0 linker stubs

.v4_bx          0x0800de54        0x0
 .v4_bx         0x00000000        0x0 linker stubs

.iplt           0x0800de54        0x0
 .iplt          0x00000000        0x0 build/obj/kb_debug_asm.o

.rel.dyn        0x0800de54        0x0
 .rel.iplt      0x00000000        0x0 build/obj/kb_debug_asm.o

.ARM.extab
 *(.ARM.extab* .gnu.linkonce.armextab.*)

.ARM.exidx      0x0800de54        0x0
                0x0800de54                PROVIDE (__exidx_start, .)
 *(.ARM.exidx* .gnu.linkonce.armexidx.*)
                0x0800de54                PROVIDE (__exidx_end, .)

.eh_frame_hdr
 *(.eh_frame_hdr)

.eh_frame
 *(.eh_frame)

.textalign      0x0800de54        0x4
                0x0800de58                . = ALIGN (0x8)
 *fill*         0x0800de54        0x4 00
                0x0800de58                _etext = .
                0x0800de58                _textdata = _etext

.stacks         0x20000000      0x800
                0x20000000                . = ALIGN (0x8)
                0x20000000                __main_stack_base__ = .
                0x20000400                . = (. + __main_stack_size__)
 *fill*         0x20000000      0x400 00
                0x20000400                . = ALIGN (0x8)
                0x20000400                __main_stack_end__ = .
                0x20000400                __process_stack_base__ = .
                0x20000400                __main_thread_stack_base__ = .
                0x20000800                . = (. + __process_stack_size__)
 *fill*         0x20000400      0x400 00
                0x20000800                . = ALIGN (0x8)
                0x20000800                __process_stack_end__ = .
                0x20000800                __main_thread_stack_end__ = .

.data           0x20000800      0x454 load address 0x0800de58
                0x20000800                . = ALIGN (0x4)
                0x20000800                PROVIDE (_data, .)
 *(.data)
                0x20000800                . = ALIGN (0x4)
 *(.data.*)
 .data.gps_cfg  0x20000800        0xc build/obj/kb_gps.o
 .data.serial1_cfg
                0x2000080c        0xc build/obj/main.o
 .data.serial2_cfg
                0x20000818        0xc build/obj/main.o
 .data.__fdlib_version
                0x20000824        0x1 c:/chibistudio/tools/gnu tools arm embedded/4.7 2013q1/bin/../lib/gcc/arm-none-eabi/4.7.3/../../../../arm-none-eabi/lib/armv7e-m\libm.a(lib_a-s_lib_ver.o)
                0x20000824                __fdlib_version
 *fill*         0x20000825        0x3 00
 .data.impure_data
                0x20000828      0x428 c:/chibistudio/tools/gnu tools arm embedded/4.7 2013q1/bin/../lib/gcc/arm-none-eabi/4.7.3/../../../../arm-none-eabi/lib/armv7e-m\libc.a(lib_a-impure.o)
 .data._impure_ptr
                0x20000c50        0x4 c:/chibistudio/tools/gnu tools arm embedded/4.7 2013q1/bin/../lib/gcc/arm-none-eabi/4.7.3/../../../../arm-none-eabi/lib/armv7e-m\libc.a(lib_a-impure.o)
                0x20000c50                _impure_ptr
                0x20000c54                . = ALIGN (0x4)
 *(.ramtext)
                0x20000c54                . = ALIGN (0x4)
                0x20000c54                PROVIDE (_edata, .)

.igot.plt       0x20000c54        0x0 load address 0x0800e2ac
 .igot.plt      0x00000000        0x0 build/obj/kb_debug_asm.o

.bss            0x20000c58    0x115d8 load address 0x0800e2ac
                0x20000c58                . = ALIGN (0x4)
                0x20000c58                PROVIDE (_bss_start, .)
 *(.bss)
                0x20000c58                . = ALIGN (0x4)
 *(.bss.*)
 .bss.mainthread.4860
                0x20000c58       0x4c build/obj/chsys.o
 *fill*         0x20000ca4        0x4 00
 .bss._idle_thread_wa
                0x20000ca8      0x158 build/obj/chsys.o
                0x20000ca8                _idle_thread_wa
 .bss.dbg_isr_cnt
                0x20000e00        0x4 build/obj/chdebug.o
                0x20000e00                dbg_isr_cnt
 .bss.dbg_trace_buffer
                0x20000e04      0x408 build/obj/chdebug.o
                0x20000e04                dbg_trace_buffer
 .bss.dbg_lock_cnt
                0x2000120c        0x4 build/obj/chdebug.o
                0x2000120c                dbg_lock_cnt
 .bss.dbg_panic_msg
                0x20001210        0x4 build/obj/chdebug.o
                0x20001210                dbg_panic_msg
 .bss.vtlist    0x20001214       0x10 build/obj/chvt.o
                0x20001214                vtlist
 .bss.rlist     0x20001224       0x1c build/obj/chschd.o
                0x20001224                rlist
 .bss.endmem    0x20001240        0x4 build/obj/chmemcore.o
 .bss.nextmem   0x20001244        0x4 build/obj/chmemcore.o
 .bss.default_heap
                0x20001248       0x20 build/obj/chheap.o
 .bss.dma_isr_redir
                0x20001268       0x80 build/obj/stm32_dma.o
 .bss.dma_streams_mask
                0x200012e8        0x4 build/obj/stm32_dma.o
 .bss.ADCD1     0x200012ec       0x34 build/obj/adc_lld.o
                0x200012ec                ADCD1
 .bss.ADCD2     0x20001320       0x34 build/obj/adc_lld.o
                0x20001320                ADCD2
 .bss.ADCD3     0x20001354       0x34 build/obj/adc_lld.o
                0x20001354                ADCD3
 .bss.EXTD1     0x20001388        0x8 build/obj/ext_lld.o
                0x20001388                EXTD1
 .bss.GPTD14    0x20001390       0x10 build/obj/gpt_lld.o
                0x20001390                GPTD14
 .bss.ICUD1     0x200013a0       0x18 build/obj/icu_lld.o
                0x200013a0                ICUD1
 .bss.SDCD1     0x200013b8       0x4c build/obj/sdc_lld.o
                0x200013b8                SDCD1
 .bss.u         0x20001404      0x200 build/obj/sdc_lld.o
 .bss.RTCD1     0x20001604        0x4 build/obj/rtc_lld.o
                0x20001604                RTCD1
 .bss.dummytx   0x20001608        0x2 build/obj/spi_lld.o
 *fill*         0x2000160a        0x2 00
 .bss.SPID1     0x2000160c       0x30 build/obj/spi_lld.o
                0x2000160c                SPID1
 .bss.SPID2     0x2000163c       0x30 build/obj/spi_lld.o
                0x2000163c                SPID2
 .bss.dummyrx   0x2000166c        0x2 build/obj/spi_lld.o
 *fill*         0x2000166e        0x2 00
 .bss.SD1       0x20001670       0xd8 build/obj/serial_lld.o
                0x20001670                SD1
 .bss.SD2       0x20001748       0xd8 build/obj/serial_lld.o
                0x20001748                SD2
 .bss.SD6       0x20001820       0xd8 build/obj/serial_lld.o
                0x20001820                SD6
 .bss.Fsid      0x200018f8        0x2 build/obj/ff.o
 *fill*         0x200018fa        0x2 00
 .bss.FatFs     0x200018fc        0x4 build/obj/ff.o
 .bss.adc_samples
                0x20001900        0xc build/obj/kb_adc.o
 .bss.btn_1_state
                0x2000190c        0x1 build/obj/kb_buttons.o
 .bss.btn_0_state
                0x2000190d        0x1 build/obj/kb_buttons.o
 *fill*         0x2000190e        0x2 00
 .bss.write_buffers
                0x20001910     0xc004 build/obj/kb_logger.o
 .bss.write_buffer_semaphore
                0x2000d914        0xc build/obj/kb_logger.o
 .bss.writerThread
                0x2000d920        0x4 build/obj/kb_logger.o
 .bss.cardsize_MB
                0x2000d924        0x4 build/obj/kb_logger.o
                0x2000d924                cardsize_MB
 .bss.SDC_FS    0x2000d928      0x234 build/obj/kb_logger.o
 .bss.kbfile    0x2000db5c      0x224 build/obj/kb_logger.o
                0x2000db5c                kbfile
 .bss.waWriter  0x2000dd80     0x2138 build/obj/kb_logger.o
 .bss.fs_ready  0x2000feb8        0x1 build/obj/kb_logger.o
 *fill*         0x2000feb9        0x3 00
 .bss.current_msg
                0x2000febc      0x200 build/obj/kb_logger.o
 .bss.logger_state
                0x200100bc        0x1 build/obj/kb_logger.o
 *fill*         0x200100bd        0x3 00
 .bss.waLogger  0x200100c0      0x538 build/obj/kb_logger.o
 .bss.fs_write_protected
                0x200105f8        0x1 build/obj/kb_logger.o
 *fill*         0x200105f9        0x3 00
 .bss.loggerThread
                0x200105fc        0x4 build/obj/kb_logger.o
 .bss.sd_det_count
                0x20010600        0x1 build/obj/kb_logger.o
 *fill*         0x20010601        0x7 00
 .bss.waScreen  0x20010608     0x1138 build/obj/kb_screen.o
 .bss.charbuf   0x20011740       0x80 build/obj/kb_screen.o
 .bss.msb       0x200117c0       0x14 build/obj/kb_screen.o
 .bss.screen    0x200117d4       0x48 build/obj/kb_screen.o
 .bss.was_last_edge_short
                0x2001181c        0x1 build/obj/kb_time.o
 *fill*         0x2001181d        0x3 00
 .bss.ltc_frame
                0x20011820        0xc build/obj/kb_time.o
 .bss.ltc_timecode
                0x2001182c        0x4 build/obj/kb_time.o
 .bss.last_edge_time
                0x20011830        0x4 build/obj/kb_time.o
 *fill*         0x20011834        0x4 00
 .bss.waGps     0x20011838      0x1b8 build/obj/kb_gps.o
 .bss.ubx_nav_sol_idx
                0x200119f0        0x1 build/obj/kb_gps.o
                0x200119f0                ubx_nav_sol_idx
 *fill*         0x200119f1        0x3 00
 .bss.ubx_nav_sol_buffer
                0x200119f4       0x3c build/obj/kb_gps.o
                0x200119f4                ubx_nav_sol_buffer
 .bss.async_vn_msg
                0x20011a30      0x408 build/obj/kb_vectornav.o
 .bss.VND1      0x20011e38        0xc build/obj/kb_vectornav.o
                0x20011e38                VND1
 .bss.global_state
                0x20011e44        0x4 build/obj/main.o
 .bss.adc_trigger
                0x20011e48       0x14 build/obj/main.o
 .bss.adc_cfg   0x20011e5c        0x4 build/obj/main.o
 .bss.lcd_buffer
                0x20011e60      0x200 build/obj/main.o
 .bss.waBlinker
                0x20012060      0x1b8 build/obj/main.o
 .bss.spiEepromD1
                0x20012218        0x8 build/obj/spiEEPROM.o
                0x20012218                spiEepromD1
 .bss.ST7565D1  0x20012220        0xc build/obj/ST7565.o
                0x20012220                ST7565D1
 .bss.xUpdateMin
                0x2001222c        0x1 build/obj/ST7565.o
 .bss.xUpdateMax
                0x2001222d        0x1 build/obj/ST7565.o
 .bss.yUpdateMin
                0x2001222e        0x1 build/obj/ST7565.o
 .bss.yUpdateMax
                0x2001222f        0x1 build/obj/ST7565.o
                0x20012230                . = ALIGN (0x4)
 *(COMMON)
                0x20012230                . = ALIGN (0x4)
                0x20012230                PROVIDE (_bss_end, .)
                0x20012230                PROVIDE (end, .)
                0x20012230                _end = .
                0x20012230                __heap_base__ = _end
                0x2001c000                __heap_end__ = __ram_end__
OUTPUT(build/kuroBox.elf elf32-littlearm)

.ARM.attributes
                0x00000000       0x35
 .ARM.attributes
                0x00000000       0x21 build/obj/kb_debug_asm.o
 .ARM.attributes
                0x00000021       0x39 build/obj/crt0.o
 .ARM.attributes
                0x0000005a       0x39 build/obj/vectors.o
 .ARM.attributes
                0x00000093       0x39 build/obj/chcore.o
 .ARM.attributes
                0x000000cc       0x39 build/obj/chcore_v7m.o
 .ARM.attributes
                0x00000105       0x39 build/obj/nvic.o
 .ARM.attributes
                0x0000013e       0x39 build/obj/chsys.o
 .ARM.attributes
                0x00000177       0x39 build/obj/chdebug.o
 .ARM.attributes
                0x000001b0       0x39 build/obj/chvt.o
 .ARM.attributes
                0x000001e9       0x39 build/obj/chschd.o
 .ARM.attributes
                0x00000222       0x39 build/obj/chthreads.o
 .ARM.attributes
                0x0000025b       0x39 build/obj/chregistry.o
 .ARM.attributes
                0x00000294       0x39 build/obj/chsem.o
 .ARM.attributes
                0x000002cd       0x39 build/obj/chmtx.o
 .ARM.attributes
                0x00000306       0x39 build/obj/chevents.o
 .ARM.attributes
                0x0000033f       0x39 build/obj/chqueues.o
 .ARM.attributes
                0x00000378       0x39 build/obj/chmemcore.o
 .ARM.attributes
                0x000003b1       0x39 build/obj/chheap.o
 .ARM.attributes
                0x000003ea       0x39 build/obj/hal.o
 .ARM.attributes
                0x00000423       0x39 build/obj/adc.o
 .ARM.attributes
                0x0000045c       0x39 build/obj/ext.o
 .ARM.attributes
                0x00000495       0x39 build/obj/gpt.o
 .ARM.attributes
                0x000004ce       0x39 build/obj/icu.o
 .ARM.attributes
                0x00000507       0x39 build/obj/mmcsd.o
 .ARM.attributes
                0x00000540       0x39 build/obj/rtc.o
 .ARM.attributes
                0x00000579       0x39 build/obj/sdc.o
 .ARM.attributes
                0x000005b2       0x39 build/obj/serial.o
 .ARM.attributes
                0x000005eb       0x39 build/obj/spi.o
 .ARM.attributes
                0x00000624       0x39 build/obj/stm32_dma.o
 .ARM.attributes
                0x0000065d       0x39 build/obj/hal_lld.o
 .ARM.attributes
                0x00000696       0x39 build/obj/adc_lld.o
 .ARM.attributes
                0x000006cf       0x39 build/obj/ext_lld_isr.o
 .ARM.attributes
                0x00000708       0x39 build/obj/ext_lld.o
 .ARM.attributes
                0x00000741       0x39 build/obj/gpt_lld.o
 .ARM.attributes
                0x0000077a       0x39 build/obj/icu_lld.o
 .ARM.attributes
                0x000007b3       0x39 build/obj/sdc_lld.o
 .ARM.attributes
                0x000007ec       0x39 build/obj/pal_lld.o
 .ARM.attributes
                0x00000825       0x39 build/obj/rtc_lld.o
 .ARM.attributes
                0x0000085e       0x39 build/obj/spi_lld.o
 .ARM.attributes
                0x00000897       0x39 build/obj/serial_lld.o
 .ARM.attributes
                0x000008d0       0x39 build/obj/board.o
 .ARM.attributes
                0x00000909       0x39 build/obj/chprintf.o
 .ARM.attributes
                0x00000942       0x39 build/obj/chrtclib.o
 .ARM.attributes
                0x0000097b       0x39 build/obj/memstreams.o
 .ARM.attributes
                0x000009b4       0x39 build/obj/fatfs_diskio.o
 .ARM.attributes
                0x000009ed       0x39 build/obj/ff.o
 .ARM.attributes
                0x00000a26       0x39 build/obj/kb_debug.o
 .ARM.attributes
                0x00000a5f       0x39 build/obj/glcdfont.o
 .ARM.attributes
                0x00000a98       0x39 build/obj/kb_adc.o
 .ARM.attributes
                0x00000ad1       0x39 build/obj/kb_buttons.o
 .ARM.attributes
                0x00000b0a       0x39 build/obj/kb_logger.o
 .ARM.attributes
                0x00000b43       0x39 build/obj/kb_screen.o
 .ARM.attributes
                0x00000b7c       0x39 build/obj/kb_time.o
 .ARM.attributes
                0x00000bb5       0x39 build/obj/kb_gps.o
 .ARM.attributes
                0x00000bee       0x39 build/obj/kb_util.o
 .ARM.attributes
                0x00000c27       0x39 build/obj/kb_vectornav.o
 .ARM.attributes
                0x00000c60       0x39 build/obj/main.o
 .ARM.attributes
                0x00000c99       0x39 build/obj/spiEEPROM.o
 .ARM.attributes
                0x00000cd2       0x39 build/obj/ST7565.o
 .ARM.attributes
                0x00000d0b       0x2e c:/chibistudio/tools/gnu tools arm embedded/4.7 2013q1/bin/../lib/gcc/arm-none-eabi/4.7.3/../../../../arm-none-eabi/lib/armv7e-m\libm.a(lib_a-s_cos.o)
 .ARM.attributes
                0x00000d39       0x2e c:/chibistudio/tools/gnu tools arm embedded/4.7 2013q1/bin/../lib/gcc/arm-none-eabi/4.7.3/../../../../arm-none-eabi/lib/armv7e-m\libm.a(lib_a-s_sin.o)
 .ARM.attributes
                0x00000d67       0x2e c:/chibistudio/tools/gnu tools arm embedded/4.7 2013q1/bin/../lib/gcc/arm-none-eabi/4.7.3/../../../../arm-none-eabi/lib/armv7e-m\libm.a(lib_a-w_atan2.o)
 .ARM.attributes
                0x00000d95       0x2e c:/chibistudio/tools/gnu tools arm embedded/4.7 2013q1/bin/../lib/gcc/arm-none-eabi/4.7.3/../../../../arm-none-eabi/lib/armv7e-m\libm.a(lib_a-w_pow.o)
 .ARM.attributes
                0x00000dc3       0x2e c:/chibistudio/tools/gnu tools arm embedded/4.7 2013q1/bin/../lib/gcc/arm-none-eabi/4.7.3/../../../../arm-none-eabi/lib/armv7e-m\libm.a(lib_a-w_sqrt.o)
 .ARM.attributes
                0x00000df1       0x2e c:/chibistudio/tools/gnu tools arm embedded/4.7 2013q1/bin/../lib/gcc/arm-none-eabi/4.7.3/../../../../arm-none-eabi/lib/armv7e-m\libm.a(lib_a-e_atan2.o)
 .ARM.attributes
                0x00000e1f       0x2e c:/chibistudio/tools/gnu tools arm embedded/4.7 2013q1/bin/../lib/gcc/arm-none-eabi/4.7.3/../../../../arm-none-eabi/lib/armv7e-m\libm.a(lib_a-e_pow.o)
 .ARM.attributes
                0x00000e4d       0x2e c:/chibistudio/tools/gnu tools arm embedded/4.7 2013q1/bin/../lib/gcc/arm-none-eabi/4.7.3/../../../../arm-none-eabi/lib/armv7e-m\libm.a(lib_a-e_rem_pio2.o)
 .ARM.attributes
                0x00000e7b       0x2e c:/chibistudio/tools/gnu tools arm embedded/4.7 2013q1/bin/../lib/gcc/arm-none-eabi/4.7.3/../../../../arm-none-eabi/lib/armv7e-m\libm.a(lib_a-e_sqrt.o)
 .ARM.attributes
                0x00000ea9       0x2e c:/chibistudio/tools/gnu tools arm embedded/4.7 2013q1/bin/../lib/gcc/arm-none-eabi/4.7.3/../../../../arm-none-eabi/lib/armv7e-m\libm.a(lib_a-k_cos.o)
 .ARM.attributes
                0x00000ed7       0x2e c:/chibistudio/tools/gnu tools arm embedded/4.7 2013q1/bin/../lib/gcc/arm-none-eabi/4.7.3/../../../../arm-none-eabi/lib/armv7e-m\libm.a(lib_a-k_rem_pio2.o)
 .ARM.attributes
                0x00000f05       0x2e c:/chibistudio/tools/gnu tools arm embedded/4.7 2013q1/bin/../lib/gcc/arm-none-eabi/4.7.3/../../../../arm-none-eabi/lib/armv7e-m\libm.a(lib_a-k_sin.o)
 .ARM.attributes
                0x00000f33       0x2e c:/chibistudio/tools/gnu tools arm embedded/4.7 2013q1/bin/../lib/gcc/arm-none-eabi/4.7.3/../../../../arm-none-eabi/lib/armv7e-m\libm.a(lib_a-s_atan.o)
 .ARM.attributes
                0x00000f61       0x2e c:/chibistudio/tools/gnu tools arm embedded/4.7 2013q1/bin/../lib/gcc/arm-none-eabi/4.7.3/../../../../arm-none-eabi/lib/armv7e-m\libm.a(lib_a-s_fabs.o)
 .ARM.attributes
                0x00000f8f       0x2e c:/chibistudio/tools/gnu tools arm embedded/4.7 2013q1/bin/../lib/gcc/arm-none-eabi/4.7.3/../../../../arm-none-eabi/lib/armv7e-m\libm.a(lib_a-s_finite.o)
 .ARM.attributes
                0x00000fbd       0x2e c:/chibistudio/tools/gnu tools arm embedded/4.7 2013q1/bin/../lib/gcc/arm-none-eabi/4.7.3/../../../../arm-none-eabi/lib/armv7e-m\libm.a(lib_a-s_floor.o)
 .ARM.attributes
                0x00000feb       0x2e c:/chibistudio/tools/gnu tools arm embedded/4.7 2013q1/bin/../lib/gcc/arm-none-eabi/4.7.3/../../../../arm-none-eabi/lib/armv7e-m\libm.a(lib_a-s_fpclassify.o)
 .ARM.attributes
                0x00001019       0x2e c:/chibistudio/tools/gnu tools arm embedded/4.7 2013q1/bin/../lib/gcc/arm-none-eabi/4.7.3/../../../../arm-none-eabi/lib/armv7e-m\libm.a(lib_a-s_lib_ver.o)
 .ARM.attributes
                0x00001047       0x2e c:/chibistudio/tools/gnu tools arm embedded/4.7 2013q1/bin/../lib/gcc/arm-none-eabi/4.7.3/../../../../arm-none-eabi/lib/armv7e-m\libm.a(lib_a-s_matherr.o)
 .ARM.attributes
                0x00001075       0x2e c:/chibistudio/tools/gnu tools arm embedded/4.7 2013q1/bin/../lib/gcc/arm-none-eabi/4.7.3/../../../../arm-none-eabi/lib/armv7e-m\libm.a(lib_a-s_nan.o)
 .ARM.attributes
                0x000010a3       0x2e c:/chibistudio/tools/gnu tools arm embedded/4.7 2013q1/bin/../lib/gcc/arm-none-eabi/4.7.3/../../../../arm-none-eabi/lib/armv7e-m\libm.a(lib_a-s_rint.o)
 .ARM.attributes
                0x000010d1       0x2e c:/chibistudio/tools/gnu tools arm embedded/4.7 2013q1/bin/../lib/gcc/arm-none-eabi/4.7.3/../../../../arm-none-eabi/lib/armv7e-m\libm.a(lib_a-s_scalbn.o)
 .ARM.attributes
                0x000010ff       0x2e c:/chibistudio/tools/gnu tools arm embedded/4.7 2013q1/bin/../lib/gcc/arm-none-eabi/4.7.3/../../../../arm-none-eabi/lib/armv7e-m\libm.a(lib_a-s_copysign.o)
 .ARM.attributes
                0x0000112d       0x1e c:/chibistudio/tools/gnu tools arm embedded/4.7 2013q1/bin/../lib/gcc/arm-none-eabi/4.7.3/armv7e-m\libgcc.a(_arm_addsubdf3.o)
 .ARM.attributes
                0x0000114b       0x1e c:/chibistudio/tools/gnu tools arm embedded/4.7 2013q1/bin/../lib/gcc/arm-none-eabi/4.7.3/armv7e-m\libgcc.a(_arm_muldivdf3.o)
 .ARM.attributes
                0x00001169       0x1e c:/chibistudio/tools/gnu tools arm embedded/4.7 2013q1/bin/../lib/gcc/arm-none-eabi/4.7.3/armv7e-m\libgcc.a(_arm_cmpdf2.o)
 .ARM.attributes
                0x00001187       0x1e c:/chibistudio/tools/gnu tools arm embedded/4.7 2013q1/bin/../lib/gcc/arm-none-eabi/4.7.3/armv7e-m\libgcc.a(_arm_fixdfsi.o)
 .ARM.attributes
                0x000011a5       0x1e c:/chibistudio/tools/gnu tools arm embedded/4.7 2013q1/bin/../lib/gcc/arm-none-eabi/4.7.3/armv7e-m\libgcc.a(_arm_truncdfsf2.o)
 .ARM.attributes
                0x000011c3       0x2e c:/chibistudio/tools/gnu tools arm embedded/4.7 2013q1/bin/../lib/gcc/arm-none-eabi/4.7.3/../../../../arm-none-eabi/lib/armv7e-m\libc.a(lib_a-errno.o)
 .ARM.attributes
                0x000011f1       0x2e c:/chibistudio/tools/gnu tools arm embedded/4.7 2013q1/bin/../lib/gcc/arm-none-eabi/4.7.3/../../../../arm-none-eabi/lib/armv7e-m\libc.a(lib_a-impure.o)
 .ARM.attributes
                0x0000121f       0x2e c:/chibistudio/tools/gnu tools arm embedded/4.7 2013q1/bin/../lib/gcc/arm-none-eabi/4.7.3/../../../../arm-none-eabi/lib/armv7e-m\libc.a(lib_a-memcpy.o)
 .ARM.attributes
                0x0000124d       0x2e c:/chibistudio/tools/gnu tools arm embedded/4.7 2013q1/bin/../lib/gcc/arm-none-eabi/4.7.3/../../../../arm-none-eabi/lib/armv7e-m\libc.a(lib_a-memset.o)
 .ARM.attributes
                0x0000127b       0x2e c:/chibistudio/tools/gnu tools arm embedded/4.7 2013q1/bin/../lib/gcc/arm-none-eabi/4.7.3/../../../../arm-none-eabi/lib/armv7e-m\libc.a(lib_a-strcpy.o)

.comment        0x00000000       0x70
 .comment       0x00000000       0x70 build/obj/crt0.o
                                 0x71 (size before relaxing)
 .comment       0x00000000       0x71 build/obj/vectors.o
 .comment       0x00000000       0x71 build/obj/chcore.o
 .comment       0x00000000       0x71 build/obj/chcore_v7m.o
 .comment       0x00000000       0x71 build/obj/nvic.o
 .comment       0x00000000       0x71 build/obj/chsys.o
 .comment       0x00000000       0x71 build/obj/chdebug.o
 .comment       0x00000000       0x71 build/obj/chvt.o
 .comment       0x00000000       0x71 build/obj/chschd.o
 .comment       0x00000000       0x71 build/obj/chthreads.o
 .comment       0x00000000       0x71 build/obj/chregistry.o
 .comment       0x00000000       0x71 build/obj/chsem.o
 .comment       0x00000000       0x71 build/obj/chmtx.o
 .comment       0x00000000       0x71 build/obj/chevents.o
 .comment       0x00000000       0x71 build/obj/chqueues.o
 .comment       0x00000000       0x71 build/obj/chmemcore.o
 .comment       0x00000000       0x71 build/obj/chheap.o
 .comment       0x00000000       0x71 build/obj/hal.o
 .comment       0x00000000       0x71 build/obj/adc.o
 .comment       0x00000000       0x71 build/obj/ext.o
 .comment       0x00000000       0x71 build/obj/gpt.o
 .comment       0x00000000       0x71 build/obj/icu.o
 .comment       0x00000000       0x71 build/obj/mmcsd.o
 .comment       0x00000000       0x71 build/obj/rtc.o
 .comment       0x00000000       0x71 build/obj/sdc.o
 .comment       0x00000000       0x71 build/obj/serial.o
 .comment       0x00000000       0x71 build/obj/spi.o
 .comment       0x00000000       0x71 build/obj/stm32_dma.o
 .comment       0x00000000       0x71 build/obj/hal_lld.o
 .comment       0x00000000       0x71 build/obj/adc_lld.o
 .comment       0x00000000       0x71 build/obj/ext_lld_isr.o
 .comment       0x00000000       0x71 build/obj/ext_lld.o
 .comment       0x00000000       0x71 build/obj/gpt_lld.o
 .comment       0x00000000       0x71 build/obj/icu_lld.o
 .comment       0x00000000       0x71 build/obj/sdc_lld.o
 .comment       0x00000000       0x71 build/obj/pal_lld.o
 .comment       0x00000000       0x71 build/obj/rtc_lld.o
 .comment       0x00000000       0x71 build/obj/spi_lld.o
 .comment       0x00000000       0x71 build/obj/serial_lld.o
 .comment       0x00000000       0x71 build/obj/board.o
 .comment       0x00000000       0x71 build/obj/chprintf.o
 .comment       0x00000000       0x71 build/obj/chrtclib.o
 .comment       0x00000000       0x71 build/obj/memstreams.o
 .comment       0x00000000       0x71 build/obj/fatfs_diskio.o
 .comment       0x00000000       0x71 build/obj/ff.o
 .comment       0x00000000       0x71 build/obj/kb_debug.o
 .comment       0x00000000       0x71 build/obj/glcdfont.o
 .comment       0x00000000       0x71 build/obj/kb_adc.o
 .comment       0x00000000       0x71 build/obj/kb_buttons.o
 .comment       0x00000000       0x71 build/obj/kb_logger.o
 .comment       0x00000000       0x71 build/obj/kb_screen.o
 .comment       0x00000000       0x71 build/obj/kb_time.o
 .comment       0x00000000       0x71 build/obj/kb_gps.o
 .comment       0x00000000       0x71 build/obj/kb_util.o
 .comment       0x00000000       0x71 build/obj/kb_vectornav.o
 .comment       0x00000000       0x71 build/obj/main.o
 .comment       0x00000000       0x71 build/obj/spiEEPROM.o
 .comment       0x00000000       0x71 build/obj/ST7565.o

.debug_frame    0x00000000      0x4a4
 .debug_frame   0x00000000       0x2c c:/chibistudio/tools/gnu tools arm embedded/4.7 2013q1/bin/../lib/gcc/arm-none-eabi/4.7.3/../../../../arm-none-eabi/lib/armv7e-m\libm.a(lib_a-s_cos.o)
 .debug_frame   0x0000002c       0x2c c:/chibistudio/tools/gnu tools arm embedded/4.7 2013q1/bin/../lib/gcc/arm-none-eabi/4.7.3/../../../../arm-none-eabi/lib/armv7e-m\libm.a(lib_a-s_sin.o)
 .debug_frame   0x00000058       0x20 c:/chibistudio/tools/gnu tools arm embedded/4.7 2013q1/bin/../lib/gcc/arm-none-eabi/4.7.3/../../../../arm-none-eabi/lib/armv7e-m\libm.a(lib_a-w_atan2.o)
 .debug_frame   0x00000078       0x38 c:/chibistudio/tools/gnu tools arm embedded/4.7 2013q1/bin/../lib/gcc/arm-none-eabi/4.7.3/../../../../arm-none-eabi/lib/armv7e-m\libm.a(lib_a-w_pow.o)
 .debug_frame   0x000000b0       0x38 c:/chibistudio/tools/gnu tools arm embedded/4.7 2013q1/bin/../lib/gcc/arm-none-eabi/4.7.3/../../../../arm-none-eabi/lib/armv7e-m\libm.a(lib_a-w_sqrt.o)
 .debug_frame   0x000000e8       0x38 c:/chibistudio/tools/gnu tools arm embedded/4.7 2013q1/bin/../lib/gcc/arm-none-eabi/4.7.3/../../../../arm-none-eabi/lib/armv7e-m\libm.a(lib_a-e_atan2.o)
 .debug_frame   0x00000120       0x38 c:/chibistudio/tools/gnu tools arm embedded/4.7 2013q1/bin/../lib/gcc/arm-none-eabi/4.7.3/../../../../arm-none-eabi/lib/armv7e-m\libm.a(lib_a-e_pow.o)
 .debug_frame   0x00000158       0x38 c:/chibistudio/tools/gnu tools arm embedded/4.7 2013q1/bin/../lib/gcc/arm-none-eabi/4.7.3/../../../../arm-none-eabi/lib/armv7e-m\libm.a(lib_a-e_rem_pio2.o)
 .debug_frame   0x00000190       0x34 c:/chibistudio/tools/gnu tools arm embedded/4.7 2013q1/bin/../lib/gcc/arm-none-eabi/4.7.3/../../../../arm-none-eabi/lib/armv7e-m\libm.a(lib_a-e_sqrt.o)
 .debug_frame   0x000001c4       0x38 c:/chibistudio/tools/gnu tools arm embedded/4.7 2013q1/bin/../lib/gcc/arm-none-eabi/4.7.3/../../../../arm-none-eabi/lib/armv7e-m\libm.a(lib_a-k_cos.o)
 .debug_frame   0x000001fc       0x3c c:/chibistudio/tools/gnu tools arm embedded/4.7 2013q1/bin/../lib/gcc/arm-none-eabi/4.7.3/../../../../arm-none-eabi/lib/armv7e-m\libm.a(lib_a-k_rem_pio2.o)
 .debug_frame   0x00000238       0x38 c:/chibistudio/tools/gnu tools arm embedded/4.7 2013q1/bin/../lib/gcc/arm-none-eabi/4.7.3/../../../../arm-none-eabi/lib/armv7e-m\libm.a(lib_a-k_sin.o)
 .debug_frame   0x00000270       0x38 c:/chibistudio/tools/gnu tools arm embedded/4.7 2013q1/bin/../lib/gcc/arm-none-eabi/4.7.3/../../../../arm-none-eabi/lib/armv7e-m\libm.a(lib_a-s_atan.o)
 .debug_frame   0x000002a8       0x20 c:/chibistudio/tools/gnu tools arm embedded/4.7 2013q1/bin/../lib/gcc/arm-none-eabi/4.7.3/../../../../arm-none-eabi/lib/armv7e-m\libm.a(lib_a-s_fabs.o)
 .debug_frame   0x000002c8       0x20 c:/chibistudio/tools/gnu tools arm embedded/4.7 2013q1/bin/../lib/gcc/arm-none-eabi/4.7.3/../../../../arm-none-eabi/lib/armv7e-m\libm.a(lib_a-s_finite.o)
 .debug_frame   0x000002e8       0x34 c:/chibistudio/tools/gnu tools arm embedded/4.7 2013q1/bin/../lib/gcc/arm-none-eabi/4.7.3/../../../../arm-none-eabi/lib/armv7e-m\libm.a(lib_a-s_floor.o)
 .debug_frame   0x0000031c       0x20 c:/chibistudio/tools/gnu tools arm embedded/4.7 2013q1/bin/../lib/gcc/arm-none-eabi/4.7.3/../../../../arm-none-eabi/lib/armv7e-m\libm.a(lib_a-s_fpclassify.o)