Archive member included because of file (symbol)

c:/chibistudio/tools/gnu tools arm embedded/4.7 2013q1/bin/../lib/gcc/arm-none-eabi/4.7.3/../../../../arm-none-eabi/lib/armv7e-m\libc.a(lib_a-lcltime_r.o)
                              build/obj/chrtclib.o (localtime_r)
c:/chibistudio/tools/gnu tools arm embedded/4.7 2013q1/bin/../lib/gcc/arm-none-eabi/4.7.3/../../../../arm-none-eabi/lib/armv7e-m\libc.a(lib_a-memcpy.o)
                              build/obj/sdc_lld.o (memcpy)
c:/chibistudio/tools/gnu tools arm embedded/4.7 2013q1/bin/../lib/gcc/arm-none-eabi/4.7.3/../../../../arm-none-eabi/lib/armv7e-m\libc.a(lib_a-memset.o)
                              build/obj/kb_logger.o (memset)
c:/chibistudio/tools/gnu tools arm embedded/4.7 2013q1/bin/../lib/gcc/arm-none-eabi/4.7.3/../../../../arm-none-eabi/lib/armv7e-m\libc.a(lib_a-mktime.o)
                              build/obj/chrtclib.o (mktime)
c:/chibistudio/tools/gnu tools arm embedded/4.7 2013q1/bin/../lib/gcc/arm-none-eabi/4.7.3/../../../../arm-none-eabi/lib/armv7e-m\libc.a(lib_a-mktm_r.o)
                              c:/chibistudio/tools/gnu tools arm embedded/4.7 2013q1/bin/../lib/gcc/arm-none-eabi/4.7.3/../../../../arm-none-eabi/lib/armv7e-m\libc.a(lib_a-mktime.o) (__tzcalc_limits)
c:/chibistudio/tools/gnu tools arm embedded/4.7 2013q1/bin/../lib/gcc/arm-none-eabi/4.7.3/../../../../arm-none-eabi/lib/armv7e-m\libc.a(lib_a-strcpy.o)
                              build/obj/kb_screen.o (strcpy)
c:/chibistudio/tools/gnu tools arm embedded/4.7 2013q1/bin/../lib/gcc/arm-none-eabi/4.7.3/../../../../arm-none-eabi/lib/armv7e-m\libc.a(lib_a-tzlock.o)
                              c:/chibistudio/tools/gnu tools arm embedded/4.7 2013q1/bin/../lib/gcc/arm-none-eabi/4.7.3/../../../../arm-none-eabi/lib/armv7e-m\libc.a(lib_a-mktm_r.o) (__tz_lock)
c:/chibistudio/tools/gnu tools arm embedded/4.7 2013q1/bin/../lib/gcc/arm-none-eabi/4.7.3/../../../../arm-none-eabi/lib/armv7e-m\libc.a(lib_a-tzvars.o)
                              c:/chibistudio/tools/gnu tools arm embedded/4.7 2013q1/bin/../lib/gcc/arm-none-eabi/4.7.3/../../../../arm-none-eabi/lib/armv7e-m\libc.a(lib_a-mktime.o) (_daylight)
c:/chibistudio/tools/gnu tools arm embedded/4.7 2013q1/bin/../lib/gcc/arm-none-eabi/4.7.3/../../../../arm-none-eabi/lib/armv7e-m\libc.a(lib_a-div.o)
                              c:/chibistudio/tools/gnu tools arm embedded/4.7 2013q1/bin/../lib/gcc/arm-none-eabi/4.7.3/../../../../arm-none-eabi/lib/armv7e-m\libc.a(lib_a-mktime.o) (div)
c:/chibistudio/tools/gnu tools arm embedded/4.7 2013q1/bin/../lib/gcc/arm-none-eabi/4.7.3/../../../../arm-none-eabi/lib/armv7e-m\libc.a(lib_a-gettzinfo.o)
                              c:/chibistudio/tools/gnu tools arm embedded/4.7 2013q1/bin/../lib/gcc/arm-none-eabi/4.7.3/../../../../arm-none-eabi/lib/armv7e-m\libc.a(lib_a-mktime.o) (__gettzinfo)

Discarded input sections

 .data          0x00000000        0x0 build/obj/kb_debug_asm.o
 .bss           0x00000000        0x0 build/obj/kb_debug_asm.o
 .text          0x00000000        0x0 build/obj/crt0.o
 .data          0x00000000        0x0 build/obj/crt0.o
 .bss           0x00000000        0x0 build/obj/crt0.o
 .text.__early_init
                0x00000000       0x10 build/obj/crt0.o
 .text          0x00000000        0x0 build/obj/vectors.o
 .data          0x00000000        0x0 build/obj/vectors.o
 .bss           0x00000000        0x0 build/obj/vectors.o
 .text          0x00000000        0x0 build/obj/chcore.o
 .data          0x00000000        0x0 build/obj/chcore.o
 .bss           0x00000000        0x0 build/obj/chcore.o
 .text          0x00000000        0x0 build/obj/chcore_v7m.o
 .data          0x00000000        0x0 build/obj/chcore_v7m.o
 .bss           0x00000000        0x0 build/obj/chcore_v7m.o
 .text          0x00000000        0x0 build/obj/nvic.o
 .data          0x00000000        0x0 build/obj/nvic.o
 .bss           0x00000000        0x0 build/obj/nvic.o
 .text.nvicDisableVector
                0x00000000       0x80 build/obj/nvic.o
 .text          0x00000000        0x0 build/obj/chsys.o
 .data          0x00000000        0x0 build/obj/chsys.o
 .bss           0x00000000        0x0 build/obj/chsys.o
 .text          0x00000000        0x0 build/obj/chdebug.o
 .data          0x00000000        0x0 build/obj/chdebug.o
 .bss           0x00000000        0x0 build/obj/chdebug.o
 .text.dbg_check_disable
                0x00000000       0x30 build/obj/chdebug.o
 .text.dbg_check_suspend
                0x00000000       0x30 build/obj/chdebug.o
 .text          0x00000000        0x0 build/obj/chlists.o
 .data          0x00000000        0x0 build/obj/chlists.o
 .bss           0x00000000        0x0 build/obj/chlists.o
 .debug_info    0x00000000       0x79 build/obj/chlists.o
 .debug_abbrev  0x00000000       0x26 build/obj/chlists.o
 .debug_aranges
                0x00000000       0x18 build/obj/chlists.o
[...]
Memory Configuration

Name             Origin             Length             Attributes
flash            0x08000000         0x00100000
ram              0x20000000         0x0001c000
ethram           0x2001c000         0x00004000
ccmram           0x10000000         0x00010000
*default*        0x00000000         0xffffffff

Linker script and memory map

LOAD build/obj/kb_debug_asm.o
LOAD build/obj/crt0.o
LOAD build/obj/vectors.o
LOAD build/obj/chcore.o
LOAD build/obj/chcore_v7m.o
LOAD build/obj/nvic.o
LOAD build/obj/chsys.o
LOAD build/obj/chdebug.o
LOAD build/obj/chlists.o
LOAD build/obj/chvt.o
LOAD build/obj/chschd.o
LOAD build/obj/chthreads.o
LOAD build/obj/chdynamic.o
LOAD build/obj/chregistry.o
LOAD build/obj/chsem.o
LOAD build/obj/chmtx.o
LOAD build/obj/chcond.o
LOAD build/obj/chevents.o
LOAD build/obj/chmsg.o
LOAD build/obj/chmboxes.o
LOAD build/obj/chqueues.o
LOAD build/obj/chmemcore.o
LOAD build/obj/chheap.o
LOAD build/obj/chmempools.o
LOAD build/obj/hal.o
LOAD build/obj/adc.o
LOAD build/obj/can.o
LOAD build/obj/ext.o
LOAD build/obj/gpt.o
LOAD build/obj/i2c.o
LOAD build/obj/icu.o
LOAD build/obj/mac.o
LOAD build/obj/mmc_spi.o
LOAD build/obj/mmcsd.o
LOAD build/obj/pal.o
LOAD build/obj/pwm.o
LOAD build/obj/rtc.o
LOAD build/obj/sdc.o
LOAD build/obj/serial.o
LOAD build/obj/serial_usb.o
LOAD build/obj/spi.o
LOAD build/obj/tm.o
LOAD build/obj/uart.o
LOAD build/obj/usb.o
LOAD build/obj/stm32_dma.o
LOAD build/obj/hal_lld.o
LOAD build/obj/adc_lld.o
LOAD build/obj/ext_lld_isr.o
LOAD build/obj/can_lld.o
LOAD build/obj/ext_lld.o
LOAD build/obj/gpt_lld.o
LOAD build/obj/icu_lld.o
LOAD build/obj/mac_lld.o
LOAD build/obj/pwm_lld.o
LOAD build/obj/sdc_lld.o
LOAD build/obj/pal_lld.o
LOAD build/obj/i2c_lld.o
LOAD build/obj/usb_lld.o
LOAD build/obj/rtc_lld.o
LOAD build/obj/spi_lld.o
LOAD build/obj/serial_lld.o
LOAD build/obj/uart_lld.o
LOAD build/obj/board.o
LOAD build/obj/chprintf.o
LOAD build/obj/chrtclib.o
LOAD build/obj/memstreams.o
LOAD build/obj/fatfs_diskio.o
LOAD build/obj/ff.o
LOAD build/obj/kb_debug.o
LOAD build/obj/glcdfont.o
LOAD build/obj/kb_adc.o
LOAD build/obj/kb_buttons.o
LOAD build/obj/kb_logger.o
LOAD build/obj/kb_screen.o
LOAD build/obj/kb_time.o
LOAD build/obj/kb_gps.o
LOAD build/obj/main.o
LOAD build/obj/spiEEPROM.o
LOAD build/obj/ST7565.o
LOAD c:/chibistudio/tools/gnu tools arm embedded/4.7 2013q1/bin/../lib/gcc/arm-none-eabi/4.7.3/../../../../arm-none-eabi/lib/armv7e-m\libm.a
START GROUP
LOAD c:/chibistudio/tools/gnu tools arm embedded/4.7 2013q1/bin/../lib/gcc/arm-none-eabi/4.7.3/armv7e-m\libgcc.a
LOAD c:/chibistudio/tools/gnu tools arm embedded/4.7 2013q1/bin/../lib/gcc/arm-none-eabi/4.7.3/../../../../arm-none-eabi/lib/armv7e-m\libc.a
END GROUP
                0x00000400                __main_stack_size__ = 0x400
                0x00000400                __process_stack_size__ = 0x400
                0x20000000                __ram_start__ = ORIGIN (ram)
                0x0001c000                __ram_size__ = 0x1c000
                0x2001c000                __ram_end__ = (__ram_start__ + __ram_size__)
                0x00000000                . = 0x0
                0x00000000                _text = .

startup         0x08000000      0x188
 *(vectors)
 vectors        0x08000000      0x188 build/obj/vectors.o
                0x08000000                _vectors

constructors    0x08000188        0x0
                0x08000188                PROVIDE (__init_array_start, .)
 *(SORT(.init_array.*))
 *(.init_array)
                0x08000188                PROVIDE (__init_array_end, .)

destructors     0x08000188        0x0
                0x08000188                PROVIDE (__fini_array_start, .)
 *(.fini_array)
 *(SORT(.fini_array.*))
                0x08000188                PROVIDE (__fini_array_end, .)

.text           0x08000190     0xdb50
 *(.text.startup.*)
 *(.text)
 .text          0x08000190       0x12 build/obj/kb_debug_asm.o
                0x08000190                HardFaultVector
 *(.text.*)
 *fill*         0x080001a2        0xe 00
 .text.__late_init
                0x080001b0       0x10 build/obj/crt0.o
                0x080001b0                __late_init
 .text._default_exit
                0x080001c0       0x10 build/obj/crt0.o
                0x080001c0                _default_exit
 .text.ResetHandler
                0x080001d0      0x130 build/obj/crt0.o
                0x080001d0                ResetHandler
 .text._unhandled_exception
                0x08000300       0x10 build/obj/vectors.o
                0x08000300                NMIVector
                0x08000300                Vector11C
                0x08000300                Vector8C
                0x08000300                VectorDC
                0x08000300                Vector168
                0x08000300                Vector110
                0x08000300                VectorC8
                0x08000300                Vector94
                0x08000300                VectorA8
                0x08000300                VectorB4
                0x08000300                Vector160
                0x08000300                VectorEC
                0x08000300                UsageFaultVector
                0x08000300                DebugMonitorVector
                0x08000300                Vector40
                0x08000300                VectorF8
                0x08000300                Vector108
                0x08000300                VectorBC
                0x08000300                Vector148
                0x08000300                PendSVVector
                0x08000300                Vector118
                0x08000300                VectorCC
                0x08000300                Vector54
                0x08000300                Vector98
                0x08000300                Vector24
                0x08000300                Vector178
                0x08000300                BusFaultVector
                0x08000300                VectorD0
                0x08000300                Vector140
                0x08000300                VectorE4
                0x08000300                VectorC0
                0x08000300                Vector134
                0x08000300                VectorF0
                0x08000300                Vector13C
                0x08000300                Vector100
                0x08000300                MemManageVector
                0x08000300                VectorA0
                0x08000300                VectorC4
                0x08000300                Vector180
                0x08000300                VectorB0
                0x08000300                Vector90
                0x08000300                Vector114
                0x08000300                Vector164
                0x08000300                Vector1C
                0x08000300                Vector17C
                0x08000300                Vector48
                0x08000300                Vector16C
                0x08000300                Vector144
                0x08000300                _unhandled_exception
                0x08000300                Vector184
                0x08000300                Vector10C
                0x08000300                Vector14C
                0x08000300                Vector50
                0x08000300                Vector28
                0x08000300                VectorB8
                0x08000300                Vector34
                0x08000300                Vector20
                0x08000300                Vector174
 .text.port_halt
                0x08000310       0x10 build/obj/chcore.o
                0x08000310                port_halt
 .text.SysTickVector
                0x08000320       0x30 build/obj/chcore_v7m.o
                0x08000320                SysTickVector
 .text.SVCallVector
                0x08000350       0x50 build/obj/chcore_v7m.o
                0x08000350                SVCallVector
 .text._port_init
                0x080003a0       0x50 build/obj/chcore_v7m.o
                0x080003a0                _port_init
 .text._port_irq_epilogue
                0x080003f0       0xf0 build/obj/chcore_v7m.o
                0x080003f0                _port_irq_epilogue
 .text._port_switch_from_isr
                0x080004e0       0x10 build/obj/chcore_v7m.o
                0x080004e0                _port_switch_from_isr
 .text._port_switch
                0x080004f0       0x20 build/obj/chcore_v7m.o
                0x080004f0                _port_switch
 .text._port_thread_start
                0x08000510       0x20 build/obj/chcore_v7m.o
                0x08000510                _port_thread_start
 .text.nvicEnableVector
                0x08000530       0xb0 build/obj/nvic.o
                0x08000530                nvicEnableVector
 .text.nvicSetSystemHandlerPriority
                0x080005e0       0x60 build/obj/nvic.o
                0x080005e0                nvicSetSystemHandlerPriority
 .text._idle_thread
                0x08000640       0x20 build/obj/chsys.o
                0x08000640                _idle_thread
 .text.chSysInit
                0x08000660       0xb0 build/obj/chsys.o
                0x08000660                chSysInit
 .text.chSysTimerHandlerI
                0x08000710       0xf0 build/obj/chsys.o
                0x08000710                chSysTimerHandlerI
 .text.dbg_check_enable
                0x08000800       0x30 build/obj/chdebug.o
                0x08000800                dbg_check_enable
 .text.dbg_check_lock
                0x08000830       0x40 build/obj/chdebug.o
                0x08000830                dbg_check_lock
 .text.dbg_check_unlock
                0x08000870       0x40 build/obj/chdebug.o
                0x08000870                dbg_check_unlock
 .text.dbg_check_lock_from_isr
                0x080008b0       0x40 build/obj/chdebug.o
                0x080008b0                dbg_check_lock_from_isr
 .text.dbg_check_unlock_from_isr
                0x080008f0       0x40 build/obj/chdebug.o
                0x080008f0                dbg_check_unlock_from_isr
 .text.dbg_check_enter_isr
                0x08000930       0x60 build/obj/chdebug.o
                0x08000930                dbg_check_enter_isr
 .text.dbg_check_leave_isr
                0x08000990       0x60 build/obj/chdebug.o
                0x08000990                dbg_check_leave_isr
 .text.chDbgCheckClassI
                0x080009f0       0x30 build/obj/chdebug.o
                0x080009f0                chDbgCheckClassI
 .text.chDbgCheckClassS
                0x08000a20       0x30 build/obj/chdebug.o
                0x08000a20                chDbgCheckClassS
 .text._trace_init
                0x08000a50       0x20 build/obj/chdebug.o
                0x08000a50                _trace_init
 .text.dbg_trace
                0x08000a70       0xa0 build/obj/chdebug.o
                0x08000a70                dbg_trace
 .text.chDbgPanic
                0x08000b10       0x30 build/obj/chdebug.o
                0x08000b10                chDbgPanic
 .text._vt_init
                0x08000b40       0x50 build/obj/chvt.o
                0x08000b40                _vt_init
 .text.chVTSetI
                0x08000b90       0xb0 build/obj/chvt.o
                0x08000b90                chVTSetI
 .text.chVTResetI
                0x08000c40       0x80 build/obj/chvt.o
                0x08000c40                chVTResetI
 .text.fifo_remove
                0x08000cc0       0x30 build/obj/chschd.o
 .text.dequeue  0x08000cf0       0x20 build/obj/chschd.o
 .text._scheduler_init
                0x08000d10       0x60 build/obj/chschd.o
                0x08000d10                _scheduler_init
 .text.chSchReadyI
                0x08000d70       0x80 build/obj/chschd.o
                0x08000d70                chSchReadyI
 .text.chSchGoSleepS
                0x08000df0       0x90 build/obj/chschd.o
                0x08000df0                chSchGoSleepS
 .text.wakeup   0x08000e80       0xa0 build/obj/chschd.o
 .text.chSchGoSleepTimeoutS
                0x08000f20       0x70 build/obj/chschd.o
                0x08000f20                chSchGoSleepTimeoutS
 .text.chSchWakeupS
                0x08000f90       0x90 build/obj/chschd.o
                0x08000f90                chSchWakeupS
 .text.chSchDoRescheduleBehind
                0x08001020       0x80 build/obj/chschd.o
                0x08001020                chSchDoRescheduleBehind
 .text.chSchDoRescheduleAhead
                0x080010a0       0xc0 build/obj/chschd.o
                0x080010a0                chSchDoRescheduleAhead
 .text.chSchDoReschedule
                0x08001160       0x20 build/obj/chschd.o
                0x08001160                chSchDoReschedule
 .text.list_remove
                0x08001180       0x20 build/obj/chthreads.o
 .text._thread_init
                0x080011a0       0xc0 build/obj/chthreads.o
                0x080011a0                _thread_init
 .text._thread_memfill
                0x08001260       0x30 build/obj/chthreads.o
                0x08001260                _thread_memfill
 .text.chThdCreateI
                0x08001290       0x80 build/obj/chthreads.o
                0x08001290                chThdCreateI
 .text.chThdCreateStatic
                0x08001310       0x80 build/obj/chthreads.o
                0x08001310                chThdCreateStatic
 .text.chThdSleep
                0x08001390       0x40 build/obj/chthreads.o
                0x08001390                chThdSleep
 .text.chThdSleepUntil
                0x080013d0       0x50 build/obj/chthreads.o
                0x080013d0                chThdSleepUntil
 .text.chThdExit
                0x08001420       0x20 build/obj/chthreads.o
                0x08001420                chThdExit
 .text.chThdExitS
                0x08001440       0x80 build/obj/chthreads.o
                0x08001440                chThdExitS
 .text.chMtxInit
                0x080014c0       0x40 build/obj/chmtx.o
                0x080014c0                chMtxInit
 .text.chEvtBroadcastFlagsI
                0x08001500       0x60 build/obj/chevents.o
                0x08001500                chEvtBroadcastFlagsI
 .text.chEvtSignalI
                0x08001560       0x70 build/obj/chevents.o
                0x08001560                chEvtSignalI
 .text.queue_insert
                0x080015d0       0x30 build/obj/chqueues.o
 .text.fifo_remove
                0x08001600       0x30 build/obj/chqueues.o
 .text.qwait    0x08001630       0x50 build/obj/chqueues.o
 .text.chIQInit
                0x08001680       0x50 build/obj/chqueues.o
                0x08001680                chIQInit
 .text.chIQPutI
                0x080016d0       0xa0 build/obj/chqueues.o
                0x080016d0                chIQPutI
 .text.chIQGetTimeout
                0x08001770       0xa0 build/obj/chqueues.o
                0x08001770                chIQGetTimeout
 .text.chIQReadTimeout
                0x08001810       0xe0 build/obj/chqueues.o
                0x08001810                chIQReadTimeout
 .text.chOQInit
                0x080018f0       0x50 build/obj/chqueues.o
                0x080018f0                chOQInit
 .text.chOQPutTimeout
                0x08001940       0xa0 build/obj/chqueues.o
                0x08001940                chOQPutTimeout
 .text.chOQGetI
                0x080019e0       0xa0 build/obj/chqueues.o
                0x080019e0                chOQGetI
 .text.chOQWriteTimeout
                0x08001a80       0xe0 build/obj/chqueues.o
                0x08001a80                chOQWriteTimeout
 .text._core_init
                0x08001b60       0x40 build/obj/chmemcore.o
                0x08001b60                _core_init
 .text.chCoreAlloc
                0x08001ba0       0x30 build/obj/chmemcore.o
                0x08001ba0                chCoreAlloc
 .text.chCoreAllocI
                0x08001bd0       0x70 build/obj/chmemcore.o
                0x08001bd0                chCoreAllocI
 .text._heap_init
                0x08001c40       0x40 build/obj/chheap.o
                0x08001c40                _heap_init
 .text.halInit  0x08001c80       0x40 build/obj/hal.o
                0x08001c80                halInit
 .text.adcInit  0x08001cc0       0x10 build/obj/adc.o
                0x08001cc0                adcInit
 .text.adcObjectInit
                0x08001cd0       0x50 build/obj/adc.o
                0x08001cd0                adcObjectInit
 .text.adcStart
                0x08001d20       0x70 build/obj/adc.o
                0x08001d20                adcStart
 .text.adcStartConversionI
                0x08001d90       0x90 build/obj/adc.o
                0x08001d90                adcStartConversionI
 .text.extInit  0x08001e20       0x10 build/obj/ext.o
                0x08001e20                extInit
 .text.extObjectInit
                0x08001e30       0x20 build/obj/ext.o
                0x08001e30                extObjectInit
 .text.extStart
                0x08001e50       0x70 build/obj/ext.o
                0x08001e50                extStart
 .text.gptInit  0x08001ec0       0x10 build/obj/gpt.o
                0x08001ec0                gptInit
 .text.gptObjectInit
                0x08001ed0       0x20 build/obj/gpt.o
                0x08001ed0                gptObjectInit
 .text.icuInit  0x08001ef0       0x10 build/obj/icu.o
                0x08001ef0                icuInit
 .text.icuObjectInit
                0x08001f00       0x20 build/obj/icu.o
                0x08001f00                icuObjectInit
 .text.mmcsd_get_slice
                0x08001f20       0xb0 build/obj/mmcsd.o
 .text.mmcsdGetCapacity
                0x08001fd0       0x90 build/obj/mmcsd.o
                0x08001fd0                mmcsdGetCapacity
 .text.rtcInit  0x08002060       0x10 build/obj/rtc.o
                0x08002060                rtcInit
 .text.rtcGetTime
                0x08002070       0x50 build/obj/rtc.o
                0x08002070                rtcGetTime
 .text.rtcGetTimeFat
                0x080020c0       0x30 build/obj/rtc.o
                0x080020c0                rtcGetTimeFat
 .text._sdc_wait_for_transfer_state
                0x080020f0       0x70 build/obj/sdc.o
                0x080020f0                _sdc_wait_for_transfer_state
 .text.sdcInit  0x08002160       0x10 build/obj/sdc.o
                0x08002160                sdcInit
 .text.sdcObjectInit
                0x08002170       0x40 build/obj/sdc.o
                0x08002170                sdcObjectInit
 .text.sdcStart
                0x080021b0       0x70 build/obj/sdc.o
                0x080021b0                sdcStart
 .text.sdcConnect
                0x08002220      0x2b0 build/obj/sdc.o
                0x08002220                sdcConnect
 .text.sdcDisconnect
                0x080024d0       0xb0 build/obj/sdc.o
                0x080024d0                sdcDisconnect
 .text.sdcRead  0x08002580       0x90 build/obj/sdc.o
                0x08002580                sdcRead
 .text.sdcWrite
                0x08002610       0x90 build/obj/sdc.o
                0x08002610                sdcWrite
 .text.sdcSync  0x080026a0       0x50 build/obj/sdc.o
                0x080026a0                sdcSync
 .text.sdcGetInfo
                0x080026f0       0x50 build/obj/sdc.o
                0x080026f0                sdcGetInfo
 .text.write    0x08002740       0x30 build/obj/serial.o
 .text.read     0x08002770       0x30 build/obj/serial.o
 .text.put      0x080027a0       0x30 build/obj/serial.o
 .text.get      0x080027d0       0x20 build/obj/serial.o
 .text.putt     0x080027f0       0x30 build/obj/serial.o
 .text.gett     0x08002820       0x20 build/obj/serial.o
 .text.writet   0x08002840       0x30 build/obj/serial.o
 .text.readt    0x08002870       0x30 build/obj/serial.o
 .text.sdInit   0x080028a0       0x10 build/obj/serial.o
                0x080028a0                sdInit
 .text.sdObjectInit
                0x080028b0       0x70 build/obj/serial.o
                0x080028b0                sdObjectInit
 .text.sdStart  0x08002920       0x70 build/obj/serial.o
                0x08002920                sdStart
 .text.sdIncomingDataI
                0x08002990       0x70 build/obj/serial.o
                0x08002990                sdIncomingDataI
 .text.spiInit  0x08002a00       0x10 build/obj/spi.o
                0x08002a00                spiInit
 .text.spiObjectInit
                0x08002a10       0x30 build/obj/spi.o
                0x08002a10                spiObjectInit
 .text.spiStart
                0x08002a40       0x70 build/obj/spi.o
                0x08002a40                spiStart
 .text.spiSelect
                0x08002ab0       0x50 build/obj/spi.o
                0x08002ab0                spiSelect
 .text.spiUnselect
                0x08002b00       0x50 build/obj/spi.o
                0x08002b00                spiUnselect
 .text.uartInit
                0x08002b50       0x10 build/obj/uart.o
                0x08002b50                uartInit
 .text.uartObjectInit
                0x08002b60       0x30 build/obj/uart.o
                0x08002b60                uartObjectInit
 .text.uartStart
                0x08002b90       0x70 build/obj/uart.o
                0x08002b90                uartStart
 .text.uartStartReceiveI
                0x08002c00       0x70 build/obj/uart.o
                0x08002c00                uartStartReceiveI
 .text.uartStopReceiveI
                0x08002c70       0x60 build/obj/uart.o
                0x08002c70                uartStopReceiveI
 .text.Vector6C
                0x08002cd0       0x60 build/obj/stm32_dma.o
                0x08002cd0                Vector6C
 .text.Vector70
                0x08002d30       0x60 build/obj/stm32_dma.o
                0x08002d30                Vector70
 .text.Vector74
                0x08002d90       0x60 build/obj/stm32_dma.o
                0x08002d90                Vector74
 .text.Vector78
                0x08002df0       0x60 build/obj/stm32_dma.o
                0x08002df0                Vector78
 .text.Vector7C
                0x08002e50       0x60 build/obj/stm32_dma.o
                0x08002e50                Vector7C
 .text.Vector80
                0x08002eb0       0x60 build/obj/stm32_dma.o
                0x08002eb0                Vector80
 .text.Vector84
                0x08002f10       0x60 build/obj/stm32_dma.o
                0x08002f10                Vector84
 .text.VectorFC
                0x08002f70       0x60 build/obj/stm32_dma.o
                0x08002f70                VectorFC
 .text.Vector120
                0x08002fd0       0x60 build/obj/stm32_dma.o
                0x08002fd0                Vector120
 .text.Vector124
                0x08003030       0x60 build/obj/stm32_dma.o
                0x08003030                Vector124
 .text.Vector128
                0x08003090       0x60 build/obj/stm32_dma.o
                0x08003090                Vector128
 .text.Vector12C
                0x080030f0       0x60 build/obj/stm32_dma.o
                0x080030f0                Vector12C
 .text.Vector130
                0x08003150       0x60 build/obj/stm32_dma.o
                0x08003150                Vector130
 .text.Vector150
                0x080031b0       0x60 build/obj/stm32_dma.o
                0x080031b0                Vector150
 .text.Vector154
                0x08003210       0x60 build/obj/stm32_dma.o
                0x08003210                Vector154
 .text.Vector158
                0x08003270       0x60 build/obj/stm32_dma.o
                0x08003270                Vector158
 .text.dmaInit  0x080032d0       0xa0 build/obj/stm32_dma.o
                0x080032d0                dmaInit
 .text.dmaStreamAllocate
                0x08003370      0x150 build/obj/stm32_dma.o
                0x08003370                dmaStreamAllocate
 .text.hal_lld_backup_domain_init
                0x080034c0       0xc0 build/obj/hal_lld.o
 .text.hal_lld_init
                0x08003580      0x140 build/obj/hal_lld.o
                0x08003580                hal_lld_init
 .text.stm32_clock_init
                0x080036c0      0x1f0 build/obj/hal_lld.o
                0x080036c0                stm32_clock_init
 .text.adc_lld_serve_rx_interrupt
                0x080038b0      0x210 build/obj/adc_lld.o
 .text.Vector88
                0x08003ac0      0x320 build/obj/adc_lld.o
                0x08003ac0                Vector88
 .text.adc_lld_init
                0x08003de0       0xd0 build/obj/adc_lld.o
                0x08003de0                adc_lld_init
 .text.adc_lld_start
                0x08003eb0      0x190 build/obj/adc_lld.o
                0x08003eb0                adc_lld_start
 .text.adc_lld_start_conversion
                0x08004040      0x100 build/obj/adc_lld.o
                0x08004040                adc_lld_start_conversion
 .text.adc_lld_stop_conversion
                0x08004140       0x60 build/obj/adc_lld.o
                0x08004140                adc_lld_stop_conversion
 .text.adcSTM32EnableTSVREFE
                0x080041a0       0x20 build/obj/adc_lld.o
                0x080041a0                adcSTM32EnableTSVREFE
 .text.adcSTM32EnableVBATE
                0x080041c0       0x20 build/obj/adc_lld.o
                0x080041c0                adcSTM32EnableVBATE
 .text.Vector58
                0x080041e0       0x40 build/obj/ext_lld_isr.o
                0x080041e0                Vector58
 .text.Vector5C
                0x08004220       0x40 build/obj/ext_lld_isr.o
                0x08004220                Vector5C
 .text.Vector60
                0x08004260       0x40 build/obj/ext_lld_isr.o
                0x08004260                Vector60
 .text.Vector64
                0x080042a0       0x40 build/obj/ext_lld_isr.o
                0x080042a0                Vector64
 .text.Vector68
                0x080042e0       0x40 build/obj/ext_lld_isr.o
                0x080042e0                Vector68
 .text.Vector9C
                0x08004320       0xf0 build/obj/ext_lld_isr.o
                0x08004320                Vector9C
 .text.VectorE0
                0x08004410      0x110 build/obj/ext_lld_isr.o
                0x08004410                VectorE0
 .text.Vector44
                0x08004520       0x40 build/obj/ext_lld_isr.o
                0x08004520                Vector44
 .text.VectorE8
                0x08004560       0x40 build/obj/ext_lld_isr.o
                0x08004560                VectorE8
 .text.Vector138
                0x080045a0       0x40 build/obj/ext_lld_isr.o
                0x080045a0                Vector138
 .text.Vector170
                0x080045e0       0x40 build/obj/ext_lld_isr.o
                0x080045e0                Vector170
 .text.Vector4C
                0x08004620       0x40 build/obj/ext_lld_isr.o
                0x08004620                Vector4C
 .text.ext_lld_exti_irq_enable
                0x08004660       0xb0 build/obj/ext_lld_isr.o
                0x08004660                ext_lld_exti_irq_enable
 .text.ext_lld_init
                0x08004710       0x10 build/obj/ext_lld.o
                0x08004710                ext_lld_init
 .text.ext_lld_start
                0x08004720       0x50 build/obj/ext_lld.o
                0x08004720                ext_lld_start
 .text.ext_lld_channel_enable
                0x08004770      0x1d0 build/obj/ext_lld.o
                0x08004770                ext_lld_channel_enable
 .text.ext_lld_channel_disable
                0x08004940       0xb0 build/obj/ext_lld.o
                0x08004940                ext_lld_channel_disable
 .text.gpt_lld_serve_interrupt
                0x080049f0       0x40 build/obj/gpt_lld.o
 .text.VectorF4
                0x08004a30       0x20 build/obj/gpt_lld.o
                0x08004a30                VectorF4
 .text.gpt_lld_init
                0x08004a50       0x30 build/obj/gpt_lld.o
                0x08004a50                gpt_lld_init
 .text.gpt_lld_stop_timer
                0x08004a80       0x30 build/obj/gpt_lld.o
                0x08004a80                gpt_lld_stop_timer
 .text.icu_lld_serve_interrupt
                0x08004ab0       0xf0 build/obj/icu_lld.o
 .text.VectorA4
                0x08004ba0       0x20 build/obj/icu_lld.o
                0x08004ba0                VectorA4
 .text.VectorAC
                0x08004bc0       0x20 build/obj/icu_lld.o
                0x08004bc0                VectorAC
 .text.icu_lld_init
                0x08004be0       0x30 build/obj/icu_lld.o
                0x08004be0                icu_lld_init
 .text.sdc_lld_prepare_read
                0x08004c10       0x90 build/obj/sdc_lld.o
 .text.sdc_lld_prepare_write
                0x08004ca0       0x90 build/obj/sdc_lld.o
 .text.sdc_lld_wait_transaction_end
                0x08004d30      0x100 build/obj/sdc_lld.o
 .text.sdc_lld_collect_errors
                0x08004e30       0xa0 build/obj/sdc_lld.o
 .text.sdc_lld_error_cleanup
                0x08004ed0       0xc0 build/obj/sdc_lld.o
 .text.Vector104
                0x08004f90       0x70 build/obj/sdc_lld.o
                0x08004f90                Vector104
 .text.sdc_lld_init
                0x08005000       0x40 build/obj/sdc_lld.o
                0x08005000                sdc_lld_init
 .text.sdc_lld_start
                0x08005040       0xe0 build/obj/sdc_lld.o
                0x08005040                sdc_lld_start
 .text.sdc_lld_start_clk
                0x08005120       0x50 build/obj/sdc_lld.o
                0x08005120                sdc_lld_start_clk
 .text.sdc_lld_set_data_clk
                0x08005170       0x20 build/obj/sdc_lld.o
                0x08005170                sdc_lld_set_data_clk
 .text.sdc_lld_stop_clk
                0x08005190       0x30 build/obj/sdc_lld.o
                0x08005190                sdc_lld_stop_clk
 .text.sdc_lld_set_bus_mode
                0x080051c0       0x60 build/obj/sdc_lld.o
                0x080051c0                sdc_lld_set_bus_mode
 .text.sdc_lld_send_cmd_none
                0x08005220       0x50 build/obj/sdc_lld.o
                0x08005220                sdc_lld_send_cmd_none
 .text.sdc_lld_send_cmd_short
                0x08005270       0x90 build/obj/sdc_lld.o
                0x08005270                sdc_lld_send_cmd_short
 .text.sdc_lld_send_cmd_short_crc
                0x08005300       0x90 build/obj/sdc_lld.o
                0x08005300                sdc_lld_send_cmd_short_crc
 .text.sdc_lld_send_cmd_long_crc
                0x08005390       0xd0 build/obj/sdc_lld.o
                0x08005390                sdc_lld_send_cmd_long_crc
 .text.sdc_lld_read_aligned
                0x08005460      0x110 build/obj/sdc_lld.o
                0x08005460                sdc_lld_read_aligned
 .text.sdc_lld_write_aligned
                0x08005570      0x110 build/obj/sdc_lld.o
                0x08005570                sdc_lld_write_aligned
 .text.sdc_lld_read
                0x08005680       0xa0 build/obj/sdc_lld.o
                0x08005680                sdc_lld_read
 .text.sdc_lld_write
                0x08005720       0xa0 build/obj/sdc_lld.o
                0x08005720                sdc_lld_write
 .text.sdc_lld_sync
                0x080057c0       0x10 build/obj/sdc_lld.o
                0x080057c0                sdc_lld_sync
 .text.initgpio
                0x080057d0       0x50 build/obj/pal_lld.o
 .text._pal_lld_init
                0x08005820      0x100 build/obj/pal_lld.o
                0x08005820                _pal_lld_init
 .text.rtc_lld_init
                0x08005920       0xe0 build/obj/rtc_lld.o
                0x08005920                rtc_lld_init
 .text.rtc_lld_get_time
                0x08005a00       0x90 build/obj/rtc_lld.o
                0x08005a00                rtc_lld_get_time
 .text.rtc_lld_get_time_fat
                0x08005a90      0x190 build/obj/rtc_lld.o
                0x08005a90                rtc_lld_get_time_fat
 .text.spi_lld_serve_rx_interrupt
                0x08005c20      0x100 build/obj/spi_lld.o
 .text.spi_lld_serve_tx_interrupt
                0x08005d20       0x30 build/obj/spi_lld.o
 .text.spi_lld_init
                0x08005d50       0x80 build/obj/spi_lld.o
                0x08005d50                spi_lld_init
 .text.spi_lld_start
                0x08005dd0      0x140 build/obj/spi_lld.o
                0x08005dd0                spi_lld_start
 .text.spi_lld_select
                0x08005f10       0x20 build/obj/spi_lld.o
                0x08005f10                spi_lld_select
 .text.spi_lld_unselect
                0x08005f30       0x20 build/obj/spi_lld.o
                0x08005f30                spi_lld_unselect
 .text.spi_lld_polled_exchange
                0x08005f50       0x40 build/obj/spi_lld.o
                0x08005f50                spi_lld_polled_exchange
 .text.usart_init
                0x08005f90       0xb0 build/obj/serial_lld.o
 .text.set_error
                0x08006040       0x90 build/obj/serial_lld.o
 .text.serve_interrupt
                0x080060d0      0x180 build/obj/serial_lld.o
 .text.notify1  0x08006250       0x30 build/obj/serial_lld.o
 .text.notify2  0x08006280       0x30 build/obj/serial_lld.o
 .text.VectorD4
                0x080062b0       0x20 build/obj/serial_lld.o
                0x080062b0                VectorD4
 .text.VectorD8
                0x080062d0       0x20 build/obj/serial_lld.o
                0x080062d0                VectorD8
 .text.sd_lld_init
                0x080062f0       0x60 build/obj/serial_lld.o
                0x080062f0                sd_lld_init
 .text.sd_lld_start
                0x08006350       0x90 build/obj/serial_lld.o
                0x08006350                sd_lld_start
 .text.translate_errors
                0x080063e0       0x80 build/obj/uart_lld.o
 .text.set_rx_idle_loop
                0x08006460       0x60 build/obj/uart_lld.o
 .text.usart_stop
                0x080064c0       0xa0 build/obj/uart_lld.o
 .text.usart_start
                0x08006560       0xd0 build/obj/uart_lld.o
 .text.uart_lld_serve_rx_end_irq
                0x08006630       0xc0 build/obj/uart_lld.o
 .text.uart_lld_serve_tx_end_irq
                0x080066f0       0x90 build/obj/uart_lld.o
 .text.serve_usart_irq
                0x08006780       0x80 build/obj/uart_lld.o
 .text.Vector15C
                0x08006800       0x20 build/obj/uart_lld.o
                0x08006800                Vector15C
 .text.uart_lld_init
                0x08006820       0x50 build/obj/uart_lld.o
                0x08006820                uart_lld_init
 .text.uart_lld_start
                0x08006870      0x110 build/obj/uart_lld.o
                0x08006870                uart_lld_start
 .text.uart_lld_start_receive
                0x08006980       0x80 build/obj/uart_lld.o
                0x08006980                uart_lld_start_receive
 .text.uart_lld_stop_receive
                0x08006a00       0x60 build/obj/uart_lld.o
                0x08006a00                uart_lld_stop_receive
 .text.__early_init
                0x08006a60       0x10 build/obj/board.o
                0x08006a60                __early_init
 .text.sdc_lld_is_card_inserted
                0x08006a70       0x30 build/obj/board.o
                0x08006a70                sdc_lld_is_card_inserted
 .text.sdc_lld_is_write_protected
                0x08006aa0       0x30 build/obj/board.o
                0x08006aa0                sdc_lld_is_write_protected
 .text.boardInit
                0x08006ad0       0x10 build/obj/board.o
                0x08006ad0                boardInit
 .text.long_to_string_with_divisor
                0x08006ae0       0xc0 build/obj/chprintf.o
 .text.ltoa     0x08006ba0       0x20 build/obj/chprintf.o
 .text.chprintf
                0x08006bc0      0x4b0 build/obj/chprintf.o
                0x08006bc0                chprintf
 .text.stm32_rtc_bcd2tm
                0x08007070      0x1f0 build/obj/chrtclib.o
 .text.rtcGetTimeTm
                0x08007260       0x40 build/obj/chrtclib.o
                0x08007260                rtcGetTimeTm
 .text.writes   0x080072a0       0x60 build/obj/memstreams.o
 .text.reads    0x08007300       0x60 build/obj/memstreams.o
 .text.put      0x08007360       0x50 build/obj/memstreams.o
 .text.get      0x080073b0       0x40 build/obj/memstreams.o
 .text.msObjectInit
                0x080073f0       0x40 build/obj/memstreams.o
                0x080073f0                msObjectInit
 .text.disk_initialize
                0x08007430       0x70 build/obj/fatfs_diskio.o
                0x08007430                disk_initialize
 .text.disk_status
                0x080074a0       0x70 build/obj/fatfs_diskio.o
                0x080074a0                disk_status
 .text.disk_read
                0x08007510       0x60 build/obj/fatfs_diskio.o
                0x08007510                disk_read
 .text.disk_write
                0x08007570       0x60 build/obj/fatfs_diskio.o
                0x08007570                disk_write
 .text.disk_ioctl
                0x080075d0       0x80 build/obj/fatfs_diskio.o
                0x080075d0                disk_ioctl
 .text.get_fattime
                0x08007650       0x20 build/obj/fatfs_diskio.o
                0x08007650                get_fattime
 .text.mem_cpy  0x08007670       0x50 build/obj/ff.o
 .text.mem_set  0x080076c0       0x40 build/obj/ff.o
 .text.mem_cmp  0x08007700       0x70 build/obj/ff.o
 .text.chk_chr  0x08007770       0x30 build/obj/ff.o
 .text.sync_window
                0x080077a0       0xa0 build/obj/ff.o
 .text.move_window
                0x08007840       0x60 build/obj/ff.o
 .text.sync_fs  0x080078a0      0x180 build/obj/ff.o
 .text.clust2sect
                0x08007a20       0x40 build/obj/ff.o
                0x08007a20                clust2sect
 .text.get_fat  0x08007a60      0x1a0 build/obj/ff.o
                0x08007a60                get_fat
 .text.put_fat  0x08007c00      0x280 build/obj/ff.o
                0x08007c00                put_fat
 .text.remove_chain
                0x08007e80       0xc0 build/obj/ff.o
 .text.create_chain
                0x08007f40      0x130 build/obj/ff.o
 .text.dir_sdi  0x08008070      0x130 build/obj/ff.o
 .text.dir_next
                0x080081a0      0x1f0 build/obj/ff.o
 .text.dir_alloc
                0x08008390       0xa0 build/obj/ff.o
 .text.ld_clust
                0x08008430       0x60 build/obj/ff.o
 .text.st_clust
                0x08008490       0x60 build/obj/ff.o
 .text.dir_find
                0x080084f0       0xc0 build/obj/ff.o
 .text.dir_register
                0x080085b0       0x80 build/obj/ff.o
 .text.create_name
                0x08008630      0x200 build/obj/ff.o
 .text.follow_path
                0x08008830      0x100 build/obj/ff.o
 .text.check_fs
                0x08008930       0xe0 build/obj/ff.o
 .text.chk_mounted
                0x08008a10      0x630 build/obj/ff.o
 .text.validate
                0x08009040       0x60 build/obj/ff.o
 .text.f_mount  0x080090a0       0x70 build/obj/ff.o
                0x080090a0                f_mount
 .text.f_open   0x08009110      0x2e0 build/obj/ff.o
                0x08009110                f_open
 .text.f_write  0x080093f0      0x360 build/obj/ff.o
                0x080093f0                f_write
 .text.f_sync   0x08009750      0x190 build/obj/ff.o
                0x08009750                f_sync
 .text.f_opendir
                0x080098e0       0xe0 build/obj/ff.o
                0x080098e0                f_opendir
 .text.f_getfree
                0x080099c0      0x1d0 build/obj/ff.o
                0x080099c0                f_getfree
 .text.f_mkdir  0x08009b90      0x290 build/obj/ff.o
                0x08009b90                f_mkdir
 .text.hard_fault_handler_c
                0x08009e20      0x170 build/obj/kb_debug.o
                0x08009e20                hard_fault_handler_c
 .text.adc_make_avg
                0x08009f90       0x60 build/obj/kb_adc.o
                0x08009f90                adc_make_avg
 .text.adc_cb   0x08009ff0       0xa0 build/obj/kb_adc.o
                0x08009ff0                adc_cb
 .text.adc_trigger_cb
                0x0800a090       0x60 build/obj/kb_adc.o
                0x0800a090                adc_trigger_cb
 .text.kuroBoxButtons
                0x0800a0f0       0x80 build/obj/kb_buttons.o
                0x0800a0f0                kuroBoxButtons
 .text.btn_0_exti_cb
                0x0800a170       0x40 build/obj/kb_buttons.o
                0x0800a170                btn_0_exti_cb
 .text.btn_1_exti_cb
                0x0800a1b0       0x50 build/obj/kb_buttons.o
                0x0800a1b0                btn_1_exti_cb
 .text.make_dirs
                0x0800a200       0x40 build/obj/kb_logger.o
 .text.new_file
                0x0800a240      0x130 build/obj/kb_logger.o
 .text.on_insert
                0x0800a370      0x150 build/obj/kb_logger.o
 .text.on_remove
                0x0800a4c0       0x40 build/obj/kb_logger.o
 .text.wait_for_sd
                0x0800a500       0x70 build/obj/kb_logger.o
 .text.sd_card_status
                0x0800a570       0x70 build/obj/kb_logger.o
 .text.calc_checksum
                0x0800a5e0       0x60 build/obj/kb_logger.o
 .text.run      0x0800a640      0x200 build/obj/kb_logger.o
 .text.thLogger
                0x0800a840       0xf0 build/obj/kb_logger.o
 .text.kuroBoxLogger
                0x0800a930       0x60 build/obj/kb_logger.o
                0x0800a930                kuroBoxLogger
 .text.kbl_setLTC
                0x0800a990       0x20 build/obj/kb_logger.o
                0x0800a990                kbl_setLTC
 .text.thScreen
                0x0800a9b0      0x490 build/obj/kb_screen.o
 .text.kuroBoxScreenInit
                0x0800ae40       0x50 build/obj/kb_screen.o
                0x0800ae40                kuroBoxScreenInit
 .text.kbs_setVoltage
                0x0800ae90       0x20 build/obj/kb_screen.o
                0x0800ae90                kbs_setVoltage
 .text.kbs_setTemperature
                0x0800aeb0       0x20 build/obj/kb_screen.o
                0x0800aeb0                kbs_setTemperature
 .text.kbs_setLTC
                0x0800aed0       0x20 build/obj/kb_screen.o
                0x0800aed0                kbs_setLTC
 .text.kbs_setCounter
                0x0800aef0       0x20 build/obj/kb_screen.o
                0x0800aef0                kbs_setCounter
 .text.kbs_setSDCFree
                0x0800af10       0x20 build/obj/kb_screen.o
                0x0800af10                kbs_setSDCFree
 .text.kbs_setFName
                0x0800af30       0x20 build/obj/kb_screen.o
                0x0800af30                kbs_setFName
 .text.kbs_setBtn0
                0x0800af50       0x20 build/obj/kb_screen.o
                0x0800af50                kbs_setBtn0
 .text.kbs_setBtn1
                0x0800af70       0x20 build/obj/kb_screen.o
                0x0800af70                kbs_setBtn1
 .text.kbs_gpsCount
                0x0800af90       0x20 build/obj/kb_screen.o
                0x0800af90                kbs_gpsCount
 .text.frame_to_time
                0x0800afb0       0xc0 build/obj/kb_time.o
 .text.ltc_store
                0x0800b070      0x110 build/obj/kb_time.o
                0x0800b070                ltc_store
 .text.ltc_exti_cb
                0x0800b180       0xc0 build/obj/kb_time.o
                0x0800b180                ltc_exti_cb
 .text.kuroBoxTimeInit
                0x0800b240       0x20 build/obj/kb_time.o
                0x0800b240                kuroBoxTimeInit
 .text.gps_rx_end_cb
                0x0800b260       0xc0 build/obj/kb_gps.o
 .text.gps_rx_char_cb
                0x0800b320       0x10 build/obj/kb_gps.o
 .text.thGps    0x0800b330       0x60 build/obj/kb_gps.o
 .text.gps_timepulse_exti_cb
                0x0800b390       0x60 build/obj/kb_gps.o
                0x0800b390                gps_timepulse_exti_cb
 .text.kuroBoxGPSInit
                0x0800b3f0       0x60 build/obj/kb_gps.o
                0x0800b3f0                kuroBoxGPSInit
 .text.thBlinker
                0x0800b450       0x60 build/obj/main.o
 .text.kuroBox_panic
                0x0800b4b0       0x10 build/obj/main.o
                0x0800b4b0                kuroBox_panic
 .text.kuroBoxInit
                0x0800b4c0      0x1f0 build/obj/main.o
                0x0800b4c0                kuroBoxInit
 .text.main     0x0800b6b0       0x50 build/obj/main.o
                0x0800b6b0                main
 .text.spiEepromStart
                0x0800b700       0x20 build/obj/spiEEPROM.o
                0x0800b700                spiEepromStart
 .text.updateBoundingBox
                0x0800b720       0xa0 build/obj/ST7565.o
 .text.st7565Start
                0x0800b7c0      0x180 build/obj/ST7565.o
                0x0800b7c0                st7565Start
 .text.st7565_display
                0x0800b940      0x1d0 build/obj/ST7565.o
                0x0800b940                st7565_display
 .text.st7565_clear
                0x0800bb10       0x30 build/obj/ST7565.o
                0x0800bb10                st7565_clear
 .text.st7565_drawchar
                0x0800bb40       0xb0 build/obj/ST7565.o
                0x0800bb40                st7565_drawchar
 .text.st7565_drawstring
                0x0800bbf0       0xc0 build/obj/ST7565.o
                0x0800bbf0                st7565_drawstring
 .text.st7565_setpixel
                0x0800bcb0       0xf0 build/obj/ST7565.o
                0x0800bcb0                st7565_setpixel
 .text.st7565_drawline
                0x0800bda0      0x1a0 build/obj/ST7565.o
                0x0800bda0                st7565_drawline
 .text.memcpy   0x0800bf40      0x144 c:/chibistudio/tools/gnu tools arm embedded/4.7 2013q1/bin/../lib/gcc/arm-none-eabi/4.7.3/../../../../arm-none-eabi/lib/armv7e-m\libc.a(lib_a-memcpy.o)
                0x0800bf40                memcpy
 *fill*         0x0800c084        0xc 00
 .text.memset   0x0800c090      0x12c c:/chibistudio/tools/gnu tools arm embedded/4.7 2013q1/bin/../lib/gcc/arm-none-eabi/4.7.3/../../../../arm-none-eabi/lib/armv7e-m\libc.a(lib_a-memset.o)
                0x0800c090                memset
 *fill*         0x0800c1bc        0x4 00
 .text.strcpy   0x0800c1c0       0xbc c:/chibistudio/tools/gnu tools arm embedded/4.7 2013q1/bin/../lib/gcc/arm-none-eabi/4.7.3/../../../../arm-none-eabi/lib/armv7e-m\libc.a(lib_a-strcpy.o)
                0x0800c1c0                strcpy
 *(.rodata)
 *fill*         0x0800c27c        0x4 00
 .rodata        0x0800c280        0x8 build/obj/chsys.o
 *fill*         0x0800c288        0x8 00
 .rodata        0x0800c290       0x58 build/obj/chdebug.o
 *fill*         0x0800c2e8        0x8 00
 .rodata        0x0800c2f0       0x34 build/obj/chvt.o
 *fill*         0x0800c324        0xc 00
 .rodata        0x0800c330       0x24 build/obj/chschd.o
 *fill*         0x0800c354        0xc 00
 .rodata        0x0800c360       0x94 build/obj/chthreads.o
 *fill*         0x0800c3f4        0xc 00
 .rodata        0x0800c400       0xac build/obj/chmtx.o
 *fill*         0x0800c4ac        0x4 00
 .rodata        0x0800c4b0       0x90 build/obj/chevents.o
 .rodata        0x0800c540       0x2c build/obj/chqueues.o
 *fill*         0x0800c56c        0x4 00
 .rodata        0x0800c570      0x110 build/obj/adc.o
 .rodata        0x0800c680       0xd0 build/obj/ext.o
 .rodata        0x0800c750       0x14 build/obj/mmcsd.o
 *fill*         0x0800c764        0xc 00
 .rodata        0x0800c770       0x40 build/obj/rtc.o
 .rodata        0x0800c7b0      0x138 build/obj/sdc.o
 *fill*         0x0800c8e8        0x8 00
 .rodata        0x0800c8f0       0x60 build/obj/serial.o
 .rodata        0x0800c950      0x238 build/obj/spi.o
 *fill*         0x0800cb88        0x8 00
 .rodata        0x0800cb90      0x1fc build/obj/uart.o
 *fill*         0x0800cd8c        0x4 00
 .rodata        0x0800cd90       0x48 build/obj/stm32_dma.o
 *fill*         0x0800cdd8        0x8 00
 .rodata        0x0800cde0       0x3c build/obj/adc_lld.o
 *fill*         0x0800ce1c        0x4 00
 .rodata        0x0800ce20       0x80 build/obj/sdc_lld.o
 .rodata        0x0800cea0       0x28 build/obj/spi_lld.o
 *fill*         0x0800cec8        0x8 00
 .rodata        0x0800ced0       0x30 build/obj/uart_lld.o
 .rodata        0x0800cf00        0x8 build/obj/chprintf.o
 *fill*         0x0800cf08        0x8 00
 .rodata        0x0800cf10       0x54 build/obj/ff.o
 *fill*         0x0800cf64        0xc 00
 .rodata        0x0800cf70      0x114 build/obj/kb_debug.o
 *fill*         0x0800d084        0xc 00
 .rodata        0x0800d090       0x70 build/obj/kb_logger.o
 .rodata        0x0800d100       0x64 build/obj/kb_screen.o
 *fill*         0x0800d164        0xc 00
 .rodata        0x0800d170        0x4 build/obj/kb_gps.o
 *fill*         0x0800d174        0xc 00
 .rodata        0x0800d180       0x3c build/obj/main.o
 *(.rodata.*)
 *fill*         0x0800d1bc        0x4 00
 .rodata.ch_debug
                0x0800d1c0       0x18 build/obj/chregistry.o
                0x0800d1c0                ch_debug
 *fill*         0x0800d1d8        0x8 00
 .rodata.sdc_vmt
                0x0800d1e0       0x20 build/obj/sdc.o
 .rodata.vmt    0x0800d200       0x20 build/obj/serial.o
 .rodata._stm32_dma_streams
                0x0800d220       0xc0 build/obj/stm32_dma.o
                0x0800d220                _stm32_dma_streams
 .rodata.default_config
                0x0800d2e0        0xc build/obj/serial_lld.o
 *fill*         0x0800d2ec        0x4 00
 .rodata.pal_default_config
                0x0800d2f0       0xfc build/obj/board.o
                0x0800d2f0                pal_default_config
 *fill*         0x0800d3ec        0x4 00
 .rodata.vmt    0x0800d3f0       0x10 build/obj/memstreams.o
 .rodata.ExCvt  0x0800d400       0x80 build/obj/ff.o
 .rodata.ST7565font
                0x0800d480      0x4fc build/obj/glcdfont.o
                0x0800d480                ST7565font
 *fill*         0x0800d97c        0x4 00
 .rodata.adc_grp_cfg
                0x0800d980       0x28 build/obj/kb_adc.o
 *fill*         0x0800d9a8        0x8 00
 .rodata.gps_cfg
                0x0800d9b0       0x20 build/obj/kb_gps.o
 .rodata.sdio_cfg
                0x0800d9d0        0x4 build/obj/main.o
 *fill*         0x0800d9d4        0xc 00
 .rodata.eeprom_cfg
                0x0800d9e0        0xc build/obj/main.o
 *fill*         0x0800d9ec        0x4 00
 .rodata.lcd_cfg
                0x0800d9f0       0x1c build/obj/main.o
 *fill*         0x0800da0c        0x4 00
 .rodata.extcfg
                0x0800da10       0xb8 build/obj/main.o
 *fill*         0x0800dac8        0x8 00
 .rodata.pagemap
                0x0800dad0        0x4 build/obj/ST7565.o
 *fill*         0x0800dad4        0xc 00
 .rodata.st7565_nanibox
                0x0800dae0      0x200 build/obj/ST7565.o
 *(.glue_7t)
 .glue_7t       0x00000000        0x0 linker stubs
 *(.glue_7)
 .glue_7        0x00000000        0x0 linker stubs
 *(.gcc*)

.vfp11_veneer   0x0800dce0        0x0
 .vfp11_veneer  0x00000000        0x0 linker stubs

.v4_bx          0x0800dce0        0x0
 .v4_bx         0x00000000        0x0 linker stubs

.iplt           0x0800dce0        0x0
 .iplt          0x00000000        0x0 build/obj/kb_debug_asm.o

.rel.dyn        0x0800dce0        0x0
 .rel.iplt      0x00000000        0x0 build/obj/kb_debug_asm.o

.ARM.extab
 *(.ARM.extab* .gnu.linkonce.armextab.*)

.ARM.exidx      0x0800dce0        0x0
                0x0800dce0                PROVIDE (__exidx_start, .)
 *(.ARM.exidx* .gnu.linkonce.armexidx.*)
                0x0800dce0                PROVIDE (__exidx_end, .)

.eh_frame_hdr
 *(.eh_frame_hdr)

.eh_frame
 *(.eh_frame)

.textalign      0x0800dce0        0x0
                0x0800dce0                . = ALIGN (0x8)
                0x0800dce0                _etext = .
                0x0800dce0                _textdata = _etext

.stacks         0x20000000      0x800
                0x20000000                . = ALIGN (0x8)
                0x20000000                __main_stack_base__ = .
                0x20000400                . = (. + __main_stack_size__)
 *fill*         0x20000000      0x400 00
                0x20000400                . = ALIGN (0x8)
                0x20000400                __main_stack_end__ = .
                0x20000400                __process_stack_base__ = .
                0x20000400                __main_thread_stack_base__ = .
                0x20000800                . = (. + __process_stack_size__)
 *fill*         0x20000400      0x400 00
                0x20000800                . = ALIGN (0x8)
                0x20000800                __process_stack_end__ = .
                0x20000800                __main_thread_stack_end__ = .

.data           0x20000800       0x18 load address 0x0800dce0
                0x20000800                . = ALIGN (0x4)
                0x20000800                PROVIDE (_data, .)
 *(.data)
                0x20000800                . = ALIGN (0x4)
 *(.data.*)
 .data.serial1_cfg
                0x20000800        0xc build/obj/main.o
 .data.serial2_cfg
                0x2000080c        0xc build/obj/main.o
                0x20000818                . = ALIGN (0x4)
 *(.ramtext)
                0x20000818                . = ALIGN (0x4)
                0x20000818                PROVIDE (_edata, .)

.igot.plt       0x20000818        0x0 load address 0x0800dcf8
 .igot.plt      0x00000000        0x0 build/obj/kb_debug_asm.o

.bss            0x20000818     0x4d70 load address 0x0800dcf8
                0x20000818                . = ALIGN (0x4)
                0x20000818                PROVIDE (_bss_start, .)
 *(.bss)
                0x20000818                . = ALIGN (0x4)
 *(.bss.*)
 .bss._idle_thread_wa
                0x20000818      0x158 build/obj/chsys.o
                0x20000818                _idle_thread_wa
 .bss.mainthread.4860
                0x20000970       0x4c build/obj/chsys.o
 .bss.dbg_isr_cnt
                0x200009bc        0x4 build/obj/chdebug.o
                0x200009bc                dbg_isr_cnt
 .bss.dbg_lock_cnt
                0x200009c0        0x4 build/obj/chdebug.o
                0x200009c0                dbg_lock_cnt
 .bss.dbg_trace_buffer
                0x200009c4      0x408 build/obj/chdebug.o
                0x200009c4                dbg_trace_buffer
 .bss.dbg_panic_msg
                0x20000dcc        0x4 build/obj/chdebug.o
                0x20000dcc                dbg_panic_msg
 .bss.vtlist    0x20000dd0       0x10 build/obj/chvt.o
                0x20000dd0                vtlist
 .bss.rlist     0x20000de0       0x1c build/obj/chschd.o
                0x20000de0                rlist
 .bss.nextmem   0x20000dfc        0x4 build/obj/chmemcore.o
 .bss.endmem    0x20000e00        0x4 build/obj/chmemcore.o
 *fill*         0x20000e04        0x4 00
 .bss.default_heap
                0x20000e08       0x20 build/obj/chheap.o
 .bss.dma_streams_mask
                0x20000e28        0x4 build/obj/stm32_dma.o
 .bss.dma_isr_redir
                0x20000e2c       0x80 build/obj/stm32_dma.o
 .bss.ADCD1     0x20000eac       0x34 build/obj/adc_lld.o
                0x20000eac                ADCD1
 .bss.ADCD2     0x20000ee0       0x34 build/obj/adc_lld.o
                0x20000ee0                ADCD2
 .bss.ADCD3     0x20000f14       0x34 build/obj/adc_lld.o
                0x20000f14                ADCD3
 .bss.EXTD1     0x20000f48        0x8 build/obj/ext_lld.o
                0x20000f48                EXTD1
 .bss.GPTD14    0x20000f50       0x10 build/obj/gpt_lld.o
                0x20000f50                GPTD14
 .bss.ICUD1     0x20000f60       0x18 build/obj/icu_lld.o
                0x20000f60                ICUD1
 .bss.SDCD1     0x20000f78       0x4c build/obj/sdc_lld.o
                0x20000f78                SDCD1
 .bss.u         0x20000fc4      0x200 build/obj/sdc_lld.o
 .bss.RTCD1     0x200011c4        0x4 build/obj/rtc_lld.o
                0x200011c4                RTCD1
 .bss.SPID1     0x200011c8       0x30 build/obj/spi_lld.o
                0x200011c8                SPID1
 .bss.dummytx   0x200011f8        0x2 build/obj/spi_lld.o
 *fill*         0x200011fa        0x2 00
 .bss.SD1       0x200011fc       0xd8 build/obj/serial_lld.o
                0x200011fc                SD1
 .bss.SD2       0x200012d4       0xd8 build/obj/serial_lld.o
                0x200012d4                SD2
 .bss.UARTD6    0x200013ac       0x1c build/obj/uart_lld.o
                0x200013ac                UARTD6
 .bss.FatFs     0x200013c8        0x4 build/obj/ff.o
 .bss.Fsid      0x200013cc        0x2 build/obj/ff.o
 *fill*         0x200013ce        0x2 00
 .bss.adc_samples
                0x200013d0        0xc build/obj/kb_adc.o
 .bss.btn_0_state
                0x200013dc        0x1 build/obj/kb_buttons.o
 .bss.btn_1_state
                0x200013dd        0x1 build/obj/kb_buttons.o
 *fill*         0x200013de        0x2 00
 .bss.loggerThread
                0x200013e0        0x4 build/obj/kb_logger.o
 .bss.sd_det_count
                0x200013e4        0x1 build/obj/kb_logger.o
 .bss.logger_state
                0x200013e5        0x1 build/obj/kb_logger.o
 .bss.fs_ready  0x200013e6        0x1 build/obj/kb_logger.o
 .bss.fs_write_protected
                0x200013e7        0x1 build/obj/kb_logger.o
 .bss.SDC_FS    0x200013e8      0x234 build/obj/kb_logger.o
 .bss.current_msg
                0x2000161c      0x200 build/obj/kb_logger.o
 .bss.writing_msg
                0x2000181c      0x200 build/obj/kb_logger.o
 .bss.kbfile    0x20001a1c      0x224 build/obj/kb_logger.o
                0x20001a1c                kbfile
 .bss.waLogger  0x20001c40     0x2138 build/obj/kb_logger.o
 .bss.screen    0x20003d78       0x40 build/obj/kb_screen.o
 .bss.charbuf   0x20003db8       0x80 build/obj/kb_screen.o
 .bss.msb       0x20003e38       0x14 build/obj/kb_screen.o
 *fill*         0x20003e4c        0x4 00
 .bss.waScreen  0x20003e50     0x1138 build/obj/kb_screen.o
 .bss.last_edge_time
                0x20004f88        0x4 build/obj/kb_time.o
 .bss.was_last_edge_short
                0x20004f8c        0x1 build/obj/kb_time.o
 *fill*         0x20004f8d        0x3 00
 .bss.ltc_frame
                0x20004f90        0xc build/obj/kb_time.o
 .bss.ltc_timecode
                0x20004f9c        0x4 build/obj/kb_time.o
 .bss.gps_ubx_nav_sol
                0x20004fa0       0x3c build/obj/kb_gps.o
                0x20004fa0                gps_ubx_nav_sol
 .bss.gps_ubx_nav_sol_count
                0x20004fdc        0x1 build/obj/kb_gps.o
                0x20004fdc                gps_ubx_nav_sol_count
 *fill*         0x20004fdd        0x3 00
 .bss.waGps     0x20004fe0      0x1b8 build/obj/kb_gps.o
 .bss.lcd_buffer
                0x20005198      0x200 build/obj/main.o
 .bss.global_state
                0x20005398        0x4 build/obj/main.o
 .bss.adc_trigger
                0x2000539c       0x14 build/obj/main.o
 .bss.adc_cfg   0x200053b0        0x4 build/obj/main.o
 *fill*         0x200053b4        0x4 00
 .bss.waBlinker
                0x200053b8      0x1b8 build/obj/main.o
 .bss.spiEepromD1
                0x20005570        0x8 build/obj/spiEEPROM.o
                0x20005570                spiEepromD1
 .bss.ST7565D1  0x20005578        0xc build/obj/ST7565.o
                0x20005578                ST7565D1
 .bss.xUpdateMin
                0x20005584        0x1 build/obj/ST7565.o
 .bss.xUpdateMax
                0x20005585        0x1 build/obj/ST7565.o
 .bss.yUpdateMin
                0x20005586        0x1 build/obj/ST7565.o
 .bss.yUpdateMax
                0x20005587        0x1 build/obj/ST7565.o
                0x20005588                . = ALIGN (0x4)
 *(COMMON)
                0x20005588                . = ALIGN (0x4)
                0x20005588                PROVIDE (_bss_end, .)
                0x20005588                PROVIDE (end, .)
                0x20005588                _end = .
                0x20005588                __heap_base__ = _end
                0x2001c000                __heap_end__ = __ram_end__
OUTPUT(build/kuroBox.elf elf32-littlearm)

.ARM.attributes
                0x00000000       0x35
 .ARM.attributes
                0x00000000       0x21 build/obj/kb_debug_asm.o
 .ARM.attributes
                0x00000021       0x39 build/obj/crt0.o
 .ARM.attributes
                0x0000005a       0x39 build/obj/vectors.o
 .ARM.attributes
                0x00000093       0x39 build/obj/chcore.o
 .ARM.attributes
                0x000000cc       0x39 build/obj/chcore_v7m.o
 .ARM.attributes
                0x00000105       0x39 build/obj/nvic.o
 .ARM.attributes
                0x0000013e       0x39 build/obj/chsys.o
 .ARM.attributes
                0x00000177       0x39 build/obj/chdebug.o
 .ARM.attributes
                0x000001b0       0x39 build/obj/chvt.o
 .ARM.attributes
                0x000001e9       0x39 build/obj/chschd.o
 .ARM.attributes
                0x00000222       0x39 build/obj/chthreads.o
 .ARM.attributes
                0x0000025b       0x39 build/obj/chregistry.o
 .ARM.attributes
                0x00000294       0x39 build/obj/chmtx.o
 .ARM.attributes
                0x000002cd       0x39 build/obj/chevents.o
 .ARM.attributes
                0x00000306       0x39 build/obj/chqueues.o
 .ARM.attributes
                0x0000033f       0x39 build/obj/chmemcore.o
 .ARM.attributes
                0x00000378       0x39 build/obj/chheap.o
 .ARM.attributes
                0x000003b1       0x39 build/obj/hal.o
 .ARM.attributes
                0x000003ea       0x39 build/obj/adc.o
 .ARM.attributes
                0x00000423       0x39 build/obj/ext.o
 .ARM.attributes
                0x0000045c       0x39 build/obj/gpt.o
 .ARM.attributes
                0x00000495       0x39 build/obj/icu.o
 .ARM.attributes
                0x000004ce       0x39 build/obj/mmcsd.o
 .ARM.attributes
                0x00000507       0x39 build/obj/rtc.o
 .ARM.attributes
                0x00000540       0x39 build/obj/sdc.o
 .ARM.attributes
                0x00000579       0x39 build/obj/serial.o
 .ARM.attributes
                0x000005b2       0x39 build/obj/spi.o
 .ARM.attributes
                0x000005eb       0x39 build/obj/uart.o
 .ARM.attributes
                0x00000624       0x39 build/obj/stm32_dma.o
 .ARM.attributes
                0x0000065d       0x39 build/obj/hal_lld.o
 .ARM.attributes
                0x00000696       0x39 build/obj/adc_lld.o
 .ARM.attributes
                0x000006cf       0x39 build/obj/ext_lld_isr.o
 .ARM.attributes
                0x00000708       0x39 build/obj/ext_lld.o
 .ARM.attributes
                0x00000741       0x39 build/obj/gpt_lld.o
 .ARM.attributes
                0x0000077a       0x39 build/obj/icu_lld.o
 .ARM.attributes
                0x000007b3       0x39 build/obj/sdc_lld.o
 .ARM.attributes
                0x000007ec       0x39 build/obj/pal_lld.o
 .ARM.attributes
                0x00000825       0x39 build/obj/rtc_lld.o
 .ARM.attributes
                0x0000085e       0x39 build/obj/spi_lld.o
 .ARM.attributes
                0x00000897       0x39 build/obj/serial_lld.o
 .ARM.attributes
                0x000008d0       0x39 build/obj/uart_lld.o
 .ARM.attributes
                0x00000909       0x39 build/obj/board.o
 .ARM.attributes
                0x00000942       0x39 build/obj/chprintf.o
 .ARM.attributes
                0x0000097b       0x39 build/obj/chrtclib.o
 .ARM.attributes
                0x000009b4       0x39 build/obj/memstreams.o
 .ARM.attributes
                0x000009ed       0x39 build/obj/fatfs_diskio.o
 .ARM.attributes
                0x00000a26       0x39 build/obj/ff.o
 .ARM.attributes
                0x00000a5f       0x39 build/obj/kb_debug.o
 .ARM.attributes
                0x00000a98       0x39 build/obj/glcdfont.o
 .ARM.attributes
                0x00000ad1       0x39 build/obj/kb_adc.o
 .ARM.attributes
                0x00000b0a       0x39 build/obj/kb_buttons.o
 .ARM.attributes
                0x00000b43       0x39 build/obj/kb_logger.o
 .ARM.attributes
                0x00000b7c       0x39 build/obj/kb_screen.o
 .ARM.attributes
                0x00000bb5       0x39 build/obj/kb_time.o
 .ARM.attributes
                0x00000bee       0x39 build/obj/kb_gps.o
 .ARM.attributes
                0x00000c27       0x39 build/obj/main.o
 .ARM.attributes
                0x00000c60       0x39 build/obj/spiEEPROM.o
 .ARM.attributes
                0x00000c99       0x39 build/obj/ST7565.o
 .ARM.attributes
                0x00000cd2       0x2e c:/chibistudio/tools/gnu tools arm embedded/4.7 2013q1/bin/../lib/gcc/arm-none-eabi/4.7.3/../../../../arm-none-eabi/lib/armv7e-m\libc.a(lib_a-memcpy.o)
 .ARM.attributes
                0x00000d00       0x2e c:/chibistudio/tools/gnu tools arm embedded/4.7 2013q1/bin/../lib/gcc/arm-none-eabi/4.7.3/../../../../arm-none-eabi/lib/armv7e-m\libc.a(lib_a-memset.o)
 .ARM.attributes
                0x00000d2e       0x2e c:/chibistudio/tools/gnu tools arm embedded/4.7 2013q1/bin/../lib/gcc/arm-none-eabi/4.7.3/../../../../arm-none-eabi/lib/armv7e-m\libc.a(lib_a-strcpy.o)

.comment        0x00000000       0x70
 .comment       0x00000000       0x70 build/obj/crt0.o
                                 0x71 (size before relaxing)
 .comment       0x00000000       0x71 build/obj/vectors.o
 .comment       0x00000000       0x71 build/obj/chcore.o
 .comment       0x00000000       0x71 build/obj/chcore_v7m.o
 .comment       0x00000000       0x71 build/obj/nvic.o
 .comment       0x00000000       0x71 build/obj/chsys.o
 .comment       0x00000000       0x71 build/obj/chdebug.o
 .comment       0x00000000       0x71 build/obj/chvt.o
 .comment       0x00000000       0x71 build/obj/chschd.o
 .comment       0x00000000       0x71 build/obj/chthreads.o
 .comment       0x00000000       0x71 build/obj/chregistry.o
 .comment       0x00000000       0x71 build/obj/chmtx.o
 .comment       0x00000000       0x71 build/obj/chevents.o
 .comment       0x00000000       0x71 build/obj/chqueues.o
 .comment       0x00000000       0x71 build/obj/chmemcore.o
 .comment       0x00000000       0x71 build/obj/chheap.o
 .comment       0x00000000       0x71 build/obj/hal.o
 .comment       0x00000000       0x71 build/obj/adc.o
 .comment       0x00000000       0x71 build/obj/ext.o
 .comment       0x00000000       0x71 build/obj/gpt.o
 .comment       0x00000000       0x71 build/obj/icu.o
 .comment       0x00000000       0x71 build/obj/mmcsd.o
 .comment       0x00000000       0x71 build/obj/rtc.o
 .comment       0x00000000       0x71 build/obj/sdc.o
 .comment       0x00000000       0x71 build/obj/serial.o
 .comment       0x00000000       0x71 build/obj/spi.o
 .comment       0x00000000       0x71 build/obj/uart.o
 .comment       0x00000000       0x71 build/obj/stm32_dma.o
 .comment       0x00000000       0x71 build/obj/hal_lld.o
 .comment       0x00000000       0x71 build/obj/adc_lld.o
 .comment       0x00000000       0x71 build/obj/ext_lld_isr.o
 .comment       0x00000000       0x71 build/obj/ext_lld.o
 .comment       0x00000000       0x71 build/obj/gpt_lld.o
 .comment       0x00000000       0x71 build/obj/icu_lld.o
 .comment       0x00000000       0x71 build/obj/sdc_lld.o
 .comment       0x00000000       0x71 build/obj/pal_lld.o
 .comment       0x00000000       0x71 build/obj/rtc_lld.o
 .comment       0x00000000       0x71 build/obj/spi_lld.o
 .comment       0x00000000       0x71 build/obj/serial_lld.o
 .comment       0x00000000       0x71 build/obj/uart_lld.o
 .comment       0x00000000       0x71 build/obj/board.o
 .comment       0x00000000       0x71 build/obj/chprintf.o
 .comment       0x00000000       0x71 build/obj/chrtclib.o
 .comment       0x00000000       0x71 build/obj/memstreams.o
 .comment       0x00000000       0x71 build/obj/fatfs_diskio.o
 .comment       0x00000000       0x71 build/obj/ff.o
 .comment       0x00000000       0x71 build/obj/kb_debug.o
 .comment       0x00000000       0x71 build/obj/glcdfont.o
 .comment       0x00000000       0x71 build/obj/kb_adc.o
 .comment       0x00000000       0x71 build/obj/kb_buttons.o
 .comment       0x00000000       0x71 build/obj/kb_logger.o
 .comment       0x00000000       0x71 build/obj/kb_screen.o
 .comment       0x00000000       0x71 build/obj/kb_time.o
 .comment       0x00000000       0x71 build/obj/kb_gps.o
 .comment       0x00000000       0x71 build/obj/main.o
 .comment       0x00000000       0x71 build/obj/spiEEPROM.o
 .comment       0x00000000       0x71 build/obj/ST7565.o

.debug_info     0x00000000    0x2349a
 .debug_info    0x00000000      0x2a4 build/obj/crt0.o
 .debug_info    0x000002a4      0x1f0 build/obj/vectors.o
 .debug_info    0x00000494       0x9a build/obj/chcore.o
 .debug_info    0x0000052e      0xaa1 build/obj/chcore_v7m.o
 .debug_info    0x00000fcf      0x44d build/obj/nvic.o
 .debug_info    0x0000141c      0x8c0 build/obj/chsys.o
 .debug_info    0x00001cdc      0x8fe build/obj/chdebug.o
 .debug_info    0x000025da      0x272 build/obj/chvt.o
 .debug_info    0x0000284c      0x92a build/obj/chschd.o
 .debug_info    0x00003176      0xb9c build/obj/chthreads.o
 .debug_info    0x00003d12      0x77d build/obj/chregistry.o
 .debug_info    0x0000448f      0x934 build/obj/chmtx.o
 .debug_info    0x00004dc3      0xdd6 build/obj/chevents.o
 .debug_info    0x00005b99      0xbad build/obj/chqueues.o
 .debug_info    0x00006746      0x1e6 build/obj/chmemcore.o
 .debug_info    0x0000692c      0x75f build/obj/chheap.o
 .debug_info    0x0000708b      0x326 build/obj/hal.o
 .debug_info    0x000073b1      0xdbb build/obj/adc.o
 .debug_info    0x0000816c      0x3e0 build/obj/ext.o
 .debug_info    0x0000854c      0x729 build/obj/gpt.o
 .debug_info    0x00008c75      0x611 build/obj/icu.o
 .debug_info    0x00009286      0x18f build/obj/mmcsd.o
 .debug_info    0x00009415      0x609 build/obj/rtc.o
 .debug_info    0x00009a1e      0xea7 build/obj/sdc.o
 .debug_info    0x0000a8c5      0xdb2 build/obj/serial.o
 .debug_info    0x0000b677      0xfc7 build/obj/spi.o
 .debug_info    0x0000c63e      0x8c0 build/obj/uart.o
 .debug_info    0x0000cefe      0xa1c build/obj/stm32_dma.o
 .debug_info    0x0000d91a      0x4c3 build/obj/hal_lld.o
 .debug_info    0x0000dddd     0x1261 build/obj/adc_lld.o
 .debug_info    0x0000f03e      0x5eb build/obj/ext_lld_isr.o
 .debug_info    0x0000f629      0x3c7 build/obj/ext_lld.o
 .debug_info    0x0000f9f0      0x95a build/obj/gpt_lld.o
 .debug_info    0x0001034a      0x9f5 build/obj/icu_lld.o
 .debug_info    0x00010d3f     0x1656 build/obj/sdc_lld.o
 .debug_info    0x00012395      0x60c build/obj/pal_lld.o
 .debug_info    0x000129a1      0x682 build/obj/rtc_lld.o
 .debug_info    0x00013023      0xeda build/obj/spi_lld.o
 .debug_info    0x00013efd     0x1176 build/obj/serial_lld.o
 .debug_info    0x00015073      0xc83 build/obj/uart_lld.o
 .debug_info    0x00015cf6      0xcb7 build/obj/board.o
 .debug_info    0x000169ad      0x3b1 build/obj/chprintf.o
 .debug_info    0x00016d5e      0x675 build/obj/chrtclib.o
 .debug_info    0x000173d3      0x377 build/obj/memstreams.o
 .debug_info    0x0001774a      0xec8 build/obj/fatfs_diskio.o
 .debug_info    0x00018612     0x1b4b build/obj/ff.o
 .debug_info    0x0001a15d      0xc92 build/obj/kb_debug.o
 .debug_info    0x0001adef       0x54 build/obj/glcdfont.o
 .debug_info    0x0001ae43      0xba2 build/obj/kb_adc.o
 .debug_info    0x0001b9e5      0x383 build/obj/kb_buttons.o
 .debug_info    0x0001bd68     0x194e build/obj/kb_logger.o
 .debug_info    0x0001d6b6     0x1442 build/obj/kb_screen.o
 .debug_info    0x0001eaf8      0x5bd build/obj/kb_time.o
 .debug_info    0x0001f0b5      0xd4c build/obj/kb_gps.o
 .debug_info    0x0001fe01     0x1be8 build/obj/main.o
 .debug_info    0x000219e9      0xbd6 build/obj/spiEEPROM.o
 .debug_info    0x000225bf      0xedb build/obj/ST7565.o

.debug_abbrev   0x00000000     0x5ffb
 .debug_abbrev  0x00000000       0xc7 build/obj/crt0.o
 .debug_abbrev  0x000000c7       0xb1 build/obj/vectors.o
 .debug_abbrev  0x00000178       0x44 build/obj/chcore.o
 .debug_abbrev  0x000001bc      0x1e3 build/obj/chcore_v7m.o
 .debug_abbrev  0x0000039f       0xf2 build/obj/nvic.o
 .debug_abbrev  0x00000491      0x18d build/obj/chsys.o
 .debug_abbrev  0x0000061e      0x1ea build/obj/chdebug.o
 .debug_abbrev  0x00000808      0x126 build/obj/chvt.o
 .debug_abbrev  0x0000092e      0x204 build/obj/chschd.o
 .debug_abbrev  0x00000b32      0x22c build/obj/chthreads.o
 .debug_abbrev  0x00000d5e      0x14b build/obj/chregistry.o
 .debug_abbrev  0x00000ea9      0x1c8 build/obj/chmtx.o
 .debug_abbrev  0x00001071      0x1fe build/obj/chevents.o
 .debug_abbrev  0x0000126f      0x244 build/obj/chqueues.o
 .debug_abbrev  0x000014b3       0xf9 build/obj/chmemcore.o
 .debug_abbrev  0x000015ac      0x181 build/obj/chheap.o
 .debug_abbrev  0x0000172d      0x136 build/obj/hal.o
 .debug_abbrev  0x00001863      0x1ff build/obj/adc.o
 .debug_abbrev  0x00001a62      0x160 build/obj/ext.o
 .debug_abbrev  0x00001bc2      0x1b2 build/obj/gpt.o
 .debug_abbrev  0x00001d74      0x189 build/obj/icu.o
 .debug_abbrev  0x00001efd       0xd5 build/obj/mmcsd.o
 .debug_abbrev  0x00001fd2      0x146 build/obj/rtc.o
 .debug_abbrev  0x00002118      0x252 build/obj/sdc.o
 .debug_abbrev  0x0000236a      0x209 build/obj/serial.o
 .debug_abbrev  0x00002573      0x206 build/obj/spi.o
 .debug_abbrev  0x00002779      0x202 build/obj/uart.o
 .debug_abbrev  0x0000297b      0x1ad build/obj/stm32_dma.o
 .debug_abbrev  0x00002b28      0x104 build/obj/hal_lld.o
 .debug_abbrev  0x00002c2c      0x26c build/obj/adc_lld.o
 .debug_abbrev  0x00002e98      0x184 build/obj/ext_lld_isr.o
 .debug_abbrev  0x0000301c      0x19e build/obj/ext_lld.o
 .debug_abbrev  0x000031ba      0x1bc build/obj/gpt_lld.o
 .debug_abbrev  0x00003376      0x206 build/obj/icu_lld.o
 .debug_abbrev  0x0000357c      0x2f8 build/obj/sdc_lld.o
 .debug_abbrev  0x00003874      0x172 build/obj/pal_lld.o
 .debug_abbrev  0x000039e6      0x1a0 build/obj/rtc_lld.o
 .debug_abbrev  0x00003b86      0x257 build/obj/spi_lld.o
 .debug_abbrev  0x00003ddd      0x236 build/obj/serial_lld.o
 .debug_abbrev  0x00004013      0x280 build/obj/uart_lld.o
 .debug_abbrev  0x00004293      0x1b6 build/obj/board.o
 .debug_abbrev  0x00004449      0x155 build/obj/chprintf.o
 .debug_abbrev  0x0000459e      0x149 build/obj/chrtclib.o
 .debug_abbrev  0x000046e7      0x117 build/obj/memstreams.o
 .debug_abbrev  0x000047fe      0x1cd build/obj/fatfs_diskio.o
 .debug_abbrev  0x000049cb      0x1a1 build/obj/ff.o
 .debug_abbrev  0x00004b6c      0x18f build/obj/kb_debug.o
 .debug_abbrev  0x00004cfb       0x45 build/obj/glcdfont.o
 .debug_abbrev  0x00004d40      0x1ce build/obj/kb_adc.o
 .debug_abbrev  0x00004f0e      0x159 build/obj/kb_buttons.o
 .debug_abbrev  0x00005067      0x32c build/obj/kb_logger.o
 .debug_abbrev  0x00005393      0x229 build/obj/kb_screen.o
 .debug_abbrev  0x000055bc      0x19e build/obj/kb_time.o
 .debug_abbrev  0x0000575a      0x238 build/obj/kb_gps.o
 .debug_abbrev  0x00005992      0x236 build/obj/main.o
 .debug_abbrev  0x00005bc8      0x1dc build/obj/spiEEPROM.o
 .debug_abbrev  0x00005da4      0x257 build/obj/ST7565.o

.debug_aranges  0x00000000     0x14b8
 .debug_aranges
                0x00000000       0x38 build/obj/crt0.o
 .debug_aranges
                0x00000038       0x20 build/obj/vectors.o
 .debug_aranges
                0x00000058       0x20 build/obj/chcore.o
 .debug_aranges
                0x00000078       0x50 build/obj/chcore_v7m.o
 .debug_aranges
                0x000000c8       0x30 build/obj/nvic.o
 .debug_aranges
                0x000000f8       0x30 build/obj/chsys.o
 .debug_aranges
                0x00000128       0x88 build/obj/chdebug.o
 .debug_aranges
                0x000001b0       0x38 build/obj/chvt.o
 .debug_aranges
                0x000001e8       0x78 build/obj/chschd.o
 .debug_aranges
                0x00000260       0x90 build/obj/chthreads.o
 .debug_aranges
                0x000002f0       0x28 build/obj/chregistry.o
 .debug_aranges
                0x00000318       0x70 build/obj/chmtx.o
 .debug_aranges
                0x00000388       0xa0 build/obj/chevents.o
 .debug_aranges
                0x00000428       0x80 build/obj/chqueues.o
 .debug_aranges
                0x000004a8       0x38 build/obj/chmemcore.o
 .debug_aranges
                0x000004e0       0x40 build/obj/chheap.o
 .debug_aranges
                0x00000520       0x30 build/obj/hal.o
 .debug_aranges
                0x00000550       0x70 build/obj/adc.o
 .debug_aranges
                0x000005c0       0x50 build/obj/ext.o
 .debug_aranges
                0x00000610       0x78 build/obj/gpt.o
 .debug_aranges
                0x00000688       0x48 build/obj/icu.o
 .debug_aranges
                0x000006d0       0x28 build/obj/mmcsd.o
 .debug_aranges
                0x000006f8       0x48 build/obj/rtc.o
 .debug_aranges
                0x00000740       0x80 build/obj/sdc.o
 .debug_aranges
                0x000007c0       0x88 build/obj/serial.o
 .debug_aranges
                0x00000848       0x98 build/obj/spi.o
 .debug_aranges
                0x000008e0       0x78 build/obj/uart.o
 .debug_aranges
                0x00000958       0xb0 build/obj/stm32_dma.o
 .debug_aranges
                0x00000a08       0x30 build/obj/hal_lld.o
 .debug_aranges
                0x00000a38       0x70 build/obj/adc_lld.o
 .debug_aranges
                0x00000aa8       0x98 build/obj/ext_lld_isr.o
 .debug_aranges
                0x00000b40       0x40 build/obj/ext_lld.o
 .debug_aranges
                0x00000b80       0x58 build/obj/gpt_lld.o
 .debug_aranges
                0x00000bd8       0x58 build/obj/icu_lld.o
 .debug_aranges
                0x00000c30       0xc8 build/obj/sdc_lld.o
 .debug_aranges
                0x00000cf8       0x30 build/obj/pal_lld.o
 .debug_aranges
                0x00000d28       0x58 build/obj/rtc_lld.o
 .debug_aranges
                0x00000d80       0x78 build/obj/spi_lld.o
 .debug_aranges
                0x00000df8       0x70 build/obj/serial_lld.o
 .debug_aranges
                0x00000e68       0x90 build/obj/uart_lld.o
 .debug_aranges
                0x00000ef8       0x38 build/obj/board.o
 .debug_aranges
                0x00000f30       0x30 build/obj/chprintf.o
 .debug_aranges
                0x00000f60       0x50 build/obj/chrtclib.o
 .debug_aranges
                0x00000fb0       0x40 build/obj/memstreams.o
 .debug_aranges
                0x00000ff0       0x48 build/obj/fatfs_diskio.o
 .debug_aranges
                0x00001038      0x190 build/obj/ff.o
 .debug_aranges
                0x000011c8       0x20 build/obj/kb_debug.o
 .debug_aranges
                0x000011e8       0x18 build/obj/glcdfont.o
 .debug_aranges
                0x00001200       0x30 build/obj/kb_adc.o
 .debug_aranges
                0x00001230       0x40 build/obj/kb_buttons.o
 .debug_aranges
                0x00001270       0x70 build/obj/kb_logger.o
 .debug_aranges
                0x000012e0       0x78 build/obj/kb_screen.o
 .debug_aranges
                0x00001358       0x38 build/obj/kb_time.o
 .debug_aranges
                0x00001390       0x40 build/obj/kb_gps.o
 .debug_aranges
                0x000013d0       0x38 build/obj/main.o
 .debug_aranges
                0x00001408       0x50 build/obj/spiEEPROM.o
 .debug_aranges
                0x00001458       0x60 build/obj/ST7565.o

.debug_ranges   0x00000000     0x1150
 .debug_ranges  0x00000000       0x28 build/obj/crt0.o
 .debug_ranges  0x00000028       0x10 build/obj/vectors.o
 .debug_ranges  0x00000038       0x10 build/obj/chcore.o
 .debug_ranges  0x00000048       0x40 build/obj/chcore_v7m.o
 .debug_ranges  0x00000088       0x20 build/obj/nvic.o
 .debug_ranges  0x000000a8       0x20 build/obj/chsys.o
 .debug_ranges  0x000000c8       0x78 build/obj/chdebug.o
 .debug_ranges  0x00000140       0x28 build/obj/chvt.o
 .debug_ranges  0x00000168       0x68 build/obj/chschd.o
 .debug_ranges  0x000001d0       0x80 build/obj/chthreads.o
 .debug_ranges  0x00000250       0x18 build/obj/chregistry.o
 .debug_ranges  0x00000268       0x60 build/obj/chmtx.o
 .debug_ranges  0x000002c8       0x90 build/obj/chevents.o
 .debug_ranges  0x00000358       0x70 build/obj/chqueues.o
 .debug_ranges  0x000003c8       0x28 build/obj/chmemcore.o
 .debug_ranges  0x000003f0       0x30 build/obj/chheap.o
 .debug_ranges  0x00000420       0x20 build/obj/hal.o
 .debug_ranges  0x00000440       0x60 build/obj/adc.o
 .debug_ranges  0x000004a0       0x40 build/obj/ext.o
 .debug_ranges  0x000004e0       0x68 build/obj/gpt.o
 .debug_ranges  0x00000548       0x38 build/obj/icu.o
 .debug_ranges  0x00000580       0x18 build/obj/mmcsd.o
 .debug_ranges  0x00000598       0x38 build/obj/rtc.o
 .debug_ranges  0x000005d0       0x88 build/obj/sdc.o
 .debug_ranges  0x00000658       0x78 build/obj/serial.o
 .debug_ranges  0x000006d0       0x88 build/obj/spi.o
 .debug_ranges  0x00000758       0x68 build/obj/uart.o
 .debug_ranges  0x000007c0       0xa0 build/obj/stm32_dma.o
 .debug_ranges  0x00000860       0x20 build/obj/hal_lld.o
 .debug_ranges  0x00000880       0x60 build/obj/adc_lld.o
 .debug_ranges  0x000008e0       0x88 build/obj/ext_lld_isr.o
 .debug_ranges  0x00000968       0x30 build/obj/ext_lld.o
 .debug_ranges  0x00000998       0x48 build/obj/gpt_lld.o
 .debug_ranges  0x000009e0       0x48 build/obj/icu_lld.o
 .debug_ranges  0x00000a28       0xb8 build/obj/sdc_lld.o
 .debug_ranges  0x00000ae0       0x20 build/obj/pal_lld.o
 .debug_ranges  0x00000b00       0x48 build/obj/rtc_lld.o
 .debug_ranges  0x00000b48       0x68 build/obj/spi_lld.o
 .debug_ranges  0x00000bb0       0x60 build/obj/serial_lld.o
 .debug_ranges  0x00000c10       0x80 build/obj/uart_lld.o
 .debug_ranges  0x00000c90       0x28 build/obj/board.o
 .debug_ranges  0x00000cb8       0x20 build/obj/chprintf.o
 .debug_ranges  0x00000cd8       0x40 build/obj/chrtclib.o
 .debug_ranges  0x00000d18       0x30 build/obj/memstreams.o
 .debug_ranges  0x00000d48       0x38 build/obj/fatfs_diskio.o
 .debug_ranges  0x00000d80      0x180 build/obj/ff.o
 .debug_ranges  0x00000f00       0x10 build/obj/kb_debug.o
 .debug_ranges  0x00000f10       0x20 build/obj/kb_adc.o
 .debug_ranges  0x00000f30       0x30 build/obj/kb_buttons.o
 .debug_ranges  0x00000f60       0x60 build/obj/kb_logger.o
 .debug_ranges  0x00000fc0       0x68 build/obj/kb_screen.o
 .debug_ranges  0x00001028       0x28 build/obj/kb_time.o
 .debug_ranges  0x00001050       0x30 build/obj/kb_gps.o
 .debug_ranges  0x00001080       0x28 build/obj/main.o
 .debug_ranges  0x000010a8       0x40 build/obj/spiEEPROM.o
 .debug_ranges  0x000010e8       0x68 build/obj/ST7565.o

.debug_line     0x00000000     0xb116
 .debug_line    0x00000000      0x169 build/obj/crt0.o
 .debug_line    0x00000169       0xf3 build/obj/vectors.o
 .debug_line    0x0000025c       0x60 build/obj/chcore.o
 .debug_line    0x000002bc      0x22d build/obj/chcore_v7m.o
 .debug_line    0x000004e9      0x122 build/obj/nvic.o
 .debug_line    0x0000060b      0x1d5 build/obj/chsys.o
 .debug_line    0x000007e0      0x2dd build/obj/chdebug.o
 .debug_line    0x00000abd      0x1d3 build/obj/chvt.o
 .debug_line    0x00000c90      0x308 build/obj/chschd.o
 .debug_line    0x00000f98      0x3ad build/obj/chthreads.o
 .debug_line    0x00001345      0x218 build/obj/chregistry.o
 .debug_line    0x0000155d      0x317 build/obj/chmtx.o
 .debug_line    0x00001874      0x370 build/obj/chevents.o
 .debug_line    0x00001be4      0x3b8 build/obj/chqueues.o
 .debug_line    0x00001f9c      0x190 build/obj/chmemcore.o
 .debug_line    0x0000212c      0x2c1 build/obj/chheap.o
 .debug_line    0x000023ed      0x251 build/obj/hal.o
 .debug_line    0x0000263e      0x41a build/obj/adc.o
 .debug_line    0x00002a58      0x269 build/obj/ext.o
 .debug_line    0x00002cc1      0x2dc build/obj/gpt.o
 .debug_line    0x00002f9d      0x243 build/obj/icu.o
 .debug_line    0x000031e0      0x149 build/obj/mmcsd.o
 .debug_line    0x00003329      0x282 build/obj/rtc.o
 .debug_line    0x000035ab      0x491 build/obj/sdc.o
 .debug_line    0x00003a3c      0x403 build/obj/serial.o
 .debug_line    0x00003e3f      0x5c8 build/obj/spi.o
 .debug_line    0x00004407      0x41b build/obj/uart.o
 .debug_line    0x00004822      0x371 build/obj/stm32_dma.o
 .debug_line    0x00004b93      0x1fc build/obj/hal_lld.o
 .debug_line    0x00004d8f      0x491 build/obj/adc_lld.o
 .debug_line    0x00005220      0x300 build/obj/ext_lld_isr.o
 .debug_line    0x00005520      0x213 build/obj/ext_lld.o
 .debug_line    0x00005733      0x259 build/obj/gpt_lld.o
 .debug_line    0x0000598c      0x292 build/obj/icu_lld.o
 .debug_line    0x00005c1e      0x4e5 build/obj/sdc_lld.o
 .debug_line    0x00006103      0x1c8 build/obj/pal_lld.o
 .debug_line    0x000062cb      0x2c4 build/obj/rtc_lld.o
 .debug_line    0x0000658f      0x43c build/obj/spi_lld.o
 .debug_line    0x000069cb      0x3c9 build/obj/serial_lld.o
 .debug_line    0x00006d94      0x46e build/obj/uart_lld.o
 .debug_line    0x00007202      0x2a2 build/obj/board.o
 .debug_line    0x000074a4      0x2b9 build/obj/chprintf.o
 .debug_line    0x0000775d      0x33c build/obj/chrtclib.o
 .debug_line    0x00007a99      0x1eb build/obj/memstreams.o
 .debug_line    0x00007c84      0x325 build/obj/fatfs_diskio.o
 .debug_line    0x00007fa9      0xea4 build/obj/ff.o
 .debug_line    0x00008e4d      0x2e5 build/obj/kb_debug.o
 .debug_line    0x00009132       0x31 build/obj/glcdfont.o
 .debug_line    0x00009163      0x2c2 build/obj/kb_adc.o
 .debug_line    0x00009425      0x217 build/obj/kb_buttons.o
 .debug_line    0x0000963c      0x4fc build/obj/kb_logger.o
 .debug_line    0x00009b38      0x4b9 build/obj/kb_screen.o
 .debug_line    0x00009ff1      0x246 build/obj/kb_time.o
 .debug_line    0x0000a237      0x31a build/obj/kb_gps.o
 .debug_line    0x0000a551      0x475 build/obj/main.o
 .debug_line    0x0000a9c6      0x32b build/obj/spiEEPROM.o
 .debug_line    0x0000acf1      0x425 build/obj/ST7565.o

.debug_str      0x00000000     0x491a
 .debug_str     0x00000000      0x1fa build/obj/crt0.o
                                0x234 (size before relaxing)
 .debug_str     0x000001fa      0x14d build/obj/vectors.o
                                0x264 (size before relaxing)
 .debug_str     0x00000347       0x35 build/obj/chcore.o
                                0x137 (size before relaxing)
 .debug_str     0x0000037c      0x2ea build/obj/chcore_v7m.o
                                0x41c (size before relaxing)
 .debug_str     0x00000666       0xc3 build/obj/nvic.o
                                0x236 (size before relaxing)
 .debug_str     0x00000729      0x1d2 build/obj/chsys.o
                                0x4aa (size before relaxing)
 .debug_str     0x000008fb      0x1ab build/obj/chdebug.o
                                0x4d7 (size before relaxing)
 .debug_str     0x00000aa6       0x5d build/obj/chvt.o
                                0x1d3 (size before relaxing)
 .debug_str     0x00000b03       0xff build/obj/chschd.o
                                0x417 (size before relaxing)
 .debug_str     0x00000c02      0x110 build/obj/chthreads.o
                                0x44d (size before relaxing)
 .debug_str     0x00000d12       0x4a build/obj/chregistry.o
                                0x419 (size before relaxing)
 .debug_str     0x00000d5c       0x92 build/obj/chmtx.o
                                0x385 (size before relaxing)
 .debug_str     0x00000dee      0x1c1 build/obj/chevents.o
                                0x4a1 (size before relaxing)
 .debug_str     0x00000faf      0x12e build/obj/chqueues.o
                                0x427 (size before relaxing)
 .debug_str     0x000010dd       0x83 build/obj/chmemcore.o
                                0x1a2 (size before relaxing)
 .debug_str     0x00001160       0xc0 build/obj/chheap.o
                                0x36d (size before relaxing)
 .debug_str     0x00001220      0x13d build/obj/hal.o
                                0x26a (size before relaxing)
 .debug_str     0x0000135d      0x2a1 build/obj/adc.o
                                0x5c7 (size before relaxing)
 .debug_str     0x000015fe       0xff build/obj/ext.o
                                0x23a (size before relaxing)
 .debug_str     0x000016fd      0x218 build/obj/gpt.o
                                0x34e (size before relaxing)
 .debug_str     0x00001915      0x15e build/obj/icu.o
                                0x35f (size before relaxing)
 .debug_str     0x00001a73       0x63 build/obj/mmcsd.o
                                0x18e (size before relaxing)
 .debug_str     0x00001ad6      0x1b7 build/obj/rtc.o
                                0x2e4 (size before relaxing)
 .debug_str     0x00001c8d      0x2a9 build/obj/sdc.o
                                0x5f5 (size before relaxing)
 .debug_str     0x00001f36      0x157 build/obj/serial.o
                                0x509 (size before relaxing)
 .debug_str     0x0000208d      0x1f6 build/obj/spi.o
                                0x5bb (size before relaxing)
 .debug_str     0x00002283      0x1ef build/obj/uart.o
                                0x412 (size before relaxing)
 .debug_str     0x00002472      0x735 build/obj/stm32_dma.o
                                0x925 (size before relaxing)
 .debug_str     0x00002ba7       0xcc build/obj/hal_lld.o
                                0x33d (size before relaxing)
 .debug_str     0x00002c73      0x13b build/obj/adc_lld.o
                                0xc35 (size before relaxing)
 .debug_str     0x00002dae      0x125 build/obj/ext_lld_isr.o
                                0x7cc (size before relaxing)
 .debug_str     0x00002ed3       0xb2 build/obj/ext_lld.o
                                0x291 (size before relaxing)
 .debug_str     0x00002f85       0xbb build/obj/gpt_lld.o
                                0x945 (size before relaxing)
 .debug_str     0x00003040       0xb5 build/obj/icu_lld.o
                                0x9b7 (size before relaxing)
 .debug_str     0x000030f5      0x1f5 build/obj/sdc_lld.o
                                0xd4d (size before relaxing)
 .debug_str     0x000032ea       0x8d build/obj/pal_lld.o
                                0x396 (size before relaxing)
 .debug_str     0x00003377       0xf1 build/obj/rtc_lld.o
                                0x381 (size before relaxing)
 .debug_str     0x00003468      0x11e build/obj/spi_lld.o
                                0x6b4 (size before relaxing)
 .debug_str     0x00003586       0xa3 build/obj/serial_lld.o
                                0xafb (size before relaxing)
 .debug_str     0x00003629      0x145 build/obj/uart_lld.o
                                0xa7c (size before relaxing)
 .debug_str     0x0000376e       0x4e build/obj/board.o
                                0x60a (size before relaxing)
 .debug_str     0x000037bc       0xe0 build/obj/chprintf.o
                                0x221 (size before relaxing)
 .debug_str     0x0000389c       0xe9 build/obj/chrtclib.o
                                0x351 (size before relaxing)
 .debug_str     0x00003985       0x5a build/obj/memstreams.o
                                0x197 (size before relaxing)
 .debug_str     0x000039df       0xb4 build/obj/fatfs_diskio.o
                                0x6a3 (size before relaxing)
 .debug_str     0x00003a93      0x4aa build/obj/ff.o
                                0x650 (size before relaxing)
 .debug_str     0x00003f3d       0xa2 build/obj/kb_debug.o
                                0x564 (size before relaxing)
 .debug_str     0x00003fdf       0x1c build/obj/glcdfont.o
                                 0x9d (size before relaxing)
 .debug_str     0x00003ffb       0x5e build/obj/kb_adc.o
                                0x57f (size before relaxing)
 .debug_str     0x00004059       0x78 build/obj/kb_buttons.o
                                0x27c (size before relaxing)
 .debug_str     0x000040d1      0x2cc build/obj/kb_logger.o
                                0xbfa (size before relaxing)
 .debug_str     0x0000439d      0x169 build/obj/kb_screen.o
                                0x87e (size before relaxing)
 .debug_str     0x00004506       0xa8 build/obj/kb_time.o
                                0x427 (size before relaxing)
 .debug_str     0x000045ae       0xaa build/obj/kb_gps.o
                                0x678 (size before relaxing)
 .debug_str     0x00004658       0xf4 build/obj/main.o
                                0xbcd (size before relaxing)
 .debug_str     0x0000474c       0xa6 build/obj/spiEEPROM.o
                                0x569 (size before relaxing)
 .debug_str     0x000047f2      0x128 build/obj/ST7565.o
                                0x625 (size before relaxing)

.debug_frame    0x00000000     0x35b8
 .debug_frame   0x00000000       0x50 build/obj/crt0.o
 .debug_frame   0x00000050       0x20 build/obj/vectors.o