Archive member included because of file (symbol)

c:/chibistudio/tools/gnu tools arm embedded/4.7 2013q1/bin/../lib/gcc/arm-none-eabi/4.7.3/../../../../arm-none-eabi/lib/armv7e-m\libm.a(lib_a-s_cos.o)
                              build/obj/kb_gps.o (cos)
c:/chibistudio/tools/gnu tools arm embedded/4.7 2013q1/bin/../lib/gcc/arm-none-eabi/4.7.3/../../../../arm-none-eabi/lib/armv7e-m\libm.a(lib_a-s_sin.o)
                              build/obj/kb_gps.o (sin)
c:/chibistudio/tools/gnu tools arm embedded/4.7 2013q1/bin/../lib/gcc/arm-none-eabi/4.7.3/../../../../arm-none-eabi/lib/armv7e-m\libm.a(lib_a-w_atan2.o)
                              build/obj/kb_gps.o (atan2)
c:/chibistudio/tools/gnu tools arm embedded/4.7 2013q1/bin/../lib/gcc/arm-none-eabi/4.7.3/../../../../arm-none-eabi/lib/armv7e-m\libm.a(lib_a-w_pow.o)
                              build/obj/kb_gps.o (pow)
c:/chibistudio/tools/gnu tools arm embedded/4.7 2013q1/bin/../lib/gcc/arm-none-eabi/4.7.3/../../../../arm-none-eabi/lib/armv7e-m\libm.a(lib_a-w_sqrt.o)
                              build/obj/kb_gps.o (sqrt)
c:/chibistudio/tools/gnu tools arm embedded/4.7 2013q1/bin/../lib/gcc/arm-none-eabi/4.7.3/../../../../arm-none-eabi/lib/armv7e-m\libm.a(lib_a-e_atan2.o)
                              c:/chibistudio/tools/gnu tools arm embedded/4.7 2013q1/bin/../lib/gcc/arm-none-eabi/4.7.3/../../../../arm-none-eabi/lib/armv7e-m\libm.a(lib_a-w_atan2.o) (__ieee754_atan2)
c:/chibistudio/tools/gnu tools arm embedded/4.7 2013q1/bin/../lib/gcc/arm-none-eabi/4.7.3/../../../../arm-none-eabi/lib/armv7e-m\libm.a(lib_a-e_pow.o)
                              c:/chibistudio/tools/gnu tools arm embedded/4.7 2013q1/bin/../lib/gcc/arm-none-eabi/4.7.3/../../../../arm-none-eabi/lib/armv7e-m\libm.a(lib_a-w_pow.o) (__ieee754_pow)
c:/chibistudio/tools/gnu tools arm embedded/4.7 2013q1/bin/../lib/gcc/arm-none-eabi/4.7.3/../../../../arm-none-eabi/lib/armv7e-m\libm.a(lib_a-e_rem_pio2.o)
                              c:/chibistudio/tools/gnu tools arm embedded/4.7 2013q1/bin/../lib/gcc/arm-none-eabi/4.7.3/../../../../arm-none-eabi/lib/armv7e-m\libm.a(lib_a-s_cos.o) (__ieee754_rem_pio2)
c:/chibistudio/tools/gnu tools arm embedded/4.7 2013q1/bin/../lib/gcc/arm-none-eabi/4.7.3/../../../../arm-none-eabi/lib/armv7e-m\libm.a(lib_a-e_sqrt.o)
                              c:/chibistudio/tools/gnu tools arm embedded/4.7 2013q1/bin/../lib/gcc/arm-none-eabi/4.7.3/../../../../arm-none-eabi/lib/armv7e-m\libm.a(lib_a-w_sqrt.o) (__ieee754_sqrt)
c:/chibistudio/tools/gnu tools arm embedded/4.7 2013q1/bin/../lib/gcc/arm-none-eabi/4.7.3/../../../../arm-none-eabi/lib/armv7e-m\libm.a(lib_a-k_cos.o)
                              c:/chibistudio/tools/gnu tools arm embedded/4.7 2013q1/bin/../lib/gcc/arm-none-eabi/4.7.3/../../../../arm-none-eabi/lib/armv7e-m\libm.a(lib_a-s_cos.o) (__kernel_cos)
c:/chibistudio/tools/gnu tools arm embedded/4.7 2013q1/bin/../lib/gcc/arm-none-eabi/4.7.3/../../../../arm-none-eabi/lib/armv7e-m\libm.a(lib_a-k_rem_pio2.o)
                              c:/chibistudio/tools/gnu tools arm embedded/4.7 2013q1/bin/../lib/gcc/arm-none-eabi/4.7.3/../../../../arm-none-eabi/lib/armv7e-m\libm.a(lib_a-e_rem_pio2.o) (__kernel_rem_pio2)
c:/chibistudio/tools/gnu tools arm embedded/4.7 2013q1/bin/../lib/gcc/arm-none-eabi/4.7.3/../../../../arm-none-eabi/lib/armv7e-m\libm.a(lib_a-k_sin.o)
                              c:/chibistudio/tools/gnu tools arm embedded/4.7 2013q1/bin/../lib/gcc/arm-none-eabi/4.7.3/../../../../arm-none-eabi/lib/armv7e-m\libm.a(lib_a-s_cos.o) (__kernel_sin)
c:/chibistudio/tools/gnu tools arm embedded/4.7 2013q1/bin/../lib/gcc/arm-none-eabi/4.7.3/../../../../arm-none-eabi/lib/armv7e-m\libm.a(lib_a-s_atan.o)
                              c:/chibistudio/tools/gnu tools arm embedded/4.7 2013q1/bin/../lib/gcc/arm-none-eabi/4.7.3/../../../../arm-none-eabi/lib/armv7e-m\libm.a(lib_a-e_atan2.o) (atan)
c:/chibistudio/tools/gnu tools arm embedded/4.7 2013q1/bin/../lib/gcc/arm-none-eabi/4.7.3/../../../../arm-none-eabi/lib/armv7e-m\libm.a(lib_a-s_fabs.o)
                              c:/chibistudio/tools/gnu tools arm embedded/4.7 2013q1/bin/../lib/gcc/arm-none-eabi/4.7.3/../../../../arm-none-eabi/lib/armv7e-m\libm.a(lib_a-e_atan2.o) (fabs)
c:/chibistudio/tools/gnu tools arm embedded/4.7 2013q1/bin/../lib/gcc/arm-none-eabi/4.7.3/../../../../arm-none-eabi/lib/armv7e-m\libm.a(lib_a-s_finite.o)
                              c:/chibistudio/tools/gnu tools arm embedded/4.7 2013q1/bin/../lib/gcc/arm-none-eabi/4.7.3/../../../../arm-none-eabi/lib/armv7e-m\libm.a(lib_a-w_pow.o) (finite)
c:/chibistudio/tools/gnu tools arm embedded/4.7 2013q1/bin/../lib/gcc/arm-none-eabi/4.7.3/../../../../arm-none-eabi/lib/armv7e-m\libm.a(lib_a-s_floor.o)
                              c:/chibistudio/tools/gnu tools arm embedded/4.7 2013q1/bin/../lib/gcc/arm-none-eabi/4.7.3/../../../../arm-none-eabi/lib/armv7e-m\libm.a(lib_a-k_rem_pio2.o) (floor)
[...]
Memory Configuration

Name             Origin             Length             Attributes
flash            0x08000000         0x00100000
ram              0x20000000         0x0001c000
ethram           0x2001c000         0x00004000
ccmram           0x10000000         0x00010000
*default*        0x00000000         0xffffffff

Linker script and memory map

LOAD build/obj/kb_debug_asm.o
LOAD build/obj/crt0.o
LOAD build/obj/vectors.o
LOAD build/obj/chcore.o
LOAD build/obj/chcore_v7m.o
LOAD build/obj/nvic.o
LOAD build/obj/chsys.o
LOAD build/obj/chdebug.o
LOAD build/obj/chlists.o
LOAD build/obj/chvt.o
LOAD build/obj/chschd.o
LOAD build/obj/chthreads.o
LOAD build/obj/chdynamic.o
LOAD build/obj/chregistry.o
LOAD build/obj/chsem.o
LOAD build/obj/chmtx.o
LOAD build/obj/chcond.o
LOAD build/obj/chevents.o
LOAD build/obj/chmsg.o
LOAD build/obj/chmboxes.o
LOAD build/obj/chqueues.o
LOAD build/obj/chmemcore.o
LOAD build/obj/chheap.o
LOAD build/obj/chmempools.o
LOAD build/obj/hal.o
LOAD build/obj/adc.o
LOAD build/obj/can.o
LOAD build/obj/dac.o
LOAD build/obj/ext.o
LOAD build/obj/gpt.o
LOAD build/obj/i2c.o
LOAD build/obj/icu.o
LOAD build/obj/mac.o
LOAD build/obj/mmc_spi.o
LOAD build/obj/mmcsd.o
LOAD build/obj/pal.o
LOAD build/obj/pwm.o
LOAD build/obj/rtc.o
LOAD build/obj/sdc.o
LOAD build/obj/serial.o
LOAD build/obj/serial_usb.o
LOAD build/obj/spi.o
LOAD build/obj/tm.o
LOAD build/obj/uart.o
LOAD build/obj/usb.o
LOAD build/obj/stm32_dma.o
LOAD build/obj/hal_lld.o
LOAD build/obj/adc_lld.o
LOAD build/obj/ext_lld_isr.o
LOAD build/obj/can_lld.o
LOAD build/obj/ext_lld.o
LOAD build/obj/gpt_lld.o
LOAD build/obj/icu_lld.o
LOAD build/obj/mac_lld.o
LOAD build/obj/pwm_lld.o
LOAD build/obj/sdc_lld.o
LOAD build/obj/pal_lld.o
LOAD build/obj/i2c_lld.o
LOAD build/obj/usb_lld.o
LOAD build/obj/rtc_lld.o
LOAD build/obj/spi_lld.o
LOAD build/obj/serial_lld.o
LOAD build/obj/uart_lld.o
LOAD build/obj/board.o
LOAD build/obj/chprintf.o
LOAD build/obj/chrtclib.o
LOAD build/obj/memstreams.o
LOAD build/obj/fatfs_diskio.o
LOAD build/obj/ff.o
LOAD build/obj/glcdfont.o
LOAD build/obj/kb_adc.o
LOAD build/obj/kb_buttons.o
LOAD build/obj/kb_config.o
LOAD build/obj/kb_debug.o
LOAD build/obj/kb_featureA.o
LOAD build/obj/kb_gpio.o
LOAD build/obj/kb_gps.o
LOAD build/obj/kb_logger.o
LOAD build/obj/kb_menu.o
LOAD build/obj/kb_screen.o
LOAD build/obj/kb_serial.o
LOAD build/obj/kb_time.o
LOAD build/obj/kb_util.o
LOAD build/obj/kb_vectornav.o
LOAD build/obj/main.o
LOAD build/obj/spiEEPROM.o
LOAD build/obj/ST7565.o
LOAD c:/chibistudio/tools/gnu tools arm embedded/4.7 2013q1/bin/../lib/gcc/arm-none-eabi/4.7.3/../../../../arm-none-eabi/lib/armv7e-m\libm.a
START GROUP
LOAD c:/chibistudio/tools/gnu tools arm embedded/4.7 2013q1/bin/../lib/gcc/arm-none-eabi/4.7.3/armv7e-m\libgcc.a
LOAD c:/chibistudio/tools/gnu tools arm embedded/4.7 2013q1/bin/../lib/gcc/arm-none-eabi/4.7.3/../../../../arm-none-eabi/lib/armv7e-m\libc.a
END GROUP
                0x00000400                __main_stack_size__ = 0x400
                0x00000400                __process_stack_size__ = 0x400
                0x20000000                __ram_start__ = ORIGIN (ram)
                0x0001c000                __ram_size__ = 0x1c000
                0x2001c000                __ram_end__ = (__ram_start__ + __ram_size__)
                0x00000000                . = 0x0
                0x00000000                _text = .

startup         0x08000000      0x188
 *(vectors)
 vectors        0x08000000      0x188 build/obj/vectors.o
                0x08000000                _vectors

constructors    0x08000188        0x0
                0x08000188                PROVIDE (__init_array_start, .)
 *(SORT(.init_array.*))
 *(.init_array)
                0x08000188                PROVIDE (__init_array_end, .)

destructors     0x08000188        0x0
                0x08000188                PROVIDE (__fini_array_start, .)
 *(.fini_array)
 *(SORT(.fini_array.*))
                0x08000188                PROVIDE (__fini_array_end, .)

.text           0x08000190     0xfba4
 *(.text.startup.*)
 .text.startup.main
                0x08000190       0x70 build/obj/main.o
                0x08000190                main
 *(.text)
 .text          0x08000200       0x12 build/obj/kb_debug_asm.o
                0x08000200                HardFaultVector
 *fill*         0x08000212        0xe 00
 .text          0x08000220      0x370 c:/chibistudio/tools/gnu tools arm embedded/4.7 2013q1/bin/../lib/gcc/arm-none-eabi/4.7.3/armv7e-m\libgcc.a(_arm_addsubdf3.o)
                0x08000220                __aeabi_drsub
                0x08000228                __aeabi_dsub
                0x08000228                __subdf3
                0x0800022c                __aeabi_dadd
                0x0800022c                __adddf3
                0x080004a4                __floatunsidf
                0x080004a4                __aeabi_ui2d
                0x080004c4                __floatsidf
                0x080004c4                __aeabi_i2d
                0x080004e8                __aeabi_f2d
                0x080004e8                __extendsfdf2
                0x08000524                __floatundidf
                0x08000524                __aeabi_ul2d
                0x08000534                __floatdidf
                0x08000534                __aeabi_l2d
 .text          0x08000590      0x424 c:/chibistudio/tools/gnu tools arm embedded/4.7 2013q1/bin/../lib/gcc/arm-none-eabi/4.7.3/armv7e-m\libgcc.a(_arm_muldivdf3.o)
                0x08000590                __aeabi_dmul
                0x08000590                __muldf3
                0x080007e4                __divdf3
                0x080007e4                __aeabi_ddiv
 *fill*         0x080009b4        0xc 00
 .text          0x080009c0      0x110 c:/chibistudio/tools/gnu tools arm embedded/4.7 2013q1/bin/../lib/gcc/arm-none-eabi/4.7.3/armv7e-m\libgcc.a(_arm_cmpdf2.o)
                0x080009c0                __gtdf2
                0x080009c0                __gedf2
                0x080009c8                __ltdf2
                0x080009c8                __ledf2
                0x080009d0                __nedf2
                0x080009d0                __eqdf2
                0x080009d0                __cmpdf2
                0x08000a4c                __aeabi_cdrcmple
                0x08000a5c                __aeabi_cdcmpeq
                0x08000a5c                __aeabi_cdcmple
                0x08000a6c                __aeabi_dcmpeq
                0x08000a80                __aeabi_dcmplt
                0x08000a94                __aeabi_dcmple
                0x08000aa8                __aeabi_dcmpge
                0x08000abc                __aeabi_dcmpgt
 .text          0x08000ad0       0x50 c:/chibistudio/tools/gnu tools arm embedded/4.7 2013q1/bin/../lib/gcc/arm-none-eabi/4.7.3/armv7e-m\libgcc.a(_arm_fixdfsi.o)
                0x08000ad0                __aeabi_d2iz
                0x08000ad0                __fixdfsi
 .text          0x08000b20       0xa0 c:/chibistudio/tools/gnu tools arm embedded/4.7 2013q1/bin/../lib/gcc/arm-none-eabi/4.7.3/armv7e-m\libgcc.a(_arm_truncdfsf2.o)
                0x08000b20                __truncdfsf2
                0x08000b20                __aeabi_d2f
 *(.text.*)
 .text.__late_init
                0x08000bc0       0x10 build/obj/crt0.o
                0x08000bc0                __late_init
 .text._default_exit
                0x08000bd0       0x10 build/obj/crt0.o
                0x08000bd0                _default_exit
 .text.ResetHandler
                0x08000be0      0x200 build/obj/crt0.o
                0x08000be0                ResetHandler
 .text._unhandled_exception
                0x08000de0       0x10 build/obj/vectors.o
                0x08000de0                NMIVector
                0x08000de0                Vector11C
                0x08000de0                Vector8C
                0x08000de0                VectorDC
                0x08000de0                Vector168
                0x08000de0                Vector110
                0x08000de0                VectorC8
                0x08000de0                Vector94
                0x08000de0                VectorA8
                0x08000de0                VectorB4
                0x08000de0                Vector160
                0x08000de0                VectorEC
                0x08000de0                UsageFaultVector
                0x08000de0                DebugMonitorVector
                0x08000de0                Vector40
                0x08000de0                VectorF8
                0x08000de0                Vector108
                0x08000de0                VectorBC
                0x08000de0                Vector148
                0x08000de0                PendSVVector
                0x08000de0                Vector118
                0x08000de0                VectorCC
                0x08000de0                Vector54
                0x08000de0                Vector98
                0x08000de0                Vector24
                0x08000de0                Vector178
                0x08000de0                BusFaultVector
                0x08000de0                VectorD0
                0x08000de0                Vector140
                0x08000de0                VectorC0
                0x08000de0                Vector134
                0x08000de0                VectorF0
                0x08000de0                Vector13C
                0x08000de0                Vector100
                0x08000de0                MemManageVector
                0x08000de0                VectorA0
                0x08000de0                VectorC4
                0x08000de0                Vector180
                0x08000de0                VectorB0
                0x08000de0                Vector90
                0x08000de0                Vector114
                0x08000de0                Vector164
                0x08000de0                Vector1C
                0x08000de0                Vector17C
                0x08000de0                Vector48
                0x08000de0                Vector16C
                0x08000de0                Vector144
                0x08000de0                _unhandled_exception
                0x08000de0                Vector184
                0x08000de0                Vector10C
                0x08000de0                Vector14C
                0x08000de0                Vector50
                0x08000de0                Vector28
                0x08000de0                VectorB8
                0x08000de0                Vector34
                0x08000de0                Vector20
                0x08000de0                Vector174
 .text.port_halt
                0x08000df0       0x10 build/obj/chcore.o
                0x08000df0                port_halt
 .text._port_switch_from_isr
                0x08000e00       0x10 build/obj/chcore_v7m.o
                0x08000e00                _port_switch_from_isr
 .text.SVCallVector
                0x08000e10       0x30 build/obj/chcore_v7m.o
                0x08000e10                SVCallVector
 .text._port_init
                0x08000e40       0x40 build/obj/chcore_v7m.o
                0x08000e40                _port_init
 .text._port_irq_epilogue
                0x08000e80       0x90 build/obj/chcore_v7m.o
                0x08000e80                _port_irq_epilogue
 .text.SysTickVector
                0x08000f10       0x30 build/obj/chcore_v7m.o
                0x08000f10                SysTickVector
 .text._port_switch
                0x08000f40       0x20 build/obj/chcore_v7m.o
                0x08000f40                _port_switch
 .text._port_thread_start
                0x08000f60       0x20 build/obj/chcore_v7m.o
                0x08000f60                _port_thread_start
 .text.nvicEnableVector
                0x08000f80       0x50 build/obj/nvic.o
                0x08000f80                nvicEnableVector
 .text.nvicDisableVector
                0x08000fd0       0x40 build/obj/nvic.o
                0x08000fd0                nvicDisableVector
 .text.nvicSetSystemHandlerPriority
                0x08001010       0x30 build/obj/nvic.o
                0x08001010                nvicSetSystemHandlerPriority
 .text._idle_thread
                0x08001040       0x20 build/obj/chsys.o
                0x08001040                _idle_thread
 .text.chSysInit
                0x08001060       0x80 build/obj/chsys.o
                0x08001060                chSysInit
 .text.chSysTimerHandlerI
                0x080010e0       0x70 build/obj/chsys.o
                0x080010e0                chSysTimerHandlerI
 .text._trace_init
                0x08001150       0x20 build/obj/chdebug.o
                0x08001150                _trace_init
 .text.dbg_trace
                0x08001170       0x40 build/obj/chdebug.o
                0x08001170                dbg_trace
 .text.chDbgPanic
                0x080011b0       0x20 build/obj/chdebug.o
                0x080011b0                chDbgPanic
 .text.chDbgCheckClassS
                0x080011d0       0x30 build/obj/chdebug.o
                0x080011d0                chDbgCheckClassS
 .text.chDbgCheckClassI
                0x08001200       0x30 build/obj/chdebug.o
                0x08001200                chDbgCheckClassI
 .text.dbg_check_leave_isr
                0x08001230       0x40 build/obj/chdebug.o
                0x08001230                dbg_check_leave_isr
 .text.dbg_check_enter_isr
                0x08001270       0x40 build/obj/chdebug.o
                0x08001270                dbg_check_enter_isr
 .text.dbg_check_unlock_from_isr
                0x080012b0       0x30 build/obj/chdebug.o
                0x080012b0                dbg_check_unlock_from_isr
 .text.dbg_check_lock_from_isr
                0x080012e0       0x30 build/obj/chdebug.o
                0x080012e0                dbg_check_lock_from_isr
 .text.dbg_check_unlock
                0x08001310       0x30 build/obj/chdebug.o
                0x08001310                dbg_check_unlock
 .text.dbg_check_lock
                0x08001340       0x30 build/obj/chdebug.o
                0x08001340                dbg_check_lock
 .text.dbg_check_enable
                0x08001370       0x20 build/obj/chdebug.o
                0x08001370                dbg_check_enable
 .text.dbg_check_disable
                0x08001390       0x20 build/obj/chdebug.o
                0x08001390                dbg_check_disable
 .text._vt_init
                0x080013b0       0x20 build/obj/chvt.o
                0x080013b0                _vt_init
 .text.chVTSetI
                0x080013d0       0x60 build/obj/chvt.o
                0x080013d0                chVTSetI
 .text.chVTResetI
                0x08001430       0x50 build/obj/chvt.o
                0x08001430                chVTResetI
 .text._scheduler_init
                0x08001480       0x20 build/obj/chschd.o
                0x08001480                _scheduler_init
 .text.chSchReadyI
                0x080014a0       0x50 build/obj/chschd.o
                0x080014a0                chSchReadyI
 .text.wakeup   0x080014f0       0x60 build/obj/chschd.o
 .text.chSchGoSleepS
                0x08001550       0x50 build/obj/chschd.o
                0x08001550                chSchGoSleepS
 .text.chSchGoSleepTimeoutS
                0x080015a0       0x50 build/obj/chschd.o
                0x080015a0                chSchGoSleepTimeoutS
 .text.chSchWakeupS
                0x080015f0       0x60 build/obj/chschd.o
                0x080015f0                chSchWakeupS
 .text.chSchDoRescheduleBehind
                0x08001650       0x50 build/obj/chschd.o
                0x08001650                chSchDoRescheduleBehind
 .text.chSchDoRescheduleAhead
                0x080016a0       0x60 build/obj/chschd.o
                0x080016a0                chSchDoRescheduleAhead
 .text.chSchRescheduleS
                0x08001700       0x30 build/obj/chschd.o
                0x08001700                chSchRescheduleS
 .text.chSchDoReschedule
                0x08001730       0x20 build/obj/chschd.o
                0x08001730                chSchDoReschedule
 .text._thread_init
                0x08001750       0x60 build/obj/chthreads.o
                0x08001750                _thread_init
 .text.chThdCreateI
                0x080017b0       0xa0 build/obj/chthreads.o
                0x080017b0                chThdCreateI
 .text.chThdCreateStatic
                0x08001850       0xa0 build/obj/chthreads.o
                0x08001850                chThdCreateStatic
 .text.chThdTerminate
                0x080018f0       0x30 build/obj/chthreads.o
                0x080018f0                chThdTerminate
 .text.chThdSleep
                0x08001920       0x30 build/obj/chthreads.o
                0x08001920                chThdSleep
 .text.chThdSleepUntil
                0x08001950       0x30 build/obj/chthreads.o
                0x08001950                chThdSleepUntil
 .text.chThdExitS
                0x08001980       0x50 build/obj/chthreads.o
                0x08001980                chThdExitS
 .text.chThdExit
                0x080019d0       0x20 build/obj/chthreads.o
                0x080019d0                chThdExit
 .text.chThdWait
                0x080019f0       0x80 build/obj/chthreads.o
                0x080019f0                chThdWait
 .text.chThdRelease
                0x08001a70       0x80 build/obj/chdynamic.o
                0x08001a70                chThdRelease
 .text.chSemInit
                0x08001af0       0x20 build/obj/chsem.o
                0x08001af0                chSemInit
 .text.chSemWaitS
                0x08001b10       0x70 build/obj/chsem.o
                0x08001b10                chSemWaitS
 .text.chSemWait
                0x08001b80       0x30 build/obj/chsem.o
                0x08001b80                chSemWait
 .text.chSemWaitTimeoutS
                0x08001bb0       0x80 build/obj/chsem.o
                0x08001bb0                chSemWaitTimeoutS
 .text.chSemSignal
                0x08001c30       0x60 build/obj/chsem.o
                0x08001c30                chSemSignal
 .text.chSemSignalI
                0x08001c90       0x60 build/obj/chsem.o
                0x08001c90                chSemSignalI
 .text.chMtxInit
                0x08001cf0       0x20 build/obj/chmtx.o
                0x08001cf0                chMtxInit
 .text.chMtxLockS
                0x08001d10      0x100 build/obj/chmtx.o
                0x08001d10                chMtxLockS
 .text.chMtxLock
                0x08001e10       0x20 build/obj/chmtx.o
                0x08001e10                chMtxLock
 .text.chMtxUnlock
                0x08001e30       0x90 build/obj/chmtx.o
                0x08001e30                chMtxUnlock
 .text.chEvtSignalI
                0x08001ec0       0x50 build/obj/chevents.o
                0x08001ec0                chEvtSignalI
 .text.chEvtBroadcastFlagsI
                0x08001f10       0x40 build/obj/chevents.o
                0x08001f10                chEvtBroadcastFlagsI
 .text.chMBInit
                0x08001f50       0x40 build/obj/chmboxes.o
                0x08001f50                chMBInit
 .text.chMBPostI
                0x08001f90       0x50 build/obj/chmboxes.o
                0x08001f90                chMBPostI
 .text.chMBFetchS
                0x08001fe0       0x50 build/obj/chmboxes.o
                0x08001fe0                chMBFetchS
 .text.chMBFetch
                0x08002030       0x30 build/obj/chmboxes.o
                0x08002030                chMBFetch
 .text.qwait    0x08002060       0x30 build/obj/chqueues.o
 .text.chIQInit
                0x08002090       0x20 build/obj/chqueues.o
                0x08002090                chIQInit
 .text.chIQResetI
                0x080020b0       0x30 build/obj/chqueues.o
                0x080020b0                chIQResetI
 .text.chIQPutI
                0x080020e0       0x60 build/obj/chqueues.o
                0x080020e0                chIQPutI
 .text.chIQGetTimeout
                0x08002140       0x60 build/obj/chqueues.o
                0x08002140                chIQGetTimeout
 .text.chIQReadTimeout
                0x080021a0       0xa0 build/obj/chqueues.o
                0x080021a0                chIQReadTimeout
 .text.chOQInit
                0x08002240       0x20 build/obj/chqueues.o
                0x08002240                chOQInit
 .text.chOQResetI
                0x08002260       0x40 build/obj/chqueues.o
                0x08002260                chOQResetI
 .text.chOQPutTimeout
                0x080022a0       0x70 build/obj/chqueues.o
                0x080022a0                chOQPutTimeout
 .text.chOQGetI
                0x08002310       0x50 build/obj/chqueues.o
                0x08002310                chOQGetI
 .text.chOQWriteTimeout
                0x08002360       0xa0 build/obj/chqueues.o
                0x08002360                chOQWriteTimeout
 .text._core_init
                0x08002400       0x30 build/obj/chmemcore.o
                0x08002400                _core_init
 .text.chCoreAllocI
                0x08002430       0x30 build/obj/chmemcore.o
                0x08002430                chCoreAllocI
 .text.chCoreAlloc
                0x08002460       0x30 build/obj/chmemcore.o
                0x08002460                chCoreAlloc
 .text._heap_init
                0x08002490       0x20 build/obj/chheap.o
                0x08002490                _heap_init
 .text.chHeapFree
                0x080024b0       0xb0 build/obj/chheap.o
                0x080024b0                chHeapFree
 .text.chPoolFreeI
                0x08002560       0x30 build/obj/chmempools.o
                0x08002560                chPoolFreeI
 .text.chPoolFree
                0x08002590       0x30 build/obj/chmempools.o
                0x08002590                chPoolFree
 .text.halInit  0x080025c0       0x40 build/obj/hal.o
                0x080025c0                halInit
 .text.adcInit  0x08002600       0x10 build/obj/adc.o
                0x08002600                adcInit
 .text.adcObjectInit
                0x08002610       0x20 build/obj/adc.o
                0x08002610                adcObjectInit
 .text.adcStart
                0x08002630       0x50 build/obj/adc.o
                0x08002630                adcStart
 .text.adcStop  0x08002680       0x50 build/obj/adc.o
                0x08002680                adcStop
 .text.adcStartConversionI
                0x080026d0       0x60 build/obj/adc.o
                0x080026d0                adcStartConversionI
 .text.adcStopConversion
                0x08002730       0x60 build/obj/adc.o
                0x08002730                adcStopConversion
 .text.extInit  0x08002790       0x10 build/obj/ext.o
                0x08002790                extInit
 .text.extObjectInit
                0x080027a0       0x10 build/obj/ext.o
                0x080027a0                extObjectInit
 .text.extStart
                0x080027b0       0x50 build/obj/ext.o
                0x080027b0                extStart
 .text.extStop  0x08002800       0x50 build/obj/ext.o
                0x08002800                extStop
 .text.gptInit  0x08002850       0x10 build/obj/gpt.o
                0x08002850                gptInit
 .text.gptObjectInit
                0x08002860       0x10 build/obj/gpt.o
                0x08002860                gptObjectInit
 .text.gptStart
                0x08002870       0x50 build/obj/gpt.o
                0x08002870                gptStart
 .text.gptStop  0x080028c0       0x50 build/obj/gpt.o
                0x080028c0                gptStop
 .text.gptStartOneShotI
                0x08002910       0x40 build/obj/gpt.o
                0x08002910                gptStartOneShotI
 .text.icuInit  0x08002950       0x10 build/obj/icu.o
                0x08002950                icuInit
 .text.icuObjectInit
                0x08002960       0x10 build/obj/icu.o
                0x08002960                icuObjectInit
 .text.mmcsd_get_slice
                0x08002970       0x60 build/obj/mmcsd.o
 .text.mmcsdGetCapacity
                0x080029d0       0x50 build/obj/mmcsd.o
                0x080029d0                mmcsdGetCapacity
 .text.rtcInit  0x08002a20       0x10 build/obj/rtc.o
                0x08002a20                rtcInit
 .text.rtcSetTime
                0x08002a30       0x40 build/obj/rtc.o
                0x08002a30                rtcSetTime
 .text.rtcGetTime
                0x08002a70       0x40 build/obj/rtc.o
                0x08002a70                rtcGetTime
 .text.rtcGetTimeFat
                0x08002ab0       0x20 build/obj/rtc.o
                0x08002ab0                rtcGetTimeFat
 .text.sdcGetInfo
                0x08002ad0       0x30 build/obj/sdc.o
                0x08002ad0                sdcGetInfo
 .text.sdcConnect
                0x08002b00      0x270 build/obj/sdc.o
                0x08002b00                sdcConnect
 .text.sdcSync  0x08002d70       0x30 build/obj/sdc.o
                0x08002d70                sdcSync
 .text.sdcWrite
                0x08002da0       0x60 build/obj/sdc.o
                0x08002da0                sdcWrite
 .text.sdcRead  0x08002e00       0x60 build/obj/sdc.o
                0x08002e00                sdcRead
 .text._sdc_wait_for_transfer_state
                0x08002e60       0x50 build/obj/sdc.o
                0x08002e60                _sdc_wait_for_transfer_state
 .text.sdcDisconnect
                0x08002eb0       0x80 build/obj/sdc.o
                0x08002eb0                sdcDisconnect
 .text.sdcInit  0x08002f30       0x10 build/obj/sdc.o
                0x08002f30                sdcInit
 .text.sdcObjectInit
                0x08002f40       0x20 build/obj/sdc.o
                0x08002f40                sdcObjectInit
 .text.sdcStart
                0x08002f60       0x50 build/obj/sdc.o
                0x08002f60                sdcStart
 .text.sdcStop  0x08002fb0       0x50 build/obj/sdc.o
                0x08002fb0                sdcStop
 .text.readt    0x08003000       0x10 build/obj/serial.o
 .text.read     0x08003010       0x10 build/obj/serial.o
 .text.writet   0x08003020       0x10 build/obj/serial.o
 .text.write    0x08003030       0x10 build/obj/serial.o
 .text.gett     0x08003040       0x10 build/obj/serial.o
 .text.get      0x08003050       0x10 build/obj/serial.o
 .text.putt     0x08003060       0x10 build/obj/serial.o
 .text.put      0x08003070       0x10 build/obj/serial.o
 .text.sdInit   0x08003080       0x10 build/obj/serial.o
                0x08003080                sdInit
 .text.sdObjectInit
                0x08003090       0x50 build/obj/serial.o
                0x08003090                sdObjectInit
 .text.sdStart  0x080030e0       0x50 build/obj/serial.o
                0x080030e0                sdStart
 .text.sdStop   0x08003130       0x60 build/obj/serial.o
                0x08003130                sdStop
 .text.sdIncomingDataI
                0x08003190       0x50 build/obj/serial.o
                0x08003190                sdIncomingDataI
 .text.spiInit  0x080031e0       0x10 build/obj/spi.o
                0x080031e0                spiInit
 .text.spiObjectInit
                0x080031f0       0x10 build/obj/spi.o
                0x080031f0                spiObjectInit
 .text.spiStart
                0x08003200       0x50 build/obj/spi.o
                0x08003200                spiStart
 .text.spiStop  0x08003250       0x50 build/obj/spi.o
                0x08003250                spiStop
 .text.spiSelect
                0x080032a0       0x40 build/obj/spi.o
                0x080032a0                spiSelect
 .text.spiUnselect
                0x080032e0       0x40 build/obj/spi.o
                0x080032e0                spiUnselect
 .text.Vector6C
                0x08003320       0x40 build/obj/stm32_dma.o
                0x08003320                Vector6C
 .text.Vector70
                0x08003360       0x40 build/obj/stm32_dma.o
                0x08003360                Vector70
 .text.Vector74
                0x080033a0       0x40 build/obj/stm32_dma.o
                0x080033a0                Vector74
 .text.Vector78
                0x080033e0       0x40 build/obj/stm32_dma.o
                0x080033e0                Vector78
 .text.Vector7C
                0x08003420       0x40 build/obj/stm32_dma.o
                0x08003420                Vector7C
 .text.Vector80
                0x08003460       0x40 build/obj/stm32_dma.o
                0x08003460                Vector80
 .text.Vector84
                0x080034a0       0x40 build/obj/stm32_dma.o
                0x080034a0                Vector84
 .text.VectorFC
                0x080034e0       0x40 build/obj/stm32_dma.o
                0x080034e0                VectorFC
 .text.Vector120
                0x08003520       0x40 build/obj/stm32_dma.o
                0x08003520                Vector120
 .text.Vector124
                0x08003560       0x40 build/obj/stm32_dma.o
                0x08003560                Vector124
 .text.Vector128
                0x080035a0       0x40 build/obj/stm32_dma.o
                0x080035a0                Vector128
 .text.Vector12C
                0x080035e0       0x40 build/obj/stm32_dma.o
                0x080035e0                Vector12C
 .text.Vector130
                0x08003620       0x40 build/obj/stm32_dma.o
                0x08003620                Vector130
 .text.Vector150
                0x08003660       0x40 build/obj/stm32_dma.o
                0x08003660                Vector150
 .text.Vector154
                0x080036a0       0x40 build/obj/stm32_dma.o
                0x080036a0                Vector154
 .text.Vector158
                0x080036e0       0x40 build/obj/stm32_dma.o
                0x080036e0                Vector158
 .text.dmaInit  0x08003720      0x140 build/obj/stm32_dma.o
                0x08003720                dmaInit
 .text.dmaStreamAllocate
                0x08003860       0xc0 build/obj/stm32_dma.o
                0x08003860                dmaStreamAllocate
 .text.dmaStreamRelease
                0x08003920       0x80 build/obj/stm32_dma.o
                0x08003920                dmaStreamRelease
 .text.hal_lld_init
                0x080039a0       0xe0 build/obj/hal_lld.o
                0x080039a0                hal_lld_init
 .text.stm32_clock_init
                0x08003a80      0x120 build/obj/hal_lld.o
                0x08003a80                stm32_clock_init
 .text.adc_lld_init
                0x08003ba0       0x90 build/obj/adc_lld.o
                0x08003ba0                adc_lld_init
 .text.adc_lld_start
                0x08003c30      0x100 build/obj/adc_lld.o
                0x08003c30                adc_lld_start
 .text.adc_lld_stop
                0x08003d30       0x70 build/obj/adc_lld.o
                0x08003d30                adc_lld_stop
 .text.adc_lld_start_conversion
                0x08003da0       0x80 build/obj/adc_lld.o
                0x08003da0                adc_lld_start_conversion
 .text.adc_lld_stop_conversion
                0x08003e20       0x30 build/obj/adc_lld.o
                0x08003e20                adc_lld_stop_conversion
 .text.adc_lld_serve_rx_interrupt
                0x08003e50      0x110 build/obj/adc_lld.o
 .text.Vector88
                0x08003f60      0x170 build/obj/adc_lld.o
                0x08003f60                Vector88
 .text.adcSTM32EnableTSVREFE
                0x080040d0       0x20 build/obj/adc_lld.o
                0x080040d0                adcSTM32EnableTSVREFE
 .text.adcSTM32EnableVBATE
                0x080040f0       0x20 build/obj/adc_lld.o
                0x080040f0                adcSTM32EnableVBATE
 .text.Vector58
                0x08004110       0x30 build/obj/ext_lld_isr.o
                0x08004110                Vector58
 .text.Vector5C
                0x08004140       0x30 build/obj/ext_lld_isr.o
                0x08004140                Vector5C
 .text.Vector60
                0x08004170       0x30 build/obj/ext_lld_isr.o
                0x08004170                Vector60
 .text.Vector64
                0x080041a0       0x30 build/obj/ext_lld_isr.o
                0x080041a0                Vector64
 .text.Vector68
                0x080041d0       0x30 build/obj/ext_lld_isr.o
                0x080041d0                Vector68
 .text.Vector9C
                0x08004200       0x80 build/obj/ext_lld_isr.o
                0x08004200                Vector9C
 .text.VectorE0
                0x08004280       0x90 build/obj/ext_lld_isr.o
                0x08004280                VectorE0
 .text.Vector44
                0x08004310       0x40 build/obj/ext_lld_isr.o
                0x08004310                Vector44
 .text.VectorE4
                0x08004350       0x40 build/obj/ext_lld_isr.o
                0x08004350                VectorE4
 .text.VectorE8
                0x08004390       0x40 build/obj/ext_lld_isr.o
                0x08004390                VectorE8
 .text.Vector138
                0x080043d0       0x40 build/obj/ext_lld_isr.o
                0x080043d0                Vector138
 .text.Vector170
                0x08004410       0x40 build/obj/ext_lld_isr.o
                0x08004410                Vector170
 .text.Vector4C
                0x08004450       0x40 build/obj/ext_lld_isr.o
                0x08004450                Vector4C
 .text.ext_lld_exti_irq_enable
                0x08004490       0x80 build/obj/ext_lld_isr.o
                0x08004490                ext_lld_exti_irq_enable
 .text.ext_lld_exti_irq_disable
                0x08004510       0x60 build/obj/ext_lld_isr.o
                0x08004510                ext_lld_exti_irq_disable
 .text.ext_lld_init
                0x08004570       0x10 build/obj/ext_lld.o
                0x08004570                ext_lld_init
 .text.ext_lld_stop
                0x08004580       0x30 build/obj/ext_lld.o
                0x08004580                ext_lld_stop
 .text.ext_lld_channel_enable
                0x080045b0       0xc0 build/obj/ext_lld.o
                0x080045b0                ext_lld_channel_enable
 .text.ext_lld_channel_disable
                0x08004670       0x30 build/obj/ext_lld.o
                0x08004670                ext_lld_channel_disable
 .text.ext_lld_start
                0x080046a0       0x80 build/obj/ext_lld.o
                0x080046a0                ext_lld_start
 .text.VectorF4
                0x08004720       0x40 build/obj/gpt_lld.o
                0x08004720                VectorF4
 .text.gpt_lld_init
                0x08004760       0x20 build/obj/gpt_lld.o
                0x08004760                gpt_lld_init
 .text.gpt_lld_start
                0x08004780       0x80 build/obj/gpt_lld.o
                0x08004780                gpt_lld_start
 .text.gpt_lld_stop
                0x08004800       0x40 build/obj/gpt_lld.o
                0x08004800                gpt_lld_stop
 .text.gpt_lld_start_timer
                0x08004840       0x20 build/obj/gpt_lld.o
                0x08004840                gpt_lld_start_timer
 .text.icu_lld_serve_interrupt.constprop.0
                0x08004860       0x90 build/obj/icu_lld.o
 .text.VectorA4
                0x080048f0       0x20 build/obj/icu_lld.o
                0x080048f0                VectorA4
 .text.VectorAC
                0x08004910       0x20 build/obj/icu_lld.o
                0x08004910                VectorAC
 .text.icu_lld_init
                0x08004930       0x20 build/obj/icu_lld.o
                0x08004930                icu_lld_init
 .text.sdc_lld_collect_errors
                0x08004950       0x40 build/obj/sdc_lld.o
 .text.Vector104
                0x08004990       0x50 build/obj/sdc_lld.o
                0x08004990                Vector104
 .text.sdc_lld_init
                0x080049e0       0x30 build/obj/sdc_lld.o
                0x080049e0                sdc_lld_init
 .text.sdc_lld_start
                0x08004a10       0x70 build/obj/sdc_lld.o
                0x08004a10                sdc_lld_start
 .text.sdc_lld_stop
                0x08004a80       0x40 build/obj/sdc_lld.o
                0x08004a80                sdc_lld_stop
 .text.sdc_lld_start_clk
                0x08004ac0       0x20 build/obj/sdc_lld.o
                0x08004ac0                sdc_lld_start_clk
 .text.sdc_lld_set_data_clk
                0x08004ae0       0x20 build/obj/sdc_lld.o
                0x08004ae0                sdc_lld_set_data_clk
 .text.sdc_lld_stop_clk
                0x08004b00       0x10 build/obj/sdc_lld.o
                0x08004b00                sdc_lld_stop_clk
 .text.sdc_lld_set_bus_mode
                0x08004b10       0x30 build/obj/sdc_lld.o
                0x08004b10                sdc_lld_set_bus_mode
 .text.sdc_lld_send_cmd_none
                0x08004b40       0x30 build/obj/sdc_lld.o
                0x08004b40                sdc_lld_send_cmd_none
 .text.sdc_lld_send_cmd_short
                0x08004b70       0x40 build/obj/sdc_lld.o
                0x08004b70                sdc_lld_send_cmd_short
 .text.sdc_lld_send_cmd_short_crc
                0x08004bb0       0x40 build/obj/sdc_lld.o
                0x08004bb0                sdc_lld_send_cmd_short_crc
 .text.sdc_lld_wait_transaction_end
                0x08004bf0       0xc0 build/obj/sdc_lld.o
 .text.sdc_lld_error_cleanup
                0x08004cb0       0x80 build/obj/sdc_lld.o
 .text.sdc_lld_send_cmd_long_crc
                0x08004d30       0x50 build/obj/sdc_lld.o
                0x08004d30                sdc_lld_send_cmd_long_crc
 .text.sdc_lld_read_aligned
                0x08004d80       0xd0 build/obj/sdc_lld.o
                0x08004d80                sdc_lld_read_aligned
 .text.sdc_lld_write_aligned
                0x08004e50       0xe0 build/obj/sdc_lld.o
                0x08004e50                sdc_lld_write_aligned
 .text.sdc_lld_read
                0x08004f30       0xd0 build/obj/sdc_lld.o
                0x08004f30                sdc_lld_read
 .text.sdc_lld_write
                0x08005000       0xd0 build/obj/sdc_lld.o
                0x08005000                sdc_lld_write
 .text.sdc_lld_sync
                0x080050d0       0x10 build/obj/sdc_lld.o
                0x080050d0                sdc_lld_sync
 .text._pal_lld_init
                0x080050e0      0x1b0 build/obj/pal_lld.o
                0x080050e0                _pal_lld_init
 .text.rtc_lld_init
                0x08005290       0x50 build/obj/rtc_lld.o
                0x08005290                rtc_lld_init
 .text.rtc_lld_set_time
                0x080052e0       0x40 build/obj/rtc_lld.o
                0x080052e0                rtc_lld_set_time
 .text.rtc_lld_get_time
                0x08005320       0x40 build/obj/rtc_lld.o
                0x08005320                rtc_lld_get_time
 .text.rtc_lld_get_time_fat
                0x08005360       0xc0 build/obj/rtc_lld.o
                0x08005360                rtc_lld_get_time_fat
 .text.spi_lld_serve_rx_interrupt
                0x08005420       0xa0 build/obj/spi_lld.o
 .text.spi_lld_serve_tx_interrupt
                0x080054c0       0x20 build/obj/spi_lld.o
 .text.spi_lld_init
                0x080054e0       0x80 build/obj/spi_lld.o
                0x080054e0                spi_lld_init
 .text.spi_lld_start
                0x08005560      0x120 build/obj/spi_lld.o
                0x08005560                spi_lld_start
 .text.spi_lld_stop
                0x08005680       0x60 build/obj/spi_lld.o
                0x08005680                spi_lld_stop
 .text.spi_lld_select
                0x080056e0       0x20 build/obj/spi_lld.o
                0x080056e0                spi_lld_select
 .text.spi_lld_unselect
                0x08005700       0x20 build/obj/spi_lld.o
                0x08005700                spi_lld_unselect
 .text.spi_lld_send
                0x08005720       0x40 build/obj/spi_lld.o
                0x08005720                spi_lld_send
 .text.spi_lld_receive
                0x08005760       0x40 build/obj/spi_lld.o
                0x08005760                spi_lld_receive
 .text.spi_lld_polled_exchange
                0x080057a0       0x10 build/obj/spi_lld.o
                0x080057a0                spi_lld_polled_exchange
 .text.notify1  0x080057b0       0x20 build/obj/serial_lld.o
 .text.notify2  0x080057d0       0x20 build/obj/serial_lld.o
 .text.notify6  0x080057f0       0x20 build/obj/serial_lld.o
 .text.serve_interrupt
                0x08005810      0x160 build/obj/serial_lld.o
 .text.VectorD4
                0x08005970       0x20 build/obj/serial_lld.o
                0x08005970                VectorD4
 .text.VectorD8
                0x08005990       0x20 build/obj/serial_lld.o
                0x08005990                VectorD8
 .text.Vector15C
                0x080059b0       0x20 build/obj/serial_lld.o
                0x080059b0                Vector15C
 .text.sd_lld_init
                0x080059d0       0x70 build/obj/serial_lld.o
                0x080059d0                sd_lld_init
 .text.sd_lld_start
                0x08005a40       0xf0 build/obj/serial_lld.o
                0x08005a40                sd_lld_start
 .text.sd_lld_stop
                0x08005b30       0x80 build/obj/serial_lld.o
                0x08005b30                sd_lld_stop
 .text.__early_init
                0x08005bb0       0x10 build/obj/board.o
                0x08005bb0                __early_init
 .text.sdc_lld_is_card_inserted
                0x08005bc0       0x20 build/obj/board.o
                0x08005bc0                sdc_lld_is_card_inserted
 .text.sdc_lld_is_write_protected
                0x08005be0       0x10 build/obj/board.o
                0x08005be0                sdc_lld_is_write_protected
 .text.boardInit
                0x08005bf0       0x10 build/obj/board.o
                0x08005bf0                boardInit
 .text.long_to_string_with_divisor
                0x08005c00       0x70 build/obj/chprintf.o
 .text.chprintf
                0x08005c70      0x470 build/obj/chprintf.o
                0x08005c70                chprintf
 .text.stm32_rtc_bcd2tm
                0x080060e0       0xb0 build/obj/chrtclib.o
 .text.stm32_rtc_tm2bcd
                0x08006190      0x110 build/obj/chrtclib.o
 .text.rtcGetTimeTm
                0x080062a0       0x30 build/obj/chrtclib.o
                0x080062a0                rtcGetTimeTm
 .text.rtcSetTimeTm
                0x080062d0       0x30 build/obj/chrtclib.o
                0x080062d0                rtcSetTimeTm
 .text.put      0x08006300       0x20 build/obj/memstreams.o
 .text.get      0x08006320       0x20 build/obj/memstreams.o
 .text.reads    0x08006340       0x30 build/obj/memstreams.o
 .text.writes   0x08006370       0x30 build/obj/memstreams.o
 .text.msObjectInit
                0x080063a0       0x20 build/obj/memstreams.o
                0x080063a0                msObjectInit
 .text.disk_initialize
                0x080063c0       0x30 build/obj/fatfs_diskio.o
                0x080063c0                disk_initialize
 .text.disk_status
                0x080063f0       0x30 build/obj/fatfs_diskio.o
                0x080063f0                disk_status
 .text.disk_read
                0x08006420       0x30 build/obj/fatfs_diskio.o
                0x08006420                disk_read
 .text.disk_write
                0x08006450       0x30 build/obj/fatfs_diskio.o
                0x08006450                disk_write
 .text.disk_ioctl
                0x08006480       0x40 build/obj/fatfs_diskio.o
                0x08006480                disk_ioctl
 .text.get_fattime
                0x080064c0       0x10 build/obj/fatfs_diskio.o
                0x080064c0                get_fattime
 .text.validate
                0x080064d0       0x30 build/obj/ff.o
 .text.sync_window
                0x08006500       0x70 build/obj/ff.o
 .text.sync_fs  0x08006570       0xd0 build/obj/ff.o
 .text.check_fs
                0x08006640       0x90 build/obj/ff.o
 .text.chk_mounted
                0x080066d0      0x330 build/obj/ff.o
 .text.move_window
                0x08006a00       0x30 build/obj/ff.o
 .text.get_fat  0x08006a30       0xd0 build/obj/ff.o
                0x08006a30                get_fat
 .text.dir_sdi  0x08006b00       0xa0 build/obj/ff.o
 .text.put_fat  0x08006ba0      0x110 build/obj/ff.o
                0x08006ba0                put_fat
 .text.create_chain
                0x08006cb0       0xa0 build/obj/ff.o
 .text.dir_next
                0x08006d50      0x130 build/obj/ff.o
 .text.follow_path
                0x08006e80      0x270 build/obj/ff.o
 .text.dir_alloc.part.7.constprop.11
                0x080070f0       0x30 build/obj/ff.o
 .text.dir_register
                0x08007120       0x70 build/obj/ff.o
 .text.remove_chain
                0x08007190       0x60 build/obj/ff.o
 .text.f_mount  0x080071f0       0x20 build/obj/ff.o
                0x080071f0                f_mount
 .text.f_open   0x08007210      0x190 build/obj/ff.o
                0x08007210                f_open
 .text.f_write  0x080073a0      0x260 build/obj/ff.o
                0x080073a0                f_write
 .text.f_sync   0x08007600       0xb0 build/obj/ff.o
                0x08007600                f_sync
 .text.f_close  0x080076b0       0x10 build/obj/ff.o
                0x080076b0                f_close
 .text.f_opendir
                0x080076c0       0x80 build/obj/ff.o
                0x080076c0                f_opendir
 .text.f_getfree
                0x08007740      0x1f0 build/obj/ff.o
                0x08007740                f_getfree
 .text.f_mkdir  0x08007930      0x260 build/obj/ff.o
                0x08007930                f_mkdir
 .text.adc_trigger_cb
                0x08007b90       0x50 build/obj/kb_adc.o
                0x08007b90                adc_trigger_cb
 .text.adc_cb   0x08007be0       0x70 build/obj/kb_adc.o
                0x08007be0                adc_cb
 .text.kuroBoxADCInit
                0x08007c50       0x50 build/obj/kb_adc.o
                0x08007c50                kuroBoxADCInit
 .text.kuroBoxADCStop
                0x08007ca0       0x40 build/obj/kb_adc.o
                0x08007ca0                kuroBoxADCStop
 .text.kuroBoxButtonsInit
                0x08007ce0       0x40 build/obj/kb_buttons.o
                0x08007ce0                kuroBoxButtonsInit
 .text.kuroBoxButtonsStop
                0x08007d20       0x10 build/obj/kb_buttons.o
                0x08007d20                kuroBoxButtonsStop
 .text.btn_0_exti_cb
                0x08007d30       0x40 build/obj/kb_buttons.o
                0x08007d30                btn_0_exti_cb
 .text.btn_1_exti_cb
                0x08007d70       0x40 build/obj/kb_buttons.o
                0x08007d70                btn_1_exti_cb
 .text.kbc_load
                0x08007db0       0x70 build/obj/kb_config.o
                0x08007db0                kbc_load
 .text.kbc_write
                0x08007e20       0x30 build/obj/kb_config.o
                0x08007e20                kbc_write
 .text.kbc_save
                0x08007e50       0x60 build/obj/kb_config.o
                0x08007e50                kbc_save
 .text.kuroBoxConfigInit
                0x08007eb0       0x80 build/obj/kb_config.o
                0x08007eb0                kuroBoxConfigInit
 .text.kuroBoxConfigStop
                0x08007f30       0x10 build/obj/kb_config.o
                0x08007f30                kuroBoxConfigStop
 .text.hard_fault_handler_c
                0x08007f40      0x130 build/obj/kb_debug.o
                0x08007f40                hard_fault_handler_c
 .text.thFeatureA
                0x08008070      0x170 build/obj/kb_featureA.o
 .text.kbfa_getFeature
                0x080081e0       0x10 build/obj/kb_featureA.o
                0x080081e0                kbfa_getFeature
 .text.kbfa_setFeature
                0x080081f0       0x10 build/obj/kb_featureA.o
                0x080081f0                kbfa_setFeature
 .text.kbfa_changeFeature
                0x08008200       0x50 build/obj/kb_featureA.o
                0x08008200                kbfa_changeFeature
 .text.kuroBoxFeatureAInit
                0x08008250       0x40 build/obj/kb_featureA.o
                0x08008250                kuroBoxFeatureAInit
 .text.kuroBoxFeatureAStop
                0x08008290       0x20 build/obj/kb_featureA.o
                0x08008290                kuroBoxFeatureAStop
 .text.thGps    0x080082b0      0x130 build/obj/kb_gps.o
 .text.ecef_to_lla
                0x080083e0      0x220 build/obj/kb_gps.o
                0x080083e0                ecef_to_lla
 .text.gps_timepulse_exti_cb
                0x08008600       0x20 build/obj/kb_gps.o
                0x08008600                gps_timepulse_exti_cb
 .text.kuroBoxGPSInit
                0x08008620       0x50 build/obj/kb_gps.o
                0x08008620                kuroBoxGPSInit
 .text.kuroBoxGPSStop
                0x08008670       0x20 build/obj/kb_gps.o
                0x08008670                kuroBoxGPSStop
 .text.kbg_getUbxNavSol
                0x08008690       0x10 build/obj/kb_gps.o
                0x08008690                kbg_getUbxNavSol
 .text.thWriter
                0x080086a0      0x460 build/obj/kb_logger.o
 .text.thLogger
                0x08008b00      0x200 build/obj/kb_logger.o
 .text.kuroBoxLoggerInit
                0x08008d00       0x80 build/obj/kb_logger.o
                0x08008d00                kuroBoxLoggerInit
 .text.kuroBoxLoggerStop
                0x08008d80       0x60 build/obj/kb_logger.o
                0x08008d80                kuroBoxLoggerStop
 .text.kbl_setLTC
                0x08008de0       0x20 build/obj/kb_logger.o
                0x08008de0                kbl_setLTC
 .text.kbl_incPPS
                0x08008e00       0x20 build/obj/kb_logger.o
                0x08008e00                kbl_incPPS
 .text.kbl_setGpsNavSol
                0x08008e20       0x60 build/obj/kb_logger.o
                0x08008e20                kbl_setGpsNavSol
 .text.kbl_setVNav
                0x08008e80       0x30 build/obj/kb_logger.o
                0x08008e80                kbl_setVNav
 .text.mi_exit  0x08008eb0       0x10 build/obj/kb_menu.o
 .text.mi_led3  0x08008ec0       0x20 build/obj/kb_menu.o
 .text.mi_lcd_backlight
                0x08008ee0       0x20 build/obj/kb_menu.o
 .text.mi_standby
                0x08008f00       0x20 build/obj/kb_menu.o
 .text.mi_time_from_gps
                0x08008f20       0xa0 build/obj/kb_menu.o
 .text.mi_time_from_ltc
                0x08008fc0       0x40 build/obj/kb_menu.o
 .text.mi_serial2_getbaud
                0x08009000       0x10 build/obj/kb_menu.o
 .text.mi_serial1_getbaud
                0x08009010       0x10 build/obj/kb_menu.o
 .text.mi_serial2_baud
                0x08009020       0x10 build/obj/kb_menu.o
 .text.mi_serial1_baud
                0x08009030       0x10 build/obj/kb_menu.o
 .text.mi_serial2_pwr
                0x08009040       0x20 build/obj/kb_menu.o
 .text.mi_serial1_pwr
                0x08009060       0x20 build/obj/kb_menu.o
 .text.mi_featureA_getFeature
                0x08009080       0x10 build/obj/kb_menu.o
 .text.mi_featureA_change
                0x08009090       0x10 build/obj/kb_menu.o
 .text.kbm_display
                0x080090a0      0x1a0 build/obj/kb_menu.o
                0x080090a0                kbm_display
 .text.kbm_btn0
                0x08009240       0x20 build/obj/kb_menu.o
                0x08009240                kbm_btn0
 .text.kbm_btn1
                0x08009260       0x20 build/obj/kb_menu.o
                0x08009260                kbm_btn1
 .text.kuroBoxMenuInit
                0x08009280       0x30 build/obj/kb_menu.o
                0x08009280                kuroBoxMenuInit
 .text.kuroBoxMenuStop
                0x080092b0       0x10 build/obj/kb_menu.o
                0x080092b0                kuroBoxMenuStop
 .text.thScreen
                0x080092c0      0x390 build/obj/kb_screen.o
 .text.kuroBoxScreenInit
                0x08009650       0x50 build/obj/kb_screen.o
                0x08009650                kuroBoxScreenInit
 .text.kuroBoxScreenStop
                0x080096a0       0x30 build/obj/kb_screen.o
                0x080096a0                kuroBoxScreenStop
 .text.kbs_setVoltage
                0x080096d0       0x10 build/obj/kb_screen.o
                0x080096d0                kbs_setVoltage
 .text.kbs_setTemperature
                0x080096e0       0x10 build/obj/kb_screen.o
                0x080096e0                kbs_setTemperature
 .text.kbs_setLTC
                0x080096f0       0x10 build/obj/kb_screen.o
                0x080096f0                kbs_setLTC
 .text.kbs_setWriteCount
                0x08009700       0x10 build/obj/kb_screen.o
                0x08009700                kbs_setWriteCount
 .text.kbs_setWriteErrors
                0x08009710       0x10 build/obj/kb_screen.o
                0x08009710                kbs_setWriteErrors
 .text.kbs_setSDCFree
                0x08009720       0x10 build/obj/kb_screen.o
                0x08009720                kbs_setSDCFree
 .text.kbs_setFName
                0x08009730       0x10 build/obj/kb_screen.o
                0x08009730                kbs_setFName
 .text.kbs_btn0
                0x08009740       0x10 build/obj/kb_screen.o
                0x08009740                kbs_btn0
 .text.kbs_btn1
                0x08009750       0x10 build/obj/kb_screen.o
                0x08009750                kbs_btn1
 .text.kbs_PPS  0x08009760       0x10 build/obj/kb_screen.o
                0x08009760                kbs_PPS
 .text.kbs_setGpsEcef
                0x08009770       0x10 build/obj/kb_screen.o
                0x08009770                kbs_setGpsEcef
 .text.kbs_setYPR
                0x08009780       0x10 build/obj/kb_screen.o
                0x08009780                kbs_setYPR
 .text.kuroBoxSerialInit
                0x08009790       0x50 build/obj/kb_serial.o
                0x08009790                kuroBoxSerialInit
 .text.kuroBoxSerialStop
                0x080097e0       0x30 build/obj/kb_serial.o
                0x080097e0                kuroBoxSerialStop
 .text.kbse_setPower
                0x08009810       0x40 build/obj/kb_serial.o
                0x08009810                kbse_setPower
 .text.kbse_getPower
                0x08009850       0x40 build/obj/kb_serial.o
                0x08009850                kbse_getPower
 .text.kbse_getBaud
                0x08009890       0x30 build/obj/kb_serial.o
                0x08009890                kbse_getBaud
 .text.kbse_changeBaud
                0x080098c0       0xe0 build/obj/kb_serial.o
                0x080098c0                kbse_changeBaud
 .text.kbse_setBaud
                0x080099a0       0x90 build/obj/kb_serial.o
                0x080099a0                kbse_setBaud
 .text.ltc_store
                0x08009a30      0x140 build/obj/kb_time.o
 .text.ltc_exti_cb
                0x08009b70       0x70 build/obj/kb_time.o
                0x08009b70                ltc_exti_cb
 .text.kbt_getLTC
                0x08009be0       0x10 build/obj/kb_time.o
                0x08009be0                kbt_getLTC
 .text.kuroBoxTimeInit
                0x08009bf0       0x20 build/obj/kb_time.o
                0x08009bf0                kuroBoxTimeInit
 .text.kuroBoxTimeStop
                0x08009c10       0x10 build/obj/kb_time.o
                0x08009c10                kuroBoxTimeStop
 .text.calc_checksum_8
                0x08009c20       0x40 build/obj/kb_util.o
                0x08009c20                calc_checksum_8
 .text.calc_checksum_16
                0x08009c60       0x70 build/obj/kb_util.o
                0x08009c60                calc_checksum_16
 .text.vectornav_gpt_end_cb
                0x08009cd0       0x70 build/obj/kb_vectornav.o
                0x08009cd0                vectornav_gpt_end_cb
 .text.vectornav_dispatch_register
                0x08009d40       0x50 build/obj/kb_vectornav.o
                0x08009d40                vectornav_dispatch_register
 .text.vectornav_spi_end_cb
                0x08009d90       0x70 build/obj/kb_vectornav.o
                0x08009d90                vectornav_spi_end_cb
 .text.kbv_getYPR
                0x08009e00       0x20 build/obj/kb_vectornav.o
                0x08009e00                kbv_getYPR
 .text.vn_dr_int_exti_cb
                0x08009e20       0x60 build/obj/kb_vectornav.o
                0x08009e20                vn_dr_int_exti_cb
 .text.kuroBoxVectorNavInit
                0x08009e80       0x30 build/obj/kb_vectornav.o
                0x08009e80                kuroBoxVectorNavInit
 .text.kuroBoxVectorNavStop
                0x08009eb0       0x20 build/obj/kb_vectornav.o
                0x08009eb0                kuroBoxVectorNavStop
 .text.thBlinker
                0x08009ed0       0x40 build/obj/main.o
 .text.kuroBox_panic
                0x08009f10       0x10 build/obj/main.o
                0x08009f10                kuroBox_panic
 .text.kuroBoxInit
                0x08009f20      0x170 build/obj/main.o
                0x08009f20                kuroBoxInit
 .text.kuroBoxStop
                0x0800a090       0xa0 build/obj/main.o
                0x0800a090                kuroBoxStop
 .text.spiEepromStart
                0x0800a130       0x10 build/obj/spiEEPROM.o
                0x0800a130                spiEepromStart
 .text.st7565_display
                0x0800a140      0x190 build/obj/ST7565.o
                0x0800a140                st7565_display
 .text.st7565Start
                0x0800a2d0      0x110 build/obj/ST7565.o
                0x0800a2d0                st7565Start
 .text.st7565_clear
                0x0800a3e0       0x50 build/obj/ST7565.o
                0x0800a3e0                st7565_clear
 .text.st7565_drawchar
                0x0800a430       0xb0 build/obj/ST7565.o
                0x0800a430                st7565_drawchar
 .text.st7565_drawstring
                0x0800a4e0       0x50 build/obj/ST7565.o
                0x0800a4e0                st7565_drawstring
 .text.st7565_setpixel
                0x0800a530       0x90 build/obj/ST7565.o
                0x0800a530                st7565_setpixel
 .text.st7565_drawline
                0x0800a5c0      0x200 build/obj/ST7565.o
                0x0800a5c0                st7565_drawline
 .text.st7565_fillrect
                0x0800a7c0       0xb0 build/obj/ST7565.o
                0x0800a7c0                st7565_fillrect
 .text.cos      0x0800a870       0x90 c:/chibistudio/tools/gnu tools arm embedded/4.7 2013q1/bin/../lib/gcc/arm-none-eabi/4.7.3/../../../../arm-none-eabi/lib/armv7e-m\libm.a(lib_a-s_cos.o)
                0x0800a870                cos
 .text.sin      0x0800a900       0x98 c:/chibistudio/tools/gnu tools arm embedded/4.7 2013q1/bin/../lib/gcc/arm-none-eabi/4.7.3/../../../../arm-none-eabi/lib/armv7e-m\libm.a(lib_a-s_sin.o)
                0x0800a900                sin
 *fill*         0x0800a998        0x8 00
 .text.atan2    0x0800a9a0        0x4 c:/chibistudio/tools/gnu tools arm embedded/4.7 2013q1/bin/../lib/gcc/arm-none-eabi/4.7.3/../../../../arm-none-eabi/lib/armv7e-m\libm.a(lib_a-w_atan2.o)
                0x0800a9a0                atan2
 *fill*         0x0800a9a4        0xc 00
 .text.pow      0x0800a9b0      0x310 c:/chibistudio/tools/gnu tools arm embedded/4.7 2013q1/bin/../lib/gcc/arm-none-eabi/4.7.3/../../../../arm-none-eabi/lib/armv7e-m\libm.a(lib_a-w_pow.o)
                0x0800a9b0                pow
 .text.sqrt     0x0800acc0       0xa8 c:/chibistudio/tools/gnu tools arm embedded/4.7 2013q1/bin/../lib/gcc/arm-none-eabi/4.7.3/../../../../arm-none-eabi/lib/armv7e-m\libm.a(lib_a-w_sqrt.o)
                0x0800acc0                sqrt
 *fill*         0x0800ad68        0x8 00
 .text.__ieee754_atan2
                0x0800ad70      0x218 c:/chibistudio/tools/gnu tools arm embedded/4.7 2013q1/bin/../lib/gcc/arm-none-eabi/4.7.3/../../../../arm-none-eabi/lib/armv7e-m\libm.a(lib_a-e_atan2.o)
                0x0800ad70                __ieee754_atan2
 *fill*         0x0800af88        0x8 00
 .text.__ieee754_pow
                0x0800af90      0xb20 c:/chibistudio/tools/gnu tools arm embedded/4.7 2013q1/bin/../lib/gcc/arm-none-eabi/4.7.3/../../../../arm-none-eabi/lib/armv7e-m\libm.a(lib_a-e_pow.o)
                0x0800af90                __ieee754_pow
 .text.__ieee754_rem_pio2
                0x0800bab0      0x468 c:/chibistudio/tools/gnu tools arm embedded/4.7 2013q1/bin/../lib/gcc/arm-none-eabi/4.7.3/../../../../arm-none-eabi/lib/armv7e-m\libm.a(lib_a-e_rem_pio2.o)
                0x0800bab0                __ieee754_rem_pio2
 *fill*         0x0800bf18        0x8 00
 .text.__ieee754_sqrt
                0x0800bf20      0x208 c:/chibistudio/tools/gnu tools arm embedded/4.7 2013q1/bin/../lib/gcc/arm-none-eabi/4.7.3/../../../../arm-none-eabi/lib/armv7e-m\libm.a(lib_a-e_sqrt.o)
                0x0800bf20                __ieee754_sqrt
 *fill*         0x0800c128        0x8 00
 .text.__kernel_cos
                0x0800c130      0x258 c:/chibistudio/tools/gnu tools arm embedded/4.7 2013q1/bin/../lib/gcc/arm-none-eabi/4.7.3/../../../../arm-none-eabi/lib/armv7e-m\libm.a(lib_a-k_cos.o)
                0x0800c130                __kernel_cos
 *fill*         0x0800c388        0x8 00
 .text.__kernel_rem_pio2
                0x0800c390      0xdec c:/chibistudio/tools/gnu tools arm embedded/4.7 2013q1/bin/../lib/gcc/arm-none-eabi/4.7.3/../../../../arm-none-eabi/lib/armv7e-m\libm.a(lib_a-k_rem_pio2.o)
                0x0800c390                __kernel_rem_pio2
 *fill*         0x0800d17c        0x4 00
 .text.__kernel_sin
                0x0800d180      0x170 c:/chibistudio/tools/gnu tools arm embedded/4.7 2013q1/bin/../lib/gcc/arm-none-eabi/4.7.3/../../../../arm-none-eabi/lib/armv7e-m\libm.a(lib_a-k_sin.o)
                0x0800d180                __kernel_sin
 .text.atan     0x0800d2f0      0x368 c:/chibistudio/tools/gnu tools arm embedded/4.7 2013q1/bin/../lib/gcc/arm-none-eabi/4.7.3/../../../../arm-none-eabi/lib/armv7e-m\libm.a(lib_a-s_atan.o)
                0x0800d2f0                atan
 *fill*         0x0800d658        0x8 00
 .text.fabs     0x0800d660        0x8 c:/chibistudio/tools/gnu tools arm embedded/4.7 2013q1/bin/../lib/gcc/arm-none-eabi/4.7.3/../../../../arm-none-eabi/lib/armv7e-m\libm.a(lib_a-s_fabs.o)
                0x0800d660                fabs
 *fill*         0x0800d668        0x8 00
 .text.finite   0x0800d670        0xc c:/chibistudio/tools/gnu tools arm embedded/4.7 2013q1/bin/../lib/gcc/arm-none-eabi/4.7.3/../../../../arm-none-eabi/lib/armv7e-m\libm.a(lib_a-s_finite.o)
                0x0800d670                finite
 *fill*         0x0800d67c        0x4 00
 .text.floor    0x0800d680      0x110 c:/chibistudio/tools/gnu tools arm embedded/4.7 2013q1/bin/../lib/gcc/arm-none-eabi/4.7.3/../../../../arm-none-eabi/lib/armv7e-m\libm.a(lib_a-s_floor.o)
                0x0800d680                floor
 .text.__fpclassifyd
                0x0800d790       0x68 c:/chibistudio/tools/gnu tools arm embedded/4.7 2013q1/bin/../lib/gcc/arm-none-eabi/4.7.3/../../../../arm-none-eabi/lib/armv7e-m\libm.a(lib_a-s_fpclassify.o)
                0x0800d790                __fpclassifyd
 *fill*         0x0800d7f8        0x8 00
 .text.matherr  0x0800d800        0x4 c:/chibistudio/tools/gnu tools arm embedded/4.7 2013q1/bin/../lib/gcc/arm-none-eabi/4.7.3/../../../../arm-none-eabi/lib/armv7e-m\libm.a(lib_a-s_matherr.o)
                0x0800d800                matherr
 *fill*         0x0800d804        0xc 00
 .text.nan      0x0800d810        0xc c:/chibistudio/tools/gnu tools arm embedded/4.7 2013q1/bin/../lib/gcc/arm-none-eabi/4.7.3/../../../../arm-none-eabi/lib/armv7e-m\libm.a(lib_a-s_nan.o)
                0x0800d810                nan
 *fill*         0x0800d81c        0x4 00
 .text.rint     0x0800d820      0x128 c:/chibistudio/tools/gnu tools arm embedded/4.7 2013q1/bin/../lib/gcc/arm-none-eabi/4.7.3/../../../../arm-none-eabi/lib/armv7e-m\libm.a(lib_a-s_rint.o)
                0x0800d820                rint
 *fill*         0x0800d948        0x8 00
 .text.scalbn   0x0800d950      0x108 c:/chibistudio/tools/gnu tools arm embedded/4.7 2013q1/bin/../lib/gcc/arm-none-eabi/4.7.3/../../../../arm-none-eabi/lib/armv7e-m\libm.a(lib_a-s_scalbn.o)
                0x0800d950                scalbn
 *fill*         0x0800da58        0x8 00
 .text.copysign
                0x0800da60       0x18 c:/chibistudio/tools/gnu tools arm embedded/4.7 2013q1/bin/../lib/gcc/arm-none-eabi/4.7.3/../../../../arm-none-eabi/lib/armv7e-m\libm.a(lib_a-s_copysign.o)
                0x0800da60                copysign
 *fill*         0x0800da78        0x8 00
 .text.__errno  0x0800da80        0xc c:/chibistudio/tools/gnu tools arm embedded/4.7 2013q1/bin/../lib/gcc/arm-none-eabi/4.7.3/../../../../arm-none-eabi/lib/armv7e-m\libc.a(lib_a-errno.o)
                0x0800da80                __errno
 *fill*         0x0800da8c        0x4 00
 .text.memcpy   0x0800da90      0x144 c:/chibistudio/tools/gnu tools arm embedded/4.7 2013q1/bin/../lib/gcc/arm-none-eabi/4.7.3/../../../../arm-none-eabi/lib/armv7e-m\libc.a(lib_a-memcpy.o)
                0x0800da90                memcpy
 *fill*         0x0800dbd4        0xc 00
 .text.memset   0x0800dbe0      0x12c c:/chibistudio/tools/gnu tools arm embedded/4.7 2013q1/bin/../lib/gcc/arm-none-eabi/4.7.3/../../../../arm-none-eabi/lib/armv7e-m\libc.a(lib_a-memset.o)
                0x0800dbe0                memset
 *fill*         0x0800dd0c        0x4 00
 .text.strcpy   0x0800dd10       0xbc c:/chibistudio/tools/gnu tools arm embedded/4.7 2013q1/bin/../lib/gcc/arm-none-eabi/4.7.3/../../../../arm-none-eabi/lib/armv7e-m\libc.a(lib_a-strcpy.o)
                0x0800dd10                strcpy
 *(.rodata)
 *fill*         0x0800ddcc        0x4 00
 .rodata        0x0800ddd0       0x10 build/obj/kb_featureA.o
 *(.rodata.*)
 .rodata.str1.4
                0x0800dde0        0x5 build/obj/chsys.o
                                  0x8 (size before relaxing)
 *fill*         0x0800dde5        0xb 00
 .rodata.str1.4
                0x0800ddf0       0x55 build/obj/chdebug.o
                                 0x58 (size before relaxing)
 *fill*         0x0800de45        0xb 00
 .rodata.str1.4
                0x0800de50       0x31 build/obj/chvt.o
                                 0x34 (size before relaxing)
 *fill*         0x0800de81        0xf 00
 .rodata.str1.4
                0x0800de90       0x23 build/obj/chschd.o
                                 0x24 (size before relaxing)
 *fill*         0x0800deb3        0xd 00
 .rodata.str1.4
                0x0800dec0       0x94 build/obj/chthreads.o
 *fill*         0x0800df54        0xc 00
 .rodata.str1.4
                0x0800df60       0x46 build/obj/chdynamic.o
                                 0x48 (size before relaxing)
 *fill*         0x0800dfa6        0xa 00
 .rodata.ch_debug
                0x0800dfb0       0x18 build/obj/chregistry.o
                0x0800dfb0                ch_debug
 *fill*         0x0800dfc8        0x8 00
 .rodata.str1.4
                0x0800dfd0      0x146 build/obj/chsem.o
                                0x148 (size before relaxing)
 *fill*         0x0800e116        0xa 00
 .rodata.str1.4
                0x0800e120       0xab build/obj/chmtx.o
                                 0xac (size before relaxing)
 *fill*         0x0800e1cb        0x5 00
 .rodata.str1.4
                0x0800e1d0       0x90 build/obj/chevents.o
 .rodata.str1.4
                0x0800e260       0x87 build/obj/chmboxes.o
                                 0x88 (size before relaxing)
 *fill*         0x0800e2e7        0x9 00
 .rodata.str1.4
                0x0800e2f0       0x29 build/obj/chqueues.o
                                 0x2c (size before relaxing)
 *fill*         0x0800e319        0x7 00
 .rodata.str1.4
                0x0800e320       0x31 build/obj/chheap.o
                                 0x34 (size before relaxing)
 *fill*         0x0800e351        0xf 00
 .rodata.str1.4
                0x0800e360       0x48 build/obj/chmempools.o
 *fill*         0x0800e3a8        0x8 00
 .rodata.str1.4
                0x0800e3b0      0x10e build/obj/adc.o
                                0x110 (size before relaxing)
 *fill*         0x0800e4be        0x2 00
 .rodata.str1.4
                0x0800e4c0       0xcd build/obj/ext.o
                                 0xd0 (size before relaxing)
 *fill*         0x0800e58d        0x3 00
 .rodata.str1.4
                0x0800e590      0x109 build/obj/gpt.o
                                0x10c (size before relaxing)
 *fill*         0x0800e699        0x7 00
 .rodata.str1.4
                0x0800e6a0       0x14 build/obj/mmcsd.o
 *fill*         0x0800e6b4        0xc 00
 .rodata.str1.4
                0x0800e6c0       0x40 build/obj/rtc.o
 .rodata.sdc_vmt
                0x0800e700       0x20 build/obj/sdc.o
 .rodata.str1.4
                0x0800e720      0x137 build/obj/sdc.o
                                0x138 (size before relaxing)
 *fill*         0x0800e857        0x9 00
 .rodata.str1.4
                0x0800e860       0x5f build/obj/serial.o
                                 0x60 (size before relaxing)
 *fill*         0x0800e8bf        0x1 00
 .rodata.vmt    0x0800e8c0       0x20 build/obj/serial.o
 .rodata.str1.4
                0x0800e8e0      0x236 build/obj/spi.o
                                0x238 (size before relaxing)
 *fill*         0x0800eb16        0xa 00
 .rodata.str1.4
                0x0800eb20       0x47 build/obj/stm32_dma.o
                                 0x48 (size before relaxing)
 *fill*         0x0800eb67        0x9 00
 .rodata._stm32_dma_streams
                0x0800eb70       0xc0 build/obj/stm32_dma.o
                0x0800eb70                _stm32_dma_streams
 .rodata.str1.4
                0x0800ec30       0x3c build/obj/adc_lld.o
 *fill*         0x0800ec6c        0x4 00
 .rodata.str1.4
                0x0800ec70       0x14 build/obj/gpt_lld.o
 *fill*         0x0800ec84        0xc 00
 .rodata.str1.4
                0x0800ec90       0x7d build/obj/sdc_lld.o
                                 0x80 (size before relaxing)
 *fill*         0x0800ed0d        0x3 00
 .rodata.str1.4
                0x0800ed10       0x50 build/obj/spi_lld.o
 .rodata.default_config
                0x0800ed60        0xc build/obj/serial_lld.o
 *fill*         0x0800ed6c        0x4 00
 .rodata.pal_default_config
                0x0800ed70       0xfc build/obj/board.o
                0x0800ed70                pal_default_config
 *fill*         0x0800ee6c        0x4 00
 .rodata.str1.4
                0x0800ee70        0x7 build/obj/chprintf.o
                                  0x8 (size before relaxing)
 *fill*         0x0800ee77        0x9 00
 .rodata.vmt    0x0800ee80       0x10 build/obj/memstreams.o
 .rodata.str1.4
                0x0800ee90       0x54 build/obj/ff.o
 *fill*         0x0800eee4        0xc 00
 .rodata.ExCvt  0x0800eef0       0x80 build/obj/ff.o
 .rodata.ST7565font
                0x0800ef70      0x4fc build/obj/glcdfont.o
                0x0800ef70                ST7565font
 *fill*         0x0800f46c        0x4 00
 .rodata.adc_grp_cfg
                0x0800f470       0x28 build/obj/kb_adc.o
 *fill*         0x0800f498        0x8 00
 .rodata.str1.4
                0x0800f4a0      0x114 build/obj/kb_debug.o
 *fill*         0x0800f5b4        0xc 00
 .rodata.str1.4
                0x0800f5c0       0x24 build/obj/kb_featureA.o
 *fill*         0x0800f5e4        0xc 00
 .rodata.str1.4
                0x0800f5f0        0x4 build/obj/kb_gps.o
 *fill*         0x0800f5f4        0xc 00
 .rodata.str1.4
                0x0800f600       0xa9 build/obj/kb_logger.o
                                 0xac (size before relaxing)
 *fill*         0x0800f6a9        0x7 00
 .rodata.str1.4
                0x0800f6b0       0x21 build/obj/kb_menu.o
                                 0x24 (size before relaxing)
 *fill*         0x0800f6d1        0xf 00
 .rodata.str1.4
                0x0800f6e0       0x6b build/obj/kb_screen.o
                                 0x6c (size before relaxing)
 *fill*         0x0800f74b        0x5 00
 .rodata.default_vectornav_config
                0x0800f750       0x14 build/obj/kb_vectornav.o
 *fill*         0x0800f764        0xc 00
 .rodata.str1.4
                0x0800f770       0x2a build/obj/main.o
                                 0x2c (size before relaxing)
 *fill*         0x0800f79a        0x6 00
 .rodata.extcfg
                0x0800f7a0       0xb8 build/obj/main.o
 *fill*         0x0800f858        0x8 00
 .rodata.sdio_cfg
                0x0800f860        0x4 build/obj/main.o
 *fill*         0x0800f864        0xc 00
 .rodata.lcd_cfg
                0x0800f870       0x1c build/obj/main.o
 *fill*         0x0800f88c        0x4 00
 .rodata.eeprom_cfg
                0x0800f890        0xc build/obj/main.o
 *fill*         0x0800f89c        0x4 00
 .rodata.st7565_nanibox
                0x0800f8a0      0x200 build/obj/ST7565.o
 .rodata.pagemap
                0x0800faa0        0x4 build/obj/ST7565.o
 *fill*         0x0800faa4        0xc 00
 .rodata.str1.4
                0x0800fab0        0x4 c:/chibistudio/tools/gnu tools arm embedded/4.7 2013q1/bin/../lib/gcc/arm-none-eabi/4.7.3/../../../../arm-none-eabi/lib/armv7e-m\libm.a(lib_a-w_pow.o)
 *fill*         0x0800fab4        0xc 00
 .rodata.str1.4
                0x0800fac0        0x5 c:/chibistudio/tools/gnu tools arm embedded/4.7 2013q1/bin/../lib/gcc/arm-none-eabi/4.7.3/../../../../arm-none-eabi/lib/armv7e-m\libm.a(lib_a-w_sqrt.o)
                                  0x8 (size before relaxing)
 *fill*         0x0800fac5        0xb 00
 .rodata.dp_h   0x0800fad0       0x10 c:/chibistudio/tools/gnu tools arm embedded/4.7 2013q1/bin/../lib/gcc/arm-none-eabi/4.7.3/../../../../arm-none-eabi/lib/armv7e-m\libm.a(lib_a-e_pow.o)
 .rodata.dp_l   0x0800fae0       0x10 c:/chibistudio/tools/gnu tools arm embedded/4.7 2013q1/bin/../lib/gcc/arm-none-eabi/4.7.3/../../../../arm-none-eabi/lib/armv7e-m\libm.a(lib_a-e_pow.o)
 .rodata.bp     0x0800faf0       0x10 c:/chibistudio/tools/gnu tools arm embedded/4.7 2013q1/bin/../lib/gcc/arm-none-eabi/4.7.3/../../../../arm-none-eabi/lib/armv7e-m\libm.a(lib_a-e_pow.o)
 .rodata.str1.4
                0x00000000        0x5 c:/chibistudio/tools/gnu tools arm embedded/4.7 2013q1/bin/../lib/gcc/arm-none-eabi/4.7.3/../../../../arm-none-eabi/lib/armv7e-m\libm.a(lib_a-e_pow.o)
                                  0x4 (size before relaxing)
 .rodata.npio2_hw
                0x0800fb00       0x80 c:/chibistudio/tools/gnu tools arm embedded/4.7 2013q1/bin/../lib/gcc/arm-none-eabi/4.7.3/../../../../arm-none-eabi/lib/armv7e-m\libm.a(lib_a-e_rem_pio2.o)
 .rodata.two_over_pi
                0x0800fb80      0x108 c:/chibistudio/tools/gnu tools arm embedded/4.7 2013q1/bin/../lib/gcc/arm-none-eabi/4.7.3/../../../../arm-none-eabi/lib/armv7e-m\libm.a(lib_a-e_rem_pio2.o)
 *fill*         0x0800fc88        0x8 00
 .rodata.init_jk
                0x0800fc90       0x10 c:/chibistudio/tools/gnu tools arm embedded/4.7 2013q1/bin/../lib/gcc/arm-none-eabi/4.7.3/../../../../arm-none-eabi/lib/armv7e-m\libm.a(lib_a-k_rem_pio2.o)
 .rodata.PIo2   0x0800fca0       0x40 c:/chibistudio/tools/gnu tools arm embedded/4.7 2013q1/bin/../lib/gcc/arm-none-eabi/4.7.3/../../../../arm-none-eabi/lib/armv7e-m\libm.a(lib_a-k_rem_pio2.o)
 .rodata.atanlo
                0x0800fce0       0x20 c:/chibistudio/tools/gnu tools arm embedded/4.7 2013q1/bin/../lib/gcc/arm-none-eabi/4.7.3/../../../../arm-none-eabi/lib/armv7e-m\libm.a(lib_a-s_atan.o)
 .rodata.atanhi
                0x0800fd00       0x20 c:/chibistudio/tools/gnu tools arm embedded/4.7 2013q1/bin/../lib/gcc/arm-none-eabi/4.7.3/../../../../arm-none-eabi/lib/armv7e-m\libm.a(lib_a-s_atan.o)
 .rodata.TWO52  0x0800fd20       0x10 c:/chibistudio/tools/gnu tools arm embedded/4.7 2013q1/bin/../lib/gcc/arm-none-eabi/4.7.3/../../../../arm-none-eabi/lib/armv7e-m\libm.a(lib_a-s_rint.o)
 .rodata.str1.4
                0x0800fd30        0x4 c:/chibistudio/tools/gnu tools arm embedded/4.7 2013q1/bin/../lib/gcc/arm-none-eabi/4.7.3/../../../../arm-none-eabi/lib/armv7e-m\libc.a(lib_a-impure.o)
 *(.glue_7t)
 .glue_7t       0x00000000        0x0 linker stubs
 *(.glue_7)
 .glue_7        0x00000000        0x0 linker stubs
 *(.gcc*)

.vfp11_veneer   0x0800fd34        0x0
 .vfp11_veneer  0x00000000        0x0 linker stubs

.v4_bx          0x0800fd34        0x0
 .v4_bx         0x00000000        0x0 linker stubs

.iplt           0x0800fd34        0x0
 .iplt          0x00000000        0x0 build/obj/kb_debug_asm.o

.rel.dyn        0x0800fd34        0x0
 .rel.iplt      0x00000000        0x0 build/obj/kb_debug_asm.o

.ARM.extab
 *(.ARM.extab* .gnu.linkonce.armextab.*)

.ARM.exidx      0x0800fd34        0x0
                0x0800fd34                PROVIDE (__exidx_start, .)
 *(.ARM.exidx* .gnu.linkonce.armexidx.*)
                0x0800fd34                PROVIDE (__exidx_end, .)

.eh_frame_hdr
 *(.eh_frame_hdr)

.eh_frame
 *(.eh_frame)

.textalign      0x0800fd34        0x4
                0x0800fd38                . = ALIGN (0x8)
 *fill*         0x0800fd34        0x4 00
                0x0800fd38                _etext = .
                0x0800fd38                _textdata = _etext

.stacks         0x20000000      0x800
                0x20000000                . = ALIGN (0x8)
                0x20000000                __main_stack_base__ = .
                0x20000400                . = (. + __main_stack_size__)
 *fill*         0x20000000      0x400 00
                0x20000400                . = ALIGN (0x8)
                0x20000400                __main_stack_end__ = .
                0x20000400                __process_stack_base__ = .
                0x20000400                __main_thread_stack_base__ = .
                0x20000800                . = (. + __process_stack_size__)
 *fill*         0x20000400      0x400 00
                0x20000800                . = ALIGN (0x8)
                0x20000800                __process_stack_end__ = .
                0x20000800                __main_thread_stack_end__ = .

.data           0x20000800      0x66c load address 0x0800fd38
                0x20000800                . = ALIGN (0x4)
                0x20000800                PROVIDE (_data, .)
 *(.data)
                0x20000800                . = ALIGN (0x4)
 *(.data.*)
 .data.gps_cfg  0x20000800        0xc build/obj/kb_gps.o
 .data.menu_items
                0x2000080c      0x210 build/obj/kb_menu.o
                0x2000080c                menu_items
 .data.current_item
                0x20000a1c        0x2 build/obj/kb_menu.o
                0x20000a1c                current_item
 *fill*         0x20000a1e        0x2 00
 .data.serial2_default_cfg
                0x20000a20        0xc build/obj/kb_serial.o
 .data.serial1_default_cfg
                0x20000a2c        0xc build/obj/kb_serial.o
 .data.__fdlib_version
                0x20000a38        0x1 c:/chibistudio/tools/gnu tools arm embedded/4.7 2013q1/bin/../lib/gcc/arm-none-eabi/4.7.3/../../../../arm-none-eabi/lib/armv7e-m\libm.a(lib_a-s_lib_ver.o)
                0x20000a38                __fdlib_version
 *fill*         0x20000a39        0x7 00
 .data.impure_data
                0x20000a40      0x428 c:/chibistudio/tools/gnu tools arm embedded/4.7 2013q1/bin/../lib/gcc/arm-none-eabi/4.7.3/../../../../arm-none-eabi/lib/armv7e-m\libc.a(lib_a-impure.o)
 .data._impure_ptr
                0x20000e68        0x4 c:/chibistudio/tools/gnu tools arm embedded/4.7 2013q1/bin/../lib/gcc/arm-none-eabi/4.7.3/../../../../arm-none-eabi/lib/armv7e-m\libc.a(lib_a-impure.o)
                0x20000e68                _impure_ptr
                0x20000e6c                . = ALIGN (0x4)
 *(.ramtext)
                0x20000e6c                . = ALIGN (0x4)
                0x20000e6c                PROVIDE (_edata, .)

.igot.plt       0x20000e6c        0x0 load address 0x080103a4
 .igot.plt      0x00000000        0x0 build/obj/kb_debug_asm.o

.bss            0x20000e70    0x11a88 load address 0x080103a4
                0x20000e70                . = ALIGN (0x4)
                0x20000e70                PROVIDE (_bss_start, .)
 *(.bss)
                0x20000e70                . = ALIGN (0x4)
 *(.bss.*)
 .bss.mainthread.4860
                0x20000e70       0x4c build/obj/chsys.o
 *fill*         0x20000ebc        0x4 00
 .bss._idle_thread_wa
                0x20000ec0      0x158 build/obj/chsys.o
                0x20000ec0                _idle_thread_wa
 .bss.dbg_isr_cnt
                0x20001018        0x4 build/obj/chdebug.o
                0x20001018                dbg_isr_cnt
 .bss.dbg_trace_buffer
                0x2000101c      0x408 build/obj/chdebug.o
                0x2000101c                dbg_trace_buffer
 .bss.dbg_lock_cnt
                0x20001424        0x4 build/obj/chdebug.o
                0x20001424                dbg_lock_cnt
 .bss.dbg_panic_msg
                0x20001428        0x4 build/obj/chdebug.o
                0x20001428                dbg_panic_msg
 .bss.vtlist    0x2000142c       0x10 build/obj/chvt.o
                0x2000142c                vtlist
 .bss.rlist     0x2000143c       0x1c build/obj/chschd.o
                0x2000143c                rlist
 .bss.endmem    0x20001458        0x4 build/obj/chmemcore.o
 .bss.nextmem   0x2000145c        0x4 build/obj/chmemcore.o
 .bss.default_heap
                0x20001460       0x20 build/obj/chheap.o
 .bss.dma_isr_redir
                0x20001480       0x80 build/obj/stm32_dma.o
 .bss.dma_streams_mask
                0x20001500        0x4 build/obj/stm32_dma.o
 .bss.ADCD1     0x20001504       0x34 build/obj/adc_lld.o
                0x20001504                ADCD1
 .bss.ADCD2     0x20001538       0x34 build/obj/adc_lld.o
                0x20001538                ADCD2
 .bss.ADCD3     0x2000156c       0x34 build/obj/adc_lld.o
                0x2000156c                ADCD3
 .bss.EXTD1     0x200015a0        0x8 build/obj/ext_lld.o
                0x200015a0                EXTD1
 .bss.GPTD14    0x200015a8       0x10 build/obj/gpt_lld.o
                0x200015a8                GPTD14
 .bss.ICUD1     0x200015b8       0x18 build/obj/icu_lld.o
                0x200015b8                ICUD1
 .bss.SDCD1     0x200015d0       0x4c build/obj/sdc_lld.o
                0x200015d0                SDCD1
 .bss.u         0x2000161c      0x200 build/obj/sdc_lld.o
 .bss.RTCD1     0x2000181c        0x4 build/obj/rtc_lld.o
                0x2000181c                RTCD1
 .bss.dummytx   0x20001820        0x2 build/obj/spi_lld.o
 *fill*         0x20001822        0x2 00
 .bss.SPID1     0x20001824       0x30 build/obj/spi_lld.o
                0x20001824                SPID1
 .bss.SPID2     0x20001854       0x30 build/obj/spi_lld.o
                0x20001854                SPID2
 .bss.dummyrx   0x20001884        0x2 build/obj/spi_lld.o
 *fill*         0x20001886        0x2 00
 .bss.SD1       0x20001888       0xd8 build/obj/serial_lld.o
                0x20001888                SD1
 .bss.SD2       0x20001960       0xd8 build/obj/serial_lld.o
                0x20001960                SD2
 .bss.SD6       0x20001a38       0xd8 build/obj/serial_lld.o
                0x20001a38                SD6
 .bss.Fsid      0x20001b10        0x2 build/obj/ff.o
 *fill*         0x20001b12        0x2 00
 .bss.FatFs     0x20001b14        0x4 build/obj/ff.o
 .bss.adc_trigger
                0x20001b18       0x14 build/obj/kb_adc.o
 .bss.adc_cfg   0x20001b2c        0x4 build/obj/kb_adc.o
 .bss.adc_samples
                0x20001b30        0xc build/obj/kb_adc.o
 .bss.btn_1_pressed
                0x20001b3c        0x1 build/obj/kb_buttons.o
 .bss.btn_0_pressed
                0x20001b3d        0x1 build/obj/kb_buttons.o
 *fill*         0x20001b3e        0x2 00
 .bss.config    0x20001b40       0x18 build/obj/kb_config.o
                0x20001b40                config
 .bss.current_feature
                0x20001b58        0x4 build/obj/kb_featureA.o
 .bss.featureAThread
                0x20001b5c        0x4 build/obj/kb_featureA.o
 .bss.waFeatureA
                0x20001b60      0x338 build/obj/kb_featureA.o
 .bss.waGps     0x20001e98      0x1b8 build/obj/kb_gps.o
 .bss.ubx_nav_sol_idx
                0x20002050        0x1 build/obj/kb_gps.o
                0x20002050                ubx_nav_sol_idx
 *fill*         0x20002051        0x3 00
 .bss.ubx_nav_sol_buffer
                0x20002054       0x3c build/obj/kb_gps.o
                0x20002054                ubx_nav_sol_buffer
 .bss.gpsThread
                0x20002090        0x4 build/obj/kb_gps.o
 .bss.ubx_nav_sol_valid
                0x20002094       0x3c build/obj/kb_gps.o
                0x20002094                ubx_nav_sol_valid
 .bss.write_buffers
                0x200020d0     0xc004 build/obj/kb_logger.o
 .bss.write_buffer_semaphore
                0x2000e0d4        0xc build/obj/kb_logger.o
 .bss.writerThread
                0x2000e0e0        0x4 build/obj/kb_logger.o
 .bss.cardsize_MB
                0x2000e0e4        0x4 build/obj/kb_logger.o
                0x2000e0e4                cardsize_MB
 .bss.writerThreadForSleep
                0x2000e0e8        0x4 build/obj/kb_logger.o
 .bss.SDC_FS    0x2000e0ec      0x234 build/obj/kb_logger.o
 .bss.kbfile    0x2000e320      0x224 build/obj/kb_logger.o
                0x2000e320                kbfile
 *fill*         0x2000e544        0x4 00
 .bss.waWriter  0x2000e548     0x2138 build/obj/kb_logger.o
 .bss.fs_ready  0x20010680        0x1 build/obj/kb_logger.o
 *fill*         0x20010681        0x3 00
 .bss.current_msg
                0x20010684      0x200 build/obj/kb_logger.o
 .bss.logger_state
                0x20010884        0x1 build/obj/kb_logger.o
 *fill*         0x20010885        0x3 00
 .bss.waLogger  0x20010888      0x538 build/obj/kb_logger.o
 .bss.fs_write_protected
                0x20010dc0        0x1 build/obj/kb_logger.o
 *fill*         0x20010dc1        0x3 00
 .bss.loggerThread
                0x20010dc4        0x4 build/obj/kb_logger.o
 .bss.sd_det_count
                0x20010dc8        0x1 build/obj/kb_logger.o
 *fill*         0x20010dc9        0x3 00
 .bss.charbuf   0x20010dcc       0x80 build/obj/kb_menu.o
 .bss.msb       0x20010e4c       0x14 build/obj/kb_menu.o
 .bss.btn_mailbox
                0x20010e60       0x28 build/obj/kb_menu.o
 .bss.kuroBox_request_standby
                0x20010e88        0x1 build/obj/kb_menu.o
                0x20010e88                kuroBox_request_standby
 *fill*         0x20010e89        0x3 00
 .bss.btn_semaphore
                0x20010e8c        0xc build/obj/kb_menu.o
 .bss.btn_msgs  0x20010e98       0x28 build/obj/kb_menu.o
 .bss.waScreen  0x20010ec0     0x1138 build/obj/kb_screen.o
 .bss.charbuf   0x20011ff8       0x80 build/obj/kb_screen.o
 .bss.msb       0x20012078       0x14 build/obj/kb_screen.o
 .bss.screenThread
                0x2001208c        0x4 build/obj/kb_screen.o
 .bss.screen    0x20012090       0x48 build/obj/kb_screen.o
 .bss.serial1_cfg
                0x200120d8        0x4 build/obj/kb_serial.o
 .bss.serial2_cfg
                0x200120dc        0x4 build/obj/kb_serial.o
 .bss.was_last_edge_short
                0x200120e0        0x1 build/obj/kb_time.o
 *fill*         0x200120e1        0x3 00
 .bss.ltc_frame
                0x200120e4        0xc build/obj/kb_time.o
 .bss.ltc_timecode
                0x200120f0        0x4 build/obj/kb_time.o
 .bss.last_edge_time
                0x200120f4        0x4 build/obj/kb_time.o
 .bss.async_vn_msg
                0x200120f8      0x408 build/obj/kb_vectornav.o
 .bss.vnav_data
                0x20012500       0x10 build/obj/kb_vectornav.o
                0x20012500                vnav_data
 .bss.VND1      0x20012510        0xc build/obj/kb_vectornav.o
                0x20012510                VND1
 .bss.global_state
                0x2001251c        0x4 build/obj/main.o
 .bss.blinkerThread
                0x20012520        0x4 build/obj/main.o
 .bss.lcd_buffer
                0x20012524      0x200 build/obj/main.o
 *fill*         0x20012724        0x4 00
 .bss.waBlinker
                0x20012728      0x1b8 build/obj/main.o
 .bss.spiEepromD1
                0x200128e0        0x8 build/obj/spiEEPROM.o
                0x200128e0                spiEepromD1
 .bss.ST7565D1  0x200128e8        0xc build/obj/ST7565.o
                0x200128e8                ST7565D1
 .bss.xUpdateMin
                0x200128f4        0x1 build/obj/ST7565.o
 .bss.xUpdateMax
                0x200128f5        0x1 build/obj/ST7565.o
 .bss.yUpdateMin
                0x200128f6        0x1 build/obj/ST7565.o
 .bss.yUpdateMax
                0x200128f7        0x1 build/obj/ST7565.o
                0x200128f8                . = ALIGN (0x4)
 *(COMMON)
                0x200128f8                . = ALIGN (0x4)
                0x200128f8                PROVIDE (_bss_end, .)
                0x200128f8                PROVIDE (end, .)
                0x200128f8                _end = .
                0x200128f8                __heap_base__ = _end
                0x2001c000                __heap_end__ = __ram_end__
OUTPUT(build/kuroBox.elf elf32-littlearm)

.ARM.attributes
                0x00000000       0x35
 .ARM.attributes
                0x00000000       0x21 build/obj/kb_debug_asm.o
 .ARM.attributes
                0x00000021       0x39 build/obj/crt0.o
 .ARM.attributes
                0x0000005a       0x39 build/obj/vectors.o
 .ARM.attributes
                0x00000093       0x39 build/obj/chcore.o
 .ARM.attributes
                0x000000cc       0x39 build/obj/chcore_v7m.o
 .ARM.attributes
                0x00000105       0x39 build/obj/nvic.o
 .ARM.attributes
                0x0000013e       0x39 build/obj/chsys.o
 .ARM.attributes
                0x00000177       0x39 build/obj/chdebug.o
 .ARM.attributes
                0x000001b0       0x39 build/obj/chvt.o
 .ARM.attributes
                0x000001e9       0x39 build/obj/chschd.o
 .ARM.attributes
                0x00000222       0x39 build/obj/chthreads.o
 .ARM.attributes
                0x0000025b       0x39 build/obj/chdynamic.o
 .ARM.attributes
                0x00000294       0x39 build/obj/chregistry.o
 .ARM.attributes
                0x000002cd       0x39 build/obj/chsem.o
 .ARM.attributes
                0x00000306       0x39 build/obj/chmtx.o
 .ARM.attributes
                0x0000033f       0x39 build/obj/chevents.o
 .ARM.attributes
                0x00000378       0x39 build/obj/chmboxes.o
 .ARM.attributes
                0x000003b1       0x39 build/obj/chqueues.o
 .ARM.attributes
                0x000003ea       0x39 build/obj/chmemcore.o
 .ARM.attributes
                0x00000423       0x39 build/obj/chheap.o
 .ARM.attributes
                0x0000045c       0x39 build/obj/chmempools.o
 .ARM.attributes
                0x00000495       0x39 build/obj/hal.o
 .ARM.attributes
                0x000004ce       0x39 build/obj/adc.o
 .ARM.attributes
                0x00000507       0x39 build/obj/ext.o
 .ARM.attributes
                0x00000540       0x39 build/obj/gpt.o
 .ARM.attributes
                0x00000579       0x39 build/obj/icu.o
 .ARM.attributes
                0x000005b2       0x39 build/obj/mmcsd.o
 .ARM.attributes
                0x000005eb       0x39 build/obj/rtc.o
 .ARM.attributes
                0x00000624       0x39 build/obj/sdc.o
 .ARM.attributes
                0x0000065d       0x39 build/obj/serial.o
 .ARM.attributes
                0x00000696       0x39 build/obj/spi.o
 .ARM.attributes
                0x000006cf       0x39 build/obj/stm32_dma.o
 .ARM.attributes
                0x00000708       0x39 build/obj/hal_lld.o
 .ARM.attributes
                0x00000741       0x39 build/obj/adc_lld.o
 .ARM.attributes
                0x0000077a       0x39 build/obj/ext_lld_isr.o
 .ARM.attributes
                0x000007b3       0x39 build/obj/ext_lld.o
 .ARM.attributes
                0x000007ec       0x39 build/obj/gpt_lld.o
 .ARM.attributes
                0x00000825       0x39 build/obj/icu_lld.o
 .ARM.attributes
                0x0000085e       0x39 build/obj/sdc_lld.o
 .ARM.attributes
                0x00000897       0x39 build/obj/pal_lld.o
 .ARM.attributes
                0x000008d0       0x39 build/obj/rtc_lld.o
 .ARM.attributes
                0x00000909       0x39 build/obj/spi_lld.o
 .ARM.attributes
                0x00000942       0x39 build/obj/serial_lld.o
 .ARM.attributes
                0x0000097b       0x39 build/obj/board.o
 .ARM.attributes
                0x000009b4       0x39 build/obj/chprintf.o
 .ARM.attributes
                0x000009ed       0x39 build/obj/chrtclib.o
 .ARM.attributes
                0x00000a26       0x39 build/obj/memstreams.o
 .ARM.attributes