Archive member included because of file (symbol)

c:/chibistudio/tools/gnu tools arm embedded/4.7 2013q1/bin/../lib/gcc/arm-none-eabi/4.7.3/../../../../arm-none-eabi/lib/armv7e-m\libm.a(lib_a-s_ceil.o)
                              build/obj/decoder.o (ceil)
c:/chibistudio/tools/gnu tools arm embedded/4.7 2013q1/bin/../lib/gcc/arm-none-eabi/4.7.3/../../../../arm-none-eabi/lib/armv7e-m\libm.a(lib_a-s_rint.o)
                              build/obj/ltc.o (rint)
c:/chibistudio/tools/gnu tools arm embedded/4.7 2013q1/bin/../lib/gcc/arm-none-eabi/4.7.3/../../../../arm-none-eabi/lib/armv7e-m\libm.a(lib_a-w_log10.o)
                              build/obj/decoder.o (log10)
c:/chibistudio/tools/gnu tools arm embedded/4.7 2013q1/bin/../lib/gcc/arm-none-eabi/4.7.3/../../../../arm-none-eabi/lib/armv7e-m\libm.a(lib_a-e_log10.o)
                              c:/chibistudio/tools/gnu tools arm embedded/4.7 2013q1/bin/../lib/gcc/arm-none-eabi/4.7.3/../../../../arm-none-eabi/lib/armv7e-m\libm.a(lib_a-w_log10.o) (__ieee754_log10)
c:/chibistudio/tools/gnu tools arm embedded/4.7 2013q1/bin/../lib/gcc/arm-none-eabi/4.7.3/../../../../arm-none-eabi/lib/armv7e-m\libm.a(lib_a-s_fpclassify.o)
                              c:/chibistudio/tools/gnu tools arm embedded/4.7 2013q1/bin/../lib/gcc/arm-none-eabi/4.7.3/../../../../arm-none-eabi/lib/armv7e-m\libm.a(lib_a-w_log10.o) (__fpclassifyd)
c:/chibistudio/tools/gnu tools arm embedded/4.7 2013q1/bin/../lib/gcc/arm-none-eabi/4.7.3/../../../../arm-none-eabi/lib/armv7e-m\libm.a(lib_a-s_lib_ver.o)
                              c:/chibistudio/tools/gnu tools arm embedded/4.7 2013q1/bin/../lib/gcc/arm-none-eabi/4.7.3/../../../../arm-none-eabi/lib/armv7e-m\libm.a(lib_a-w_log10.o) (__fdlib_version)
c:/chibistudio/tools/gnu tools arm embedded/4.7 2013q1/bin/../lib/gcc/arm-none-eabi/4.7.3/../../../../arm-none-eabi/lib/armv7e-m\libm.a(lib_a-s_matherr.o)
                              c:/chibistudio/tools/gnu tools arm embedded/4.7 2013q1/bin/../lib/gcc/arm-none-eabi/4.7.3/../../../../arm-none-eabi/lib/armv7e-m\libm.a(lib_a-w_log10.o) (matherr)
c:/chibistudio/tools/gnu tools arm embedded/4.7 2013q1/bin/../lib/gcc/arm-none-eabi/4.7.3/../../../../arm-none-eabi/lib/armv7e-m\libm.a(lib_a-s_nan.o)
                              c:/chibistudio/tools/gnu tools arm embedded/4.7 2013q1/bin/../lib/gcc/arm-none-eabi/4.7.3/../../../../arm-none-eabi/lib/armv7e-m\libm.a(lib_a-w_log10.o) (nan)
c:/chibistudio/tools/gnu tools arm embedded/4.7 2013q1/bin/../lib/gcc/arm-none-eabi/4.7.3/../../../../arm-none-eabi/lib/armv7e-m\libm.a(lib_a-e_log.o)
                              c:/chibistudio/tools/gnu tools arm embedded/4.7 2013q1/bin/../lib/gcc/arm-none-eabi/4.7.3/../../../../arm-none-eabi/lib/armv7e-m\libm.a(lib_a-e_log10.o) (__ieee754_log)
c:/chibistudio/tools/gnu tools arm embedded/4.7 2013q1/bin/../lib/gcc/arm-none-eabi/4.7.3/armv7e-m\libgcc.a(_arm_addsubdf3.o)
                              build/obj/decoder.o (__aeabi_dsub)
c:/chibistudio/tools/gnu tools arm embedded/4.7 2013q1/bin/../lib/gcc/arm-none-eabi/4.7.3/armv7e-m\libgcc.a(_arm_muldivdf3.o)
                              build/obj/decoder.o (__aeabi_dmul)
c:/chibistudio/tools/gnu tools arm embedded/4.7 2013q1/bin/../lib/gcc/arm-none-eabi/4.7.3/armv7e-m\libgcc.a(_arm_cmpdf2.o)
                              c:/chibistudio/tools/gnu tools arm embedded/4.7 2013q1/bin/../lib/gcc/arm-none-eabi/4.7.3/../../../../arm-none-eabi/lib/armv7e-m\libm.a(lib_a-w_log10.o) (__aeabi_dcmpeq)
c:/chibistudio/tools/gnu tools arm embedded/4.7 2013q1/bin/../lib/gcc/arm-none-eabi/4.7.3/armv7e-m\libgcc.a(_arm_fixdfsi.o)
                              build/obj/decoder.o (__aeabi_d2iz)
c:/chibistudio/tools/gnu tools arm embedded/4.7 2013q1/bin/../lib/gcc/arm-none-eabi/4.7.3/armv7e-m\libgcc.a(_arm_truncdfsf2.o)
                              build/obj/decoder.o (__aeabi_d2f)
c:/chibistudio/tools/gnu tools arm embedded/4.7 2013q1/bin/../lib/gcc/arm-none-eabi/4.7.3/armv7e-m\libgcc.a(_fixdfdi.o)
                              build/obj/decoder.o (__aeabi_d2lz)
c:/chibistudio/tools/gnu tools arm embedded/4.7 2013q1/bin/../lib/gcc/arm-none-eabi/4.7.3/armv7e-m\libgcc.a(_fixunsdfdi.o)
                              c:/chibistudio/tools/gnu tools arm embedded/4.7 2013q1/bin/../lib/gcc/arm-none-eabi/4.7.3/armv7e-m\libgcc.a(_fixdfdi.o) (__aeabi_d2ulz)
c:/chibistudio/tools/gnu tools arm embedded/4.7 2013q1/bin/../lib/gcc/arm-none-eabi/4.7.3/armv7e-m\libgcc.a(_arm_fixunsdfsi.o)
                              c:/chibistudio/tools/gnu tools arm embedded/4.7 2013q1/bin/../lib/gcc/arm-none-eabi/4.7.3/armv7e-m\libgcc.a(_fixunsdfdi.o) (__aeabi_d2uiz)
c:/chibistudio/tools/gnu tools arm embedded/4.7 2013q1/bin/../lib/gcc/arm-none-eabi/4.7.3/../../../../arm-none-eabi/lib/armv7e-m\libc.a(lib_a-errno.o)
[...]
Memory Configuration

Name             Origin             Length             Attributes
flash            0x08000000         0x00100000
ram              0x20000000         0x0001c000
ethram           0x2001c000         0x00004000
ccmram           0x10000000         0x00010000
*default*        0x00000000         0xffffffff

Linker script and memory map

LOAD build/obj/kb_debug_asm.o
LOAD build/obj/crt0.o
LOAD build/obj/vectors.o
LOAD build/obj/chcore.o
LOAD build/obj/chcore_v7m.o
LOAD build/obj/nvic.o
LOAD build/obj/chsys.o
LOAD build/obj/chdebug.o
LOAD build/obj/chlists.o
LOAD build/obj/chvt.o
LOAD build/obj/chschd.o
LOAD build/obj/chthreads.o
LOAD build/obj/chdynamic.o
LOAD build/obj/chregistry.o
LOAD build/obj/chsem.o
LOAD build/obj/chmtx.o
LOAD build/obj/chcond.o
LOAD build/obj/chevents.o
LOAD build/obj/chmsg.o
LOAD build/obj/chmboxes.o
LOAD build/obj/chqueues.o
LOAD build/obj/chmemcore.o
LOAD build/obj/chheap.o
LOAD build/obj/chmempools.o
LOAD build/obj/hal.o
LOAD build/obj/adc.o
LOAD build/obj/can.o
LOAD build/obj/ext.o
LOAD build/obj/gpt.o
LOAD build/obj/i2c.o
LOAD build/obj/icu.o
LOAD build/obj/mac.o
LOAD build/obj/mmc_spi.o
LOAD build/obj/mmcsd.o
LOAD build/obj/pal.o
LOAD build/obj/pwm.o
LOAD build/obj/rtc.o
LOAD build/obj/sdc.o
LOAD build/obj/serial.o
LOAD build/obj/serial_usb.o
LOAD build/obj/spi.o
LOAD build/obj/tm.o
LOAD build/obj/uart.o
LOAD build/obj/usb.o
LOAD build/obj/stm32_dma.o
LOAD build/obj/hal_lld.o
LOAD build/obj/adc_lld.o
LOAD build/obj/ext_lld_isr.o
LOAD build/obj/can_lld.o
LOAD build/obj/ext_lld.o
LOAD build/obj/gpt_lld.o
LOAD build/obj/icu_lld.o
LOAD build/obj/mac_lld.o
LOAD build/obj/pwm_lld.o
LOAD build/obj/sdc_lld.o
LOAD build/obj/pal_lld.o
LOAD build/obj/i2c_lld.o
LOAD build/obj/usb_lld.o
LOAD build/obj/rtc_lld.o
LOAD build/obj/spi_lld.o
LOAD build/obj/serial_lld.o
LOAD build/obj/uart_lld.o
LOAD build/obj/board.o
LOAD build/obj/chprintf.o
LOAD build/obj/chrtclib.o
LOAD build/obj/memstreams.o
LOAD build/obj/kb_debug.o
LOAD build/obj/fatfs_diskio.o
LOAD build/obj/ff.o
LOAD build/obj/glcdfont.o
LOAD build/obj/kb_adc.o
LOAD build/obj/kb_buttons.o
LOAD build/obj/kb_logger.o
LOAD build/obj/kb_screen.o
LOAD build/obj/kb_time.o
LOAD build/obj/decoder.o
LOAD build/obj/ltc.o
LOAD build/obj/timecode.o
LOAD build/obj/main.o
LOAD build/obj/spiEEPROM.o
LOAD build/obj/ST7565.o
LOAD c:/chibistudio/tools/gnu tools arm embedded/4.7 2013q1/bin/../lib/gcc/arm-none-eabi/4.7.3/../../../../arm-none-eabi/lib/armv7e-m\libm.a
START GROUP
LOAD c:/chibistudio/tools/gnu tools arm embedded/4.7 2013q1/bin/../lib/gcc/arm-none-eabi/4.7.3/armv7e-m\libgcc.a
LOAD c:/chibistudio/tools/gnu tools arm embedded/4.7 2013q1/bin/../lib/gcc/arm-none-eabi/4.7.3/../../../../arm-none-eabi/lib/armv7e-m\libc.a
END GROUP
                0x00000400                __main_stack_size__ = 0x400
                0x00000400                __process_stack_size__ = 0x400
                0x20000000                __ram_start__ = ORIGIN (ram)
                0x0001c000                __ram_size__ = 0x1c000
                0x2001c000                __ram_end__ = (__ram_start__ + __ram_size__)
                0x00000000                . = 0x0
                0x00000000                _text = .

startup         0x08000000      0x188
 *(vectors)
 vectors        0x08000000      0x188 build/obj/vectors.o
                0x08000000                _vectors

constructors    0x08000188        0x0
                0x08000188                PROVIDE (__init_array_start, .)
 *(SORT(.init_array.*))
 *(.init_array)
                0x08000188                PROVIDE (__init_array_end, .)

destructors     0x08000188        0x0
                0x08000188                PROVIDE (__fini_array_start, .)
 *(.fini_array)
 *(SORT(.fini_array.*))
                0x08000188                PROVIDE (__fini_array_end, .)

.text           0x08000190     0xbb24
 *(.text.startup.*)
 .text.startup.main
                0x08000190       0x30 build/obj/main.o
                0x08000190                main
 *(.text)
 .text          0x080001c0       0x12 build/obj/kb_debug_asm.o
                0x080001c0                HardFaultVector
 *fill*         0x080001d2        0xe 00
 .text          0x080001e0      0x370 c:/chibistudio/tools/gnu tools arm embedded/4.7 2013q1/bin/../lib/gcc/arm-none-eabi/4.7.3/armv7e-m\libgcc.a(_arm_addsubdf3.o)
                0x080001e0                __aeabi_drsub
                0x080001e8                __aeabi_dsub
                0x080001e8                __subdf3
                0x080001ec                __aeabi_dadd
                0x080001ec                __adddf3
                0x08000464                __floatunsidf
                0x08000464                __aeabi_ui2d
                0x08000484                __floatsidf
                0x08000484                __aeabi_i2d
                0x080004a8                __aeabi_f2d
                0x080004a8                __extendsfdf2
                0x080004e4                __floatundidf
                0x080004e4                __aeabi_ul2d
                0x080004f4                __floatdidf
                0x080004f4                __aeabi_l2d
 .text          0x08000550      0x424 c:/chibistudio/tools/gnu tools arm embedded/4.7 2013q1/bin/../lib/gcc/arm-none-eabi/4.7.3/armv7e-m\libgcc.a(_arm_muldivdf3.o)
                0x08000550                __aeabi_dmul
                0x08000550                __muldf3
                0x080007a4                __divdf3
                0x080007a4                __aeabi_ddiv
 *fill*         0x08000974        0xc 00
 .text          0x08000980      0x110 c:/chibistudio/tools/gnu tools arm embedded/4.7 2013q1/bin/../lib/gcc/arm-none-eabi/4.7.3/armv7e-m\libgcc.a(_arm_cmpdf2.o)
                0x08000980                __gtdf2
                0x08000980                __gedf2
                0x08000988                __ltdf2
                0x08000988                __ledf2
                0x08000990                __nedf2
                0x08000990                __eqdf2
                0x08000990                __cmpdf2
                0x08000a0c                __aeabi_cdrcmple
                0x08000a1c                __aeabi_cdcmpeq
                0x08000a1c                __aeabi_cdcmple
                0x08000a2c                __aeabi_dcmpeq
                0x08000a40                __aeabi_dcmplt
                0x08000a54                __aeabi_dcmple
                0x08000a68                __aeabi_dcmpge
                0x08000a7c                __aeabi_dcmpgt
 .text          0x08000a90       0x50 c:/chibistudio/tools/gnu tools arm embedded/4.7 2013q1/bin/../lib/gcc/arm-none-eabi/4.7.3/armv7e-m\libgcc.a(_arm_fixdfsi.o)
                0x08000a90                __aeabi_d2iz
                0x08000a90                __fixdfsi
 .text          0x08000ae0       0xa0 c:/chibistudio/tools/gnu tools arm embedded/4.7 2013q1/bin/../lib/gcc/arm-none-eabi/4.7.3/armv7e-m\libgcc.a(_arm_truncdfsf2.o)
                0x08000ae0                __truncdfsf2
                0x08000ae0                __aeabi_d2f
 .text          0x08000b80       0x34 c:/chibistudio/tools/gnu tools arm embedded/4.7 2013q1/bin/../lib/gcc/arm-none-eabi/4.7.3/armv7e-m\libgcc.a(_fixdfdi.o)
                0x08000b80                __fixdfdi
                0x08000b80                __aeabi_d2lz
 *fill*         0x08000bb4        0xc 00
 .text          0x08000bc0       0x44 c:/chibistudio/tools/gnu tools arm embedded/4.7 2013q1/bin/../lib/gcc/arm-none-eabi/4.7.3/armv7e-m\libgcc.a(_fixunsdfdi.o)
                0x08000bc0                __fixunsdfdi
                0x08000bc0                __aeabi_d2ulz
 *fill*         0x08000c04        0xc 00
 .text          0x08000c10       0x40 c:/chibistudio/tools/gnu tools arm embedded/4.7 2013q1/bin/../lib/gcc/arm-none-eabi/4.7.3/armv7e-m\libgcc.a(_arm_fixunsdfsi.o)
                0x08000c10                __aeabi_d2uiz
                0x08000c10                __fixunsdfsi
 *(.text.*)
 .text.__late_init
                0x08000c50       0x10 build/obj/crt0.o
                0x08000c50                __late_init
 .text._default_exit
                0x08000c60       0x10 build/obj/crt0.o
                0x08000c60                _default_exit
 .text.ResetHandler
                0x08000c70      0x200 build/obj/crt0.o
                0x08000c70                ResetHandler
 .text._unhandled_exception
                0x08000e70       0x10 build/obj/vectors.o
                0x08000e70                NMIVector
                0x08000e70                Vector11C
                0x08000e70                Vector8C
                0x08000e70                VectorDC
                0x08000e70                Vector168
                0x08000e70                Vector110
                0x08000e70                VectorC8
                0x08000e70                Vector94
                0x08000e70                VectorA8
                0x08000e70                VectorB4
                0x08000e70                Vector160
                0x08000e70                VectorEC
                0x08000e70                UsageFaultVector
                0x08000e70                DebugMonitorVector
                0x08000e70                Vector40
                0x08000e70                VectorF8
                0x08000e70                Vector108
                0x08000e70                VectorBC
                0x08000e70                Vector148
                0x08000e70                PendSVVector
                0x08000e70                Vector118
                0x08000e70                VectorCC
                0x08000e70                Vector54
                0x08000e70                Vector98
                0x08000e70                Vector24
                0x08000e70                Vector178
                0x08000e70                BusFaultVector
                0x08000e70                VectorD0
                0x08000e70                Vector140
                0x08000e70                VectorE4
                0x08000e70                VectorC0
                0x08000e70                Vector134
                0x08000e70                VectorF0
                0x08000e70                Vector13C
                0x08000e70                Vector100
                0x08000e70                MemManageVector
                0x08000e70                VectorA0
                0x08000e70                VectorC4
                0x08000e70                Vector180
                0x08000e70                VectorB0
                0x08000e70                Vector90
                0x08000e70                Vector114
                0x08000e70                Vector164
                0x08000e70                Vector1C
                0x08000e70                Vector17C
                0x08000e70                Vector48
                0x08000e70                Vector16C
                0x08000e70                Vector144
                0x08000e70                Vector15C
                0x08000e70                _unhandled_exception
                0x08000e70                Vector184
                0x08000e70                Vector10C
                0x08000e70                Vector14C
                0x08000e70                Vector50
                0x08000e70                Vector28
                0x08000e70                VectorB8
                0x08000e70                Vector34
                0x08000e70                Vector20
                0x08000e70                Vector174
 .text.port_halt
                0x08000e80       0x10 build/obj/chcore.o
                0x08000e80                port_halt
 .text._port_switch_from_isr
                0x08000e90       0x10 build/obj/chcore_v7m.o
                0x08000e90                _port_switch_from_isr
 .text.SVCallVector
                0x08000ea0       0x30 build/obj/chcore_v7m.o
                0x08000ea0                SVCallVector
 .text._port_init
                0x08000ed0       0x40 build/obj/chcore_v7m.o
                0x08000ed0                _port_init
 .text._port_irq_epilogue
                0x08000f10       0x90 build/obj/chcore_v7m.o
                0x08000f10                _port_irq_epilogue
 .text.SysTickVector
                0x08000fa0       0x30 build/obj/chcore_v7m.o
                0x08000fa0                SysTickVector
 .text._port_switch
                0x08000fd0       0x20 build/obj/chcore_v7m.o
                0x08000fd0                _port_switch
 .text._port_thread_start
                0x08000ff0       0x20 build/obj/chcore_v7m.o
                0x08000ff0                _port_thread_start
 .text.nvicEnableVector
                0x08001010       0x50 build/obj/nvic.o
                0x08001010                nvicEnableVector
 .text.nvicSetSystemHandlerPriority
                0x08001060       0x30 build/obj/nvic.o
                0x08001060                nvicSetSystemHandlerPriority
 .text._idle_thread
                0x08001090       0x20 build/obj/chsys.o
                0x08001090                _idle_thread
 .text.chSysInit
                0x080010b0       0x80 build/obj/chsys.o
                0x080010b0                chSysInit
 .text.chSysTimerHandlerI
                0x08001130       0x70 build/obj/chsys.o
                0x08001130                chSysTimerHandlerI
 .text._trace_init
                0x080011a0       0x20 build/obj/chdebug.o
                0x080011a0                _trace_init
 .text.dbg_trace
                0x080011c0       0x40 build/obj/chdebug.o
                0x080011c0                dbg_trace
 .text.chDbgPanic
                0x08001200       0x20 build/obj/chdebug.o
                0x08001200                chDbgPanic
 .text.chDbgCheckClassS
                0x08001220       0x30 build/obj/chdebug.o
                0x08001220                chDbgCheckClassS
 .text.chDbgCheckClassI
                0x08001250       0x30 build/obj/chdebug.o
                0x08001250                chDbgCheckClassI
 .text.dbg_check_leave_isr
                0x08001280       0x40 build/obj/chdebug.o
                0x08001280                dbg_check_leave_isr
 .text.dbg_check_enter_isr
                0x080012c0       0x40 build/obj/chdebug.o
                0x080012c0                dbg_check_enter_isr
 .text.dbg_check_unlock_from_isr
                0x08001300       0x30 build/obj/chdebug.o
                0x08001300                dbg_check_unlock_from_isr
 .text.dbg_check_lock_from_isr
                0x08001330       0x30 build/obj/chdebug.o
                0x08001330                dbg_check_lock_from_isr
 .text.dbg_check_unlock
                0x08001360       0x30 build/obj/chdebug.o
                0x08001360                dbg_check_unlock
 .text.dbg_check_lock
                0x08001390       0x30 build/obj/chdebug.o
                0x08001390                dbg_check_lock
 .text.dbg_check_enable
                0x080013c0       0x20 build/obj/chdebug.o
                0x080013c0                dbg_check_enable
 .text._vt_init
                0x080013e0       0x20 build/obj/chvt.o
                0x080013e0                _vt_init
 .text.chVTSetI
                0x08001400       0x60 build/obj/chvt.o
                0x08001400                chVTSetI
 .text.chVTResetI
                0x08001460       0x50 build/obj/chvt.o
                0x08001460                chVTResetI
 .text._scheduler_init
                0x080014b0       0x20 build/obj/chschd.o
                0x080014b0                _scheduler_init
 .text.chSchReadyI
                0x080014d0       0x50 build/obj/chschd.o
                0x080014d0                chSchReadyI
 .text.wakeup   0x08001520       0x60 build/obj/chschd.o
 .text.chSchGoSleepS
                0x08001580       0x50 build/obj/chschd.o
                0x08001580                chSchGoSleepS
 .text.chSchGoSleepTimeoutS
                0x080015d0       0x50 build/obj/chschd.o
                0x080015d0                chSchGoSleepTimeoutS
 .text.chSchWakeupS
                0x08001620       0x60 build/obj/chschd.o
                0x08001620                chSchWakeupS
 .text.chSchDoRescheduleBehind
                0x08001680       0x50 build/obj/chschd.o
                0x08001680                chSchDoRescheduleBehind
 .text.chSchDoRescheduleAhead
                0x080016d0       0x60 build/obj/chschd.o
                0x080016d0                chSchDoRescheduleAhead
 .text.chSchDoReschedule
                0x08001730       0x20 build/obj/chschd.o
                0x08001730                chSchDoReschedule
 .text._thread_init
                0x08001750       0x60 build/obj/chthreads.o
                0x08001750                _thread_init
 .text.chThdCreateI
                0x080017b0       0xa0 build/obj/chthreads.o
                0x080017b0                chThdCreateI
 .text.chThdCreateStatic
                0x08001850       0xa0 build/obj/chthreads.o
                0x08001850                chThdCreateStatic
 .text.chThdSleep
                0x080018f0       0x30 build/obj/chthreads.o
                0x080018f0                chThdSleep
 .text.chThdSleepUntil
                0x08001920       0x30 build/obj/chthreads.o
                0x08001920                chThdSleepUntil
 .text.chThdExitS
                0x08001950       0x50 build/obj/chthreads.o
                0x08001950                chThdExitS
 .text.chThdExit
                0x080019a0       0x20 build/obj/chthreads.o
                0x080019a0                chThdExit
 .text.chMtxInit
                0x080019c0       0x20 build/obj/chmtx.o
                0x080019c0                chMtxInit
 .text.chEvtSignalI
                0x080019e0       0x50 build/obj/chevents.o
                0x080019e0                chEvtSignalI
 .text.chEvtBroadcastFlagsI
                0x08001a30       0x40 build/obj/chevents.o
                0x08001a30                chEvtBroadcastFlagsI
 .text.qwait    0x08001a70       0x30 build/obj/chqueues.o
 .text.chIQInit
                0x08001aa0       0x20 build/obj/chqueues.o
                0x08001aa0                chIQInit
 .text.chIQPutI
                0x08001ac0       0x60 build/obj/chqueues.o
                0x08001ac0                chIQPutI
 .text.chIQGetTimeout
                0x08001b20       0x60 build/obj/chqueues.o
                0x08001b20                chIQGetTimeout
 .text.chIQReadTimeout
                0x08001b80       0xa0 build/obj/chqueues.o
                0x08001b80                chIQReadTimeout
 .text.chOQInit
                0x08001c20       0x20 build/obj/chqueues.o
                0x08001c20                chOQInit
 .text.chOQPutTimeout
                0x08001c40       0x70 build/obj/chqueues.o
                0x08001c40                chOQPutTimeout
 .text.chOQGetI
                0x08001cb0       0x50 build/obj/chqueues.o
                0x08001cb0                chOQGetI
 .text.chOQWriteTimeout
                0x08001d00       0xa0 build/obj/chqueues.o
                0x08001d00                chOQWriteTimeout
 .text._core_init
                0x08001da0       0x30 build/obj/chmemcore.o
                0x08001da0                _core_init
 .text.chCoreAllocI
                0x08001dd0       0x30 build/obj/chmemcore.o
                0x08001dd0                chCoreAllocI
 .text.chCoreAlloc
                0x08001e00       0x30 build/obj/chmemcore.o
                0x08001e00                chCoreAlloc
 .text._heap_init
                0x08001e30       0x20 build/obj/chheap.o
                0x08001e30                _heap_init
 .text.halInit  0x08001e50       0x40 build/obj/hal.o
                0x08001e50                halInit
 .text.adcInit  0x08001e90       0x10 build/obj/adc.o
                0x08001e90                adcInit
 .text.adcObjectInit
                0x08001ea0       0x20 build/obj/adc.o
                0x08001ea0                adcObjectInit
 .text.adcStart
                0x08001ec0       0x50 build/obj/adc.o
                0x08001ec0                adcStart
 .text.adcStartConversionI
                0x08001f10       0x60 build/obj/adc.o
                0x08001f10                adcStartConversionI
 .text.extInit  0x08001f70       0x10 build/obj/ext.o
                0x08001f70                extInit
 .text.extObjectInit
                0x08001f80       0x10 build/obj/ext.o
                0x08001f80                extObjectInit
 .text.extStart
                0x08001f90       0x50 build/obj/ext.o
                0x08001f90                extStart
 .text.gptInit  0x08001fe0       0x10 build/obj/gpt.o
                0x08001fe0                gptInit
 .text.gptObjectInit
                0x08001ff0       0x10 build/obj/gpt.o
                0x08001ff0                gptObjectInit
 .text.icuInit  0x08002000       0x10 build/obj/icu.o
                0x08002000                icuInit
 .text.icuObjectInit
                0x08002010       0x10 build/obj/icu.o
                0x08002010                icuObjectInit
 .text.icuStart
                0x08002020       0x50 build/obj/icu.o
                0x08002020                icuStart
 .text.icuEnable
                0x08002070       0x50 build/obj/icu.o
                0x08002070                icuEnable
 .text.mmcsd_get_slice
                0x080020c0       0x60 build/obj/mmcsd.o
 .text.mmcsdGetCapacity
                0x08002120       0x50 build/obj/mmcsd.o
                0x08002120                mmcsdGetCapacity
 .text.rtcInit  0x08002170       0x10 build/obj/rtc.o
                0x08002170                rtcInit
 .text.rtcGetTime
                0x08002180       0x40 build/obj/rtc.o
                0x08002180                rtcGetTime
 .text.rtcGetTimeFat
                0x080021c0       0x20 build/obj/rtc.o
                0x080021c0                rtcGetTimeFat
 .text.sdcGetInfo
                0x080021e0       0x30 build/obj/sdc.o
                0x080021e0                sdcGetInfo
 .text.sdcConnect
                0x08002210      0x270 build/obj/sdc.o
                0x08002210                sdcConnect
 .text.sdcSync  0x08002480       0x30 build/obj/sdc.o
                0x08002480                sdcSync
 .text.sdcWrite
                0x080024b0       0x60 build/obj/sdc.o
                0x080024b0                sdcWrite
 .text.sdcRead  0x08002510       0x60 build/obj/sdc.o
                0x08002510                sdcRead
 .text._sdc_wait_for_transfer_state
                0x08002570       0x50 build/obj/sdc.o
                0x08002570                _sdc_wait_for_transfer_state
 .text.sdcDisconnect
                0x080025c0       0x80 build/obj/sdc.o
                0x080025c0                sdcDisconnect
 .text.sdcInit  0x08002640       0x10 build/obj/sdc.o
                0x08002640                sdcInit
 .text.sdcObjectInit
                0x08002650       0x20 build/obj/sdc.o
                0x08002650                sdcObjectInit
 .text.sdcStart
                0x08002670       0x50 build/obj/sdc.o
                0x08002670                sdcStart
 .text.readt    0x080026c0       0x10 build/obj/serial.o
 .text.read     0x080026d0       0x10 build/obj/serial.o
 .text.writet   0x080026e0       0x10 build/obj/serial.o
 .text.write    0x080026f0       0x10 build/obj/serial.o
 .text.gett     0x08002700       0x10 build/obj/serial.o
 .text.get      0x08002710       0x10 build/obj/serial.o
 .text.putt     0x08002720       0x10 build/obj/serial.o
 .text.put      0x08002730       0x10 build/obj/serial.o
 .text.sdInit   0x08002740       0x10 build/obj/serial.o
                0x08002740                sdInit
 .text.sdObjectInit
                0x08002750       0x50 build/obj/serial.o
                0x08002750                sdObjectInit
 .text.sdStart  0x080027a0       0x50 build/obj/serial.o
                0x080027a0                sdStart
 .text.sdIncomingDataI
                0x080027f0       0x50 build/obj/serial.o
                0x080027f0                sdIncomingDataI
 .text.spiInit  0x08002840       0x10 build/obj/spi.o
                0x08002840                spiInit
 .text.spiObjectInit
                0x08002850       0x10 build/obj/spi.o
                0x08002850                spiObjectInit
 .text.spiStart
                0x08002860       0x50 build/obj/spi.o
                0x08002860                spiStart
 .text.spiSelect
                0x080028b0       0x40 build/obj/spi.o
                0x080028b0                spiSelect
 .text.spiUnselect
                0x080028f0       0x40 build/obj/spi.o
                0x080028f0                spiUnselect
 .text.Vector6C
                0x08002930       0x40 build/obj/stm32_dma.o
                0x08002930                Vector6C
 .text.Vector70
                0x08002970       0x40 build/obj/stm32_dma.o
                0x08002970                Vector70
 .text.Vector74
                0x080029b0       0x40 build/obj/stm32_dma.o
                0x080029b0                Vector74
 .text.Vector78
                0x080029f0       0x40 build/obj/stm32_dma.o
                0x080029f0                Vector78
 .text.Vector7C
                0x08002a30       0x40 build/obj/stm32_dma.o
                0x08002a30                Vector7C
 .text.Vector80
                0x08002a70       0x40 build/obj/stm32_dma.o
                0x08002a70                Vector80
 .text.Vector84
                0x08002ab0       0x40 build/obj/stm32_dma.o
                0x08002ab0                Vector84
 .text.VectorFC
                0x08002af0       0x40 build/obj/stm32_dma.o
                0x08002af0                VectorFC
 .text.Vector120
                0x08002b30       0x40 build/obj/stm32_dma.o
                0x08002b30                Vector120
 .text.Vector124
                0x08002b70       0x40 build/obj/stm32_dma.o
                0x08002b70                Vector124
 .text.Vector128
                0x08002bb0       0x40 build/obj/stm32_dma.o
                0x08002bb0                Vector128
 .text.Vector12C
                0x08002bf0       0x40 build/obj/stm32_dma.o
                0x08002bf0                Vector12C
 .text.Vector130
                0x08002c30       0x40 build/obj/stm32_dma.o
                0x08002c30                Vector130
 .text.Vector150
                0x08002c70       0x40 build/obj/stm32_dma.o
                0x08002c70                Vector150
 .text.Vector154
                0x08002cb0       0x40 build/obj/stm32_dma.o
                0x08002cb0                Vector154
 .text.Vector158
                0x08002cf0       0x40 build/obj/stm32_dma.o
                0x08002cf0                Vector158
 .text.dmaInit  0x08002d30      0x140 build/obj/stm32_dma.o
                0x08002d30                dmaInit
 .text.dmaStreamAllocate
                0x08002e70       0xc0 build/obj/stm32_dma.o
                0x08002e70                dmaStreamAllocate
 .text.hal_lld_init
                0x08002f30       0xe0 build/obj/hal_lld.o
                0x08002f30                hal_lld_init
 .text.stm32_clock_init
                0x08003010      0x120 build/obj/hal_lld.o
                0x08003010                stm32_clock_init
 .text.adc_lld_init
                0x08003130       0x90 build/obj/adc_lld.o
                0x08003130                adc_lld_init
 .text.adc_lld_start
                0x080031c0      0x100 build/obj/adc_lld.o
                0x080031c0                adc_lld_start
 .text.adc_lld_start_conversion
                0x080032c0       0x80 build/obj/adc_lld.o
                0x080032c0                adc_lld_start_conversion
 .text.adc_lld_stop_conversion
                0x08003340       0x30 build/obj/adc_lld.o
                0x08003340                adc_lld_stop_conversion
 .text.adc_lld_serve_rx_interrupt
                0x08003370      0x110 build/obj/adc_lld.o
 .text.Vector88
                0x08003480      0x170 build/obj/adc_lld.o
                0x08003480                Vector88
 .text.adcSTM32EnableTSVREFE
                0x080035f0       0x20 build/obj/adc_lld.o
                0x080035f0                adcSTM32EnableTSVREFE
 .text.adcSTM32EnableVBATE
                0x08003610       0x20 build/obj/adc_lld.o
                0x08003610                adcSTM32EnableVBATE
 .text.Vector58
                0x08003630       0x30 build/obj/ext_lld_isr.o
                0x08003630                Vector58
 .text.Vector5C
                0x08003660       0x30 build/obj/ext_lld_isr.o
                0x08003660                Vector5C
 .text.Vector60
                0x08003690       0x30 build/obj/ext_lld_isr.o
                0x08003690                Vector60
 .text.Vector64
                0x080036c0       0x30 build/obj/ext_lld_isr.o
                0x080036c0                Vector64
 .text.Vector68
                0x080036f0       0x30 build/obj/ext_lld_isr.o
                0x080036f0                Vector68
 .text.Vector9C
                0x08003720       0x80 build/obj/ext_lld_isr.o
                0x08003720                Vector9C
 .text.VectorE0
                0x080037a0       0x90 build/obj/ext_lld_isr.o
                0x080037a0                VectorE0
 .text.Vector44
                0x08003830       0x40 build/obj/ext_lld_isr.o
                0x08003830                Vector44
 .text.VectorE8
                0x08003870       0x40 build/obj/ext_lld_isr.o
                0x08003870                VectorE8
 .text.Vector138
                0x080038b0       0x40 build/obj/ext_lld_isr.o
                0x080038b0                Vector138
 .text.Vector170
                0x080038f0       0x40 build/obj/ext_lld_isr.o
                0x080038f0                Vector170
 .text.Vector4C
                0x08003930       0x40 build/obj/ext_lld_isr.o
                0x08003930                Vector4C
 .text.ext_lld_exti_irq_enable
                0x08003970       0x80 build/obj/ext_lld_isr.o
                0x08003970                ext_lld_exti_irq_enable
 .text.ext_lld_init
                0x080039f0       0x10 build/obj/ext_lld.o
                0x080039f0                ext_lld_init
 .text.ext_lld_channel_enable
                0x08003a00       0xc0 build/obj/ext_lld.o
                0x08003a00                ext_lld_channel_enable
 .text.ext_lld_channel_disable
                0x08003ac0       0x30 build/obj/ext_lld.o
                0x08003ac0                ext_lld_channel_disable
 .text.ext_lld_start
                0x08003af0       0x80 build/obj/ext_lld.o
                0x08003af0                ext_lld_start
 .text.VectorF4
                0x08003b70       0x40 build/obj/gpt_lld.o
                0x08003b70                VectorF4
 .text.gpt_lld_init
                0x08003bb0       0x20 build/obj/gpt_lld.o
                0x08003bb0                gpt_lld_init
 .text.icu_lld_serve_interrupt.constprop.0
                0x08003bd0       0x90 build/obj/icu_lld.o
 .text.VectorA4
                0x08003c60       0x20 build/obj/icu_lld.o
                0x08003c60                VectorA4
 .text.VectorAC
                0x08003c80       0x20 build/obj/icu_lld.o
                0x08003c80                VectorAC
 .text.icu_lld_init
                0x08003ca0       0x20 build/obj/icu_lld.o
                0x08003ca0                icu_lld_init
 .text.icu_lld_start
                0x08003cc0       0xf0 build/obj/icu_lld.o
                0x08003cc0                icu_lld_start
 .text.icu_lld_enable
                0x08003db0       0x60 build/obj/icu_lld.o
                0x08003db0                icu_lld_enable
 .text.sdc_lld_collect_errors
                0x08003e10       0x40 build/obj/sdc_lld.o
 .text.Vector104
                0x08003e50       0x50 build/obj/sdc_lld.o
                0x08003e50                Vector104
 .text.sdc_lld_init
                0x08003ea0       0x30 build/obj/sdc_lld.o
                0x08003ea0                sdc_lld_init
 .text.sdc_lld_start
                0x08003ed0       0x70 build/obj/sdc_lld.o
                0x08003ed0                sdc_lld_start
 .text.sdc_lld_start_clk
                0x08003f40       0x20 build/obj/sdc_lld.o
                0x08003f40                sdc_lld_start_clk
 .text.sdc_lld_set_data_clk
                0x08003f60       0x20 build/obj/sdc_lld.o
                0x08003f60                sdc_lld_set_data_clk
 .text.sdc_lld_stop_clk
                0x08003f80       0x10 build/obj/sdc_lld.o
                0x08003f80                sdc_lld_stop_clk
 .text.sdc_lld_set_bus_mode
                0x08003f90       0x30 build/obj/sdc_lld.o
                0x08003f90                sdc_lld_set_bus_mode
 .text.sdc_lld_send_cmd_none
                0x08003fc0       0x30 build/obj/sdc_lld.o
                0x08003fc0                sdc_lld_send_cmd_none
 .text.sdc_lld_send_cmd_short
                0x08003ff0       0x40 build/obj/sdc_lld.o
                0x08003ff0                sdc_lld_send_cmd_short
 .text.sdc_lld_send_cmd_short_crc
                0x08004030       0x40 build/obj/sdc_lld.o
                0x08004030                sdc_lld_send_cmd_short_crc
 .text.sdc_lld_wait_transaction_end
                0x08004070       0xc0 build/obj/sdc_lld.o
 .text.sdc_lld_error_cleanup
                0x08004130       0x80 build/obj/sdc_lld.o
 .text.sdc_lld_send_cmd_long_crc
                0x080041b0       0x50 build/obj/sdc_lld.o
                0x080041b0                sdc_lld_send_cmd_long_crc
 .text.sdc_lld_read_aligned
                0x08004200       0xd0 build/obj/sdc_lld.o
                0x08004200                sdc_lld_read_aligned
 .text.sdc_lld_write_aligned
                0x080042d0       0xe0 build/obj/sdc_lld.o
                0x080042d0                sdc_lld_write_aligned
 .text.sdc_lld_read
                0x080043b0       0xd0 build/obj/sdc_lld.o
                0x080043b0                sdc_lld_read
 .text.sdc_lld_write
                0x08004480       0xd0 build/obj/sdc_lld.o
                0x08004480                sdc_lld_write
 .text.sdc_lld_sync
                0x08004550       0x10 build/obj/sdc_lld.o
                0x08004550                sdc_lld_sync
 .text._pal_lld_init
                0x08004560      0x1b0 build/obj/pal_lld.o
                0x08004560                _pal_lld_init
 .text.rtc_lld_init
                0x08004710       0x50 build/obj/rtc_lld.o
                0x08004710                rtc_lld_init
 .text.rtc_lld_get_time
                0x08004760       0x40 build/obj/rtc_lld.o
                0x08004760                rtc_lld_get_time
 .text.rtc_lld_get_time_fat
                0x080047a0       0xc0 build/obj/rtc_lld.o
                0x080047a0                rtc_lld_get_time_fat
 .text.spi_lld_serve_rx_interrupt
                0x08004860       0x90 build/obj/spi_lld.o
 .text.spi_lld_serve_tx_interrupt
                0x080048f0       0x20 build/obj/spi_lld.o
 .text.spi_lld_init
                0x08004910       0x50 build/obj/spi_lld.o
                0x08004910                spi_lld_init
 .text.spi_lld_start
                0x08004960       0xd0 build/obj/spi_lld.o
                0x08004960                spi_lld_start
 .text.spi_lld_select
                0x08004a30       0x20 build/obj/spi_lld.o
                0x08004a30                spi_lld_select
 .text.spi_lld_unselect
                0x08004a50       0x20 build/obj/spi_lld.o
                0x08004a50                spi_lld_unselect
 .text.spi_lld_polled_exchange
                0x08004a70       0x10 build/obj/spi_lld.o
                0x08004a70                spi_lld_polled_exchange
 .text.notify1  0x08004a80       0x20 build/obj/serial_lld.o
 .text.notify2  0x08004aa0       0x20 build/obj/serial_lld.o
 .text.serve_interrupt
                0x08004ac0      0x160 build/obj/serial_lld.o
 .text.VectorD4
                0x08004c20       0x20 build/obj/serial_lld.o
                0x08004c20                VectorD4
 .text.VectorD8
                0x08004c40       0x20 build/obj/serial_lld.o
                0x08004c40                VectorD8
 .text.sd_lld_init
                0x08004c60       0x50 build/obj/serial_lld.o
                0x08004c60                sd_lld_init
 .text.sd_lld_start
                0x08004cb0       0xd0 build/obj/serial_lld.o
                0x08004cb0                sd_lld_start
 .text.__early_init
                0x08004d80       0x10 build/obj/board.o
                0x08004d80                __early_init
 .text.sdc_lld_is_card_inserted
                0x08004d90       0x20 build/obj/board.o
                0x08004d90                sdc_lld_is_card_inserted
 .text.sdc_lld_is_write_protected
                0x08004db0       0x10 build/obj/board.o
                0x08004db0                sdc_lld_is_write_protected
 .text.boardInit
                0x08004dc0       0x10 build/obj/board.o
                0x08004dc0                boardInit
 .text.long_to_string_with_divisor.constprop.0
                0x08004dd0       0x70 build/obj/chprintf.o
 .text.chprintf
                0x08004e40      0x3a0 build/obj/chprintf.o
                0x08004e40                chprintf
 .text.stm32_rtc_bcd2tm
                0x080051e0       0xb0 build/obj/chrtclib.o
 .text.rtcGetTimeTm
                0x08005290       0x30 build/obj/chrtclib.o
                0x08005290                rtcGetTimeTm
 .text.put      0x080052c0       0x20 build/obj/memstreams.o
 .text.get      0x080052e0       0x20 build/obj/memstreams.o
 .text.reads    0x08005300       0x30 build/obj/memstreams.o
 .text.writes   0x08005330       0x30 build/obj/memstreams.o
 .text.msObjectInit
                0x08005360       0x20 build/obj/memstreams.o
                0x08005360                msObjectInit
 .text.hard_fault_handler_c
                0x08005380       0x10 build/obj/kb_debug.o
                0x08005380                hard_fault_handler_c
 .text.disk_initialize
                0x08005390       0x30 build/obj/fatfs_diskio.o
                0x08005390                disk_initialize
 .text.disk_status
                0x080053c0       0x30 build/obj/fatfs_diskio.o
                0x080053c0                disk_status
 .text.disk_read
                0x080053f0       0x30 build/obj/fatfs_diskio.o
                0x080053f0                disk_read
 .text.disk_write
                0x08005420       0x30 build/obj/fatfs_diskio.o
                0x08005420                disk_write
 .text.disk_ioctl
                0x08005450       0x40 build/obj/fatfs_diskio.o
                0x08005450                disk_ioctl
 .text.get_fattime
                0x08005490       0x10 build/obj/fatfs_diskio.o
                0x08005490                get_fattime
 .text.validate
                0x080054a0       0x30 build/obj/ff.o
 .text.sync_window
                0x080054d0       0x70 build/obj/ff.o
 .text.sync_fs  0x08005540       0xd0 build/obj/ff.o
 .text.check_fs
                0x08005610       0x90 build/obj/ff.o
 .text.chk_mounted
                0x080056a0      0x330 build/obj/ff.o
 .text.move_window
                0x080059d0       0x30 build/obj/ff.o
 .text.get_fat  0x08005a00       0xd0 build/obj/ff.o
                0x08005a00                get_fat
 .text.dir_sdi  0x08005ad0       0xa0 build/obj/ff.o
 .text.put_fat  0x08005b70      0x110 build/obj/ff.o
                0x08005b70                put_fat
 .text.create_chain
                0x08005c80       0xa0 build/obj/ff.o
 .text.dir_next
                0x08005d20      0x130 build/obj/ff.o
 .text.follow_path
                0x08005e50      0x270 build/obj/ff.o
 .text.dir_alloc.part.7.constprop.11
                0x080060c0       0x30 build/obj/ff.o
 .text.dir_register
                0x080060f0       0x70 build/obj/ff.o
 .text.remove_chain
                0x08006160       0x60 build/obj/ff.o
 .text.f_mount  0x080061c0       0x20 build/obj/ff.o
                0x080061c0                f_mount
 .text.f_open   0x080061e0      0x190 build/obj/ff.o
                0x080061e0                f_open
 .text.f_write  0x08006370      0x260 build/obj/ff.o
                0x08006370                f_write
 .text.f_sync   0x080065d0       0xb0 build/obj/ff.o
                0x080065d0                f_sync
 .text.f_opendir
                0x08006680       0x80 build/obj/ff.o
                0x08006680                f_opendir
 .text.f_getfree
                0x08006700      0x1f0 build/obj/ff.o
                0x08006700                f_getfree
 .text.f_mkdir  0x080068f0      0x260 build/obj/ff.o
                0x080068f0                f_mkdir
 .text.adc_trigger_cb
                0x08006b50       0x50 build/obj/kb_adc.o
                0x08006b50                adc_trigger_cb
 .text.adc_cb   0x08006ba0       0x70 build/obj/kb_adc.o
                0x08006ba0                adc_cb
 .text.btn_0_exti_cb
                0x08006c10       0x10 build/obj/kb_buttons.o
                0x08006c10                btn_0_exti_cb
 .text.btn_1_exti_cb
                0x08006c20       0x10 build/obj/kb_buttons.o
                0x08006c20                btn_1_exti_cb
 .text.thLogger
                0x08006c30      0x340 build/obj/kb_logger.o
 .text.kuroBoxLogger
                0x08006f70       0x40 build/obj/kb_logger.o
                0x08006f70                kuroBoxLogger
 .text.thScreen
                0x08006fb0      0x260 build/obj/kb_screen.o
 .text.kuroBoxScreenInit
                0x08007210       0x70 build/obj/kb_screen.o
                0x08007210                kuroBoxScreenInit
 .text.kbs_setVoltage
                0x08007280       0x10 build/obj/kb_screen.o
                0x08007280                kbs_setVoltage
 .text.kbs_setTemperature
                0x08007290       0x10 build/obj/kb_screen.o
                0x08007290                kbs_setTemperature
 .text.kbs_setLTC
                0x080072a0       0x20 build/obj/kb_screen.o
                0x080072a0                kbs_setLTC
 .text.kbs_setCounter
                0x080072c0       0x10 build/obj/kb_screen.o
                0x080072c0                kbs_setCounter
 .text.kbs_setSDCFree
                0x080072d0       0x10 build/obj/kb_screen.o
                0x080072d0                kbs_setSDCFree
 .text.kbs_setFName
                0x080072e0       0x10 build/obj/kb_screen.o
                0x080072e0                kbs_setFName
 .text.kbs_setBtn0
                0x080072f0       0x10 build/obj/kb_screen.o
                0x080072f0                kbs_setBtn0
 .text.kbs_setBtn1
                0x08007300       0x10 build/obj/kb_screen.o
                0x08007300                kbs_setBtn1
 .text.thTime   0x08007310       0xa0 build/obj/kb_time.o
 .text.ltc_icu_period_cb
                0x080073b0      0x320 build/obj/kb_time.o
                0x080073b0                ltc_icu_period_cb
 .text.kuroBoxTimeInit
                0x080076d0       0x70 build/obj/kb_time.o
                0x080076d0                kuroBoxTimeInit
 .text.parse_ltc
                0x08007740     0x12a0 build/obj/decoder.o
 .text.decode_ltc
                0x080089e0      0x400 build/obj/decoder.o
                0x080089e0                decode_ltc
 .text.ltc_decoder_create
                0x08008de0       0x80 build/obj/ltc.o
                0x08008de0                ltc_decoder_create
 .text.ltc_decoder_write
                0x08008e60       0x10 build/obj/ltc.o
                0x08008e60                ltc_decoder_write
 .text.ltc_decoder_read
                0x08008e70       0x40 build/obj/ltc.o
                0x08008e70                ltc_decoder_read
 .text.ltc_frame_to_time
                0x08008eb0      0x120 build/obj/timecode.o
                0x08008eb0                ltc_frame_to_time
 .text.thBlinker
                0x08008fd0       0x50 build/obj/main.o
 .text.kuroBox_panic
                0x08009020       0x30 build/obj/main.o
                0x08009020                kuroBox_panic
 .text.kuroBoxInit
                0x08009050      0x170 build/obj/main.o
                0x08009050                kuroBoxInit
 .text.spiEepromStart
                0x080091c0       0x10 build/obj/spiEEPROM.o
                0x080091c0                spiEepromStart
 .text.st7565_display
                0x080091d0      0x190 build/obj/ST7565.o
                0x080091d0                st7565_display
 .text.st7565Start
                0x08009360      0x110 build/obj/ST7565.o
                0x08009360                st7565Start
 .text.st7565_clear
                0x08009470       0x50 build/obj/ST7565.o
                0x08009470                st7565_clear
 .text.st7565_drawchar
                0x080094c0       0xb0 build/obj/ST7565.o
                0x080094c0                st7565_drawchar
 .text.st7565_drawstring
                0x08009570       0x50 build/obj/ST7565.o
                0x08009570                st7565_drawstring
 .text.st7565_setpixel
                0x080095c0       0x90 build/obj/ST7565.o
                0x080095c0                st7565_setpixel
 .text.st7565_drawline
                0x08009650      0x1f0 build/obj/ST7565.o
                0x08009650                st7565_drawline
 .text.ceil     0x08009840      0x120 c:/chibistudio/tools/gnu tools arm embedded/4.7 2013q1/bin/../lib/gcc/arm-none-eabi/4.7.3/../../../../arm-none-eabi/lib/armv7e-m\libm.a(lib_a-s_ceil.o)
                0x08009840                ceil
 .text.log10    0x08009960       0xe4 c:/chibistudio/tools/gnu tools arm embedded/4.7 2013q1/bin/../lib/gcc/arm-none-eabi/4.7.3/../../../../arm-none-eabi/lib/armv7e-m\libm.a(lib_a-w_log10.o)
                0x08009960                log10
 *fill*         0x08009a44        0xc 00
 .text.__ieee754_log10
                0x08009a50      0x128 c:/chibistudio/tools/gnu tools arm embedded/4.7 2013q1/bin/../lib/gcc/arm-none-eabi/4.7.3/../../../../arm-none-eabi/lib/armv7e-m\libm.a(lib_a-e_log10.o)
                0x08009a50                __ieee754_log10
 *fill*         0x08009b78        0x8 00
 .text.__fpclassifyd
                0x08009b80       0x68 c:/chibistudio/tools/gnu tools arm embedded/4.7 2013q1/bin/../lib/gcc/arm-none-eabi/4.7.3/../../../../arm-none-eabi/lib/armv7e-m\libm.a(lib_a-s_fpclassify.o)
                0x08009b80                __fpclassifyd
 *fill*         0x08009be8        0x8 00
 .text.matherr  0x08009bf0        0x4 c:/chibistudio/tools/gnu tools arm embedded/4.7 2013q1/bin/../lib/gcc/arm-none-eabi/4.7.3/../../../../arm-none-eabi/lib/armv7e-m\libm.a(lib_a-s_matherr.o)
                0x08009bf0                matherr
 *fill*         0x08009bf4        0xc 00
 .text.nan      0x08009c00        0xc c:/chibistudio/tools/gnu tools arm embedded/4.7 2013q1/bin/../lib/gcc/arm-none-eabi/4.7.3/../../../../arm-none-eabi/lib/armv7e-m\libm.a(lib_a-s_nan.o)
                0x08009c00                nan
 *fill*         0x08009c0c        0x4 00
 .text.__ieee754_log
                0x08009c10      0x3f8 c:/chibistudio/tools/gnu tools arm embedded/4.7 2013q1/bin/../lib/gcc/arm-none-eabi/4.7.3/../../../../arm-none-eabi/lib/armv7e-m\libm.a(lib_a-e_log.o)
                0x08009c10                __ieee754_log
 *fill*         0x0800a008        0x8 00
 .text.__errno  0x0800a010        0xc c:/chibistudio/tools/gnu tools arm embedded/4.7 2013q1/bin/../lib/gcc/arm-none-eabi/4.7.3/../../../../arm-none-eabi/lib/armv7e-m\libc.a(lib_a-errno.o)
                0x0800a010                __errno
 *fill*         0x0800a01c        0x4 00
 .text.memcpy   0x0800a020      0x144 c:/chibistudio/tools/gnu tools arm embedded/4.7 2013q1/bin/../lib/gcc/arm-none-eabi/4.7.3/../../../../arm-none-eabi/lib/armv7e-m\libc.a(lib_a-memcpy.o)
                0x0800a020                memcpy
 *fill*         0x0800a164        0xc 00
 .text.memset   0x0800a170      0x12c c:/chibistudio/tools/gnu tools arm embedded/4.7 2013q1/bin/../lib/gcc/arm-none-eabi/4.7.3/../../../../arm-none-eabi/lib/armv7e-m\libc.a(lib_a-memset.o)
                0x0800a170                memset
 *fill*         0x0800a29c        0x4 00
 .text.strcpy   0x0800a2a0       0xbc c:/chibistudio/tools/gnu tools arm embedded/4.7 2013q1/bin/../lib/gcc/arm-none-eabi/4.7.3/../../../../arm-none-eabi/lib/armv7e-m\libc.a(lib_a-strcpy.o)
                0x0800a2a0                strcpy
 *(.rodata)
 *(.rodata.*)
 *fill*         0x0800a35c        0x4 00
 .rodata.str1.4
                0x0800a360        0x5 build/obj/chsys.o
                                  0x8 (size before relaxing)
 *fill*         0x0800a365        0xb 00
 .rodata.str1.4
                0x0800a370       0x55 build/obj/chdebug.o
                                 0x58 (size before relaxing)
 *fill*         0x0800a3c5        0xb 00
 .rodata.str1.4
                0x0800a3d0       0x31 build/obj/chvt.o
                                 0x34 (size before relaxing)
 *fill*         0x0800a401        0xf 00
 .rodata.str1.4
                0x0800a410       0x23 build/obj/chschd.o
                                 0x24 (size before relaxing)
 *fill*         0x0800a433        0xd 00
 .rodata.str1.4
                0x0800a440       0x94 build/obj/chthreads.o
 *fill*         0x0800a4d4        0xc 00
 .rodata.ch_debug
                0x0800a4e0       0x18 build/obj/chregistry.o
                0x0800a4e0                ch_debug
 *fill*         0x0800a4f8        0x8 00
 .rodata.str1.4
                0x0800a500       0xab build/obj/chmtx.o
                                 0xac (size before relaxing)
 *fill*         0x0800a5ab        0x5 00
 .rodata.str1.4
                0x0800a5b0       0x90 build/obj/chevents.o
 .rodata.str1.4
                0x0800a640       0x29 build/obj/chqueues.o
                                 0x2c (size before relaxing)
 *fill*         0x0800a669        0x7 00
 .rodata.str1.4
                0x0800a670      0x10e build/obj/adc.o
                                0x110 (size before relaxing)
 *fill*         0x0800a77e        0x2 00
 .rodata.str1.4
                0x0800a780       0xcd build/obj/ext.o
                                 0xd0 (size before relaxing)
 *fill*         0x0800a84d        0x3 00
 .rodata.str1.4
                0x0800a850       0x7d build/obj/icu.o
                                 0x80 (size before relaxing)
 *fill*         0x0800a8cd        0x3 00
 .rodata.str1.4
                0x0800a8d0       0x14 build/obj/mmcsd.o
 *fill*         0x0800a8e4        0xc 00
 .rodata.str1.4
                0x0800a8f0       0x40 build/obj/rtc.o
 .rodata.sdc_vmt
                0x0800a930       0x20 build/obj/sdc.o
 .rodata.str1.4
                0x0800a950      0x137 build/obj/sdc.o
                                0x138 (size before relaxing)
 *fill*         0x0800aa87        0x9 00
 .rodata.str1.4
                0x0800aa90       0x5f build/obj/serial.o
                                 0x60 (size before relaxing)
 *fill*         0x0800aaef        0x1 00
 .rodata.vmt    0x0800aaf0       0x20 build/obj/serial.o
 .rodata.str1.4
                0x0800ab10      0x236 build/obj/spi.o
                                0x238 (size before relaxing)
 *fill*         0x0800ad46        0xa 00
 .rodata.str1.4
                0x0800ad50       0x47 build/obj/stm32_dma.o
                                 0x48 (size before relaxing)
 *fill*         0x0800ad97        0x9 00
 .rodata._stm32_dma_streams
                0x0800ada0       0xc0 build/obj/stm32_dma.o
                0x0800ada0                _stm32_dma_streams
 .rodata.str1.4
                0x0800ae60       0x3c build/obj/adc_lld.o
 *fill*         0x0800ae9c        0x4 00
 .rodata.str1.4
                0x0800aea0       0x14 build/obj/icu_lld.o
 *fill*         0x0800aeb4        0xc 00
 .rodata.str1.4
                0x0800aec0       0x7d build/obj/sdc_lld.o
                                 0x80 (size before relaxing)
 *fill*         0x0800af3d        0x3 00
 .rodata.str1.4
                0x0800af40       0x28 build/obj/spi_lld.o
 *fill*         0x0800af68        0x8 00
 .rodata.default_config
                0x0800af70        0xc build/obj/serial_lld.o
 *fill*         0x0800af7c        0x4 00
 .rodata.pal_default_config
                0x0800af80       0xfc build/obj/board.o
                0x0800af80                pal_default_config
 *fill*         0x0800b07c        0x4 00
 .rodata.str1.4
                0x0800b080        0x7 build/obj/chprintf.o
                                  0x8 (size before relaxing)
 *fill*         0x0800b087        0x9 00
 .rodata.vmt    0x0800b090       0x10 build/obj/memstreams.o
 .rodata.str1.4
                0x0800b0a0       0x54 build/obj/ff.o
 *fill*         0x0800b0f4        0xc 00
 .rodata.ExCvt  0x0800b100       0x80 build/obj/ff.o
 .rodata.ST7565font
                0x0800b180      0x4fc build/obj/glcdfont.o
                0x0800b180                ST7565font
 *fill*         0x0800b67c        0x4 00
 .rodata.adc_grp_cfg
                0x0800b680       0x28 build/obj/kb_adc.o
 *fill*         0x0800b6a8        0x8 00
 .rodata.str1.4
                0x0800b6b0       0x69 build/obj/kb_logger.o
                                 0x70 (size before relaxing)
 *fill*         0x0800b719        0x7 00
 .rodata.str1.4
                0x0800b720       0x6b build/obj/kb_screen.o
                                 0x6c (size before relaxing)
 *fill*         0x0800b78b        0x5 00
 .rodata.str1.4
                0x0800b790        0x5 build/obj/kb_time.o
                                  0x8 (size before relaxing)
 *fill*         0x0800b795        0xb 00
 .rodata.smpte_time_zones
                0x0800b7a0      0x198 build/obj/timecode.o
 *fill*         0x0800b938        0x8 00
 .rodata.str1.4
                0x0800b940        0x6 build/obj/timecode.o
                                  0x8 (size before relaxing)
 *fill*         0x0800b946        0xa 00
 .rodata.str1.4
                0x0800b950       0x3a build/obj/main.o
                                 0x3c (size before relaxing)
 *fill*         0x0800b98a        0x6 00
 .rodata.extcfg
                0x0800b990       0xb8 build/obj/main.o
 *fill*         0x0800ba48        0x8 00
 .rodata.sdio_cfg
                0x0800ba50        0x4 build/obj/main.o
 *fill*         0x0800ba54        0xc 00
 .rodata.lcd_cfg
                0x0800ba60       0x1c build/obj/main.o
 *fill*         0x0800ba7c        0x4 00
 .rodata.eeprom_cfg
                0x0800ba80        0xc build/obj/main.o
 *fill*         0x0800ba8c        0x4 00
 .rodata.st7565_nanibox
                0x0800ba90      0x200 build/obj/ST7565.o
 .rodata.pagemap
                0x0800bc90        0x4 build/obj/ST7565.o
 *fill*         0x0800bc94        0xc 00
 .rodata.str1.4
                0x0800bca0        0x6 c:/chibistudio/tools/gnu tools arm embedded/4.7 2013q1/bin/../lib/gcc/arm-none-eabi/4.7.3/../../../../arm-none-eabi/lib/armv7e-m\libm.a(lib_a-w_log10.o)
                                  0xc (size before relaxing)
 *fill*         0x0800bca6        0xa 00
 .rodata.str1.4
                0x0800bcb0        0x4 c:/chibistudio/tools/gnu tools arm embedded/4.7 2013q1/bin/../lib/gcc/arm-none-eabi/4.7.3/../../../../arm-none-eabi/lib/armv7e-m\libc.a(lib_a-impure.o)
 *(.glue_7t)
 .glue_7t       0x00000000        0x0 linker stubs
 *(.glue_7)
 .glue_7        0x00000000        0x0 linker stubs
 *(.gcc*)

.vfp11_veneer   0x0800bcb4        0x0
 .vfp11_veneer  0x00000000        0x0 linker stubs

.v4_bx          0x0800bcb4        0x0
 .v4_bx         0x00000000        0x0 linker stubs

.iplt           0x0800bcb4        0x0
 .iplt          0x00000000        0x0 build/obj/kb_debug_asm.o

.rel.dyn        0x0800bcb4        0x0
 .rel.iplt      0x00000000        0x0 build/obj/kb_debug_asm.o

.ARM.extab
 *(.ARM.extab* .gnu.linkonce.armextab.*)

.ARM.exidx      0x0800bcb4        0x0
                0x0800bcb4                PROVIDE (__exidx_start, .)
 *(.ARM.exidx* .gnu.linkonce.armexidx.*)
                0x0800bcb4                PROVIDE (__exidx_end, .)

.eh_frame_hdr
 *(.eh_frame_hdr)

.eh_frame
 *(.eh_frame)

.textalign      0x0800bcb4        0x4
                0x0800bcb8                . = ALIGN (0x8)
 *fill*         0x0800bcb4        0x4 00
                0x0800bcb8                _etext = .
                0x0800bcb8                _textdata = _etext

.stacks         0x20000000      0x800
                0x20000000                . = ALIGN (0x8)
                0x20000000                __main_stack_base__ = .
                0x20000400                . = (. + __main_stack_size__)
 *fill*         0x20000000      0x400 00
                0x20000400                . = ALIGN (0x8)
                0x20000400                __main_stack_end__ = .
                0x20000400                __process_stack_base__ = .
                0x20000400                __main_thread_stack_base__ = .
                0x20000800                . = (. + __process_stack_size__)
 *fill*         0x20000400      0x400 00
                0x20000800                . = ALIGN (0x8)
                0x20000800                __process_stack_end__ = .
                0x20000800                __main_thread_stack_end__ = .

.data           0x20000800      0x464 load address 0x0800bcb8
                0x20000800                . = ALIGN (0x4)
                0x20000800                PROVIDE (_data, .)
 *(.data)
                0x20000800                . = ALIGN (0x4)
 *(.data.*)
 .data.serial1_cfg
                0x20000800        0xc build/obj/main.o
 .data.serial2_cfg
                0x2000080c        0xc build/obj/main.o
 .data.ltc_icucfg
                0x20000818       0x18 build/obj/main.o
 .data.__fdlib_version
                0x20000830        0x1 c:/chibistudio/tools/gnu tools arm embedded/4.7 2013q1/bin/../lib/gcc/arm-none-eabi/4.7.3/../../../../arm-none-eabi/lib/armv7e-m\libm.a(lib_a-s_lib_ver.o)
                0x20000830                __fdlib_version
 *fill*         0x20000831        0x7 00
 .data.impure_data
                0x20000838      0x428 c:/chibistudio/tools/gnu tools arm embedded/4.7 2013q1/bin/../lib/gcc/arm-none-eabi/4.7.3/../../../../arm-none-eabi/lib/armv7e-m\libc.a(lib_a-impure.o)
 .data._impure_ptr
                0x20000c60        0x4 c:/chibistudio/tools/gnu tools arm embedded/4.7 2013q1/bin/../lib/gcc/arm-none-eabi/4.7.3/../../../../arm-none-eabi/lib/armv7e-m\libc.a(lib_a-impure.o)
                0x20000c60                _impure_ptr
                0x20000c64                . = ALIGN (0x4)
 *(.ramtext)
                0x20000c64                . = ALIGN (0x4)
                0x20000c64                PROVIDE (_edata, .)

.igot.plt       0x20000c64        0x0 load address 0x0800c11c
 .igot.plt      0x00000000        0x0 build/obj/kb_debug_asm.o

.bss            0x20000c68     0x95a0 load address 0x0800c11c
                0x20000c68                . = ALIGN (0x4)
                0x20000c68                PROVIDE (_bss_start, .)
 *(.bss)
                0x20000c68                . = ALIGN (0x4)
 *(.bss.*)
 .bss.mainthread.4860
                0x20000c68       0x4c build/obj/chsys.o
 *fill*         0x20000cb4        0x4 00
 .bss._idle_thread_wa
                0x20000cb8      0x158 build/obj/chsys.o
                0x20000cb8                _idle_thread_wa
 .bss.dbg_isr_cnt
                0x20000e10        0x4 build/obj/chdebug.o
                0x20000e10                dbg_isr_cnt
 .bss.dbg_trace_buffer
                0x20000e14      0x408 build/obj/chdebug.o
                0x20000e14                dbg_trace_buffer
 .bss.dbg_lock_cnt
                0x2000121c        0x4 build/obj/chdebug.o
                0x2000121c                dbg_lock_cnt
 .bss.dbg_panic_msg
                0x20001220        0x4 build/obj/chdebug.o
                0x20001220                dbg_panic_msg
 .bss.vtlist    0x20001224       0x10 build/obj/chvt.o
                0x20001224                vtlist
 .bss.rlist     0x20001234       0x1c build/obj/chschd.o
                0x20001234                rlist
 .bss.endmem    0x20001250        0x4 build/obj/chmemcore.o
 .bss.nextmem   0x20001254        0x4 build/obj/chmemcore.o
 .bss.default_heap
                0x20001258       0x20 build/obj/chheap.o
 .bss.dma_isr_redir
                0x20001278       0x80 build/obj/stm32_dma.o
 .bss.dma_streams_mask
                0x200012f8        0x4 build/obj/stm32_dma.o
 .bss.ADCD1     0x200012fc       0x34 build/obj/adc_lld.o
                0x200012fc                ADCD1
 .bss.ADCD2     0x20001330       0x34 build/obj/adc_lld.o
                0x20001330                ADCD2
 .bss.ADCD3     0x20001364       0x34 build/obj/adc_lld.o
                0x20001364                ADCD3
 .bss.EXTD1     0x20001398        0x8 build/obj/ext_lld.o
                0x20001398                EXTD1
 .bss.GPTD14    0x200013a0       0x10 build/obj/gpt_lld.o
                0x200013a0                GPTD14
 .bss.ICUD1     0x200013b0       0x18 build/obj/icu_lld.o
                0x200013b0                ICUD1
 .bss.SDCD1     0x200013c8       0x4c build/obj/sdc_lld.o
                0x200013c8                SDCD1
 .bss.u         0x20001414      0x200 build/obj/sdc_lld.o
 .bss.RTCD1     0x20001614        0x4 build/obj/rtc_lld.o
                0x20001614                RTCD1
 .bss.dummytx   0x20001618        0x2 build/obj/spi_lld.o
 *fill*         0x2000161a        0x2 00
 .bss.SPID1     0x2000161c       0x30 build/obj/spi_lld.o
                0x2000161c                SPID1
 .bss.SD1       0x2000164c       0xd8 build/obj/serial_lld.o
                0x2000164c                SD1
 .bss.SD2       0x20001724       0xd8 build/obj/serial_lld.o
                0x20001724                SD2
 .bss.Fsid      0x200017fc        0x2 build/obj/ff.o
 *fill*         0x200017fe        0x2 00
 .bss.FatFs     0x20001800        0x4 build/obj/ff.o
 .bss.adc_samples
                0x20001804        0xc build/obj/kb_adc.o
 .bss.waLogger  0x20001810     0x2138 build/obj/kb_logger.o
 .bss.SDC_FS    0x20003948      0x234 build/obj/kb_logger.o
 .bss.kbfile    0x20003b7c      0x224 build/obj/kb_logger.o
                0x20003b7c                kbfile
 .bss.writing_msg
                0x20003da0      0x200 build/obj/kb_logger.o
 .bss.current_msg
                0x20003fa0      0x200 build/obj/kb_logger.o
 .bss.logger_state
                0x200041a0        0x1 build/obj/kb_logger.o
 .bss.fs_ready  0x200041a1        0x1 build/obj/kb_logger.o
 .bss.fs_write_protected
                0x200041a2        0x1 build/obj/kb_logger.o
 *fill*         0x200041a3        0x1 00
 .bss.loggerThread
                0x200041a4        0x4 build/obj/kb_logger.o
 .bss.sd_det_count
                0x200041a8        0x1 build/obj/kb_logger.o
 *fill*         0x200041a9        0x7 00
 .bss.waScreen  0x200041b0     0x1138 build/obj/kb_screen.o
 .bss.charbuf   0x200052e8       0x80 build/obj/kb_screen.o
 .bss.msb       0x20005368       0x14 build/obj/kb_screen.o
 .bss.screen    0x2000537c       0x38 build/obj/kb_screen.o
 *fill*         0x200053b4        0x4 00
 .bss.ltc_frame
                0x200053b8      0x170 build/obj/kb_time.o
                0x200053b8                ltc_frame
 .bss.ltc_buffer_pos
                0x20005528        0x4 build/obj/kb_time.o
                0x20005528                ltc_buffer_pos
 .bss.ltc_buffer
                0x2000552c      0x800 build/obj/kb_time.o
                0x2000552c                ltc_buffer
 .bss.ltc_smpte_time
                0x20005d2c       0x10 build/obj/kb_time.o
                0x20005d2c                ltc_smpte_time
 .bss.ltc_decoder
                0x20005d3c        0x4 build/obj/kb_time.o
                0x20005d3c                ltc_decoder
 .bss.which_ltc_buffer
                0x20005d40        0x4 build/obj/kb_time.o
                0x20005d40                which_ltc_buffer
 .bss.timeThread
                0x20005d44        0x4 build/obj/kb_time.o
 .bss.waTime    0x20005d48     0x1138 build/obj/kb_time.o
 .bss.LTCFrameExtInstances
                0x20006e80     0x2e00 build/obj/ltc.o
 .bss.LTCDecoderInstance
                0x20009c80      0x198 build/obj/ltc.o
 .bss.global_state
                0x20009e18        0x4 build/obj/main.o
 .bss.adc_trigger
                0x20009e1c       0x14 build/obj/main.o
 .bss.adc_cfg   0x20009e30        0x4 build/obj/main.o
 .bss.lcd_buffer
                0x20009e34      0x200 build/obj/main.o
 *fill*         0x2000a034        0x4 00
 .bss.waBlinker
                0x2000a038      0x1b8 build/obj/main.o
 .bss.spiEepromD1
                0x2000a1f0        0x8 build/obj/spiEEPROM.o
                0x2000a1f0                spiEepromD1
 .bss.ST7565D1  0x2000a1f8        0xc build/obj/ST7565.o
                0x2000a1f8                ST7565D1
 .bss.xUpdateMin
                0x2000a204        0x1 build/obj/ST7565.o
 .bss.xUpdateMax
                0x2000a205        0x1 build/obj/ST7565.o
 .bss.yUpdateMin
                0x2000a206        0x1 build/obj/ST7565.o
 .bss.yUpdateMax
                0x2000a207        0x1 build/obj/ST7565.o
                0x2000a208                . = ALIGN (0x4)
 *(COMMON)
                0x2000a208                . = ALIGN (0x4)
                0x2000a208                PROVIDE (_bss_end, .)
                0x2000a208                PROVIDE (end, .)
                0x2000a208                _end = .
                0x2000a208                __heap_base__ = _end
                0x2001c000                __heap_end__ = __ram_end__
OUTPUT(build/kuroBox.elf elf32-littlearm)

.ARM.attributes
                0x00000000       0x35
 .ARM.attributes
                0x00000000       0x21 build/obj/kb_debug_asm.o
 .ARM.attributes
                0x00000021       0x39 build/obj/crt0.o
 .ARM.attributes
                0x0000005a       0x39 build/obj/vectors.o
 .ARM.attributes
                0x00000093       0x39 build/obj/chcore.o
 .ARM.attributes
                0x000000cc       0x39 build/obj/chcore_v7m.o
 .ARM.attributes
                0x00000105       0x39 build/obj/nvic.o
 .ARM.attributes
                0x0000013e       0x39 build/obj/chsys.o
 .ARM.attributes
                0x00000177       0x39 build/obj/chdebug.o
 .ARM.attributes
                0x000001b0       0x39 build/obj/chvt.o
 .ARM.attributes
                0x000001e9       0x39 build/obj/chschd.o
 .ARM.attributes
                0x00000222       0x39 build/obj/chthreads.o
 .ARM.attributes
                0x0000025b       0x39 build/obj/chregistry.o
 .ARM.attributes
                0x00000294       0x39 build/obj/chmtx.o
 .ARM.attributes
                0x000002cd       0x39 build/obj/chevents.o
 .ARM.attributes
                0x00000306       0x39 build/obj/chqueues.o
 .ARM.attributes
                0x0000033f       0x39 build/obj/chmemcore.o
 .ARM.attributes
                0x00000378       0x39 build/obj/chheap.o
 .ARM.attributes
                0x000003b1       0x39 build/obj/hal.o
 .ARM.attributes
                0x000003ea       0x39 build/obj/adc.o
 .ARM.attributes
                0x00000423       0x39 build/obj/ext.o
 .ARM.attributes
                0x0000045c       0x39 build/obj/gpt.o
 .ARM.attributes
                0x00000495       0x39 build/obj/icu.o
 .ARM.attributes
                0x000004ce       0x39 build/obj/mmcsd.o
 .ARM.attributes
                0x00000507       0x39 build/obj/rtc.o
 .ARM.attributes
                0x00000540       0x39 build/obj/sdc.o
 .ARM.attributes
                0x00000579       0x39 build/obj/serial.o
 .ARM.attributes
                0x000005b2       0x39 build/obj/spi.o
 .ARM.attributes
                0x000005eb       0x39 build/obj/stm32_dma.o
 .ARM.attributes
                0x00000624       0x39 build/obj/hal_lld.o
 .ARM.attributes
                0x0000065d       0x39 build/obj/adc_lld.o
 .ARM.attributes
                0x00000696       0x39 build/obj/ext_lld_isr.o
 .ARM.attributes
                0x000006cf       0x39 build/obj/ext_lld.o
 .ARM.attributes
                0x00000708       0x39 build/obj/gpt_lld.o
 .ARM.attributes
                0x00000741       0x39 build/obj/icu_lld.o
 .ARM.attributes
                0x0000077a       0x39 build/obj/sdc_lld.o
 .ARM.attributes
                0x000007b3       0x39 build/obj/pal_lld.o
 .ARM.attributes
                0x000007ec       0x39 build/obj/rtc_lld.o
 .ARM.attributes
                0x00000825       0x39 build/obj/spi_lld.o
 .ARM.attributes
                0x0000085e       0x39 build/obj/serial_lld.o
 .ARM.attributes
                0x00000897       0x39 build/obj/board.o
 .ARM.attributes
                0x000008d0       0x39 build/obj/chprintf.o
 .ARM.attributes
                0x00000909       0x39 build/obj/chrtclib.o
 .ARM.attributes
                0x00000942       0x39 build/obj/memstreams.o
 .ARM.attributes
                0x0000097b       0x39 build/obj/kb_debug.o
 .ARM.attributes
                0x000009b4       0x39 build/obj/fatfs_diskio.o
 .ARM.attributes
                0x000009ed       0x39 build/obj/ff.o
 .ARM.attributes
                0x00000a26       0x39 build/obj/glcdfont.o
 .ARM.attributes
                0x00000a5f       0x39 build/obj/kb_adc.o
 .ARM.attributes
                0x00000a98       0x39 build/obj/kb_buttons.o
 .ARM.attributes
                0x00000ad1       0x39 build/obj/kb_logger.o
 .ARM.attributes
                0x00000b0a       0x39 build/obj/kb_screen.o
 .ARM.attributes
                0x00000b43       0x39 build/obj/kb_time.o
 .ARM.attributes
                0x00000b7c       0x39 build/obj/decoder.o
 .ARM.attributes
                0x00000bb5       0x39 build/obj/ltc.o
 .ARM.attributes
                0x00000bee       0x39 build/obj/timecode.o
 .ARM.attributes
                0x00000c27       0x39 build/obj/main.o
 .ARM.attributes
                0x00000c60       0x39 build/obj/spiEEPROM.o
 .ARM.attributes
                0x00000c99       0x39 build/obj/ST7565.o
 .ARM.attributes
                0x00000cd2       0x2e c:/chibistudio/tools/gnu tools arm embedded/4.7 2013q1/bin/../lib/gcc/arm-none-eabi/4.7.3/../../../../arm-none-eabi/lib/armv7e-m\libm.a(lib_a-s_ceil.o)
 .ARM.attributes
                0x00000d00       0x2e c:/chibistudio/tools/gnu tools arm embedded/4.7 2013q1/bin/../lib/gcc/arm-none-eabi/4.7.3/../../../../arm-none-eabi/lib/armv7e-m\libm.a(lib_a-w_log10.o)
 .ARM.attributes
                0x00000d2e       0x2e c:/chibistudio/tools/gnu tools arm embedded/4.7 2013q1/bin/../lib/gcc/arm-none-eabi/4.7.3/../../../../arm-none-eabi/lib/armv7e-m\libm.a(lib_a-e_log10.o)
 .ARM.attributes
                0x00000d5c       0x2e c:/chibistudio/tools/gnu tools arm embedded/4.7 2013q1/bin/../lib/gcc/arm-none-eabi/4.7.3/../../../../arm-none-eabi/lib/armv7e-m\libm.a(lib_a-s_fpclassify.o)
 .ARM.attributes
                0x00000d8a       0x2e c:/chibistudio/tools/gnu tools arm embedded/4.7 2013q1/bin/../lib/gcc/arm-none-eabi/4.7.3/../../../../arm-none-eabi/lib/armv7e-m\libm.a(lib_a-s_lib_ver.o)
 .ARM.attributes
                0x00000db8       0x2e c:/chibistudio/tools/gnu tools arm embedded/4.7 2013q1/bin/../lib/gcc/arm-none-eabi/4.7.3/../../../../arm-none-eabi/lib/armv7e-m\libm.a(lib_a-s_matherr.o)
 .ARM.attributes
                0x00000de6       0x2e c:/chibistudio/tools/gnu tools arm embedded/4.7 2013q1/bin/../lib/gcc/arm-none-eabi/4.7.3/../../../../arm-none-eabi/lib/armv7e-m\libm.a(lib_a-s_nan.o)
 .ARM.attributes
                0x00000e14       0x2e c:/chibistudio/tools/gnu tools arm embedded/4.7 2013q1/bin/../lib/gcc/arm-none-eabi/4.7.3/../../../../arm-none-eabi/lib/armv7e-m\libm.a(lib_a-e_log.o)
 .ARM.attributes
                0x00000e42       0x1e c:/chibistudio/tools/gnu tools arm embedded/4.7 2013q1/bin/../lib/gcc/arm-none-eabi/4.7.3/armv7e-m\libgcc.a(_arm_addsubdf3.o)
 .ARM.attributes
                0x00000e60       0x1e c:/chibistudio/tools/gnu tools arm embedded/4.7 2013q1/bin/../lib/gcc/arm-none-eabi/4.7.3/armv7e-m\libgcc.a(_arm_muldivdf3.o)
 .ARM.attributes
                0x00000e7e       0x1e c:/chibistudio/tools/gnu tools arm embedded/4.7 2013q1/bin/../lib/gcc/arm-none-eabi/4.7.3/armv7e-m\libgcc.a(_arm_cmpdf2.o)
 .ARM.attributes
                0x00000e9c       0x1e c:/chibistudio/tools/gnu tools arm embedded/4.7 2013q1/bin/../lib/gcc/arm-none-eabi/4.7.3/armv7e-m\libgcc.a(_arm_fixdfsi.o)
 .ARM.attributes
                0x00000eba       0x1e c:/chibistudio/tools/gnu tools arm embedded/4.7 2013q1/bin/../lib/gcc/arm-none-eabi/4.7.3/armv7e-m\libgcc.a(_arm_truncdfsf2.o)
 .ARM.attributes
                0x00000ed8       0x2e c:/chibistudio/tools/gnu tools arm embedded/4.7 2013q1/bin/../lib/gcc/arm-none-eabi/4.7.3/armv7e-m\libgcc.a(_fixdfdi.o)
 .ARM.attributes
                0x00000f06       0x2e c:/chibistudio/tools/gnu tools arm embedded/4.7 2013q1/bin/../lib/gcc/arm-none-eabi/4.7.3/armv7e-m\libgcc.a(_fixunsdfdi.o)
 .ARM.attributes
                0x00000f34       0x1e c:/chibistudio/tools/gnu tools arm embedded/4.7 2013q1/bin/../lib/gcc/arm-none-eabi/4.7.3/armv7e-m\libgcc.a(_arm_fixunsdfsi.o)
 .ARM.attributes
                0x00000f52       0x2e c:/chibistudio/tools/gnu tools arm embedded/4.7 2013q1/bin/../lib/gcc/arm-none-eabi/4.7.3/../../../../arm-none-eabi/lib/armv7e-m\libc.a(lib_a-errno.o)
 .ARM.attributes
                0x00000f80       0x2e c:/chibistudio/tools/gnu tools arm embedded/4.7 2013q1/bin/../lib/gcc/arm-none-eabi/4.7.3/../../../../arm-none-eabi/lib/armv7e-m\libc.a(lib_a-impure.o)
 .ARM.attributes
                0x00000fae       0x2e c:/chibistudio/tools/gnu tools arm embedded/4.7 2013q1/bin/../lib/gcc/arm-none-eabi/4.7.3/../../../../arm-none-eabi/lib/armv7e-m\libc.a(lib_a-memcpy.o)
 .ARM.attributes
                0x00000fdc       0x2e c:/chibistudio/tools/gnu tools arm embedded/4.7 2013q1/bin/../lib/gcc/arm-none-eabi/4.7.3/../../../../arm-none-eabi/lib/armv7e-m\libc.a(lib_a-memset.o)
 .ARM.attributes
                0x0000100a       0x2e c:/chibistudio/tools/gnu tools arm embedded/4.7 2013q1/bin/../lib/gcc/arm-none-eabi/4.7.3/../../../../arm-none-eabi/lib/armv7e-m\libc.a(lib_a-strcpy.o)

.comment        0x00000000       0x70
 .comment       0x00000000       0x70 build/obj/crt0.o
                                 0x71 (size before relaxing)
 .comment       0x00000000       0x71 build/obj/vectors.o
 .comment       0x00000000       0x71 build/obj/chcore.o
 .comment       0x00000000       0x71 build/obj/chcore_v7m.o
 .comment       0x00000000       0x71 build/obj/nvic.o
 .comment       0x00000000       0x71 build/obj/chsys.o
 .comment       0x00000000       0x71 build/obj/chdebug.o
 .comment       0x00000000       0x71 build/obj/chvt.o
 .comment       0x00000000       0x71 build/obj/chschd.o
 .comment       0x00000000       0x71 build/obj/chthreads.o
 .comment       0x00000000       0x71 build/obj/chregistry.o
 .comment       0x00000000       0x71 build/obj/chmtx.o
 .comment       0x00000000       0x71 build/obj/chevents.o
 .comment       0x00000000       0x71 build/obj/chqueues.o
 .comment       0x00000000       0x71 build/obj/chmemcore.o
 .comment       0x00000000       0x71 build/obj/chheap.o
 .comment       0x00000000       0x71 build/obj/hal.o
 .comment       0x00000000       0x71 build/obj/adc.o
 .comment       0x00000000       0x71 build/obj/ext.o
 .comment       0x00000000       0x71 build/obj/gpt.o
 .comment       0x00000000       0x71 build/obj/icu.o
 .comment       0x00000000       0x71 build/obj/mmcsd.o
 .comment       0x00000000       0x71 build/obj/rtc.o
 .comment       0x00000000       0x71 build/obj/sdc.o
 .comment       0x00000000       0x71 build/obj/serial.o
 .comment       0x00000000       0x71 build/obj/spi.o
 .comment       0x00000000       0x71 build/obj/stm32_dma.o
 .comment       0x00000000       0x71 build/obj/hal_lld.o
 .comment       0x00000000       0x71 build/obj/adc_lld.o
 .comment       0x00000000       0x71 build/obj/ext_lld_isr.o
 .comment       0x00000000       0x71 build/obj/ext_lld.o
 .comment       0x00000000       0x71 build/obj/gpt_lld.o
 .comment       0x00000000       0x71 build/obj/icu_lld.o
 .comment       0x00000000       0x71 build/obj/sdc_lld.o
 .comment       0x00000000       0x71 build/obj/pal_lld.o
 .comment       0x00000000       0x71 build/obj/rtc_lld.o
 .comment       0x00000000       0x71 build/obj/spi_lld.o
 .comment       0x00000000       0x71 build/obj/serial_lld.o
 .comment       0x00000000       0x71 build/obj/board.o
 .comment       0x00000000       0x71 build/obj/chprintf.o
 .comment       0x00000000       0x71 build/obj/chrtclib.o
 .comment       0x00000000       0x71 build/obj/memstreams.o
 .comment       0x00000000       0x71 build/obj/kb_debug.o
 .comment       0x00000000       0x71 build/obj/fatfs_diskio.o
 .comment       0x00000000       0x71 build/obj/ff.o
 .comment       0x00000000       0x71 build/obj/glcdfont.o
 .comment       0x00000000       0x71 build/obj/kb_adc.o
 .comment       0x00000000       0x71 build/obj/kb_buttons.o
 .comment       0x00000000       0x71 build/obj/kb_logger.o
 .comment       0x00000000       0x71 build/obj/kb_screen.o
 .comment       0x00000000       0x71 build/obj/kb_time.o
 .comment       0x00000000       0x71 build/obj/decoder.o
 .comment       0x00000000       0x71 build/obj/ltc.o
 .comment       0x00000000       0x71 build/obj/timecode.o
 .comment       0x00000000       0x71 build/obj/main.o
 .comment       0x00000000       0x71 build/obj/spiEEPROM.o
 .comment       0x00000000       0x71 build/obj/ST7565.o

.debug_info     0x00000000    0x2c5c9
 .debug_info    0x00000000      0x2ac build/obj/crt0.o
 .debug_info    0x000002ac      0x1f0 build/obj/vectors.o
 .debug_info    0x0000049c       0x9a build/obj/chcore.o
 .debug_info    0x00000536      0xbc9 build/obj/chcore_v7m.o
 .debug_info    0x000010ff      0x455 build/obj/nvic.o
 .debug_info    0x00001554      0xa3d build/obj/chsys.o
 .debug_info    0x00001f91      0xa4b build/obj/chdebug.o
 .debug_info    0x000029dc      0x2ea build/obj/chvt.o
 .debug_info    0x00002cc6      0xc77 build/obj/chschd.o
 .debug_info    0x0000393d      0xfb6 build/obj/chthreads.o
 .debug_info    0x000048f3      0x811 build/obj/chregistry.o
 .debug_info    0x00005104      0xcaf build/obj/chmtx.o
 .debug_info    0x00005db3     0x1179 build/obj/chevents.o
 .debug_info    0x00006f2c      0xead build/obj/chqueues.o
 .debug_info    0x00007dd9      0x23b build/obj/chmemcore.o
 .debug_info    0x00008014      0x890 build/obj/chheap.o
 .debug_info    0x000088a4      0x456 build/obj/hal.o
 .debug_info    0x00008cfa     0x119d build/obj/adc.o
 .debug_info    0x00009e97      0x63b build/obj/ext.o
 .debug_info    0x0000a4d2      0xa94 build/obj/gpt.o
 .debug_info    0x0000af66      0x810 build/obj/icu.o
 .debug_info    0x0000b776      0x23a build/obj/mmcsd.o
 .debug_info    0x0000b9b0      0x839 build/obj/rtc.o
 .debug_info    0x0000c1e9     0x1848 build/obj/sdc.o
 .debug_info    0x0000da31     0x12d2 build/obj/serial.o
 .debug_info    0x0000ed03     0x174b build/obj/spi.o
 .debug_info    0x0001044e      0xcaa build/obj/stm32_dma.o
 .debug_info    0x000110f8      0x4e1 build/obj/hal_lld.o
 .debug_info    0x000115d9     0x15c1 build/obj/adc_lld.o
 .debug_info    0x00012b9a      0xbc2 build/obj/ext_lld_isr.o
 .debug_info    0x0001375c      0x4a2 build/obj/ext_lld.o
 .debug_info    0x00013bfe      0xa9e build/obj/gpt_lld.o
 .debug_info    0x0001469c      0xbd0 build/obj/icu_lld.o
 .debug_info    0x0001526c     0x1e8c build/obj/sdc_lld.o
 .debug_info    0x000170f8      0x749 build/obj/pal_lld.o
 .debug_info    0x00017841      0x6fb build/obj/rtc_lld.o
 .debug_info    0x00017f3c     0x10e0 build/obj/spi_lld.o
 .debug_info    0x0001901c     0x14c5 build/obj/serial_lld.o
 .debug_info    0x0001a4e1      0xcd0 build/obj/board.o
 .debug_info    0x0001b1b1      0x558 build/obj/chprintf.o
 .debug_info    0x0001b709      0x82e build/obj/chrtclib.o
 .debug_info    0x0001bf37      0x3d7 build/obj/memstreams.o
 .debug_info    0x0001c30e       0xb6 build/obj/kb_debug.o
 .debug_info    0x0001c3c4      0xfaf build/obj/fatfs_diskio.o
 .debug_info    0x0001d373     0x36cf build/obj/ff.o
 .debug_info    0x00020a42       0x54 build/obj/glcdfont.o
 .debug_info    0x00020a96      0xd8b build/obj/kb_adc.o
 .debug_info    0x00021821      0x35d build/obj/kb_buttons.o
 .debug_info    0x00021b7e     0x1cb5 build/obj/kb_logger.o
 .debug_info    0x00023833     0x1a6a build/obj/kb_screen.o
 .debug_info    0x0002529d     0x1266 build/obj/kb_time.o
 .debug_info    0x00026503      0x7cb build/obj/decoder.o
 .debug_info    0x00026cce      0x96e build/obj/ltc.o
 .debug_info    0x0002763c      0x8ba build/obj/timecode.o
 .debug_info    0x00027ef6     0x241e build/obj/main.o
 .debug_info    0x0002a314      0xe42 build/obj/spiEEPROM.o
 .debug_info    0x0002b156     0x1473 build/obj/ST7565.o

.debug_abbrev   0x00000000     0x82a2
 .debug_abbrev  0x00000000       0xf4 build/obj/crt0.o
 .debug_abbrev  0x000000f4       0xb1 build/obj/vectors.o
 .debug_abbrev  0x000001a5       0x44 build/obj/chcore.o
 .debug_abbrev  0x000001e9      0x20d build/obj/chcore_v7m.o
 .debug_abbrev  0x000003f6       0xf2 build/obj/nvic.o
 .debug_abbrev  0x000004e8      0x1ff build/obj/chsys.o
 .debug_abbrev  0x000006e7      0x22d build/obj/chdebug.o
 .debug_abbrev  0x00000914      0x18d build/obj/chvt.o
 .debug_abbrev  0x00000aa1      0x32e build/obj/chschd.o
 .debug_abbrev  0x00000dcf      0x37a build/obj/chthreads.o
 .debug_abbrev  0x00001149      0x1bc build/obj/chregistry.o
 .debug_abbrev  0x00001305      0x2d3 build/obj/chmtx.o
 .debug_abbrev  0x000015d8      0x30b build/obj/chevents.o
 .debug_abbrev  0x000018e3      0x35f build/obj/chqueues.o
 .debug_abbrev  0x00001c42      0x12e build/obj/chmemcore.o
 .debug_abbrev  0x00001d70      0x21b build/obj/chheap.o
 .debug_abbrev  0x00001f8b      0x1e4 build/obj/hal.o
 .debug_abbrev  0x0000216f      0x2db build/obj/adc.o
 .debug_abbrev  0x0000244a      0x1ce build/obj/ext.o
 .debug_abbrev  0x00002618      0x24f build/obj/gpt.o
 .debug_abbrev  0x00002867      0x20d build/obj/icu.o
 .debug_abbrev  0x00002a74      0x116 build/obj/mmcsd.o
 .debug_abbrev  0x00002b8a      0x1ca build/obj/rtc.o
 .debug_abbrev  0x00002d54      0x399 build/obj/sdc.o
 .debug_abbrev  0x000030ed      0x2dc build/obj/serial.o
 .debug_abbrev  0x000033c9      0x2b5 build/obj/spi.o
 .debug_abbrev  0x0000367e      0x252 build/obj/stm32_dma.o
 .debug_abbrev  0x000038d0      0x12d build/obj/hal_lld.o
 .debug_abbrev  0x000039fd      0x31e build/obj/adc_lld.o
 .debug_abbrev  0x00003d1b      0x208 build/obj/ext_lld_isr.o
 .debug_abbrev  0x00003f23      0x1e9 build/obj/ext_lld.o
 .debug_abbrev  0x0000410c      0x2ae build/obj/gpt_lld.o
 .debug_abbrev  0x000043ba      0x2c3 build/obj/icu_lld.o
 .debug_abbrev  0x0000467d      0x4d6 build/obj/sdc_lld.o
 .debug_abbrev  0x00004b53      0x1c6 build/obj/pal_lld.o
 .debug_abbrev  0x00004d19      0x227 build/obj/rtc_lld.o
 .debug_abbrev  0x00004f40      0x36f build/obj/spi_lld.o
 .debug_abbrev  0x000052af      0x387 build/obj/serial_lld.o
 .debug_abbrev  0x00005636      0x1d7 build/obj/board.o
 .debug_abbrev  0x0000580d      0x1d3 build/obj/chprintf.o
 .debug_abbrev  0x000059e0      0x1c1 build/obj/chrtclib.o
 .debug_abbrev  0x00005ba1      0x164 build/obj/memstreams.o
 .debug_abbrev  0x00005d05       0x60 build/obj/kb_debug.o
 .debug_abbrev  0x00005d65      0x21f build/obj/fatfs_diskio.o
 .debug_abbrev  0x00005f84      0x338 build/obj/ff.o
 .debug_abbrev  0x000062bc       0x45 build/obj/glcdfont.o
 .debug_abbrev  0x00006301      0x304 build/obj/kb_adc.o
 .debug_abbrev  0x00006605      0x148 build/obj/kb_buttons.o
 .debug_abbrev  0x0000674d      0x3a7 build/obj/kb_logger.o
 .debug_abbrev  0x00006af4      0x2fb build/obj/kb_screen.o
 .debug_abbrev  0x00006def      0x326 build/obj/kb_time.o
 .debug_abbrev  0x00007115      0x28a build/obj/decoder.o
 .debug_abbrev  0x0000739f      0x2d7 build/obj/ltc.o
 .debug_abbrev  0x00007676      0x30f build/obj/timecode.o
 .debug_abbrev  0x00007985      0x2f3 build/obj/main.o
 .debug_abbrev  0x00007c78      0x263 build/obj/spiEEPROM.o
 .debug_abbrev  0x00007edb      0x3c7 build/obj/ST7565.o

.debug_loc      0x00000000    0x129eb
 .debug_loc     0x00000000       0x20 build/obj/crt0.o
 .debug_loc     0x00000020      0x143 build/obj/chcore_v7m.o
 .debug_loc     0x00000163      0x1ca build/obj/nvic.o
 .debug_loc     0x0000032d       0xcc build/obj/chsys.o
 .debug_loc     0x000003f9      0x19d build/obj/chdebug.o
 .debug_loc     0x00000596      0x15e build/obj/chvt.o
 .debug_loc     0x000006f4      0x315 build/obj/chschd.o
 .debug_loc     0x00000a09      0x6b1 build/obj/chthreads.o
 .debug_loc     0x000010ba       0xc9 build/obj/chregistry.o
 .debug_loc     0x00001183      0x4f6 build/obj/chmtx.o
 .debug_loc     0x00001679      0x9d8 build/obj/chevents.o
 .debug_loc     0x00002051      0x939 build/obj/chqueues.o
 .debug_loc     0x0000298a      0x10b build/obj/chmemcore.o
 .debug_loc     0x00002a95      0x308 build/obj/chheap.o
 .debug_loc     0x00002d9d       0xa7 build/obj/hal.o
 .debug_loc     0x00002e44      0x504 build/obj/adc.o
 .debug_loc     0x00003348      0x33a build/obj/ext.o
 .debug_loc     0x00003682      0x4a5 build/obj/gpt.o
 .debug_loc     0x00003b27      0x21c build/obj/icu.o
 .debug_loc     0x00003d43      0x26c build/obj/mmcsd.o
 .debug_loc     0x00003faf      0x311 build/obj/rtc.o
 .debug_loc     0x000042c0      0x70f build/obj/sdc.o
 .debug_loc     0x000049cf      0x5aa build/obj/serial.o
 .debug_loc     0x00004f79      0x945 build/obj/spi.o
 .debug_loc     0x000058be      0x593 build/obj/stm32_dma.o
 .debug_loc     0x00005e51       0x20 build/obj/hal_lld.o
 .debug_loc     0x00005e71      0x4c7 build/obj/adc_lld.o
 .debug_loc     0x00006338      0x280 build/obj/ext_lld_isr.o
 .debug_loc     0x000065b8      0x1f6 build/obj/ext_lld.o
 .debug_loc     0x000067ae      0x188 build/obj/gpt_lld.o
 .debug_loc     0x00006936      0x198 build/obj/icu_lld.o
 .debug_loc     0x00006ace      0xee4 build/obj/sdc_lld.o
 .debug_loc     0x000079b2      0x2e7 build/obj/pal_lld.o
 .debug_loc     0x00007c99      0x452 build/obj/rtc_lld.o
 .debug_loc     0x000080eb      0x4ad build/obj/spi_lld.o
 .debug_loc     0x00008598      0x3e1 build/obj/serial_lld.o
 .debug_loc     0x00008979       0x42 build/obj/board.o
 .debug_loc     0x000089bb      0x792 build/obj/chprintf.o
 .debug_loc     0x0000914d      0x320 build/obj/chrtclib.o
 .debug_loc     0x0000946d      0x27e build/obj/memstreams.o
 .debug_loc     0x000096eb      0x352 build/obj/fatfs_diskio.o
 .debug_loc     0x00009a3d     0x5f81 build/obj/ff.o
 .debug_loc     0x0000f9be      0x233 build/obj/kb_adc.o
 .debug_loc     0x0000fbf1       0x84 build/obj/kb_buttons.o
 .debug_loc     0x0000fc75      0x280 build/obj/kb_logger.o
 .debug_loc     0x0000fef5      0x12a build/obj/kb_screen.o
 .debug_loc     0x0001001f      0x263 build/obj/kb_time.o
 .debug_loc     0x00010282      0x83b build/obj/decoder.o
 .debug_loc     0x00010abd      0x774 build/obj/ltc.o
 .debug_loc     0x00011231      0x9e5 build/obj/timecode.o
 .debug_loc     0x00011c16       0xf4 build/obj/main.o
 .debug_loc     0x00011d0a      0x27f build/obj/spiEEPROM.o
 .debug_loc     0x00011f89      0xa62 build/obj/ST7565.o

.debug_aranges  0x00000000     0x1308
 .debug_aranges
                0x00000000       0x38 build/obj/crt0.o
 .debug_aranges
                0x00000038       0x20 build/obj/vectors.o
 .debug_aranges
                0x00000058       0x20 build/obj/chcore.o
 .debug_aranges
                0x00000078       0x50 build/obj/chcore_v7m.o
 .debug_aranges
                0x000000c8       0x30 build/obj/nvic.o
 .debug_aranges
                0x000000f8       0x30 build/obj/chsys.o
 .debug_aranges
                0x00000128       0x88 build/obj/chdebug.o
 .debug_aranges
                0x000001b0       0x38 build/obj/chvt.o
 .debug_aranges
                0x000001e8       0x68 build/obj/chschd.o
 .debug_aranges
                0x00000250       0x80 build/obj/chthreads.o
 .debug_aranges
                0x000002d0       0x28 build/obj/chregistry.o
 .debug_aranges
                0x000002f8       0x58 build/obj/chmtx.o
 .debug_aranges
                0x00000350       0xa0 build/obj/chevents.o
 .debug_aranges
                0x000003f0       0x70 build/obj/chqueues.o
 .debug_aranges
                0x00000460       0x38 build/obj/chmemcore.o
 .debug_aranges
                0x00000498       0x40 build/obj/chheap.o
 .debug_aranges
                0x000004d8       0x30 build/obj/hal.o
 .debug_aranges
                0x00000508       0x70 build/obj/adc.o
 .debug_aranges
                0x00000578       0x50 build/obj/ext.o
 .debug_aranges
                0x000005c8       0x78 build/obj/gpt.o
 .debug_aranges
                0x00000640       0x48 build/obj/icu.o
 .debug_aranges
                0x00000688       0x28 build/obj/mmcsd.o
 .debug_aranges
                0x000006b0       0x48 build/obj/rtc.o
 .debug_aranges
                0x000006f8       0x80 build/obj/sdc.o
 .debug_aranges
                0x00000778       0x88 build/obj/serial.o
 .debug_aranges
                0x00000800       0x98 build/obj/spi.o
 .debug_aranges
                0x00000898       0xb0 build/obj/stm32_dma.o
 .debug_aranges
                0x00000948       0x28 build/obj/hal_lld.o
 .debug_aranges
                0x00000970       0x70 build/obj/adc_lld.o
 .debug_aranges
                0x000009e0       0x98 build/obj/ext_lld_isr.o
 .debug_aranges
                0x00000a78       0x40 build/obj/ext_lld.o
 .debug_aranges
                0x00000ab8       0x50 build/obj/gpt_lld.o
 .debug_aranges
                0x00000b08       0x58 build/obj/icu_lld.o
 .debug_aranges
                0x00000b60       0xb8 build/obj/sdc_lld.o
 .debug_aranges
                0x00000c18       0x28 build/obj/pal_lld.o
 .debug_aranges
                0x00000c40       0x58 build/obj/rtc_lld.o
 .debug_aranges
                0x00000c98       0x78 build/obj/spi_lld.o
 .debug_aranges
                0x00000d10       0x58 build/obj/serial_lld.o
 .debug_aranges
                0x00000d68       0x38 build/obj/board.o
 .debug_aranges
                0x00000da0       0x28 build/obj/chprintf.o
 .debug_aranges
                0x00000dc8       0x50 build/obj/chrtclib.o
 .debug_aranges
                0x00000e18       0x40 build/obj/memstreams.o
 .debug_aranges
                0x00000e58       0x20 build/obj/kb_debug.o
 .debug_aranges
                0x00000e78       0x48 build/obj/fatfs_diskio.o
 .debug_aranges
                0x00000ec0      0x150 build/obj/ff.o
 .debug_aranges
                0x00001010       0x18 build/obj/glcdfont.o
 .debug_aranges
                0x00001028       0x30 build/obj/kb_adc.o
 .debug_aranges
                0x00001058       0x28 build/obj/kb_buttons.o
 .debug_aranges
                0x00001080       0x28 build/obj/kb_logger.o
 .debug_aranges
                0x000010a8       0x68 build/obj/kb_screen.o
 .debug_aranges
                0x00001110       0x30 build/obj/kb_time.o
 .debug_aranges
                0x00001140       0x28 build/obj/decoder.o
 .debug_aranges
                0x00001168       0x70 build/obj/ltc.o
 .debug_aranges
                0x000011d8       0x50 build/obj/timecode.o
 .debug_aranges
                0x00001228       0x38 build/obj/main.o
 .debug_aranges
                0x00001260       0x50 build/obj/spiEEPROM.o
 .debug_aranges
                0x000012b0       0x58 build/obj/ST7565.o

.debug_ranges   0x00000000     0x24d8
 .debug_ranges  0x00000000       0xe0 build/obj/crt0.o
 .debug_ranges  0x000000e0       0x10 build/obj/vectors.o
 .debug_ranges  0x000000f0       0x10 build/obj/chcore.o
 .debug_ranges  0x00000100       0x58 build/obj/chcore_v7m.o
 .debug_ranges  0x00000158       0x20 build/obj/nvic.o
 .debug_ranges  0x00000178       0x20 build/obj/chsys.o
 .debug_ranges  0x00000198       0x78 build/obj/chdebug.o
 .debug_ranges  0x00000210       0x28 build/obj/chvt.o
 .debug_ranges  0x00000238      0x1d8 build/obj/chschd.o
 .debug_ranges  0x00000410      0x110 build/obj/chthreads.o
 .debug_ranges  0x00000520       0x18 build/obj/chregistry.o
 .debug_ranges  0x00000538      0x228 build/obj/chmtx.o
 .debug_ranges  0x00000760       0xd8 build/obj/chevents.o
 .debug_ranges  0x00000838       0xc0 build/obj/chqueues.o
 .debug_ranges  0x000008f8       0x40 build/obj/chmemcore.o
 .debug_ranges  0x00000938       0x30 build/obj/chheap.o
 .debug_ranges  0x00000968       0x50 build/obj/hal.o
 .debug_ranges  0x000009b8       0x78 build/obj/adc.o
 .debug_ranges  0x00000a30       0x40 build/obj/ext.o
 .debug_ranges  0x00000a70       0x80 build/obj/gpt.o
 .debug_ranges  0x00000af0       0x38 build/obj/icu.o
 .debug_ranges  0x00000b28       0x30 build/obj/mmcsd.o
 .debug_ranges  0x00000b58       0x38 build/obj/rtc.o
 .debug_ranges  0x00000b90       0x88 build/obj/sdc.o
 .debug_ranges  0x00000c18       0x78 build/obj/serial.o
 .debug_ranges  0x00000c90       0x88 build/obj/spi.o
 .debug_ranges  0x00000d18       0xa0 build/obj/stm32_dma.o
 .debug_ranges  0x00000db8       0x30 build/obj/hal_lld.o
 .debug_ranges  0x00000de8       0xa8 build/obj/adc_lld.o