Archive member included because of file (symbol)

c:/chibistudio/tools/gnu tools arm embedded/4.7 2013q1/bin/../lib/gcc/arm-none-eabi/4.7.3/../../../../arm-none-eabi/lib/armv7e-m\libm.a(lib_a-s_cos.o)
                              build/obj/kb_gps.o (cos)
c:/chibistudio/tools/gnu tools arm embedded/4.7 2013q1/bin/../lib/gcc/arm-none-eabi/4.7.3/../../../../arm-none-eabi/lib/armv7e-m\libm.a(lib_a-s_sin.o)
                              build/obj/kb_gps.o (sin)
c:/chibistudio/tools/gnu tools arm embedded/4.7 2013q1/bin/../lib/gcc/arm-none-eabi/4.7.3/../../../../arm-none-eabi/lib/armv7e-m\libm.a(lib_a-w_atan2.o)
                              build/obj/kb_gps.o (atan2)
c:/chibistudio/tools/gnu tools arm embedded/4.7 2013q1/bin/../lib/gcc/arm-none-eabi/4.7.3/../../../../arm-none-eabi/lib/armv7e-m\libm.a(lib_a-w_pow.o)
                              build/obj/kb_gps.o (pow)
c:/chibistudio/tools/gnu tools arm embedded/4.7 2013q1/bin/../lib/gcc/arm-none-eabi/4.7.3/../../../../arm-none-eabi/lib/armv7e-m\libm.a(lib_a-w_sqrt.o)
                              build/obj/kb_gps.o (sqrt)
c:/chibistudio/tools/gnu tools arm embedded/4.7 2013q1/bin/../lib/gcc/arm-none-eabi/4.7.3/../../../../arm-none-eabi/lib/armv7e-m\libm.a(lib_a-e_atan2.o)
                              c:/chibistudio/tools/gnu tools arm embedded/4.7 2013q1/bin/../lib/gcc/arm-none-eabi/4.7.3/../../../../arm-none-eabi/lib/armv7e-m\libm.a(lib_a-w_atan2.o) (__ieee754_atan2)
c:/chibistudio/tools/gnu tools arm embedded/4.7 2013q1/bin/../lib/gcc/arm-none-eabi/4.7.3/../../../../arm-none-eabi/lib/armv7e-m\libm.a(lib_a-e_pow.o)
                              c:/chibistudio/tools/gnu tools arm embedded/4.7 2013q1/bin/../lib/gcc/arm-none-eabi/4.7.3/../../../../arm-none-eabi/lib/armv7e-m\libm.a(lib_a-w_pow.o) (__ieee754_pow)
c:/chibistudio/tools/gnu tools arm embedded/4.7 2013q1/bin/../lib/gcc/arm-none-eabi/4.7.3/../../../../arm-none-eabi/lib/armv7e-m\libm.a(lib_a-e_rem_pio2.o)
                              c:/chibistudio/tools/gnu tools arm embedded/4.7 2013q1/bin/../lib/gcc/arm-none-eabi/4.7.3/../../../../arm-none-eabi/lib/armv7e-m\libm.a(lib_a-s_cos.o) (__ieee754_rem_pio2)
c:/chibistudio/tools/gnu tools arm embedded/4.7 2013q1/bin/../lib/gcc/arm-none-eabi/4.7.3/../../../../arm-none-eabi/lib/armv7e-m\libm.a(lib_a-e_sqrt.o)
                              c:/chibistudio/tools/gnu tools arm embedded/4.7 2013q1/bin/../lib/gcc/arm-none-eabi/4.7.3/../../../../arm-none-eabi/lib/armv7e-m\libm.a(lib_a-w_sqrt.o) (__ieee754_sqrt)
c:/chibistudio/tools/gnu tools arm embedded/4.7 2013q1/bin/../lib/gcc/arm-none-eabi/4.7.3/../../../../arm-none-eabi/lib/armv7e-m\libm.a(lib_a-k_cos.o)
                              c:/chibistudio/tools/gnu tools arm embedded/4.7 2013q1/bin/../lib/gcc/arm-none-eabi/4.7.3/../../../../arm-none-eabi/lib/armv7e-m\libm.a(lib_a-s_cos.o) (__kernel_cos)
c:/chibistudio/tools/gnu tools arm embedded/4.7 2013q1/bin/../lib/gcc/arm-none-eabi/4.7.3/../../../../arm-none-eabi/lib/armv7e-m\libm.a(lib_a-k_rem_pio2.o)
                              c:/chibistudio/tools/gnu tools arm embedded/4.7 2013q1/bin/../lib/gcc/arm-none-eabi/4.7.3/../../../../arm-none-eabi/lib/armv7e-m\libm.a(lib_a-e_rem_pio2.o) (__kernel_rem_pio2)
c:/chibistudio/tools/gnu tools arm embedded/4.7 2013q1/bin/../lib/gcc/arm-none-eabi/4.7.3/../../../../arm-none-eabi/lib/armv7e-m\libm.a(lib_a-k_sin.o)
                              c:/chibistudio/tools/gnu tools arm embedded/4.7 2013q1/bin/../lib/gcc/arm-none-eabi/4.7.3/../../../../arm-none-eabi/lib/armv7e-m\libm.a(lib_a-s_cos.o) (__kernel_sin)
c:/chibistudio/tools/gnu tools arm embedded/4.7 2013q1/bin/../lib/gcc/arm-none-eabi/4.7.3/../../../../arm-none-eabi/lib/armv7e-m\libm.a(lib_a-s_atan.o)
                              c:/chibistudio/tools/gnu tools arm embedded/4.7 2013q1/bin/../lib/gcc/arm-none-eabi/4.7.3/../../../../arm-none-eabi/lib/armv7e-m\libm.a(lib_a-e_atan2.o) (atan)
c:/chibistudio/tools/gnu tools arm embedded/4.7 2013q1/bin/../lib/gcc/arm-none-eabi/4.7.3/../../../../arm-none-eabi/lib/armv7e-m\libm.a(lib_a-s_fabs.o)
                              c:/chibistudio/tools/gnu tools arm embedded/4.7 2013q1/bin/../lib/gcc/arm-none-eabi/4.7.3/../../../../arm-none-eabi/lib/armv7e-m\libm.a(lib_a-e_atan2.o) (fabs)
c:/chibistudio/tools/gnu tools arm embedded/4.7 2013q1/bin/../lib/gcc/arm-none-eabi/4.7.3/../../../../arm-none-eabi/lib/armv7e-m\libm.a(lib_a-s_finite.o)
                              c:/chibistudio/tools/gnu tools arm embedded/4.7 2013q1/bin/../lib/gcc/arm-none-eabi/4.7.3/../../../../arm-none-eabi/lib/armv7e-m\libm.a(lib_a-w_pow.o) (finite)
c:/chibistudio/tools/gnu tools arm embedded/4.7 2013q1/bin/../lib/gcc/arm-none-eabi/4.7.3/../../../../arm-none-eabi/lib/armv7e-m\libm.a(lib_a-s_floor.o)
                              c:/chibistudio/tools/gnu tools arm embedded/4.7 2013q1/bin/../lib/gcc/arm-none-eabi/4.7.3/../../../../arm-none-eabi/lib/armv7e-m\libm.a(lib_a-k_rem_pio2.o) (floor)
[...]
Memory Configuration

Name             Origin             Length             Attributes
flash            0x08020000         0x000e0000
ram              0x20000000         0x0001c000
ethram           0x2001c000         0x00004000
ccmram           0x10000000         0x00010000
*default*        0x00000000         0xffffffff

Linker script and memory map

LOAD build/obj/kb_debug_asm.o
LOAD build/obj/crt0.o
LOAD build/obj/vectors.o
LOAD build/obj/chcore.o
LOAD build/obj/chcore_v7m.o
LOAD build/obj/nvic.o
LOAD build/obj/chsys.o
LOAD build/obj/chdebug.o
LOAD build/obj/chlists.o
LOAD build/obj/chvt.o
LOAD build/obj/chschd.o
LOAD build/obj/chthreads.o
LOAD build/obj/chdynamic.o
LOAD build/obj/chregistry.o
LOAD build/obj/chsem.o
LOAD build/obj/chmtx.o
LOAD build/obj/chcond.o
LOAD build/obj/chevents.o
LOAD build/obj/chmsg.o
LOAD build/obj/chmboxes.o
LOAD build/obj/chqueues.o
LOAD build/obj/chmemcore.o
LOAD build/obj/chheap.o
LOAD build/obj/chmempools.o
LOAD build/obj/hal.o
LOAD build/obj/adc.o
LOAD build/obj/can.o
LOAD build/obj/dac.o
LOAD build/obj/ext.o
LOAD build/obj/gpt.o
LOAD build/obj/i2c.o
LOAD build/obj/icu.o
LOAD build/obj/mac.o
LOAD build/obj/mmc_spi.o
LOAD build/obj/mmcsd.o
LOAD build/obj/pal.o
LOAD build/obj/pwm.o
LOAD build/obj/rtc.o
LOAD build/obj/sdc.o
LOAD build/obj/serial.o
LOAD build/obj/serial_usb.o
LOAD build/obj/spi.o
LOAD build/obj/tm.o
LOAD build/obj/uart.o
LOAD build/obj/usb.o
LOAD build/obj/stm32_dma.o
LOAD build/obj/hal_lld.o
LOAD build/obj/adc_lld.o
LOAD build/obj/ext_lld_isr.o
LOAD build/obj/can_lld.o
LOAD build/obj/ext_lld.o
LOAD build/obj/mac_lld.o
LOAD build/obj/sdc_lld.o
LOAD build/obj/pal_lld.o
LOAD build/obj/i2c_lld.o
LOAD build/obj/usb_lld.o
LOAD build/obj/rtc_lld.o
LOAD build/obj/spi_lld.o
LOAD build/obj/gpt_lld.o
LOAD build/obj/icu_lld.o
LOAD build/obj/pwm_lld.o
LOAD build/obj/serial_lld.o
LOAD build/obj/uart_lld.o
LOAD build/obj/board.o
LOAD build/obj/chprintf.o
LOAD build/obj/chrtclib.o
LOAD build/obj/memstreams.o
LOAD build/obj/fatfs_diskio.o
LOAD build/obj/ff.o
LOAD build/obj/glcdfont.o
LOAD build/obj/kb_adc.o
LOAD build/obj/kb_altimeter.o
LOAD build/obj/kb_buttons.o
LOAD build/obj/kb_config.o
LOAD build/obj/kb_debug.o
LOAD build/obj/kb_featureA.o
LOAD build/obj/kb_gpio.o
LOAD build/obj/kb_gps.o
LOAD build/obj/kb_menu.o
LOAD build/obj/kb_menu_items.o
LOAD build/obj/kb_screen.o
LOAD build/obj/kb_serial.o
LOAD build/obj/kb_time.o
LOAD build/obj/kb_util.o
LOAD build/obj/kb_vectornav.o
LOAD build/obj/kb_writer.o
LOAD build/obj/main.o
LOAD build/obj/spiEEPROM.o
LOAD build/obj/ST7565.o
LOAD c:/chibistudio/tools/gnu tools arm embedded/4.7 2013q1/bin/../lib/gcc/arm-none-eabi/4.7.3/../../../../arm-none-eabi/lib/armv7e-m\libm.a
START GROUP
LOAD c:/chibistudio/tools/gnu tools arm embedded/4.7 2013q1/bin/../lib/gcc/arm-none-eabi/4.7.3/armv7e-m\libgcc.a
LOAD c:/chibistudio/tools/gnu tools arm embedded/4.7 2013q1/bin/../lib/gcc/arm-none-eabi/4.7.3/../../../../arm-none-eabi/lib/armv7e-m\libc.a
END GROUP
                0x00000400                __main_stack_size__ = 0x400
                0x00000400                __process_stack_size__ = 0x400
                0x20000000                __ram_start__ = ORIGIN (ram)
                0x0001c000                __ram_size__ = 0x1c000
                0x2001c000                __ram_end__ = (__ram_start__ + __ram_size__)
                0x00000000                . = 0x0
                0x00000000                _text = .

startup         0x08020000      0x188
 *(vectors)
 vectors        0x08020000      0x188 build/obj/vectors.o
                0x08020000                _vectors

constructors    0x08020188        0x0
                0x08020188                PROVIDE (__init_array_start, .)
 *(SORT(.init_array.*))
 *(.init_array)
                0x08020188                PROVIDE (__init_array_end, .)

destructors     0x08020188        0x0
                0x08020188                PROVIDE (__fini_array_start, .)
 *(.fini_array)
 *(SORT(.fini_array.*))
                0x08020188                PROVIDE (__fini_array_end, .)

.text           0x08020190    0x17574
 *(.text.startup.*)
 *(.text)
 .text          0x08020190       0x12 build/obj/kb_debug_asm.o
                0x08020190                HardFaultVector
 *fill*         0x080201a2        0xe 00
 .text          0x080201b0      0x370 c:/chibistudio/tools/gnu tools arm embedded/4.7 2013q1/bin/../lib/gcc/arm-none-eabi/4.7.3/armv7e-m\libgcc.a(_arm_addsubdf3.o)
                0x080201b0                __aeabi_drsub
                0x080201b8                __aeabi_dsub
                0x080201b8                __subdf3
                0x080201bc                __aeabi_dadd
                0x080201bc                __adddf3
                0x08020434                __floatunsidf
                0x08020434                __aeabi_ui2d
                0x08020454                __floatsidf
                0x08020454                __aeabi_i2d
                0x08020478                __aeabi_f2d
                0x08020478                __extendsfdf2
                0x080204b4                __floatundidf
                0x080204b4                __aeabi_ul2d
                0x080204c4                __floatdidf
                0x080204c4                __aeabi_l2d
 .text          0x08020520      0x424 c:/chibistudio/tools/gnu tools arm embedded/4.7 2013q1/bin/../lib/gcc/arm-none-eabi/4.7.3/armv7e-m\libgcc.a(_arm_muldivdf3.o)
                0x08020520                __aeabi_dmul
                0x08020520                __muldf3
                0x08020774                __divdf3
                0x08020774                __aeabi_ddiv
 *fill*         0x08020944        0xc 00
 .text          0x08020950      0x110 c:/chibistudio/tools/gnu tools arm embedded/4.7 2013q1/bin/../lib/gcc/arm-none-eabi/4.7.3/armv7e-m\libgcc.a(_arm_cmpdf2.o)
                0x08020950                __gtdf2
                0x08020950                __gedf2
                0x08020958                __ltdf2
                0x08020958                __ledf2
                0x08020960                __nedf2
                0x08020960                __eqdf2
                0x08020960                __cmpdf2
                0x080209dc                __aeabi_cdrcmple
                0x080209ec                __aeabi_cdcmpeq
                0x080209ec                __aeabi_cdcmple
                0x080209fc                __aeabi_dcmpeq
                0x08020a10                __aeabi_dcmplt
                0x08020a24                __aeabi_dcmple
                0x08020a38                __aeabi_dcmpge
                0x08020a4c                __aeabi_dcmpgt
 .text          0x08020a60       0x50 c:/chibistudio/tools/gnu tools arm embedded/4.7 2013q1/bin/../lib/gcc/arm-none-eabi/4.7.3/armv7e-m\libgcc.a(_arm_fixdfsi.o)
                0x08020a60                __aeabi_d2iz
                0x08020a60                __fixdfsi
 .text          0x08020ab0       0xa0 c:/chibistudio/tools/gnu tools arm embedded/4.7 2013q1/bin/../lib/gcc/arm-none-eabi/4.7.3/armv7e-m\libgcc.a(_arm_truncdfsf2.o)
                0x08020ab0                __truncdfsf2
                0x08020ab0                __aeabi_d2f
 *(.text.*)
 .text.__late_init
                0x08020b50       0x10 build/obj/crt0.o
                0x08020b50                __late_init
 .text._default_exit
                0x08020b60       0x10 build/obj/crt0.o
                0x08020b60                _default_exit
 .text.ResetHandler
                0x08020b70      0x130 build/obj/crt0.o
                0x08020b70                ResetHandler
 .text._unhandled_exception
                0x08020ca0       0x10 build/obj/vectors.o
                0x08020ca0                NMIVector
                0x08020ca0                Vector11C
                0x08020ca0                Vector8C
                0x08020ca0                VectorDC
                0x08020ca0                Vector168
                0x08020ca0                Vector110
                0x08020ca0                Vector94
                0x08020ca0                VectorA8
                0x08020ca0                VectorB4
                0x08020ca0                Vector160
                0x08020ca0                VectorEC
                0x08020ca0                UsageFaultVector
                0x08020ca0                DebugMonitorVector
                0x08020ca0                Vector40
                0x08020ca0                VectorF8
                0x08020ca0                Vector108
                0x08020ca0                VectorBC
                0x08020ca0                Vector148
                0x08020ca0                PendSVVector
                0x08020ca0                Vector118
                0x08020ca0                VectorCC
                0x08020ca0                Vector54
                0x08020ca0                Vector98
                0x08020ca0                Vector24
                0x08020ca0                Vector178
                0x08020ca0                BusFaultVector
                0x08020ca0                VectorD0
                0x08020ca0                Vector140
                0x08020ca0                VectorC0
                0x08020ca0                Vector134
                0x08020ca0                VectorF0
                0x08020ca0                Vector13C
                0x08020ca0                Vector100
                0x08020ca0                MemManageVector
                0x08020ca0                VectorA0
                0x08020ca0                Vector180
                0x08020ca0                VectorB0
                0x08020ca0                Vector90
                0x08020ca0                Vector114
                0x08020ca0                Vector164
                0x08020ca0                Vector1C
                0x08020ca0                Vector17C
                0x08020ca0                Vector48
                0x08020ca0                Vector16C
                0x08020ca0                Vector144
                0x08020ca0                _unhandled_exception
                0x08020ca0                Vector184
                0x08020ca0                Vector10C
                0x08020ca0                Vector14C
                0x08020ca0                Vector50
                0x08020ca0                Vector28
                0x08020ca0                VectorB8
                0x08020ca0                Vector34
                0x08020ca0                Vector20
                0x08020ca0                Vector174
 .text.port_halt
                0x08020cb0       0x10 build/obj/chcore.o
                0x08020cb0                port_halt
 .text.SysTickVector
                0x08020cc0       0x30 build/obj/chcore_v7m.o
                0x08020cc0                SysTickVector
 .text.SVCallVector
                0x08020cf0       0x50 build/obj/chcore_v7m.o
                0x08020cf0                SVCallVector
 .text._port_init
                0x08020d40       0x50 build/obj/chcore_v7m.o
                0x08020d40                _port_init
 .text._port_irq_epilogue
                0x08020d90       0xf0 build/obj/chcore_v7m.o
                0x08020d90                _port_irq_epilogue
 .text._port_switch_from_isr
                0x08020e80       0x10 build/obj/chcore_v7m.o
                0x08020e80                _port_switch_from_isr
 .text._port_switch
                0x08020e90       0x20 build/obj/chcore_v7m.o
                0x08020e90                _port_switch
 .text._port_thread_start
                0x08020eb0       0x20 build/obj/chcore_v7m.o
                0x08020eb0                _port_thread_start
 .text.nvicEnableVector
                0x08020ed0       0xb0 build/obj/nvic.o
                0x08020ed0                nvicEnableVector
 .text.nvicDisableVector
                0x08020f80       0x80 build/obj/nvic.o
                0x08020f80                nvicDisableVector
 .text.nvicSetSystemHandlerPriority
                0x08021000       0x60 build/obj/nvic.o
                0x08021000                nvicSetSystemHandlerPriority
 .text._idle_thread
                0x08021060       0x20 build/obj/chsys.o
                0x08021060                _idle_thread
 .text.chSysInit
                0x08021080       0xb0 build/obj/chsys.o
                0x08021080                chSysInit
 .text.chSysTimerHandlerI
                0x08021130       0xf0 build/obj/chsys.o
                0x08021130                chSysTimerHandlerI
 .text.dbg_check_disable
                0x08021220       0x30 build/obj/chdebug.o
                0x08021220                dbg_check_disable
 .text.dbg_check_enable
                0x08021250       0x30 build/obj/chdebug.o
                0x08021250                dbg_check_enable
 .text.dbg_check_lock
                0x08021280       0x40 build/obj/chdebug.o
                0x08021280                dbg_check_lock
 .text.dbg_check_unlock
                0x080212c0       0x40 build/obj/chdebug.o
                0x080212c0                dbg_check_unlock
 .text.dbg_check_lock_from_isr
                0x08021300       0x40 build/obj/chdebug.o
                0x08021300                dbg_check_lock_from_isr
 .text.dbg_check_unlock_from_isr
                0x08021340       0x40 build/obj/chdebug.o
                0x08021340                dbg_check_unlock_from_isr
 .text.dbg_check_enter_isr
                0x08021380       0x60 build/obj/chdebug.o
                0x08021380                dbg_check_enter_isr
 .text.dbg_check_leave_isr
                0x080213e0       0x60 build/obj/chdebug.o
                0x080213e0                dbg_check_leave_isr
 .text.chDbgCheckClassI
                0x08021440       0x30 build/obj/chdebug.o
                0x08021440                chDbgCheckClassI
 .text.chDbgCheckClassS
                0x08021470       0x30 build/obj/chdebug.o
                0x08021470                chDbgCheckClassS
 .text._trace_init
                0x080214a0       0x20 build/obj/chdebug.o
                0x080214a0                _trace_init
 .text.dbg_trace
                0x080214c0       0xa0 build/obj/chdebug.o
                0x080214c0                dbg_trace
 .text.chDbgPanic
                0x08021560       0x30 build/obj/chdebug.o
                0x08021560                chDbgPanic
 .text._vt_init
                0x08021590       0x50 build/obj/chvt.o
                0x08021590                _vt_init
 .text.chVTSetI
                0x080215e0       0xb0 build/obj/chvt.o
                0x080215e0                chVTSetI
 .text.chVTResetI
                0x08021690       0x80 build/obj/chvt.o
                0x08021690                chVTResetI
 .text.fifo_remove
                0x08021710       0x30 build/obj/chschd.o
 .text.dequeue  0x08021740       0x20 build/obj/chschd.o
 .text._scheduler_init
                0x08021760       0x60 build/obj/chschd.o
                0x08021760                _scheduler_init
 .text.chSchReadyI
                0x080217c0       0x80 build/obj/chschd.o
                0x080217c0                chSchReadyI
 .text.chSchGoSleepS
                0x08021840       0x90 build/obj/chschd.o
                0x08021840                chSchGoSleepS
 .text.wakeup   0x080218d0       0xa0 build/obj/chschd.o
 .text.chSchGoSleepTimeoutS
                0x08021970       0x70 build/obj/chschd.o
                0x08021970                chSchGoSleepTimeoutS
 .text.chSchWakeupS
                0x080219e0       0x90 build/obj/chschd.o
                0x080219e0                chSchWakeupS
 .text.chSchRescheduleS
                0x08021a70       0x30 build/obj/chschd.o
                0x08021a70                chSchRescheduleS
 .text.chSchDoRescheduleBehind
                0x08021aa0       0x80 build/obj/chschd.o
                0x08021aa0                chSchDoRescheduleBehind
 .text.chSchDoRescheduleAhead
                0x08021b20       0xc0 build/obj/chschd.o
                0x08021b20                chSchDoRescheduleAhead
 .text.chSchDoReschedule
                0x08021be0       0x20 build/obj/chschd.o
                0x08021be0                chSchDoReschedule
 .text.list_insert
                0x08021c00       0x20 build/obj/chthreads.o
 .text.list_remove
                0x08021c20       0x20 build/obj/chthreads.o
 .text._thread_init
                0x08021c40       0xc0 build/obj/chthreads.o
                0x08021c40                _thread_init
 .text._thread_memfill
                0x08021d00       0x30 build/obj/chthreads.o
                0x08021d00                _thread_memfill
 .text.chThdCreateI
                0x08021d30       0x80 build/obj/chthreads.o
                0x08021d30                chThdCreateI
 .text.chThdCreateStatic
                0x08021db0       0x80 build/obj/chthreads.o
                0x08021db0                chThdCreateStatic
 .text.chThdTerminate
                0x08021e30       0x40 build/obj/chthreads.o
                0x08021e30                chThdTerminate
 .text.chThdSleep
                0x08021e70       0x40 build/obj/chthreads.o
                0x08021e70                chThdSleep
 .text.chThdSleepUntil
                0x08021eb0       0x50 build/obj/chthreads.o
                0x08021eb0                chThdSleepUntil
 .text.chThdExit
                0x08021f00       0x20 build/obj/chthreads.o
                0x08021f00                chThdExit
 .text.chThdExitS
                0x08021f20       0x80 build/obj/chthreads.o
                0x08021f20                chThdExitS
 .text.chThdWait
                0x08021fa0       0xa0 build/obj/chthreads.o
                0x08021fa0                chThdWait
 .text.chThdRelease
                0x08022040       0xc0 build/obj/chdynamic.o
                0x08022040                chThdRelease
 .text.queue_insert
                0x08022100       0x30 build/obj/chsem.o
 .text.fifo_remove
                0x08022130       0x30 build/obj/chsem.o
 .text.chSemInit
                0x08022160       0x40 build/obj/chsem.o
                0x08022160                chSemInit
 .text.chSemWait
                0x080221a0       0x30 build/obj/chsem.o
                0x080221a0                chSemWait
 .text.chSemWaitS
                0x080221d0       0xb0 build/obj/chsem.o
                0x080221d0                chSemWaitS
 .text.chSemWaitTimeoutS
                0x08022280       0xc0 build/obj/chsem.o
                0x08022280                chSemWaitTimeoutS
 .text.chSemSignal
                0x08022340       0x90 build/obj/chsem.o
                0x08022340                chSemSignal
 .text.chSemSignalI
                0x080223d0       0x80 build/obj/chsem.o
                0x080223d0                chSemSignalI
 .text.prio_insert
                0x08022450       0x50 build/obj/chmtx.o
 .text.fifo_remove
                0x080224a0       0x30 build/obj/chmtx.o
 .text.dequeue  0x080224d0       0x20 build/obj/chmtx.o
 .text.chMtxInit
                0x080224f0       0x40 build/obj/chmtx.o
                0x080224f0                chMtxInit
 .text.chMtxLock
                0x08022530       0x30 build/obj/chmtx.o
                0x08022530                chMtxLock
 .text.chMtxLockS
                0x08022560      0x110 build/obj/chmtx.o
                0x08022560                chMtxLockS
 .text.chMtxUnlock
                0x08022670       0xf0 build/obj/chmtx.o
                0x08022670                chMtxUnlock
 .text.chEvtBroadcastFlagsI
                0x08022760       0x60 build/obj/chevents.o
                0x08022760                chEvtBroadcastFlagsI
 .text.chEvtSignalI
                0x080227c0       0x70 build/obj/chevents.o
                0x080227c0                chEvtSignalI
 .text.chMBInit
                0x08022830       0x70 build/obj/chmboxes.o
                0x08022830                chMBInit
 .text.chMBPostI
                0x080228a0       0x80 build/obj/chmboxes.o
                0x080228a0                chMBPostI
 .text.chMBFetch
                0x08022920       0x40 build/obj/chmboxes.o
                0x08022920                chMBFetch
 .text.chMBFetchS
                0x08022960       0x80 build/obj/chmboxes.o
                0x08022960                chMBFetchS
 .text.queue_insert
                0x080229e0       0x30 build/obj/chqueues.o
 .text.fifo_remove
                0x08022a10       0x30 build/obj/chqueues.o
 .text.qwait    0x08022a40       0x50 build/obj/chqueues.o
 .text.chIQInit
                0x08022a90       0x50 build/obj/chqueues.o
                0x08022a90                chIQInit
 .text.chIQResetI
                0x08022ae0       0x50 build/obj/chqueues.o
                0x08022ae0                chIQResetI
 .text.chIQPutI
                0x08022b30       0xa0 build/obj/chqueues.o
                0x08022b30                chIQPutI
 .text.chIQGetTimeout
                0x08022bd0       0xa0 build/obj/chqueues.o
                0x08022bd0                chIQGetTimeout
 .text.chIQReadTimeout
                0x08022c70       0xe0 build/obj/chqueues.o
                0x08022c70                chIQReadTimeout
 .text.chOQInit
                0x08022d50       0x50 build/obj/chqueues.o
                0x08022d50                chOQInit
 .text.chOQResetI
                0x08022da0       0x60 build/obj/chqueues.o
                0x08022da0                chOQResetI
 .text.chOQPutTimeout
                0x08022e00       0xa0 build/obj/chqueues.o
                0x08022e00                chOQPutTimeout
 .text.chOQGetI
                0x08022ea0       0xa0 build/obj/chqueues.o
                0x08022ea0                chOQGetI
 .text.chOQWriteTimeout
                0x08022f40       0xe0 build/obj/chqueues.o
                0x08022f40                chOQWriteTimeout
 .text._core_init
                0x08023020       0x40 build/obj/chmemcore.o
                0x08023020                _core_init
 .text.chCoreAlloc
                0x08023060       0x30 build/obj/chmemcore.o
                0x08023060                chCoreAlloc
 .text.chCoreAllocI
                0x08023090       0x70 build/obj/chmemcore.o
                0x08023090                chCoreAllocI
 .text._heap_init
                0x08023100       0x40 build/obj/chheap.o
                0x08023100                _heap_init
 .text.chHeapFree
                0x08023140      0x110 build/obj/chheap.o
                0x08023140                chHeapFree
 .text.chPoolFreeI
                0x08023250       0x40 build/obj/chmempools.o
                0x08023250                chPoolFreeI
 .text.chPoolFree
                0x08023290       0x30 build/obj/chmempools.o
                0x08023290                chPoolFree
 .text.halInit  0x080232c0       0x40 build/obj/hal.o
                0x080232c0                halInit
 .text.adcInit  0x08023300       0x10 build/obj/adc.o
                0x08023300                adcInit
 .text.adcObjectInit
                0x08023310       0x50 build/obj/adc.o
                0x08023310                adcObjectInit
 .text.adcStart
                0x08023360       0x70 build/obj/adc.o
                0x08023360                adcStart
 .text.adcStop  0x080233d0       0x60 build/obj/adc.o
                0x080233d0                adcStop
 .text.adcStartConversionI
                0x08023430       0x90 build/obj/adc.o
                0x08023430                adcStartConversionI
 .text.adcStopConversion
                0x080234c0       0x90 build/obj/adc.o
                0x080234c0                adcStopConversion
 .text.extInit  0x08023550       0x10 build/obj/ext.o
                0x08023550                extInit
 .text.extObjectInit
                0x08023560       0x20 build/obj/ext.o
                0x08023560                extObjectInit
 .text.extStart
                0x08023580       0x70 build/obj/ext.o
                0x08023580                extStart
 .text.extStop  0x080235f0       0x60 build/obj/ext.o
                0x080235f0                extStop
 .text.gptInit  0x08023650       0x10 build/obj/gpt.o
                0x08023650                gptInit
 .text.gptObjectInit
                0x08023660       0x20 build/obj/gpt.o
                0x08023660                gptObjectInit
 .text.gptStart
                0x08023680       0x70 build/obj/gpt.o
                0x08023680                gptStart
 .text.gptStop  0x080236f0       0x60 build/obj/gpt.o
                0x080236f0                gptStop
 .text.gptStartOneShotI
                0x08023750       0x50 build/obj/gpt.o
                0x08023750                gptStartOneShotI
 .text.gptPolledDelay
                0x080237a0       0x40 build/obj/gpt.o
                0x080237a0                gptPolledDelay
 .text.i2cInit  0x080237e0       0x10 build/obj/i2c.o
                0x080237e0                i2cInit
 .text.i2cObjectInit
                0x080237f0       0x30 build/obj/i2c.o
                0x080237f0                i2cObjectInit
 .text.i2cStart
                0x08023820       0x80 build/obj/i2c.o
                0x08023820                i2cStart
 .text.i2cGetErrors
                0x080238a0       0x30 build/obj/i2c.o
                0x080238a0                i2cGetErrors
 .text.i2cMasterTransmitTimeout
                0x080238d0       0xd0 build/obj/i2c.o
                0x080238d0                i2cMasterTransmitTimeout
 .text.i2cAcquireBus
                0x080239a0       0x30 build/obj/i2c.o
                0x080239a0                i2cAcquireBus
 .text.i2cReleaseBus
                0x080239d0       0x20 build/obj/i2c.o
                0x080239d0                i2cReleaseBus
 .text.icuInit  0x080239f0       0x10 build/obj/icu.o
                0x080239f0                icuInit
 .text.icuObjectInit
                0x08023a00       0x20 build/obj/icu.o
                0x08023a00                icuObjectInit
 .text.mmcsd_get_slice
                0x08023a20       0xb0 build/obj/mmcsd.o
 .text.mmcsdGetCapacity
                0x08023ad0       0x90 build/obj/mmcsd.o
                0x08023ad0                mmcsdGetCapacity
 .text.rtcInit  0x08023b60       0x10 build/obj/rtc.o
                0x08023b60                rtcInit
 .text.rtcSetTime
                0x08023b70       0x50 build/obj/rtc.o
                0x08023b70                rtcSetTime
 .text.rtcGetTime
                0x08023bc0       0x50 build/obj/rtc.o
                0x08023bc0                rtcGetTime
 .text.rtcGetTimeFat
                0x08023c10       0x30 build/obj/rtc.o
                0x08023c10                rtcGetTimeFat
 .text._sdc_wait_for_transfer_state
                0x08023c40       0x70 build/obj/sdc.o
                0x08023c40                _sdc_wait_for_transfer_state
 .text.sdcInit  0x08023cb0       0x10 build/obj/sdc.o
                0x08023cb0                sdcInit
 .text.sdcObjectInit
                0x08023cc0       0x40 build/obj/sdc.o
                0x08023cc0                sdcObjectInit
 .text.sdcStart
                0x08023d00       0x70 build/obj/sdc.o
                0x08023d00                sdcStart
 .text.sdcStop  0x08023d70       0x60 build/obj/sdc.o
                0x08023d70                sdcStop
 .text.sdcConnect
                0x08023dd0      0x2b0 build/obj/sdc.o
                0x08023dd0                sdcConnect
 .text.sdcDisconnect
                0x08024080       0xb0 build/obj/sdc.o
                0x08024080                sdcDisconnect
 .text.sdcRead  0x08024130       0x90 build/obj/sdc.o
                0x08024130                sdcRead
 .text.sdcWrite
                0x080241c0       0x90 build/obj/sdc.o
                0x080241c0                sdcWrite
 .text.sdcSync  0x08024250       0x50 build/obj/sdc.o
                0x08024250                sdcSync
 .text.sdcGetInfo
                0x080242a0       0x50 build/obj/sdc.o
                0x080242a0                sdcGetInfo
 .text.sdcErase
                0x080242f0       0xf0 build/obj/sdc.o
                0x080242f0                sdcErase
 .text.write    0x080243e0       0x30 build/obj/serial.o
 .text.read     0x08024410       0x30 build/obj/serial.o
 .text.put      0x08024440       0x30 build/obj/serial.o
 .text.get      0x08024470       0x20 build/obj/serial.o
 .text.putt     0x08024490       0x30 build/obj/serial.o
 .text.gett     0x080244c0       0x20 build/obj/serial.o
 .text.writet   0x080244e0       0x30 build/obj/serial.o
 .text.readt    0x08024510       0x30 build/obj/serial.o
 .text.sdInit   0x08024540       0x10 build/obj/serial.o
                0x08024540                sdInit
 .text.sdObjectInit
                0x08024550       0x70 build/obj/serial.o
                0x08024550                sdObjectInit
 .text.sdStart  0x080245c0       0x70 build/obj/serial.o
                0x080245c0                sdStart
 .text.sdStop   0x08024630       0x80 build/obj/serial.o
                0x08024630                sdStop
 .text.sdIncomingDataI
                0x080246b0       0x70 build/obj/serial.o
                0x080246b0                sdIncomingDataI
 .text.spiInit  0x08024720       0x10 build/obj/spi.o
                0x08024720                spiInit
 .text.spiObjectInit
                0x08024730       0x30 build/obj/spi.o
                0x08024730                spiObjectInit
 .text.spiStart
                0x08024760       0x70 build/obj/spi.o
                0x08024760                spiStart
 .text.spiStop  0x080247d0       0x60 build/obj/spi.o
                0x080247d0                spiStop
 .text.spiSelect
                0x08024830       0x50 build/obj/spi.o
                0x08024830                spiSelect
 .text.spiUnselect
                0x08024880       0x50 build/obj/spi.o
                0x08024880                spiUnselect
 .text.Vector6C
                0x080248d0       0x60 build/obj/stm32_dma.o
                0x080248d0                Vector6C
 .text.Vector70
                0x08024930       0x60 build/obj/stm32_dma.o
                0x08024930                Vector70
 .text.Vector74
                0x08024990       0x60 build/obj/stm32_dma.o
                0x08024990                Vector74
 .text.Vector78
                0x080249f0       0x60 build/obj/stm32_dma.o
                0x080249f0                Vector78
 .text.Vector7C
                0x08024a50       0x60 build/obj/stm32_dma.o
                0x08024a50                Vector7C
 .text.Vector80
                0x08024ab0       0x60 build/obj/stm32_dma.o
                0x08024ab0                Vector80
 .text.Vector84
                0x08024b10       0x60 build/obj/stm32_dma.o
                0x08024b10                Vector84
 .text.VectorFC
                0x08024b70       0x60 build/obj/stm32_dma.o
                0x08024b70                VectorFC
 .text.Vector120
                0x08024bd0       0x60 build/obj/stm32_dma.o
                0x08024bd0                Vector120
 .text.Vector124
                0x08024c30       0x60 build/obj/stm32_dma.o
                0x08024c30                Vector124
 .text.Vector128
                0x08024c90       0x60 build/obj/stm32_dma.o
                0x08024c90                Vector128
 .text.Vector12C
                0x08024cf0       0x60 build/obj/stm32_dma.o
                0x08024cf0                Vector12C
 .text.Vector130
                0x08024d50       0x60 build/obj/stm32_dma.o
                0x08024d50                Vector130
 .text.Vector150
                0x08024db0       0x60 build/obj/stm32_dma.o
                0x08024db0                Vector150
 .text.Vector154
                0x08024e10       0x60 build/obj/stm32_dma.o
                0x08024e10                Vector154
 .text.Vector158
                0x08024e70       0x60 build/obj/stm32_dma.o
                0x08024e70                Vector158
 .text.dmaInit  0x08024ed0       0xa0 build/obj/stm32_dma.o
                0x08024ed0                dmaInit
 .text.dmaStreamAllocate
                0x08024f70      0x150 build/obj/stm32_dma.o
                0x08024f70                dmaStreamAllocate
 .text.dmaStreamRelease
                0x080250c0       0xd0 build/obj/stm32_dma.o
                0x080250c0                dmaStreamRelease
 .text.hal_lld_backup_domain_init
                0x08025190      0x100 build/obj/hal_lld.o
 .text.hal_lld_init
                0x08025290      0x120 build/obj/hal_lld.o
                0x08025290                hal_lld_init
 .text.stm32_clock_init
                0x080253b0      0x180 build/obj/hal_lld.o
                0x080253b0                stm32_clock_init
 .text.adc_lld_serve_rx_interrupt
                0x08025530      0x210 build/obj/adc_lld.o
 .text.Vector88
                0x08025740      0x320 build/obj/adc_lld.o
                0x08025740                Vector88
 .text.adc_lld_init
                0x08025a60       0xd0 build/obj/adc_lld.o
                0x08025a60                adc_lld_init
 .text.adc_lld_start
                0x08025b30      0x190 build/obj/adc_lld.o
                0x08025b30                adc_lld_start
 .text.adc_lld_stop
                0x08025cc0       0xb0 build/obj/adc_lld.o
                0x08025cc0                adc_lld_stop
 .text.adc_lld_start_conversion
                0x08025d70      0x100 build/obj/adc_lld.o
                0x08025d70                adc_lld_start_conversion
 .text.adc_lld_stop_conversion
                0x08025e70       0x60 build/obj/adc_lld.o
                0x08025e70                adc_lld_stop_conversion
 .text.adcSTM32EnableTSVREFE
                0x08025ed0       0x20 build/obj/adc_lld.o
                0x08025ed0                adcSTM32EnableTSVREFE
 .text.adcSTM32EnableVBATE
                0x08025ef0       0x20 build/obj/adc_lld.o
                0x08025ef0                adcSTM32EnableVBATE
 .text.Vector58
                0x08025f10       0x40 build/obj/ext_lld_isr.o
                0x08025f10                Vector58
 .text.Vector5C
                0x08025f50       0x40 build/obj/ext_lld_isr.o
                0x08025f50                Vector5C
 .text.Vector60
                0x08025f90       0x40 build/obj/ext_lld_isr.o
                0x08025f90                Vector60
 .text.Vector64
                0x08025fd0       0x40 build/obj/ext_lld_isr.o
                0x08025fd0                Vector64
 .text.Vector68
                0x08026010       0x40 build/obj/ext_lld_isr.o
                0x08026010                Vector68
 .text.Vector9C
                0x08026050       0xf0 build/obj/ext_lld_isr.o
                0x08026050                Vector9C
 .text.VectorE0
                0x08026140      0x110 build/obj/ext_lld_isr.o
                0x08026140                VectorE0
 .text.Vector44
                0x08026250       0x40 build/obj/ext_lld_isr.o
                0x08026250                Vector44
 .text.VectorE4
                0x08026290       0x40 build/obj/ext_lld_isr.o
                0x08026290                VectorE4
 .text.VectorE8
                0x080262d0       0x40 build/obj/ext_lld_isr.o
                0x080262d0                VectorE8
 .text.Vector138
                0x08026310       0x40 build/obj/ext_lld_isr.o
                0x08026310                Vector138
 .text.Vector170
                0x08026350       0x40 build/obj/ext_lld_isr.o
                0x08026350                Vector170
 .text.Vector4C
                0x08026390       0x40 build/obj/ext_lld_isr.o
                0x08026390                Vector4C
 .text.ext_lld_exti_irq_enable
                0x080263d0       0xb0 build/obj/ext_lld_isr.o
                0x080263d0                ext_lld_exti_irq_enable
 .text.ext_lld_exti_irq_disable
                0x08026480       0x80 build/obj/ext_lld_isr.o
                0x08026480                ext_lld_exti_irq_disable
 .text.ext_lld_init
                0x08026500       0x10 build/obj/ext_lld.o
                0x08026500                ext_lld_init
 .text.ext_lld_start
                0x08026510       0x50 build/obj/ext_lld.o
                0x08026510                ext_lld_start
 .text.ext_lld_stop
                0x08026560       0x40 build/obj/ext_lld.o
                0x08026560                ext_lld_stop
 .text.ext_lld_channel_enable
                0x080265a0      0x1d0 build/obj/ext_lld.o
                0x080265a0                ext_lld_channel_enable
 .text.ext_lld_channel_disable
                0x08026770       0xb0 build/obj/ext_lld.o
                0x08026770                ext_lld_channel_disable
 .text.sdc_lld_prepare_read
                0x08026820       0x90 build/obj/sdc_lld.o
 .text.sdc_lld_prepare_write
                0x080268b0       0x90 build/obj/sdc_lld.o
 .text.sdc_lld_wait_transaction_end
                0x08026940      0x100 build/obj/sdc_lld.o
 .text.sdc_lld_collect_errors
                0x08026a40       0xa0 build/obj/sdc_lld.o
 .text.sdc_lld_error_cleanup
                0x08026ae0       0xc0 build/obj/sdc_lld.o
 .text.Vector104
                0x08026ba0       0x70 build/obj/sdc_lld.o
                0x08026ba0                Vector104
 .text.sdc_lld_init
                0x08026c10       0x40 build/obj/sdc_lld.o
                0x08026c10                sdc_lld_init
 .text.sdc_lld_start
                0x08026c50       0xe0 build/obj/sdc_lld.o
                0x08026c50                sdc_lld_start
 .text.sdc_lld_stop
                0x08026d30       0x80 build/obj/sdc_lld.o
                0x08026d30                sdc_lld_stop
 .text.sdc_lld_start_clk
                0x08026db0       0x50 build/obj/sdc_lld.o
                0x08026db0                sdc_lld_start_clk
 .text.sdc_lld_set_data_clk
                0x08026e00       0x20 build/obj/sdc_lld.o
                0x08026e00                sdc_lld_set_data_clk
 .text.sdc_lld_stop_clk
                0x08026e20       0x30 build/obj/sdc_lld.o
                0x08026e20                sdc_lld_stop_clk
 .text.sdc_lld_set_bus_mode
                0x08026e50       0x60 build/obj/sdc_lld.o
                0x08026e50                sdc_lld_set_bus_mode
 .text.sdc_lld_send_cmd_none
                0x08026eb0       0x50 build/obj/sdc_lld.o
                0x08026eb0                sdc_lld_send_cmd_none
 .text.sdc_lld_send_cmd_short
                0x08026f00       0x90 build/obj/sdc_lld.o
                0x08026f00                sdc_lld_send_cmd_short
 .text.sdc_lld_send_cmd_short_crc
                0x08026f90       0x90 build/obj/sdc_lld.o
                0x08026f90                sdc_lld_send_cmd_short_crc
 .text.sdc_lld_send_cmd_long_crc
                0x08027020       0xd0 build/obj/sdc_lld.o
                0x08027020                sdc_lld_send_cmd_long_crc
 .text.sdc_lld_read_aligned
                0x080270f0      0x110 build/obj/sdc_lld.o
                0x080270f0                sdc_lld_read_aligned
 .text.sdc_lld_write_aligned
                0x08027200      0x110 build/obj/sdc_lld.o
                0x08027200                sdc_lld_write_aligned
 .text.sdc_lld_read
                0x08027310       0xa0 build/obj/sdc_lld.o
                0x08027310                sdc_lld_read
 .text.sdc_lld_write
                0x080273b0       0xa0 build/obj/sdc_lld.o
                0x080273b0                sdc_lld_write
 .text.sdc_lld_sync
                0x08027450       0x10 build/obj/sdc_lld.o
                0x08027450                sdc_lld_sync
 .text.initgpio
                0x08027460       0x50 build/obj/pal_lld.o
 .text._pal_lld_init
                0x080274b0      0x100 build/obj/pal_lld.o
                0x080274b0                _pal_lld_init
 .text.i2c_lld_abort_operation
                0x080275b0       0xb0 build/obj/i2c_lld.o
 .text.i2c_lld_safety_timeout
                0x08027660       0x50 build/obj/i2c_lld.o
 .text.i2c_lld_set_clock
                0x080276b0      0x260 build/obj/i2c_lld.o
 .text.i2c_lld_set_opmode
                0x08027910       0x70 build/obj/i2c_lld.o
 .text.i2c_lld_serve_event_interrupt
                0x08027980      0x190 build/obj/i2c_lld.o
 .text.i2c_lld_serve_rx_end_irq
                0x08027b10       0xd0 build/obj/i2c_lld.o
 .text.i2c_lld_serve_tx_end_irq
                0x08027be0       0x80 build/obj/i2c_lld.o
 .text.i2c_lld_serve_error_interrupt
                0x08027c60      0x1a0 build/obj/i2c_lld.o
 .text.VectorC4
                0x08027e00       0x20 build/obj/i2c_lld.o
                0x08027e00                VectorC4
 .text.VectorC8
                0x08027e20       0x60 build/obj/i2c_lld.o
                0x08027e20                VectorC8
 .text.i2c_lld_init
                0x08027e80       0x50 build/obj/i2c_lld.o
                0x08027e80                i2c_lld_init
 .text.i2c_lld_start
                0x08027ed0      0x160 build/obj/i2c_lld.o
                0x08027ed0                i2c_lld_start
 .text.i2c_lld_master_transmit_timeout
                0x08028030      0x160 build/obj/i2c_lld.o
                0x08028030                i2c_lld_master_transmit_timeout
 .text.rtc_lld_init
                0x08028190       0xe0 build/obj/rtc_lld.o
                0x08028190                rtc_lld_init
 .text.rtc_lld_set_time
                0x08028270       0xc0 build/obj/rtc_lld.o
                0x08028270                rtc_lld_set_time
 .text.rtc_lld_get_time
                0x08028330       0x90 build/obj/rtc_lld.o
                0x08028330                rtc_lld_get_time
 .text.rtc_lld_get_time_fat
                0x080283c0      0x190 build/obj/rtc_lld.o
                0x080283c0                rtc_lld_get_time_fat
 .text.spi_lld_serve_rx_interrupt
                0x08028550      0x110 build/obj/spi_lld.o
 .text.spi_lld_serve_tx_interrupt
                0x08028660       0x30 build/obj/spi_lld.o
 .text.spi_lld_init
                0x08028690       0xe0 build/obj/spi_lld.o
                0x08028690                spi_lld_init
 .text.spi_lld_start
                0x08028770      0x1d0 build/obj/spi_lld.o
                0x08028770                spi_lld_start
 .text.spi_lld_stop
                0x08028940       0x90 build/obj/spi_lld.o
                0x08028940                spi_lld_stop
 .text.spi_lld_select
                0x080289d0       0x20 build/obj/spi_lld.o
                0x080289d0                spi_lld_select
 .text.spi_lld_unselect
                0x080289f0       0x20 build/obj/spi_lld.o
                0x080289f0                spi_lld_unselect
 .text.spi_lld_send
                0x08028a10       0x80 build/obj/spi_lld.o
                0x08028a10                spi_lld_send
 .text.spi_lld_receive
                0x08028a90       0x80 build/obj/spi_lld.o
                0x08028a90                spi_lld_receive
 .text.spi_lld_polled_exchange
                0x08028b10       0x40 build/obj/spi_lld.o
                0x08028b10                spi_lld_polled_exchange
 .text.gpt_lld_serve_interrupt
                0x08028b50       0x40 build/obj/gpt_lld.o
 .text.VectorF4
                0x08028b90       0x20 build/obj/gpt_lld.o
                0x08028b90                VectorF4
 .text.gpt_lld_init
                0x08028bb0       0x30 build/obj/gpt_lld.o
                0x08028bb0                gpt_lld_init
 .text.gpt_lld_start
                0x08028be0       0xf0 build/obj/gpt_lld.o
                0x08028be0                gpt_lld_start
 .text.gpt_lld_stop
                0x08028cd0       0x60 build/obj/gpt_lld.o
                0x08028cd0                gpt_lld_stop
 .text.gpt_lld_start_timer
                0x08028d30       0x50 build/obj/gpt_lld.o
                0x08028d30                gpt_lld_start_timer
 .text.gpt_lld_stop_timer
                0x08028d80       0x30 build/obj/gpt_lld.o
                0x08028d80                gpt_lld_stop_timer
 .text.gpt_lld_polled_delay
                0x08028db0       0x50 build/obj/gpt_lld.o
                0x08028db0                gpt_lld_polled_delay
 .text.icu_lld_serve_interrupt
                0x08028e00      0x100 build/obj/icu_lld.o
 .text.VectorA4
                0x08028f00       0x20 build/obj/icu_lld.o
                0x08028f00                VectorA4
 .text.VectorAC
                0x08028f20       0x20 build/obj/icu_lld.o
                0x08028f20                VectorAC
 .text.icu_lld_init
                0x08028f40       0x30 build/obj/icu_lld.o
                0x08028f40                icu_lld_init
 .text.usart_init
                0x08028f70       0xb0 build/obj/serial_lld.o
 .text.usart_deinit
                0x08029020       0x20 build/obj/serial_lld.o
 .text.set_error
                0x08029040       0x90 build/obj/serial_lld.o
 .text.serve_interrupt
                0x080290d0      0x180 build/obj/serial_lld.o
 .text.notify1  0x08029250       0x30 build/obj/serial_lld.o
 .text.notify2  0x08029280       0x30 build/obj/serial_lld.o
 .text.notify6  0x080292b0       0x30 build/obj/serial_lld.o
 .text.VectorD4
                0x080292e0       0x20 build/obj/serial_lld.o
                0x080292e0                VectorD4
 .text.VectorD8
                0x08029300       0x20 build/obj/serial_lld.o
                0x08029300                VectorD8
 .text.Vector15C
                0x08029320       0x20 build/obj/serial_lld.o
                0x08029320                Vector15C
 .text.sd_lld_init
                0x08029340       0x90 build/obj/serial_lld.o
                0x08029340                sd_lld_init
 .text.sd_lld_start
                0x080293d0       0xd0 build/obj/serial_lld.o
                0x080293d0                sd_lld_start
 .text.sd_lld_stop
                0x080294a0       0xb0 build/obj/serial_lld.o
                0x080294a0                sd_lld_stop
 .text.__early_init
                0x08029550       0x10 build/obj/board.o
                0x08029550                __early_init
 .text.sdc_lld_is_card_inserted
                0x08029560       0x30 build/obj/board.o
                0x08029560                sdc_lld_is_card_inserted
 .text.sdc_lld_is_write_protected
                0x08029590       0x30 build/obj/board.o
                0x08029590                sdc_lld_is_write_protected
 .text.boardInit
                0x080295c0       0x10 build/obj/board.o
                0x080295c0                boardInit
 .text.long_to_string_with_divisor
                0x080295d0       0xc0 build/obj/chprintf.o
 .text.ltoa     0x08029690       0x20 build/obj/chprintf.o
 .text.ftoa     0x080296b0       0xb0 build/obj/chprintf.o
 .text.chprintf
                0x08029760      0x520 build/obj/chprintf.o
                0x08029760                chprintf
 .text.stm32_rtc_bcd2tm
                0x08029c80      0x1f0 build/obj/chrtclib.o
 .text.stm32_rtc_tm2bcd
                0x08029e70      0x270 build/obj/chrtclib.o
 .text.rtcGetTimeTm
                0x0802a0e0       0x40 build/obj/chrtclib.o
                0x0802a0e0                rtcGetTimeTm
 .text.rtcSetTimeTm
                0x0802a120       0x40 build/obj/chrtclib.o
                0x0802a120                rtcSetTimeTm
 .text.writes   0x0802a160       0x60 build/obj/memstreams.o
 .text.reads    0x0802a1c0       0x60 build/obj/memstreams.o
 .text.put      0x0802a220       0x50 build/obj/memstreams.o
 .text.get      0x0802a270       0x40 build/obj/memstreams.o
 .text.msObjectInit
                0x0802a2b0       0x40 build/obj/memstreams.o
                0x0802a2b0                msObjectInit
 .text.disk_initialize
                0x0802a2f0       0x70 build/obj/fatfs_diskio.o
                0x0802a2f0                disk_initialize
 .text.disk_status
                0x0802a360       0x70 build/obj/fatfs_diskio.o
                0x0802a360                disk_status
 .text.disk_read
                0x0802a3d0       0x60 build/obj/fatfs_diskio.o
                0x0802a3d0                disk_read
 .text.disk_write
                0x0802a430       0x60 build/obj/fatfs_diskio.o
                0x0802a430                disk_write
 .text.disk_ioctl
                0x0802a490       0xb0 build/obj/fatfs_diskio.o
                0x0802a490                disk_ioctl
 .text.get_fattime
                0x0802a540       0x20 build/obj/fatfs_diskio.o
                0x0802a540                get_fattime
 .text.mem_cpy  0x0802a560       0x50 build/obj/ff.o
 .text.mem_set  0x0802a5b0       0x40 build/obj/ff.o
 .text.mem_cmp  0x0802a5f0       0x70 build/obj/ff.o
 .text.chk_chr  0x0802a660       0x30 build/obj/ff.o
 .text.sync_window
                0x0802a690       0xa0 build/obj/ff.o
 .text.move_window
                0x0802a730       0x60 build/obj/ff.o
 .text.sync_fs  0x0802a790      0x180 build/obj/ff.o
 .text.clust2sect
                0x0802a910       0x40 build/obj/ff.o
                0x0802a910                clust2sect
 .text.get_fat  0x0802a950      0x1a0 build/obj/ff.o
                0x0802a950                get_fat
 .text.put_fat  0x0802aaf0      0x280 build/obj/ff.o
                0x0802aaf0                put_fat
 .text.remove_chain
                0x0802ad70      0x110 build/obj/ff.o
 .text.create_chain
                0x0802ae80      0x130 build/obj/ff.o
 .text.dir_sdi  0x0802afb0      0x130 build/obj/ff.o
 .text.dir_next
                0x0802b0e0      0x1f0 build/obj/ff.o
 .text.dir_alloc
                0x0802b2d0       0xa0 build/obj/ff.o
 .text.ld_clust
                0x0802b370       0x60 build/obj/ff.o
 .text.st_clust
                0x0802b3d0       0x60 build/obj/ff.o
 .text.dir_find
                0x0802b430       0xc0 build/obj/ff.o
 .text.dir_register
                0x0802b4f0       0x80 build/obj/ff.o
 .text.create_name
                0x0802b570      0x200 build/obj/ff.o
 .text.follow_path
                0x0802b770      0x100 build/obj/ff.o
 .text.check_fs
                0x0802b870       0xe0 build/obj/ff.o
 .text.chk_mounted
                0x0802b950      0x630 build/obj/ff.o
 .text.validate
                0x0802bf80       0x60 build/obj/ff.o
 .text.f_mount  0x0802bfe0       0x70 build/obj/ff.o
                0x0802bfe0                f_mount
 .text.f_open   0x0802c050      0x2e0 build/obj/ff.o
                0x0802c050                f_open
 .text.f_write  0x0802c330      0x360 build/obj/ff.o
                0x0802c330                f_write
 .text.f_sync   0x0802c690      0x190 build/obj/ff.o
                0x0802c690                f_sync
 .text.f_close  0x0802c820       0x30 build/obj/ff.o
                0x0802c820                f_close
 .text.f_opendir
                0x0802c850       0xe0 build/obj/ff.o
                0x0802c850                f_opendir
 .text.f_getfree
                0x0802c930      0x1d0 build/obj/ff.o
                0x0802c930                f_getfree
 .text.f_mkdir  0x0802cb00      0x290 build/obj/ff.o
                0x0802cb00                f_mkdir
 .text.adc_make_avg
                0x0802cd90       0x60 build/obj/kb_adc.o
                0x0802cd90                adc_make_avg
 .text.adc_cb   0x0802cdf0       0x50 build/obj/kb_adc.o
 .text.adc_trigger_cb
                0x0802ce40       0x60 build/obj/kb_adc.o
                0x0802ce40                adc_trigger_cb
 .text.kuroBoxADCInit
                0x0802cea0       0x60 build/obj/kb_adc.o
                0x0802cea0                kuroBoxADCInit
 .text.kuroBoxADCStop
                0x0802cf00       0x60 build/obj/kb_adc.o
                0x0802cf00                kuroBoxADCStop
 .text.write_reg
                0x0802cf60       0xb0 build/obj/kb_altimeter.o
 .text.read_reg
                0x0802d010       0x90 build/obj/kb_altimeter.o
 .text.thAltimeter
                0x0802d0a0      0x150 build/obj/kb_altimeter.o
 .text.kuroBoxAltimeterInit
                0x0802d1f0       0x40 build/obj/kb_altimeter.o
                0x0802d1f0                kuroBoxAltimeterInit
 .text.on_btn0  0x0802d230       0x30 build/obj/kb_buttons.o
 .text.on_btn1  0x0802d260       0x30 build/obj/kb_buttons.o
 .text.kuroBoxButtonsInit
                0x0802d290       0x50 build/obj/kb_buttons.o
                0x0802d290                kuroBoxButtonsInit
 .text.kuroBoxButtonsStop
                0x0802d2e0       0x10 build/obj/kb_buttons.o
                0x0802d2e0                kuroBoxButtonsStop
 .text.kbbtn_0ExtiCB
                0x0802d2f0       0x60 build/obj/kb_buttons.o
                0x0802d2f0                kbbtn_0ExtiCB
 .text.kbbtn_1ExtiCB
                0x0802d350       0x60 build/obj/kb_buttons.o
                0x0802d350                kbbtn_1ExtiCB
 .text.kbc_save
                0x0802d3b0       0xb0 build/obj/kb_config.o
                0x0802d3b0                kbc_save
 .text.kbc_load
                0x0802d460       0xd0 build/obj/kb_config.o
                0x0802d460                kbc_load
 .text.check_offset
                0x0802d530       0x30 build/obj/kb_config.o
 .text.calc_cs  0x0802d560       0x30 build/obj/kb_config.o
 .text.kbc_read
                0x0802d590       0x40 build/obj/kb_config.o
                0x0802d590                kbc_read
 .text.kbc_write
                0x0802d5d0       0x50 build/obj/kb_config.o
                0x0802d5d0                kbc_write
 .text.kuroBoxConfigInit
                0x0802d620       0x90 build/obj/kb_config.o
                0x0802d620                kuroBoxConfigInit
 .text.kuroBoxConfigStop
                0x0802d6b0       0x10 build/obj/kb_config.o
                0x0802d6b0                kuroBoxConfigStop
 .text.hard_fault_handler_c
                0x0802d6c0      0x1c0 build/obj/kb_debug.o
                0x0802d6c0                hard_fault_handler_c
 .text.thFeatureA
                0x0802d880      0x200 build/obj/kb_featureA.o
 .text.kbfa_getFeature
                0x0802da80       0x10 build/obj/kb_featureA.o
                0x0802da80                kbfa_getFeature
 .text.kbfa_setFeature
                0x0802da90       0x20 build/obj/kb_featureA.o
                0x0802da90                kbfa_setFeature
 .text.kbfa_changeFeature
                0x0802dab0       0xb0 build/obj/kb_featureA.o
                0x0802dab0                kbfa_changeFeature
 .text.kuroBoxFeatureAInit
                0x0802db60       0x40 build/obj/kb_featureA.o
                0x0802db60                kuroBoxFeatureAInit
 .text.kuroBoxFeatureAStop
                0x0802dba0       0x30 build/obj/kb_featureA.o
                0x0802dba0                kuroBoxFeatureAStop
 .text.kbg_ecef2lla
                0x0802dbd0      0x340 build/obj/kb_gps.o
                0x0802dbd0                kbg_ecef2lla
 .text.parse_and_store_nav_sol
                0x0802df10       0xf0 build/obj/kb_gps.o
 .text.thGps    0x0802e000      0x110 build/obj/kb_gps.o
 .text.kbg_timepulseExtiCB
                0x0802e110       0x30 build/obj/kb_gps.o
                0x0802e110                kbg_timepulseExtiCB
 .text.kuroBoxGPSInit
                0x0802e140       0x70 build/obj/kb_gps.o
                0x0802e140                kuroBoxGPSInit
 .text.kuroBoxGPSStop
                0x0802e1b0       0x40 build/obj/kb_gps.o
                0x0802e1b0                kuroBoxGPSStop
 .text.kbg_getUbxNavSol
                0x0802e1f0       0x10 build/obj/kb_gps.o
                0x0802e1f0                kbg_getUbxNavSol
 .text.kbm_display
                0x0802e200      0x260 build/obj/kb_menu.o
                0x0802e200                kbm_display
 .text.kbm_btn0
                0x0802e460       0x30 build/obj/kb_menu.o
                0x0802e460                kbm_btn0
 .text.kbm_btn1
                0x0802e490       0x30 build/obj/kb_menu.o
                0x0802e490                kbm_btn1
 .text.kbm_btn0_dispatch
                0x0802e4c0       0x80 build/obj/kb_menu.o
 .text.kbm_btn1_dispatch
                0x0802e540       0xf0 build/obj/kb_menu.o
 .text.kuroBoxMenuInit
                0x0802e630       0x40 build/obj/kb_menu.o
                0x0802e630                kuroBoxMenuInit
 .text.kuroBoxMenuStop
                0x0802e670       0x10 build/obj/kb_menu.o
                0x0802e670                kuroBoxMenuStop
 .text.mi_exit  0x0802e680       0x20 build/obj/kb_menu_items.o
                0x0802e680                mi_exit
 .text.mi_featureA_change
                0x0802e6a0       0x10 build/obj/kb_menu_items.o
                0x0802e6a0                mi_featureA_change
 .text.mi_featureA_getFeature
                0x0802e6b0       0x10 build/obj/kb_menu_items.o
                0x0802e6b0                mi_featureA_getFeature
 .text.mi_serial1_pwr
                0x0802e6c0       0x30 build/obj/kb_menu_items.o
                0x0802e6c0                mi_serial1_pwr
 .text.mi_serial1_baud
                0x0802e6f0       0x20 build/obj/kb_menu_items.o
                0x0802e6f0                mi_serial1_baud
 .text.mi_serial1_getbaud
                0x0802e710       0x10 build/obj/kb_menu_items.o
                0x0802e710                mi_serial1_getbaud
 .text.mi_serial2_pwr
                0x0802e720       0x30 build/obj/kb_menu_items.o
                0x0802e720                mi_serial2_pwr
 .text.mi_serial2_baud
                0x0802e750       0x20 build/obj/kb_menu_items.o
                0x0802e750                mi_serial2_baud
 .text.mi_serial2_getbaud
                0x0802e770       0x10 build/obj/kb_menu_items.o
                0x0802e770                mi_serial2_getbaud
 .text.mi_led3  0x0802e780       0x60 build/obj/kb_menu_items.o
                0x0802e780                mi_led3
 .text.mi_lcd_backlight
                0x0802e7e0       0x60 build/obj/kb_menu_items.o
                0x0802e7e0                mi_lcd_backlight
 .text.mi_time_from_gps
                0x0802e840       0xe0 build/obj/kb_menu_items.o
                0x0802e840                mi_time_from_gps
 .text.mi_time_from_ltc
                0x0802e920       0x50 build/obj/kb_menu_items.o
                0x0802e920                mi_time_from_ltc
 .text.mi_standby
                0x0802e970       0x20 build/obj/kb_menu_items.o
                0x0802e970                mi_standby
 .text.draw     0x0802e990      0x640 build/obj/kb_screen.o
 .text.draw_error
                0x0802efd0      0x140 build/obj/kb_screen.o
 .text.thScreen
                0x0802f110       0xb0 build/obj/kb_screen.o
 .text.thBlinker
                0x0802f1c0      0x130 build/obj/kb_screen.o
 .text.kuroBoxScreenInit
                0x0802f2f0       0x80 build/obj/kb_screen.o
                0x0802f2f0                kuroBoxScreenInit
 .text.kuroBoxScreenStop
                0x0802f370       0x60 build/obj/kb_screen.o
                0x0802f370                kuroBoxScreenStop
 .text.kbs_setVoltage
                0x0802f3d0       0x20 build/obj/kb_screen.o
                0x0802f3d0                kbs_setVoltage
 .text.kbs_setTemperature
                0x0802f3f0       0x20 build/obj/kb_screen.o
                0x0802f3f0                kbs_setTemperature
 .text.kbs_setLTC
                0x0802f410       0x20 build/obj/kb_screen.o
                0x0802f410                kbs_setLTC
 .text.kbs_setWriteCount
                0x0802f430       0x20 build/obj/kb_screen.o
                0x0802f430                kbs_setWriteCount
 .text.kbs_setWriteErrors
                0x0802f450       0x20 build/obj/kb_screen.o
                0x0802f450                kbs_setWriteErrors
 .text.kbs_setSDCFree
                0x0802f470       0x20 build/obj/kb_screen.o
                0x0802f470                kbs_setSDCFree
 .text.kbs_setFName
                0x0802f490       0x20 build/obj/kb_screen.o
                0x0802f490                kbs_setFName
 .text.kbs_btn0
                0x0802f4b0       0x20 build/obj/kb_screen.o
                0x0802f4b0                kbs_btn0
 .text.kbs_btn1
                0x0802f4d0       0x20 build/obj/kb_screen.o
                0x0802f4d0                kbs_btn1
 .text.kbs_PPS  0x0802f4f0       0x20 build/obj/kb_screen.o
                0x0802f4f0                kbs_PPS
 .text.kbs_setGpsEcef
                0x0802f510       0x40 build/obj/kb_screen.o
                0x0802f510                kbs_setGpsEcef
 .text.kbs_setYPR
                0x0802f550       0x40 build/obj/kb_screen.o
                0x0802f550                kbs_setYPR
 .text.kbs_err_setSD
                0x0802f590       0x50 build/obj/kb_screen.o
                0x0802f590                kbs_err_setSD
 .text.kbs_err_setLTC
                0x0802f5e0       0x50 build/obj/kb_screen.o
                0x0802f5e0                kbs_err_setLTC
 .text.kuroBoxSerialInit
                0x0802f630       0x80 build/obj/kb_serial.o
                0x0802f630                kuroBoxSerialInit
 .text.kuroBoxSerialStop
                0x0802f6b0       0x40 build/obj/kb_serial.o
                0x0802f6b0                kuroBoxSerialStop
 .text.kbse_setPower
                0x0802f6f0       0x80 build/obj/kb_serial.o
                0x0802f6f0                kbse_setPower
 .text.kbse_getPower
                0x0802f770       0x60 build/obj/kb_serial.o
                0x0802f770                kbse_getPower
 .text.kbse_getBaud
                0x0802f7d0       0x40 build/obj/kb_serial.o
                0x0802f7d0                kbse_getBaud
 .text.kbse_changeBaud
                0x0802f810      0x130 build/obj/kb_serial.o
                0x0802f810                kbse_changeBaud
 .text.kbse_setBaud
                0x0802f940       0xe0 build/obj/kb_serial.o
                0x0802f940                kbse_setBaud
 .text.frame_to_time
                0x0802fa20       0xc0 build/obj/kb_time.o
 .text.ltc_store
                0x0802fae0      0x120 build/obj/kb_time.o
 .text.kbt_pulseExtiCB
                0x0802fc00       0xc0 build/obj/kb_time.o
                0x0802fc00                kbt_pulseExtiCB
 .text.kbt_getLTC
                0x0802fcc0       0x10 build/obj/kb_time.o
                0x0802fcc0                kbt_getLTC
 .text.kuroBoxTimeInit
                0x0802fcd0       0x30 build/obj/kb_time.o
                0x0802fcd0                kuroBoxTimeInit
 .text.kuroBoxTimeStop
                0x0802fd00       0x10 build/obj/kb_time.o
                0x0802fd00                kuroBoxTimeStop
 .text.calc_checksum_16
                0x0802fd10       0x80 build/obj/kb_util.o
                0x0802fd10                calc_checksum_16
 .text.vectornav_dispatch_register
                0x0802fd90       0xb0 build/obj/kb_vectornav.o
 .text.vectornav_spi_end_cb
                0x0802fe40       0xe0 build/obj/kb_vectornav.o
 .text.vectornav_gpt_end_cb
                0x0802ff20       0xb0 build/obj/kb_vectornav.o
 .text.kbv_getYPR
                0x0802ffd0       0x10 build/obj/kb_vectornav.o
                0x0802ffd0                kbv_getYPR
 .text.kbv_drIntExtiCB
                0x0802ffe0       0xc0 build/obj/kb_vectornav.o
                0x0802ffe0                kbv_drIntExtiCB
 .text.kuroBoxVectorNavInit
                0x080300a0       0xe0 build/obj/kb_vectornav.o
                0x080300a0                kuroBoxVectorNavInit
 .text.kuroBoxVectorNavStop
                0x08030180       0x30 build/obj/kb_vectornav.o
                0x08030180                kuroBoxVectorNavStop
 .text.kbv_readRegister
                0x080301b0      0x150 build/obj/kb_vectornav.o
                0x080301b0                kbv_readRegister
 .text.new_write_buffer_idx_to_fill
                0x08030300       0xa0 build/obj/kb_writer.o
 .text.return_write_buffer_idx_after_filling
                0x080303a0       0x70 build/obj/kb_writer.o
 .text.new_write_buffer_idx_to_write
                0x08030410       0x80 build/obj/kb_writer.o
 .text.return_write_buffer_idx_after_writing
                0x08030490       0x70 build/obj/kb_writer.o
 .text.flush_counters
                0x08030500       0x40 build/obj/kb_writer.o
 .text.flush_write_buffers
                0x08030540       0x80 build/obj/kb_writer.o
 .text.make_dirs
                0x080305c0       0x40 build/obj/kb_writer.o
 .text.new_file
                0x08030600      0x1d0 build/obj/kb_writer.o
 .text.on_insert
                0x080307d0      0x1e0 build/obj/kb_writer.o
 .text.on_remove
                0x080309b0       0x40 build/obj/kb_writer.o
 .text.wait_for_sd
                0x080309f0       0xa0 build/obj/kb_writer.o
 .text.sd_card_status
                0x08030a90       0x60 build/obj/kb_writer.o
 .text.writing_run
                0x08030af0      0x200 build/obj/kb_writer.o
 .text.thWriter
                0x08030cf0      0x150 build/obj/kb_writer.o
 .text.thLogger
                0x08030e40      0x290 build/obj/kb_writer.o
 .text.kuroBoxWriterInit
                0x080310d0       0xb0 build/obj/kb_writer.o
                0x080310d0                kuroBoxWriterInit
 .text.kuroBoxWriterStop
                0x08031180       0xa0 build/obj/kb_writer.o
                0x08031180                kuroBoxWriterStop
 .text.kbw_setLTC
                0x08031220       0x30 build/obj/kb_writer.o
                0x08031220                kbw_setLTC
 .text.kbw_incPPS
                0x08031250       0x20 build/obj/kb_writer.o
                0x08031250                kbw_incPPS
 .text.kbw_setGpsNavSol
                0x08031270       0x50 build/obj/kb_writer.o
                0x08031270                kbw_setGpsNavSol
 .text.kbw_setVNav
                0x080312c0       0x20 build/obj/kb_writer.o
                0x080312c0                kbw_setVNav
 .text.kbw_setAltitude
                0x080312e0       0x30 build/obj/kb_writer.o
                0x080312e0                kbw_setAltitude
 .text.kbwh_setVNav
                0x08031310       0x60 build/obj/kb_writer.o
                0x08031310                kbwh_setVNav
 .text.kuroBox_panic
                0x08031370       0x10 build/obj/main.o
                0x08031370                kuroBox_panic
 .text.kuroBox_standby
                0x08031380       0x60 build/obj/main.o
 .text.kuroBoxInit
                0x080313e0      0x1d0 build/obj/main.o
                0x080313e0                kuroBoxInit
 .text.kuroBoxStop
                0x080315b0       0xa0 build/obj/main.o
                0x080315b0                kuroBoxStop
 .text.main     0x08031650       0x30 build/obj/main.o
                0x08031650                main
 .text.spiEepromStart
                0x08031680       0x20 build/obj/spiEEPROM.o
                0x08031680                spiEepromStart
 .text.updateBoundingBox
                0x080316a0       0xa0 build/obj/ST7565.o
 .text.st7565Start
                0x08031740      0x180 build/obj/ST7565.o
                0x08031740                st7565Start
 .text.st7565_display
                0x080318c0      0x1d0 build/obj/ST7565.o
                0x080318c0                st7565_display
 .text.st7565_clear
                0x08031a90       0x30 build/obj/ST7565.o
                0x08031a90                st7565_clear
 .text.st7565_drawchar
                0x08031ac0       0xb0 build/obj/ST7565.o
                0x08031ac0                st7565_drawchar
 .text.st7565_drawstring
                0x08031b70       0xc0 build/obj/ST7565.o
                0x08031b70                st7565_drawstring
 .text.st7565_setpixel
                0x08031c30      0x100 build/obj/ST7565.o
                0x08031c30                st7565_setpixel
 .text.st7565_drawline
                0x08031d30      0x1d0 build/obj/ST7565.o
                0x08031d30                st7565_drawline
 .text.st7565_fillrect
                0x08031f00       0xc0 build/obj/ST7565.o
                0x08031f00                st7565_fillrect
 .text.cos      0x08031fc0       0x90 c:/chibistudio/tools/gnu tools arm embedded/4.7 2013q1/bin/../lib/gcc/arm-none-eabi/4.7.3/../../../../arm-none-eabi/lib/armv7e-m\libm.a(lib_a-s_cos.o)
                0x08031fc0                cos
 .text.sin      0x08032050       0x98 c:/chibistudio/tools/gnu tools arm embedded/4.7 2013q1/bin/../lib/gcc/arm-none-eabi/4.7.3/../../../../arm-none-eabi/lib/armv7e-m\libm.a(lib_a-s_sin.o)
                0x08032050                sin
 *fill*         0x080320e8        0x8 00
 .text.atan2    0x080320f0        0x4 c:/chibistudio/tools/gnu tools arm embedded/4.7 2013q1/bin/../lib/gcc/arm-none-eabi/4.7.3/../../../../arm-none-eabi/lib/armv7e-m\libm.a(lib_a-w_atan2.o)
                0x080320f0                atan2
 *fill*         0x080320f4        0xc 00
 .text.pow      0x08032100      0x310 c:/chibistudio/tools/gnu tools arm embedded/4.7 2013q1/bin/../lib/gcc/arm-none-eabi/4.7.3/../../../../arm-none-eabi/lib/armv7e-m\libm.a(lib_a-w_pow.o)
                0x08032100                pow
 .text.sqrt     0x08032410       0xa8 c:/chibistudio/tools/gnu tools arm embedded/4.7 2013q1/bin/../lib/gcc/arm-none-eabi/4.7.3/../../../../arm-none-eabi/lib/armv7e-m\libm.a(lib_a-w_sqrt.o)
                0x08032410                sqrt
 *fill*         0x080324b8        0x8 00
 .text.__ieee754_atan2
                0x080324c0      0x218 c:/chibistudio/tools/gnu tools arm embedded/4.7 2013q1/bin/../lib/gcc/arm-none-eabi/4.7.3/../../../../arm-none-eabi/lib/armv7e-m\libm.a(lib_a-e_atan2.o)
                0x080324c0                __ieee754_atan2
 *fill*         0x080326d8        0x8 00
 .text.__ieee754_pow
                0x080326e0      0xb20 c:/chibistudio/tools/gnu tools arm embedded/4.7 2013q1/bin/../lib/gcc/arm-none-eabi/4.7.3/../../../../arm-none-eabi/lib/armv7e-m\libm.a(lib_a-e_pow.o)
                0x080326e0                __ieee754_pow
 .text.__ieee754_rem_pio2
                0x08033200      0x468 c:/chibistudio/tools/gnu tools arm embedded/4.7 2013q1/bin/../lib/gcc/arm-none-eabi/4.7.3/../../../../arm-none-eabi/lib/armv7e-m\libm.a(lib_a-e_rem_pio2.o)
                0x08033200                __ieee754_rem_pio2
 *fill*         0x08033668        0x8 00
 .text.__ieee754_sqrt
                0x08033670      0x208 c:/chibistudio/tools/gnu tools arm embedded/4.7 2013q1/bin/../lib/gcc/arm-none-eabi/4.7.3/../../../../arm-none-eabi/lib/armv7e-m\libm.a(lib_a-e_sqrt.o)
                0x08033670                __ieee754_sqrt
 *fill*         0x08033878        0x8 00
 .text.__kernel_cos
                0x08033880      0x258 c:/chibistudio/tools/gnu tools arm embedded/4.7 2013q1/bin/../lib/gcc/arm-none-eabi/4.7.3/../../../../arm-none-eabi/lib/armv7e-m\libm.a(lib_a-k_cos.o)
                0x08033880                __kernel_cos
 *fill*         0x08033ad8        0x8 00
 .text.__kernel_rem_pio2
                0x08033ae0      0xdec c:/chibistudio/tools/gnu tools arm embedded/4.7 2013q1/bin/../lib/gcc/arm-none-eabi/4.7.3/../../../../arm-none-eabi/lib/armv7e-m\libm.a(lib_a-k_rem_pio2.o)
                0x08033ae0                __kernel_rem_pio2
 *fill*         0x080348cc        0x4 00
 .text.__kernel_sin
                0x080348d0      0x170 c:/chibistudio/tools/gnu tools arm embedded/4.7 2013q1/bin/../lib/gcc/arm-none-eabi/4.7.3/../../../../arm-none-eabi/lib/armv7e-m\libm.a(lib_a-k_sin.o)
                0x080348d0                __kernel_sin
 .text.atan     0x08034a40      0x368 c:/chibistudio/tools/gnu tools arm embedded/4.7 2013q1/bin/../lib/gcc/arm-none-eabi/4.7.3/../../../../arm-none-eabi/lib/armv7e-m\libm.a(lib_a-s_atan.o)
                0x08034a40                atan
 *fill*         0x08034da8        0x8 00
 .text.fabs     0x08034db0        0x8 c:/chibistudio/tools/gnu tools arm embedded/4.7 2013q1/bin/../lib/gcc/arm-none-eabi/4.7.3/../../../../arm-none-eabi/lib/armv7e-m\libm.a(lib_a-s_fabs.o)
                0x08034db0                fabs
 *fill*         0x08034db8        0x8 00
 .text.finite   0x08034dc0        0xc c:/chibistudio/tools/gnu tools arm embedded/4.7 2013q1/bin/../lib/gcc/arm-none-eabi/4.7.3/../../../../arm-none-eabi/lib/armv7e-m\libm.a(lib_a-s_finite.o)
                0x08034dc0                finite
 *fill*         0x08034dcc        0x4 00
 .text.floor    0x08034dd0      0x110 c:/chibistudio/tools/gnu tools arm embedded/4.7 2013q1/bin/../lib/gcc/arm-none-eabi/4.7.3/../../../../arm-none-eabi/lib/armv7e-m\libm.a(lib_a-s_floor.o)
                0x08034dd0                floor
 .text.__fpclassifyd
                0x08034ee0       0x68 c:/chibistudio/tools/gnu tools arm embedded/4.7 2013q1/bin/../lib/gcc/arm-none-eabi/4.7.3/../../../../arm-none-eabi/lib/armv7e-m\libm.a(lib_a-s_fpclassify.o)
                0x08034ee0                __fpclassifyd
 *fill*         0x08034f48        0x8 00
 .text.matherr  0x08034f50        0x4 c:/chibistudio/tools/gnu tools arm embedded/4.7 2013q1/bin/../lib/gcc/arm-none-eabi/4.7.3/../../../../arm-none-eabi/lib/armv7e-m\libm.a(lib_a-s_matherr.o)
                0x08034f50                matherr
 *fill*         0x08034f54        0xc 00
 .text.nan      0x08034f60        0xc c:/chibistudio/tools/gnu tools arm embedded/4.7 2013q1/bin/../lib/gcc/arm-none-eabi/4.7.3/../../../../arm-none-eabi/lib/armv7e-m\libm.a(lib_a-s_nan.o)
                0x08034f60                nan
 *fill*         0x08034f6c        0x4 00
 .text.rint     0x08034f70      0x128 c:/chibistudio/tools/gnu tools arm embedded/4.7 2013q1/bin/../lib/gcc/arm-none-eabi/4.7.3/../../../../arm-none-eabi/lib/armv7e-m\libm.a(lib_a-s_rint.o)
                0x08034f70                rint
 *fill*         0x08035098        0x8 00
 .text.scalbn   0x080350a0      0x108 c:/chibistudio/tools/gnu tools arm embedded/4.7 2013q1/bin/../lib/gcc/arm-none-eabi/4.7.3/../../../../arm-none-eabi/lib/armv7e-m\libm.a(lib_a-s_scalbn.o)
                0x080350a0                scalbn
 *fill*         0x080351a8        0x8 00
 .text.copysign
                0x080351b0       0x18 c:/chibistudio/tools/gnu tools arm embedded/4.7 2013q1/bin/../lib/gcc/arm-none-eabi/4.7.3/../../../../arm-none-eabi/lib/armv7e-m\libm.a(lib_a-s_copysign.o)
                0x080351b0                copysign
 *fill*         0x080351c8        0x8 00
 .text.__errno  0x080351d0        0xc c:/chibistudio/tools/gnu tools arm embedded/4.7 2013q1/bin/../lib/gcc/arm-none-eabi/4.7.3/../../../../arm-none-eabi/lib/armv7e-m\libc.a(lib_a-errno.o)
                0x080351d0                __errno
 *fill*         0x080351dc        0x4 00
 .text.memcpy   0x080351e0      0x144 c:/chibistudio/tools/gnu tools arm embedded/4.7 2013q1/bin/../lib/gcc/arm-none-eabi/4.7.3/../../../../arm-none-eabi/lib/armv7e-m\libc.a(lib_a-memcpy.o)
                0x080351e0                memcpy
 *fill*         0x08035324        0xc 00
 .text.memset   0x08035330      0x12c c:/chibistudio/tools/gnu tools arm embedded/4.7 2013q1/bin/../lib/gcc/arm-none-eabi/4.7.3/../../../../arm-none-eabi/lib/armv7e-m\libc.a(lib_a-memset.o)
                0x08035330                memset
 *fill*         0x0803545c        0x4 00
 .text.strcpy   0x08035460       0xbc c:/chibistudio/tools/gnu tools arm embedded/4.7 2013q1/bin/../lib/gcc/arm-none-eabi/4.7.3/../../../../arm-none-eabi/lib/armv7e-m\libc.a(lib_a-strcpy.o)
                0x08035460                strcpy
 *(.rodata)
 *fill*         0x0803551c        0x4 00
 .rodata        0x08035520        0x8 build/obj/chsys.o
 *fill*         0x08035528        0x8 00
 .rodata        0x08035530       0x58 build/obj/chdebug.o
 *fill*         0x08035588        0x8 00
 .rodata        0x08035590       0x34 build/obj/chvt.o
 *fill*         0x080355c4        0xc 00
 .rodata        0x080355d0       0x24 build/obj/chschd.o
 *fill*         0x080355f4        0xc 00
 .rodata        0x08035600       0x94 build/obj/chthreads.o
 *fill*         0x08035694        0xc 00
 .rodata        0x080356a0       0x48 build/obj/chdynamic.o
 *fill*         0x080356e8        0x8 00
 .rodata        0x080356f0      0x148 build/obj/chsem.o
 *fill*         0x08035838        0x8 00
 .rodata        0x08035840       0xac build/obj/chmtx.o
 *fill*         0x080358ec        0x4 00
 .rodata        0x080358f0       0x90 build/obj/chevents.o
 .rodata        0x08035980       0x88 build/obj/chmboxes.o
 *fill*         0x08035a08        0x8 00
 .rodata        0x08035a10       0x2c build/obj/chqueues.o
 *fill*         0x08035a3c        0x4 00
 .rodata        0x08035a40       0x34 build/obj/chheap.o
 *fill*         0x08035a74        0xc 00
 .rodata        0x08035a80       0x48 build/obj/chmempools.o
 *fill*         0x08035ac8        0x8 00
 .rodata        0x08035ad0      0x110 build/obj/adc.o
 .rodata        0x08035be0       0xd0 build/obj/ext.o
 .rodata        0x08035cb0      0x10c build/obj/gpt.o
 *fill*         0x08035dbc        0x4 00
 .rodata        0x08035dc0       0xec build/obj/i2c.o
 *fill*         0x08035eac        0x4 00
 .rodata        0x08035eb0       0x14 build/obj/mmcsd.o
 *fill*         0x08035ec4        0xc 00
 .rodata        0x08035ed0       0x40 build/obj/rtc.o
 .rodata        0x08035f10      0x138 build/obj/sdc.o
 *fill*         0x08036048        0x8 00
 .rodata        0x08036050       0x60 build/obj/serial.o
 .rodata        0x080360b0      0x238 build/obj/spi.o
 *fill*         0x080362e8        0x8 00
 .rodata        0x080362f0       0x48 build/obj/stm32_dma.o
 *fill*         0x08036338        0x8 00
 .rodata        0x08036340       0x3c build/obj/adc_lld.o
 *fill*         0x0803637c        0x4 00
 .rodata        0x08036380       0x80 build/obj/sdc_lld.o
 .rodata        0x08036400      0x100 build/obj/i2c_lld.o
 .rodata        0x08036500       0x50 build/obj/spi_lld.o
 .rodata        0x08036550       0x14 build/obj/gpt_lld.o
 *fill*         0x08036564        0xc 00
 .rodata        0x08036570        0x8 build/obj/chprintf.o
 *fill*         0x08036578        0x8 00
 .rodata        0x08036580       0x54 build/obj/ff.o
 *fill*         0x080365d4        0xc 00
 .rodata        0x080365e0        0xc build/obj/kb_altimeter.o
 *fill*         0x080365ec        0x4 00
 .rodata        0x080365f0      0x114 build/obj/kb_debug.o
 *fill*         0x08036704        0xc 00
 .rodata        0x08036710       0x34 build/obj/kb_featureA.o
 *fill*         0x08036744        0xc 00
 .rodata        0x08036750       0x18 build/obj/kb_gps.o
 *fill*         0x08036768        0x8 00
 .rodata        0x08036770       0x24 build/obj/kb_menu.o
 *fill*         0x08036794        0xc 00
 .rodata        0x080367a0       0xa8 build/obj/kb_screen.o
 *fill*         0x08036848        0x8 00
 .rodata        0x08036850       0xc4 build/obj/kb_writer.o
 *fill*         0x08036914        0xc 00
 .rodata        0x08036920       0x24 build/obj/main.o
 *(.rodata.*)
 *fill*         0x08036944        0xc 00
 .rodata.ch_debug
                0x08036950       0x18 build/obj/chregistry.o
                0x08036950                ch_debug
 *fill*         0x08036968        0x8 00
 .rodata.sdc_vmt
                0x08036970       0x20 build/obj/sdc.o
 .rodata.vmt    0x08036990       0x20 build/obj/serial.o
 .rodata._stm32_dma_streams
                0x080369b0       0xc0 build/obj/stm32_dma.o
                0x080369b0                _stm32_dma_streams
 .rodata.default_config
                0x08036a70        0xc build/obj/serial_lld.o
 *fill*         0x08036a7c        0x4 00
 .rodata.pal_default_config
                0x08036a80       0xfc build/obj/board.o
                0x08036a80                pal_default_config
 *fill*         0x08036b7c        0x4 00
 .rodata.vmt    0x08036b80       0x10 build/obj/memstreams.o
 .rodata.ExCvt  0x08036b90       0x80 build/obj/ff.o
 .rodata.ST7565font
                0x08036c10      0x4fc build/obj/glcdfont.o
                0x08036c10                ST7565font
 *fill*         0x0803710c        0x4 00
 .rodata.adc_grp_cfg
                0x08037110       0x28 build/obj/kb_adc.o
 *fill*         0x08037138        0x8 00
 .rodata.default_vectornav_config
                0x08037140       0x18 build/obj/kb_vectornav.o
 *fill*         0x08037158        0x8 00
 .rodata.sdio_cfg
                0x08037160        0x4 build/obj/main.o
 *fill*         0x08037164        0xc 00
 .rodata.eeprom_cfg
                0x08037170        0xc build/obj/main.o
 *fill*         0x0803717c        0x4 00
 .rodata.lcd_cfg
                0x08037180       0x1c build/obj/main.o
 *fill*         0x0803719c        0x4 00
 .rodata.extcfg
                0x080371a0       0xb8 build/obj/main.o
 *fill*         0x08037258        0x8 00
 .rodata.i2cfg2
                0x08037260        0xc build/obj/main.o
 *fill*         0x0803726c        0x4 00
 .rodata.pagemap
                0x08037270        0x4 build/obj/ST7565.o
 *fill*         0x08037274        0xc 00
 .rodata.st7565_nanibox
                0x08037280      0x200 build/obj/ST7565.o
 .rodata.str1.4
                0x08037480        0x4 c:/chibistudio/tools/gnu tools arm embedded/4.7 2013q1/bin/../lib/gcc/arm-none-eabi/4.7.3/../../../../arm-none-eabi/lib/armv7e-m\libm.a(lib_a-w_pow.o)
 *fill*         0x08037484        0xc 00
 .rodata.str1.4
                0x08037490        0x5 c:/chibistudio/tools/gnu tools arm embedded/4.7 2013q1/bin/../lib/gcc/arm-none-eabi/4.7.3/../../../../arm-none-eabi/lib/armv7e-m\libm.a(lib_a-w_sqrt.o)
                                  0x8 (size before relaxing)
 *fill*         0x08037495        0xb 00
 .rodata.dp_h   0x080374a0       0x10 c:/chibistudio/tools/gnu tools arm embedded/4.7 2013q1/bin/../lib/gcc/arm-none-eabi/4.7.3/../../../../arm-none-eabi/lib/armv7e-m\libm.a(lib_a-e_pow.o)
 .rodata.dp_l   0x080374b0       0x10 c:/chibistudio/tools/gnu tools arm embedded/4.7 2013q1/bin/../lib/gcc/arm-none-eabi/4.7.3/../../../../arm-none-eabi/lib/armv7e-m\libm.a(lib_a-e_pow.o)
 .rodata.bp     0x080374c0       0x10 c:/chibistudio/tools/gnu tools arm embedded/4.7 2013q1/bin/../lib/gcc/arm-none-eabi/4.7.3/../../../../arm-none-eabi/lib/armv7e-m\libm.a(lib_a-e_pow.o)
 .rodata.str1.4
                0x00000000        0x5 c:/chibistudio/tools/gnu tools arm embedded/4.7 2013q1/bin/../lib/gcc/arm-none-eabi/4.7.3/../../../../arm-none-eabi/lib/armv7e-m\libm.a(lib_a-e_pow.o)
                                  0x4 (size before relaxing)
 .rodata.npio2_hw
                0x080374d0       0x80 c:/chibistudio/tools/gnu tools arm embedded/4.7 2013q1/bin/../lib/gcc/arm-none-eabi/4.7.3/../../../../arm-none-eabi/lib/armv7e-m\libm.a(lib_a-e_rem_pio2.o)
 .rodata.two_over_pi
                0x08037550      0x108 c:/chibistudio/tools/gnu tools arm embedded/4.7 2013q1/bin/../lib/gcc/arm-none-eabi/4.7.3/../../../../arm-none-eabi/lib/armv7e-m\libm.a(lib_a-e_rem_pio2.o)
 *fill*         0x08037658        0x8 00
 .rodata.init_jk
                0x08037660       0x10 c:/chibistudio/tools/gnu tools arm embedded/4.7 2013q1/bin/../lib/gcc/arm-none-eabi/4.7.3/../../../../arm-none-eabi/lib/armv7e-m\libm.a(lib_a-k_rem_pio2.o)
 .rodata.PIo2   0x08037670       0x40 c:/chibistudio/tools/gnu tools arm embedded/4.7 2013q1/bin/../lib/gcc/arm-none-eabi/4.7.3/../../../../arm-none-eabi/lib/armv7e-m\libm.a(lib_a-k_rem_pio2.o)
 .rodata.atanlo
                0x080376b0       0x20 c:/chibistudio/tools/gnu tools arm embedded/4.7 2013q1/bin/../lib/gcc/arm-none-eabi/4.7.3/../../../../arm-none-eabi/lib/armv7e-m\libm.a(lib_a-s_atan.o)
 .rodata.atanhi
                0x080376d0       0x20 c:/chibistudio/tools/gnu tools arm embedded/4.7 2013q1/bin/../lib/gcc/arm-none-eabi/4.7.3/../../../../arm-none-eabi/lib/armv7e-m\libm.a(lib_a-s_atan.o)
 .rodata.TWO52  0x080376f0       0x10 c:/chibistudio/tools/gnu tools arm embedded/4.7 2013q1/bin/../lib/gcc/arm-none-eabi/4.7.3/../../../../arm-none-eabi/lib/armv7e-m\libm.a(lib_a-s_rint.o)
 .rodata.str1.4
                0x08037700        0x4 c:/chibistudio/tools/gnu tools arm embedded/4.7 2013q1/bin/../lib/gcc/arm-none-eabi/4.7.3/../../../../arm-none-eabi/lib/armv7e-m\libc.a(lib_a-impure.o)
 *(.glue_7t)
 .glue_7t       0x00000000        0x0 linker stubs
 *(.glue_7)
 .glue_7        0x00000000        0x0 linker stubs
 *(.gcc*)

.vfp11_veneer   0x08037704        0x0
 .vfp11_veneer  0x00000000        0x0 linker stubs

.v4_bx          0x08037704        0x0
 .v4_bx         0x00000000        0x0 linker stubs

.iplt           0x08037704        0x0
 .iplt          0x00000000        0x0 build/obj/kb_debug_asm.o

.rel.dyn        0x08037704        0x0
 .rel.iplt      0x00000000        0x0 build/obj/kb_debug_asm.o

.ARM.extab
 *(.ARM.extab* .gnu.linkonce.armextab.*)

.ARM.exidx      0x08037704        0x0
                0x08037704                PROVIDE (__exidx_start, .)
 *(.ARM.exidx* .gnu.linkonce.armexidx.*)
                0x08037704                PROVIDE (__exidx_end, .)

.eh_frame_hdr
 *(.eh_frame_hdr)

.eh_frame
 *(.eh_frame)

.textalign      0x08037704        0x4
                0x08037708                . = ALIGN (0x8)
 *fill*         0x08037704        0x4 00
                0x08037708                _etext = .
                0x08037708                _textdata = _etext

.stacks         0x20000000      0x800
                0x20000000                . = ALIGN (0x8)
                0x20000000                __main_stack_base__ = .
                0x20000400                . = (. + __main_stack_size__)
 *fill*         0x20000000      0x400 00
                0x20000400                . = ALIGN (0x8)
                0x20000400                __main_stack_end__ = .
                0x20000400                __process_stack_base__ = .
                0x20000400                __main_thread_stack_base__ = .
                0x20000800                . = (. + __process_stack_size__)
 *fill*         0x20000400      0x400 00
                0x20000800                . = ALIGN (0x8)
                0x20000800                __process_stack_end__ = .
                0x20000800                __main_thread_stack_end__ = .

.data           0x20000800      0x66c load address 0x08037708
                0x20000800                . = ALIGN (0x4)
                0x20000800                PROVIDE (_data, .)
 *(.data)
                0x20000800                . = ALIGN (0x4)
 *(.data.*)
 .data.gps_cfg  0x20000800        0xc build/obj/kb_gps.o
 .data.current_menu_item
                0x2000080c        0x2 build/obj/kb_menu.o
                0x2000080c                current_menu_item
 *fill*         0x2000080e        0x2 00
 .data.menu_items
                0x20000810      0x210 build/obj/kb_menu.o
                0x20000810                menu_items
 .data.serial1_default_cfg
                0x20000a20        0xc build/obj/kb_serial.o
 .data.serial2_default_cfg
                0x20000a2c        0xc build/obj/kb_serial.o
 .data.__fdlib_version
                0x20000a38        0x1 c:/chibistudio/tools/gnu tools arm embedded/4.7 2013q1/bin/../lib/gcc/arm-none-eabi/4.7.3/../../../../arm-none-eabi/lib/armv7e-m\libm.a(lib_a-s_lib_ver.o)
                0x20000a38                __fdlib_version
 *fill*         0x20000a39        0x7 00
 .data.impure_data
                0x20000a40      0x428 c:/chibistudio/tools/gnu tools arm embedded/4.7 2013q1/bin/../lib/gcc/arm-none-eabi/4.7.3/../../../../arm-none-eabi/lib/armv7e-m\libc.a(lib_a-impure.o)
 .data._impure_ptr
                0x20000e68        0x4 c:/chibistudio/tools/gnu tools arm embedded/4.7 2013q1/bin/../lib/gcc/arm-none-eabi/4.7.3/../../../../arm-none-eabi/lib/armv7e-m\libc.a(lib_a-impure.o)
                0x20000e68                _impure_ptr
                0x20000e6c                . = ALIGN (0x4)
 *(.ramtext)
                0x20000e6c                . = ALIGN (0x4)
                0x20000e6c                PROVIDE (_edata, .)

.igot.plt       0x20000e6c        0x0 load address 0x08037d74
 .igot.plt      0x00000000        0x0 build/obj/kb_debug_asm.o

.bss            0x20000e70    0x1b0c8 load address 0x08037d74
                0x20000e70                . = ALIGN (0x4)
                0x20000e70                PROVIDE (_bss_start, .)
 *(.bss)
                0x20000e70                . = ALIGN (0x4)
 *(.bss.*)
 .bss._idle_thread_wa
                0x20000e70      0x158 build/obj/chsys.o
                0x20000e70                _idle_thread_wa
 .bss.mainthread.4860
                0x20000fc8       0x4c build/obj/chsys.o
 .bss.dbg_isr_cnt
                0x20001014        0x4 build/obj/chdebug.o
                0x20001014                dbg_isr_cnt
 .bss.dbg_lock_cnt
                0x20001018        0x4 build/obj/chdebug.o
                0x20001018                dbg_lock_cnt
 .bss.dbg_trace_buffer
                0x2000101c      0x408 build/obj/chdebug.o
                0x2000101c                dbg_trace_buffer
 .bss.dbg_panic_msg
                0x20001424        0x4 build/obj/chdebug.o
                0x20001424                dbg_panic_msg
 .bss.vtlist    0x20001428       0x10 build/obj/chvt.o
                0x20001428                vtlist
 .bss.rlist     0x20001438       0x1c build/obj/chschd.o
                0x20001438                rlist
 .bss.nextmem   0x20001454        0x4 build/obj/chmemcore.o
 .bss.endmem    0x20001458        0x4 build/obj/chmemcore.o
 *fill*         0x2000145c        0x4 00
 .bss.default_heap
                0x20001460       0x20 build/obj/chheap.o
 .bss.dma_streams_mask
                0x20001480        0x4 build/obj/stm32_dma.o
 .bss.dma_isr_redir
                0x20001484       0x80 build/obj/stm32_dma.o
 .bss.ADCD1     0x20001504       0x34 build/obj/adc_lld.o
                0x20001504                ADCD1
 .bss.ADCD2     0x20001538       0x34 build/obj/adc_lld.o
                0x20001538                ADCD2
 .bss.ADCD3     0x2000156c       0x34 build/obj/adc_lld.o
                0x2000156c                ADCD3
 .bss.EXTD1     0x200015a0        0x8 build/obj/ext_lld.o
                0x200015a0                EXTD1
 .bss.SDCD1     0x200015a8       0x4c build/obj/sdc_lld.o
                0x200015a8                SDCD1
 .bss.u         0x200015f4      0x200 build/obj/sdc_lld.o
 .bss.I2CD2     0x200017f4       0x38 build/obj/i2c_lld.o
                0x200017f4                I2CD2
 .bss.RTCD1     0x2000182c        0x4 build/obj/rtc_lld.o
                0x2000182c                RTCD1
 .bss.SPID1     0x20001830       0x30 build/obj/spi_lld.o
                0x20001830                SPID1
 .bss.SPID2     0x20001860       0x30 build/obj/spi_lld.o
                0x20001860                SPID2
 .bss.dummytx   0x20001890        0x2 build/obj/spi_lld.o
 .bss.dummyrx   0x20001892        0x2 build/obj/spi_lld.o
 .bss.GPTD14    0x20001894       0x10 build/obj/gpt_lld.o
                0x20001894                GPTD14
 .bss.ICUD1     0x200018a4       0x18 build/obj/icu_lld.o
                0x200018a4                ICUD1
 .bss.SD1       0x200018bc       0xd8 build/obj/serial_lld.o
                0x200018bc                SD1
 .bss.SD2       0x20001994       0xd8 build/obj/serial_lld.o
                0x20001994                SD2
 .bss.SD6       0x20001a6c       0xd8 build/obj/serial_lld.o
                0x20001a6c                SD6
 .bss.FatFs     0x20001b44        0x4 build/obj/ff.o
 .bss.Fsid      0x20001b48        0x2 build/obj/ff.o
 *fill*         0x20001b4a        0x2 00
 .bss.adc_samples
                0x20001b4c        0xc build/obj/kb_adc.o
 .bss.adc_trigger
                0x20001b58       0x14 build/obj/kb_adc.o
 .bss.adc_cfg   0x20001b6c        0x4 build/obj/kb_adc.o
 .bss.txbuf     0x20001b70        0x4 build/obj/kb_altimeter.o
 .bss.rxbuf     0x20001b74        0x8 build/obj/kb_altimeter.o
 .bss.errors    0x20001b7c        0x4 build/obj/kb_altimeter.o
 .bss.altimeterThread
                0x20001b80        0x4 build/obj/kb_altimeter.o
 *fill*         0x20001b84        0x4 00
 .bss.waAltimeter
                0x20001b88      0x238 build/obj/kb_altimeter.o
 .bss.btn_0_pressed
                0x20001dc0        0x1 build/obj/kb_buttons.o
 .bss.btn_1_pressed
                0x20001dc1        0x1 build/obj/kb_buttons.o
 *fill*         0x20001dc2        0x2 00
 .bss.config    0x20001dc4       0x18 build/obj/kb_config.o
                0x20001dc4                config
 .bss.current_feature
                0x20001ddc        0x4 build/obj/kb_featureA.o
 .bss.featureAThread
                0x20001de0        0x4 build/obj/kb_featureA.o
 *fill*         0x20001de4        0x4 00
 .bss.waFeatureA
                0x20001de8      0x238 build/obj/kb_featureA.o
 .bss.ubx_nav_sol_buffer
                0x20002020       0x3c build/obj/kb_gps.o
                0x20002020                ubx_nav_sol_buffer
 .bss.ubx_nav_sol_idx
                0x2000205c        0x1 build/obj/kb_gps.o
                0x2000205c                ubx_nav_sol_idx
 *fill*         0x2000205d        0x3 00
 .bss.ubx_nav_sol_valid
                0x20002060       0x3c build/obj/kb_gps.o
                0x20002060                ubx_nav_sol_valid
 .bss.gpsThread
                0x2000209c        0x4 build/obj/kb_gps.o
 .bss.waGps     0x200020a0      0x1b8 build/obj/kb_gps.o
 .bss.btn_semaphore
                0x20002258        0xc build/obj/kb_menu.o
 .bss.btn_msgs  0x20002264       0x28 build/obj/kb_menu.o
 .bss.btn_mailbox
                0x2000228c       0x28 build/obj/kb_menu.o
 .bss.charbuf   0x200022b4       0x80 build/obj/kb_menu.o
 .bss.msb       0x20002334       0x14 build/obj/kb_menu.o
 .bss.kuroBox_request_standby
                0x20002348        0x1 build/obj/kb_menu_items.o