Archive member included because of file (symbol)

c:/chibistudio/tools/gnu tools arm embedded/4.7 2013q1/bin/../lib/gcc/arm-none-eabi/4.7.3/../../../../arm-none-eabi/lib/armv7e-m\libm.a(lib_a-s_ceil.o)
                              build/obj/decoder.o (ceil)
c:/chibistudio/tools/gnu tools arm embedded/4.7 2013q1/bin/../lib/gcc/arm-none-eabi/4.7.3/../../../../arm-none-eabi/lib/armv7e-m\libm.a(lib_a-s_rint.o)
                              build/obj/ltc.o (rint)
c:/chibistudio/tools/gnu tools arm embedded/4.7 2013q1/bin/../lib/gcc/arm-none-eabi/4.7.3/../../../../arm-none-eabi/lib/armv7e-m\libm.a(lib_a-w_log10.o)
                              build/obj/decoder.o (log10)
c:/chibistudio/tools/gnu tools arm embedded/4.7 2013q1/bin/../lib/gcc/arm-none-eabi/4.7.3/../../../../arm-none-eabi/lib/armv7e-m\libm.a(lib_a-e_log10.o)
                              c:/chibistudio/tools/gnu tools arm embedded/4.7 2013q1/bin/../lib/gcc/arm-none-eabi/4.7.3/../../../../arm-none-eabi/lib/armv7e-m\libm.a(lib_a-w_log10.o) (__ieee754_log10)
c:/chibistudio/tools/gnu tools arm embedded/4.7 2013q1/bin/../lib/gcc/arm-none-eabi/4.7.3/../../../../arm-none-eabi/lib/armv7e-m\libm.a(lib_a-s_fpclassify.o)
                              c:/chibistudio/tools/gnu tools arm embedded/4.7 2013q1/bin/../lib/gcc/arm-none-eabi/4.7.3/../../../../arm-none-eabi/lib/armv7e-m\libm.a(lib_a-w_log10.o) (__fpclassifyd)
c:/chibistudio/tools/gnu tools arm embedded/4.7 2013q1/bin/../lib/gcc/arm-none-eabi/4.7.3/../../../../arm-none-eabi/lib/armv7e-m\libm.a(lib_a-s_lib_ver.o)
                              c:/chibistudio/tools/gnu tools arm embedded/4.7 2013q1/bin/../lib/gcc/arm-none-eabi/4.7.3/../../../../arm-none-eabi/lib/armv7e-m\libm.a(lib_a-w_log10.o) (__fdlib_version)
c:/chibistudio/tools/gnu tools arm embedded/4.7 2013q1/bin/../lib/gcc/arm-none-eabi/4.7.3/../../../../arm-none-eabi/lib/armv7e-m\libm.a(lib_a-s_matherr.o)
                              c:/chibistudio/tools/gnu tools arm embedded/4.7 2013q1/bin/../lib/gcc/arm-none-eabi/4.7.3/../../../../arm-none-eabi/lib/armv7e-m\libm.a(lib_a-w_log10.o) (matherr)
c:/chibistudio/tools/gnu tools arm embedded/4.7 2013q1/bin/../lib/gcc/arm-none-eabi/4.7.3/../../../../arm-none-eabi/lib/armv7e-m\libm.a(lib_a-s_nan.o)
                              c:/chibistudio/tools/gnu tools arm embedded/4.7 2013q1/bin/../lib/gcc/arm-none-eabi/4.7.3/../../../../arm-none-eabi/lib/armv7e-m\libm.a(lib_a-w_log10.o) (nan)
c:/chibistudio/tools/gnu tools arm embedded/4.7 2013q1/bin/../lib/gcc/arm-none-eabi/4.7.3/../../../../arm-none-eabi/lib/armv7e-m\libm.a(lib_a-e_log.o)
                              c:/chibistudio/tools/gnu tools arm embedded/4.7 2013q1/bin/../lib/gcc/arm-none-eabi/4.7.3/../../../../arm-none-eabi/lib/armv7e-m\libm.a(lib_a-e_log10.o) (__ieee754_log)
c:/chibistudio/tools/gnu tools arm embedded/4.7 2013q1/bin/../lib/gcc/arm-none-eabi/4.7.3/armv7e-m\libgcc.a(_arm_addsubdf3.o)
                              build/obj/decoder.o (__aeabi_dsub)
c:/chibistudio/tools/gnu tools arm embedded/4.7 2013q1/bin/../lib/gcc/arm-none-eabi/4.7.3/armv7e-m\libgcc.a(_arm_muldivdf3.o)
                              build/obj/decoder.o (__aeabi_dmul)
c:/chibistudio/tools/gnu tools arm embedded/4.7 2013q1/bin/../lib/gcc/arm-none-eabi/4.7.3/armv7e-m\libgcc.a(_arm_cmpdf2.o)
                              c:/chibistudio/tools/gnu tools arm embedded/4.7 2013q1/bin/../lib/gcc/arm-none-eabi/4.7.3/../../../../arm-none-eabi/lib/armv7e-m\libm.a(lib_a-w_log10.o) (__aeabi_dcmpeq)
c:/chibistudio/tools/gnu tools arm embedded/4.7 2013q1/bin/../lib/gcc/arm-none-eabi/4.7.3/armv7e-m\libgcc.a(_arm_fixdfsi.o)
                              build/obj/decoder.o (__aeabi_d2iz)
c:/chibistudio/tools/gnu tools arm embedded/4.7 2013q1/bin/../lib/gcc/arm-none-eabi/4.7.3/armv7e-m\libgcc.a(_arm_truncdfsf2.o)
                              build/obj/decoder.o (__aeabi_d2f)
c:/chibistudio/tools/gnu tools arm embedded/4.7 2013q1/bin/../lib/gcc/arm-none-eabi/4.7.3/armv7e-m\libgcc.a(_fixdfdi.o)
                              build/obj/decoder.o (__aeabi_d2lz)
c:/chibistudio/tools/gnu tools arm embedded/4.7 2013q1/bin/../lib/gcc/arm-none-eabi/4.7.3/armv7e-m\libgcc.a(_fixunsdfdi.o)
                              c:/chibistudio/tools/gnu tools arm embedded/4.7 2013q1/bin/../lib/gcc/arm-none-eabi/4.7.3/armv7e-m\libgcc.a(_fixdfdi.o) (__aeabi_d2ulz)
c:/chibistudio/tools/gnu tools arm embedded/4.7 2013q1/bin/../lib/gcc/arm-none-eabi/4.7.3/armv7e-m\libgcc.a(_arm_fixunsdfsi.o)
                              c:/chibistudio/tools/gnu tools arm embedded/4.7 2013q1/bin/../lib/gcc/arm-none-eabi/4.7.3/armv7e-m\libgcc.a(_fixunsdfdi.o) (__aeabi_d2uiz)
c:/chibistudio/tools/gnu tools arm embedded/4.7 2013q1/bin/../lib/gcc/arm-none-eabi/4.7.3/../../../../arm-none-eabi/lib/armv7e-m\libc.a(lib_a-errno.o)
[...]
Memory Configuration

Name             Origin             Length             Attributes
flash            0x08000000         0x00100000
ram              0x20000000         0x0001c000
ethram           0x2001c000         0x00004000
ccmram           0x10000000         0x00010000
*default*        0x00000000         0xffffffff

Linker script and memory map

LOAD build/obj/kb_debug_asm.o
LOAD build/obj/crt0.o
LOAD build/obj/vectors.o
LOAD build/obj/chcore.o
LOAD build/obj/chcore_v7m.o
LOAD build/obj/nvic.o
LOAD build/obj/chsys.o
LOAD build/obj/chdebug.o
LOAD build/obj/chlists.o
LOAD build/obj/chvt.o
LOAD build/obj/chschd.o
LOAD build/obj/chthreads.o
LOAD build/obj/chdynamic.o
LOAD build/obj/chregistry.o
LOAD build/obj/chsem.o
LOAD build/obj/chmtx.o
LOAD build/obj/chcond.o
LOAD build/obj/chevents.o
LOAD build/obj/chmsg.o
LOAD build/obj/chmboxes.o
LOAD build/obj/chqueues.o
LOAD build/obj/chmemcore.o
LOAD build/obj/chheap.o
LOAD build/obj/chmempools.o
LOAD build/obj/hal.o
LOAD build/obj/adc.o
LOAD build/obj/can.o
LOAD build/obj/ext.o
LOAD build/obj/gpt.o
LOAD build/obj/i2c.o
LOAD build/obj/icu.o
LOAD build/obj/mac.o
LOAD build/obj/mmc_spi.o
LOAD build/obj/mmcsd.o
LOAD build/obj/pal.o
LOAD build/obj/pwm.o
LOAD build/obj/rtc.o
LOAD build/obj/sdc.o
LOAD build/obj/serial.o
LOAD build/obj/serial_usb.o
LOAD build/obj/spi.o
LOAD build/obj/tm.o
LOAD build/obj/uart.o
LOAD build/obj/usb.o
LOAD build/obj/stm32_dma.o
LOAD build/obj/hal_lld.o
LOAD build/obj/adc_lld.o
LOAD build/obj/ext_lld_isr.o
LOAD build/obj/can_lld.o
LOAD build/obj/ext_lld.o
LOAD build/obj/gpt_lld.o
LOAD build/obj/icu_lld.o
LOAD build/obj/mac_lld.o
LOAD build/obj/pwm_lld.o
LOAD build/obj/sdc_lld.o
LOAD build/obj/pal_lld.o
LOAD build/obj/i2c_lld.o
LOAD build/obj/usb_lld.o
LOAD build/obj/rtc_lld.o
LOAD build/obj/spi_lld.o
LOAD build/obj/serial_lld.o
LOAD build/obj/uart_lld.o
LOAD build/obj/board.o
LOAD build/obj/chprintf.o
LOAD build/obj/chrtclib.o
LOAD build/obj/memstreams.o
LOAD build/obj/fatfs_diskio.o
LOAD build/obj/ff.o
LOAD build/obj/decoder.o
LOAD build/obj/encoder.o
LOAD build/obj/ltc.o
LOAD build/obj/timecode.o
LOAD build/obj/kb_debug.o
LOAD build/obj/glcdfont.o
LOAD build/obj/kb_adc.o
LOAD build/obj/kb_buttons.o
LOAD build/obj/kb_logger.o
LOAD build/obj/kb_screen.o
LOAD build/obj/kb_time.o
LOAD build/obj/main.o
LOAD build/obj/spiEEPROM.o
LOAD build/obj/ST7565.o
LOAD c:/chibistudio/tools/gnu tools arm embedded/4.7 2013q1/bin/../lib/gcc/arm-none-eabi/4.7.3/../../../../arm-none-eabi/lib/armv7e-m\libm.a
START GROUP
LOAD c:/chibistudio/tools/gnu tools arm embedded/4.7 2013q1/bin/../lib/gcc/arm-none-eabi/4.7.3/armv7e-m\libgcc.a
LOAD c:/chibistudio/tools/gnu tools arm embedded/4.7 2013q1/bin/../lib/gcc/arm-none-eabi/4.7.3/../../../../arm-none-eabi/lib/armv7e-m\libc.a
END GROUP
                0x00000400                __main_stack_size__ = 0x400
                0x00000400                __process_stack_size__ = 0x400
                0x20000000                __ram_start__ = ORIGIN (ram)
                0x0001c000                __ram_size__ = 0x1c000
                0x2001c000                __ram_end__ = (__ram_start__ + __ram_size__)
                0x00000000                . = 0x0
                0x00000000                _text = .

startup         0x08000000      0x188
 *(vectors)
 vectors        0x08000000      0x188 build/obj/vectors.o
                0x08000000                _vectors

constructors    0x08000188        0x0
                0x08000188                PROVIDE (__init_array_start, .)
 *(SORT(.init_array.*))
 *(.init_array)
                0x08000188                PROVIDE (__init_array_end, .)

destructors     0x08000188        0x0
                0x08000188                PROVIDE (__fini_array_start, .)
 *(.fini_array)
 *(SORT(.fini_array.*))
                0x08000188                PROVIDE (__fini_array_end, .)

.text           0x08000190     0xd860
 *(.text.startup.*)
 *(.text)
 .text          0x08000190       0x12 build/obj/kb_debug_asm.o
                0x08000190                HardFaultVector
 *fill*         0x080001a2        0xe 00
 .text          0x080001b0      0x370 c:/chibistudio/tools/gnu tools arm embedded/4.7 2013q1/bin/../lib/gcc/arm-none-eabi/4.7.3/armv7e-m\libgcc.a(_arm_addsubdf3.o)
                0x080001b0                __aeabi_drsub
                0x080001b8                __aeabi_dsub
                0x080001b8                __subdf3
                0x080001bc                __aeabi_dadd
                0x080001bc                __adddf3
                0x08000434                __floatunsidf
                0x08000434                __aeabi_ui2d
                0x08000454                __floatsidf
                0x08000454                __aeabi_i2d
                0x08000478                __aeabi_f2d
                0x08000478                __extendsfdf2
                0x080004b4                __floatundidf
                0x080004b4                __aeabi_ul2d
                0x080004c4                __floatdidf
                0x080004c4                __aeabi_l2d
 .text          0x08000520      0x424 c:/chibistudio/tools/gnu tools arm embedded/4.7 2013q1/bin/../lib/gcc/arm-none-eabi/4.7.3/armv7e-m\libgcc.a(_arm_muldivdf3.o)
                0x08000520                __aeabi_dmul
                0x08000520                __muldf3
                0x08000774                __divdf3
                0x08000774                __aeabi_ddiv
 *fill*         0x08000944        0xc 00
 .text          0x08000950       0x50 c:/chibistudio/tools/gnu tools arm embedded/4.7 2013q1/bin/../lib/gcc/arm-none-eabi/4.7.3/armv7e-m\libgcc.a(_arm_fixdfsi.o)
                0x08000950                __aeabi_d2iz
                0x08000950                __fixdfsi
 *(.text.*)
 .text.__late_init
                0x080009a0       0x10 build/obj/crt0.o
                0x080009a0                __late_init
 .text._default_exit
                0x080009b0       0x10 build/obj/crt0.o
                0x080009b0                _default_exit
 .text.ResetHandler
                0x080009c0      0x130 build/obj/crt0.o
                0x080009c0                ResetHandler
 .text._unhandled_exception
                0x08000af0       0x10 build/obj/vectors.o
                0x08000af0                NMIVector
                0x08000af0                Vector11C
                0x08000af0                Vector8C
                0x08000af0                VectorDC
                0x08000af0                Vector168
                0x08000af0                Vector110
                0x08000af0                VectorC8
                0x08000af0                Vector94
                0x08000af0                VectorA8
                0x08000af0                VectorB4
                0x08000af0                Vector160
                0x08000af0                VectorEC
                0x08000af0                UsageFaultVector
                0x08000af0                DebugMonitorVector
                0x08000af0                Vector40
                0x08000af0                VectorF8
                0x08000af0                Vector108
                0x08000af0                VectorBC
                0x08000af0                Vector148
                0x08000af0                PendSVVector
                0x08000af0                Vector118
                0x08000af0                VectorCC
                0x08000af0                Vector54
                0x08000af0                Vector98
                0x08000af0                Vector24
                0x08000af0                Vector178
                0x08000af0                BusFaultVector
                0x08000af0                VectorD0
                0x08000af0                Vector140
                0x08000af0                VectorE4
                0x08000af0                VectorC0
                0x08000af0                Vector134
                0x08000af0                VectorF0
                0x08000af0                Vector13C
                0x08000af0                Vector100
                0x08000af0                MemManageVector
                0x08000af0                VectorA0
                0x08000af0                VectorC4
                0x08000af0                Vector180
                0x08000af0                VectorB0
                0x08000af0                Vector90
                0x08000af0                Vector114
                0x08000af0                Vector164
                0x08000af0                Vector1C
                0x08000af0                Vector17C
                0x08000af0                Vector48
                0x08000af0                Vector16C
                0x08000af0                Vector144
                0x08000af0                Vector15C
                0x08000af0                _unhandled_exception
                0x08000af0                Vector184
                0x08000af0                Vector10C
                0x08000af0                Vector14C
                0x08000af0                Vector50
                0x08000af0                Vector28
                0x08000af0                VectorB8
                0x08000af0                Vector34
                0x08000af0                Vector20
                0x08000af0                Vector174
 .text.port_halt
                0x08000b00       0x10 build/obj/chcore.o
                0x08000b00                port_halt
 .text.SysTickVector
                0x08000b10       0x30 build/obj/chcore_v7m.o
                0x08000b10                SysTickVector
 .text.SVCallVector
                0x08000b40       0x50 build/obj/chcore_v7m.o
                0x08000b40                SVCallVector
 .text._port_init
                0x08000b90       0x50 build/obj/chcore_v7m.o
                0x08000b90                _port_init
 .text._port_irq_epilogue
                0x08000be0       0xf0 build/obj/chcore_v7m.o
                0x08000be0                _port_irq_epilogue
 .text._port_switch_from_isr
                0x08000cd0       0x10 build/obj/chcore_v7m.o
                0x08000cd0                _port_switch_from_isr
 .text._port_switch
                0x08000ce0       0x20 build/obj/chcore_v7m.o
                0x08000ce0                _port_switch
 .text._port_thread_start
                0x08000d00       0x20 build/obj/chcore_v7m.o
                0x08000d00                _port_thread_start
 .text.nvicEnableVector
                0x08000d20       0xb0 build/obj/nvic.o
                0x08000d20                nvicEnableVector
 .text.nvicSetSystemHandlerPriority
                0x08000dd0       0x60 build/obj/nvic.o
                0x08000dd0                nvicSetSystemHandlerPriority
 .text._idle_thread
                0x08000e30       0x20 build/obj/chsys.o
                0x08000e30                _idle_thread
 .text.chSysInit
                0x08000e50       0xb0 build/obj/chsys.o
                0x08000e50                chSysInit
 .text.chSysTimerHandlerI
                0x08000f00       0xf0 build/obj/chsys.o
                0x08000f00                chSysTimerHandlerI
 .text.dbg_check_enable
                0x08000ff0       0x30 build/obj/chdebug.o
                0x08000ff0                dbg_check_enable
 .text.dbg_check_lock
                0x08001020       0x40 build/obj/chdebug.o
                0x08001020                dbg_check_lock
 .text.dbg_check_unlock
                0x08001060       0x40 build/obj/chdebug.o
                0x08001060                dbg_check_unlock
 .text.dbg_check_lock_from_isr
                0x080010a0       0x40 build/obj/chdebug.o
                0x080010a0                dbg_check_lock_from_isr
 .text.dbg_check_unlock_from_isr
                0x080010e0       0x40 build/obj/chdebug.o
                0x080010e0                dbg_check_unlock_from_isr
 .text.dbg_check_enter_isr
                0x08001120       0x60 build/obj/chdebug.o
                0x08001120                dbg_check_enter_isr
 .text.dbg_check_leave_isr
                0x08001180       0x60 build/obj/chdebug.o
                0x08001180                dbg_check_leave_isr
 .text.chDbgCheckClassI
                0x080011e0       0x30 build/obj/chdebug.o
                0x080011e0                chDbgCheckClassI
 .text.chDbgCheckClassS
                0x08001210       0x30 build/obj/chdebug.o
                0x08001210                chDbgCheckClassS
 .text._trace_init
                0x08001240       0x20 build/obj/chdebug.o
                0x08001240                _trace_init
 .text.dbg_trace
                0x08001260       0xa0 build/obj/chdebug.o
                0x08001260                dbg_trace
 .text.chDbgPanic
                0x08001300       0x30 build/obj/chdebug.o
                0x08001300                chDbgPanic
 .text._vt_init
                0x08001330       0x50 build/obj/chvt.o
                0x08001330                _vt_init
 .text.chVTSetI
                0x08001380       0xb0 build/obj/chvt.o
                0x08001380                chVTSetI
 .text.chVTResetI
                0x08001430       0x80 build/obj/chvt.o
                0x08001430                chVTResetI
 .text.fifo_remove
                0x080014b0       0x30 build/obj/chschd.o
 .text.dequeue  0x080014e0       0x20 build/obj/chschd.o
 .text._scheduler_init
                0x08001500       0x60 build/obj/chschd.o
                0x08001500                _scheduler_init
 .text.chSchReadyI
                0x08001560       0x80 build/obj/chschd.o
                0x08001560                chSchReadyI
 .text.chSchGoSleepS
                0x080015e0       0x90 build/obj/chschd.o
                0x080015e0                chSchGoSleepS
 .text.wakeup   0x08001670       0xa0 build/obj/chschd.o
 .text.chSchGoSleepTimeoutS
                0x08001710       0x70 build/obj/chschd.o
                0x08001710                chSchGoSleepTimeoutS
 .text.chSchWakeupS
                0x08001780       0x90 build/obj/chschd.o
                0x08001780                chSchWakeupS
 .text.chSchDoRescheduleBehind
                0x08001810       0x80 build/obj/chschd.o
                0x08001810                chSchDoRescheduleBehind
 .text.chSchDoRescheduleAhead
                0x08001890       0xc0 build/obj/chschd.o
                0x08001890                chSchDoRescheduleAhead
 .text.chSchDoReschedule
                0x08001950       0x20 build/obj/chschd.o
                0x08001950                chSchDoReschedule
 .text.list_remove
                0x08001970       0x20 build/obj/chthreads.o
 .text._thread_init
                0x08001990       0xc0 build/obj/chthreads.o
                0x08001990                _thread_init
 .text._thread_memfill
                0x08001a50       0x30 build/obj/chthreads.o
                0x08001a50                _thread_memfill
 .text.chThdCreateI
                0x08001a80       0x80 build/obj/chthreads.o
                0x08001a80                chThdCreateI
 .text.chThdCreateStatic
                0x08001b00       0x80 build/obj/chthreads.o
                0x08001b00                chThdCreateStatic
 .text.chThdSleep
                0x08001b80       0x40 build/obj/chthreads.o
                0x08001b80                chThdSleep
 .text.chThdSleepUntil
                0x08001bc0       0x50 build/obj/chthreads.o
                0x08001bc0                chThdSleepUntil
 .text.chThdExit
                0x08001c10       0x20 build/obj/chthreads.o
                0x08001c10                chThdExit
 .text.chThdExitS
                0x08001c30       0x80 build/obj/chthreads.o
                0x08001c30                chThdExitS
 .text.chMtxInit
                0x08001cb0       0x40 build/obj/chmtx.o
                0x08001cb0                chMtxInit
 .text.chEvtBroadcastFlagsI
                0x08001cf0       0x60 build/obj/chevents.o
                0x08001cf0                chEvtBroadcastFlagsI
 .text.chEvtSignalI
                0x08001d50       0x70 build/obj/chevents.o
                0x08001d50                chEvtSignalI
 .text.queue_insert
                0x08001dc0       0x30 build/obj/chqueues.o
 .text.fifo_remove
                0x08001df0       0x30 build/obj/chqueues.o
 .text.qwait    0x08001e20       0x50 build/obj/chqueues.o
 .text.chIQInit
                0x08001e70       0x50 build/obj/chqueues.o
                0x08001e70                chIQInit
 .text.chIQPutI
                0x08001ec0       0xa0 build/obj/chqueues.o
                0x08001ec0                chIQPutI
 .text.chIQGetTimeout
                0x08001f60       0xa0 build/obj/chqueues.o
                0x08001f60                chIQGetTimeout
 .text.chIQReadTimeout
                0x08002000       0xe0 build/obj/chqueues.o
                0x08002000                chIQReadTimeout
 .text.chOQInit
                0x080020e0       0x50 build/obj/chqueues.o
                0x080020e0                chOQInit
 .text.chOQPutTimeout
                0x08002130       0xa0 build/obj/chqueues.o
                0x08002130                chOQPutTimeout
 .text.chOQGetI
                0x080021d0       0xa0 build/obj/chqueues.o
                0x080021d0                chOQGetI
 .text.chOQWriteTimeout
                0x08002270       0xe0 build/obj/chqueues.o
                0x08002270                chOQWriteTimeout
 .text._core_init
                0x08002350       0x40 build/obj/chmemcore.o
                0x08002350                _core_init
 .text.chCoreAlloc
                0x08002390       0x30 build/obj/chmemcore.o
                0x08002390                chCoreAlloc
 .text.chCoreAllocI
                0x080023c0       0x70 build/obj/chmemcore.o
                0x080023c0                chCoreAllocI
 .text._heap_init
                0x08002430       0x40 build/obj/chheap.o
                0x08002430                _heap_init
 .text.halInit  0x08002470       0x40 build/obj/hal.o
                0x08002470                halInit
 .text.adcInit  0x080024b0       0x10 build/obj/adc.o
                0x080024b0                adcInit
 .text.adcObjectInit
                0x080024c0       0x50 build/obj/adc.o
                0x080024c0                adcObjectInit
 .text.adcStart
                0x08002510       0x70 build/obj/adc.o
                0x08002510                adcStart
 .text.adcStartConversionI
                0x08002580       0x90 build/obj/adc.o
                0x08002580                adcStartConversionI
 .text.extInit  0x08002610       0x10 build/obj/ext.o
                0x08002610                extInit
 .text.extObjectInit
                0x08002620       0x20 build/obj/ext.o
                0x08002620                extObjectInit
 .text.extStart
                0x08002640       0x70 build/obj/ext.o
                0x08002640                extStart
 .text.gptInit  0x080026b0       0x10 build/obj/gpt.o
                0x080026b0                gptInit
 .text.gptObjectInit
                0x080026c0       0x20 build/obj/gpt.o
                0x080026c0                gptObjectInit
 .text.icuInit  0x080026e0       0x10 build/obj/icu.o
                0x080026e0                icuInit
 .text.icuObjectInit
                0x080026f0       0x20 build/obj/icu.o
                0x080026f0                icuObjectInit
 .text.mmcsd_get_slice
                0x08002710       0xb0 build/obj/mmcsd.o
 .text.mmcsdGetCapacity
                0x080027c0       0x90 build/obj/mmcsd.o
                0x080027c0                mmcsdGetCapacity
 .text.rtcInit  0x08002850       0x10 build/obj/rtc.o
                0x08002850                rtcInit
 .text.rtcGetTime
                0x08002860       0x50 build/obj/rtc.o
                0x08002860                rtcGetTime
 .text.rtcGetTimeFat
                0x080028b0       0x30 build/obj/rtc.o
                0x080028b0                rtcGetTimeFat
 .text._sdc_wait_for_transfer_state
                0x080028e0       0x70 build/obj/sdc.o
                0x080028e0                _sdc_wait_for_transfer_state
 .text.sdcInit  0x08002950       0x10 build/obj/sdc.o
                0x08002950                sdcInit
 .text.sdcObjectInit
                0x08002960       0x40 build/obj/sdc.o
                0x08002960                sdcObjectInit
 .text.sdcStart
                0x080029a0       0x70 build/obj/sdc.o
                0x080029a0                sdcStart
 .text.sdcConnect
                0x08002a10      0x2b0 build/obj/sdc.o
                0x08002a10                sdcConnect
 .text.sdcDisconnect
                0x08002cc0       0xb0 build/obj/sdc.o
                0x08002cc0                sdcDisconnect
 .text.sdcRead  0x08002d70       0x90 build/obj/sdc.o
                0x08002d70                sdcRead
 .text.sdcWrite
                0x08002e00       0x90 build/obj/sdc.o
                0x08002e00                sdcWrite
 .text.sdcSync  0x08002e90       0x50 build/obj/sdc.o
                0x08002e90                sdcSync
 .text.sdcGetInfo
                0x08002ee0       0x50 build/obj/sdc.o
                0x08002ee0                sdcGetInfo
 .text.write    0x08002f30       0x30 build/obj/serial.o
 .text.read     0x08002f60       0x30 build/obj/serial.o
 .text.put      0x08002f90       0x30 build/obj/serial.o
 .text.get      0x08002fc0       0x20 build/obj/serial.o
 .text.putt     0x08002fe0       0x30 build/obj/serial.o
 .text.gett     0x08003010       0x20 build/obj/serial.o
 .text.writet   0x08003030       0x30 build/obj/serial.o
 .text.readt    0x08003060       0x30 build/obj/serial.o
 .text.sdInit   0x08003090       0x10 build/obj/serial.o
                0x08003090                sdInit
 .text.sdObjectInit
                0x080030a0       0x70 build/obj/serial.o
                0x080030a0                sdObjectInit
 .text.sdStart  0x08003110       0x70 build/obj/serial.o
                0x08003110                sdStart
 .text.sdIncomingDataI
                0x08003180       0x70 build/obj/serial.o
                0x08003180                sdIncomingDataI
 .text.spiInit  0x080031f0       0x10 build/obj/spi.o
                0x080031f0                spiInit
 .text.spiObjectInit
                0x08003200       0x30 build/obj/spi.o
                0x08003200                spiObjectInit
 .text.spiStart
                0x08003230       0x70 build/obj/spi.o
                0x08003230                spiStart
 .text.spiSelect
                0x080032a0       0x50 build/obj/spi.o
                0x080032a0                spiSelect
 .text.spiUnselect
                0x080032f0       0x50 build/obj/spi.o
                0x080032f0                spiUnselect
 .text.Vector6C
                0x08003340       0x60 build/obj/stm32_dma.o
                0x08003340                Vector6C
 .text.Vector70
                0x080033a0       0x60 build/obj/stm32_dma.o
                0x080033a0                Vector70
 .text.Vector74
                0x08003400       0x60 build/obj/stm32_dma.o
                0x08003400                Vector74
 .text.Vector78
                0x08003460       0x60 build/obj/stm32_dma.o
                0x08003460                Vector78
 .text.Vector7C
                0x080034c0       0x60 build/obj/stm32_dma.o
                0x080034c0                Vector7C
 .text.Vector80
                0x08003520       0x60 build/obj/stm32_dma.o
                0x08003520                Vector80
 .text.Vector84
                0x08003580       0x60 build/obj/stm32_dma.o
                0x08003580                Vector84
 .text.VectorFC
                0x080035e0       0x60 build/obj/stm32_dma.o
                0x080035e0                VectorFC
 .text.Vector120
                0x08003640       0x60 build/obj/stm32_dma.o
                0x08003640                Vector120
 .text.Vector124
                0x080036a0       0x60 build/obj/stm32_dma.o
                0x080036a0                Vector124
 .text.Vector128
                0x08003700       0x60 build/obj/stm32_dma.o
                0x08003700                Vector128
 .text.Vector12C
                0x08003760       0x60 build/obj/stm32_dma.o
                0x08003760                Vector12C
 .text.Vector130
                0x080037c0       0x60 build/obj/stm32_dma.o
                0x080037c0                Vector130
 .text.Vector150
                0x08003820       0x60 build/obj/stm32_dma.o
                0x08003820                Vector150
 .text.Vector154
                0x08003880       0x60 build/obj/stm32_dma.o
                0x08003880                Vector154
 .text.Vector158
                0x080038e0       0x60 build/obj/stm32_dma.o
                0x080038e0                Vector158
 .text.dmaInit  0x08003940       0xa0 build/obj/stm32_dma.o
                0x08003940                dmaInit
 .text.dmaStreamAllocate
                0x080039e0      0x150 build/obj/stm32_dma.o
                0x080039e0                dmaStreamAllocate
 .text.hal_lld_backup_domain_init
                0x08003b30       0xc0 build/obj/hal_lld.o
 .text.hal_lld_init
                0x08003bf0      0x140 build/obj/hal_lld.o
                0x08003bf0                hal_lld_init
 .text.stm32_clock_init
                0x08003d30      0x1f0 build/obj/hal_lld.o
                0x08003d30                stm32_clock_init
 .text.adc_lld_serve_rx_interrupt
                0x08003f20      0x210 build/obj/adc_lld.o
 .text.Vector88
                0x08004130      0x320 build/obj/adc_lld.o
                0x08004130                Vector88
 .text.adc_lld_init
                0x08004450       0xd0 build/obj/adc_lld.o
                0x08004450                adc_lld_init
 .text.adc_lld_start
                0x08004520      0x190 build/obj/adc_lld.o
                0x08004520                adc_lld_start
 .text.adc_lld_start_conversion
                0x080046b0      0x100 build/obj/adc_lld.o
                0x080046b0                adc_lld_start_conversion
 .text.adc_lld_stop_conversion
                0x080047b0       0x60 build/obj/adc_lld.o
                0x080047b0                adc_lld_stop_conversion
 .text.adcSTM32EnableTSVREFE
                0x08004810       0x20 build/obj/adc_lld.o
                0x08004810                adcSTM32EnableTSVREFE
 .text.adcSTM32EnableVBATE
                0x08004830       0x20 build/obj/adc_lld.o
                0x08004830                adcSTM32EnableVBATE
 .text.Vector58
                0x08004850       0x40 build/obj/ext_lld_isr.o
                0x08004850                Vector58
 .text.Vector5C
                0x08004890       0x40 build/obj/ext_lld_isr.o
                0x08004890                Vector5C
 .text.Vector60
                0x080048d0       0x40 build/obj/ext_lld_isr.o
                0x080048d0                Vector60
 .text.Vector64
                0x08004910       0x40 build/obj/ext_lld_isr.o
                0x08004910                Vector64
 .text.Vector68
                0x08004950       0x40 build/obj/ext_lld_isr.o
                0x08004950                Vector68
 .text.Vector9C
                0x08004990       0xf0 build/obj/ext_lld_isr.o
                0x08004990                Vector9C
 .text.VectorE0
                0x08004a80      0x110 build/obj/ext_lld_isr.o
                0x08004a80                VectorE0
 .text.Vector44
                0x08004b90       0x40 build/obj/ext_lld_isr.o
                0x08004b90                Vector44
 .text.VectorE8
                0x08004bd0       0x40 build/obj/ext_lld_isr.o
                0x08004bd0                VectorE8
 .text.Vector138
                0x08004c10       0x40 build/obj/ext_lld_isr.o
                0x08004c10                Vector138
 .text.Vector170
                0x08004c50       0x40 build/obj/ext_lld_isr.o
                0x08004c50                Vector170
 .text.Vector4C
                0x08004c90       0x40 build/obj/ext_lld_isr.o
                0x08004c90                Vector4C
 .text.ext_lld_exti_irq_enable
                0x08004cd0       0xb0 build/obj/ext_lld_isr.o
                0x08004cd0                ext_lld_exti_irq_enable
 .text.ext_lld_init
                0x08004d80       0x10 build/obj/ext_lld.o
                0x08004d80                ext_lld_init
 .text.ext_lld_start
                0x08004d90       0x50 build/obj/ext_lld.o
                0x08004d90                ext_lld_start
 .text.ext_lld_channel_enable
                0x08004de0      0x1d0 build/obj/ext_lld.o
                0x08004de0                ext_lld_channel_enable
 .text.ext_lld_channel_disable
                0x08004fb0       0xb0 build/obj/ext_lld.o
                0x08004fb0                ext_lld_channel_disable
 .text.gpt_lld_serve_interrupt
                0x08005060       0x40 build/obj/gpt_lld.o
 .text.VectorF4
                0x080050a0       0x20 build/obj/gpt_lld.o
                0x080050a0                VectorF4
 .text.gpt_lld_init
                0x080050c0       0x30 build/obj/gpt_lld.o
                0x080050c0                gpt_lld_init
 .text.gpt_lld_stop_timer
                0x080050f0       0x30 build/obj/gpt_lld.o
                0x080050f0                gpt_lld_stop_timer
 .text.icu_lld_serve_interrupt
                0x08005120       0xf0 build/obj/icu_lld.o
 .text.VectorA4
                0x08005210       0x20 build/obj/icu_lld.o
                0x08005210                VectorA4
 .text.VectorAC
                0x08005230       0x20 build/obj/icu_lld.o
                0x08005230                VectorAC
 .text.icu_lld_init
                0x08005250       0x30 build/obj/icu_lld.o
                0x08005250                icu_lld_init
 .text.sdc_lld_prepare_read
                0x08005280       0x90 build/obj/sdc_lld.o
 .text.sdc_lld_prepare_write
                0x08005310       0x90 build/obj/sdc_lld.o
 .text.sdc_lld_wait_transaction_end
                0x080053a0      0x100 build/obj/sdc_lld.o
 .text.sdc_lld_collect_errors
                0x080054a0       0xa0 build/obj/sdc_lld.o
 .text.sdc_lld_error_cleanup
                0x08005540       0xc0 build/obj/sdc_lld.o
 .text.Vector104
                0x08005600       0x70 build/obj/sdc_lld.o
                0x08005600                Vector104
 .text.sdc_lld_init
                0x08005670       0x40 build/obj/sdc_lld.o
                0x08005670                sdc_lld_init
 .text.sdc_lld_start
                0x080056b0       0xe0 build/obj/sdc_lld.o
                0x080056b0                sdc_lld_start
 .text.sdc_lld_start_clk
                0x08005790       0x50 build/obj/sdc_lld.o
                0x08005790                sdc_lld_start_clk
 .text.sdc_lld_set_data_clk
                0x080057e0       0x20 build/obj/sdc_lld.o
                0x080057e0                sdc_lld_set_data_clk
 .text.sdc_lld_stop_clk
                0x08005800       0x30 build/obj/sdc_lld.o
                0x08005800                sdc_lld_stop_clk
 .text.sdc_lld_set_bus_mode
                0x08005830       0x60 build/obj/sdc_lld.o
                0x08005830                sdc_lld_set_bus_mode
 .text.sdc_lld_send_cmd_none
                0x08005890       0x50 build/obj/sdc_lld.o
                0x08005890                sdc_lld_send_cmd_none
 .text.sdc_lld_send_cmd_short
                0x080058e0       0x90 build/obj/sdc_lld.o
                0x080058e0                sdc_lld_send_cmd_short
 .text.sdc_lld_send_cmd_short_crc
                0x08005970       0x90 build/obj/sdc_lld.o
                0x08005970                sdc_lld_send_cmd_short_crc
 .text.sdc_lld_send_cmd_long_crc
                0x08005a00       0xd0 build/obj/sdc_lld.o
                0x08005a00                sdc_lld_send_cmd_long_crc
 .text.sdc_lld_read_aligned
                0x08005ad0      0x110 build/obj/sdc_lld.o
                0x08005ad0                sdc_lld_read_aligned
 .text.sdc_lld_write_aligned
                0x08005be0      0x110 build/obj/sdc_lld.o
                0x08005be0                sdc_lld_write_aligned
 .text.sdc_lld_read
                0x08005cf0       0xa0 build/obj/sdc_lld.o
                0x08005cf0                sdc_lld_read
 .text.sdc_lld_write
                0x08005d90       0xa0 build/obj/sdc_lld.o
                0x08005d90                sdc_lld_write
 .text.sdc_lld_sync
                0x08005e30       0x10 build/obj/sdc_lld.o
                0x08005e30                sdc_lld_sync
 .text.initgpio
                0x08005e40       0x50 build/obj/pal_lld.o
 .text._pal_lld_init
                0x08005e90      0x100 build/obj/pal_lld.o
                0x08005e90                _pal_lld_init
 .text.rtc_lld_init
                0x08005f90       0xe0 build/obj/rtc_lld.o
                0x08005f90                rtc_lld_init
 .text.rtc_lld_get_time
                0x08006070       0x90 build/obj/rtc_lld.o
                0x08006070                rtc_lld_get_time
 .text.rtc_lld_get_time_fat
                0x08006100      0x190 build/obj/rtc_lld.o
                0x08006100                rtc_lld_get_time_fat
 .text.spi_lld_serve_rx_interrupt
                0x08006290      0x100 build/obj/spi_lld.o
 .text.spi_lld_serve_tx_interrupt
                0x08006390       0x30 build/obj/spi_lld.o
 .text.spi_lld_init
                0x080063c0       0x80 build/obj/spi_lld.o
                0x080063c0                spi_lld_init
 .text.spi_lld_start
                0x08006440      0x140 build/obj/spi_lld.o
                0x08006440                spi_lld_start
 .text.spi_lld_select
                0x08006580       0x20 build/obj/spi_lld.o
                0x08006580                spi_lld_select
 .text.spi_lld_unselect
                0x080065a0       0x20 build/obj/spi_lld.o
                0x080065a0                spi_lld_unselect
 .text.spi_lld_polled_exchange
                0x080065c0       0x40 build/obj/spi_lld.o
                0x080065c0                spi_lld_polled_exchange
 .text.usart_init
                0x08006600       0xb0 build/obj/serial_lld.o
 .text.set_error
                0x080066b0       0x90 build/obj/serial_lld.o
 .text.serve_interrupt
                0x08006740      0x180 build/obj/serial_lld.o
 .text.notify1  0x080068c0       0x30 build/obj/serial_lld.o
 .text.notify2  0x080068f0       0x30 build/obj/serial_lld.o
 .text.VectorD4
                0x08006920       0x20 build/obj/serial_lld.o
                0x08006920                VectorD4
 .text.VectorD8
                0x08006940       0x20 build/obj/serial_lld.o
                0x08006940                VectorD8
 .text.sd_lld_init
                0x08006960       0x60 build/obj/serial_lld.o
                0x08006960                sd_lld_init
 .text.sd_lld_start
                0x080069c0       0x90 build/obj/serial_lld.o
                0x080069c0                sd_lld_start
 .text.__early_init
                0x08006a50       0x10 build/obj/board.o
                0x08006a50                __early_init
 .text.sdc_lld_is_card_inserted
                0x08006a60       0x30 build/obj/board.o
                0x08006a60                sdc_lld_is_card_inserted
 .text.sdc_lld_is_write_protected
                0x08006a90       0x30 build/obj/board.o
                0x08006a90                sdc_lld_is_write_protected
 .text.boardInit
                0x08006ac0       0x10 build/obj/board.o
                0x08006ac0                boardInit
 .text.long_to_string_with_divisor
                0x08006ad0       0xc0 build/obj/chprintf.o
 .text.ltoa     0x08006b90       0x20 build/obj/chprintf.o
 .text.chprintf
                0x08006bb0      0x4b0 build/obj/chprintf.o
                0x08006bb0                chprintf
 .text.stm32_rtc_bcd2tm
                0x08007060      0x1f0 build/obj/chrtclib.o
 .text.rtcGetTimeTm
                0x08007250       0x40 build/obj/chrtclib.o
                0x08007250                rtcGetTimeTm
 .text.writes   0x08007290       0x60 build/obj/memstreams.o
 .text.reads    0x080072f0       0x60 build/obj/memstreams.o
 .text.put      0x08007350       0x50 build/obj/memstreams.o
 .text.get      0x080073a0       0x40 build/obj/memstreams.o
 .text.msObjectInit
                0x080073e0       0x40 build/obj/memstreams.o
                0x080073e0                msObjectInit
 .text.disk_initialize
                0x08007420       0x70 build/obj/fatfs_diskio.o
                0x08007420                disk_initialize
 .text.disk_status
                0x08007490       0x70 build/obj/fatfs_diskio.o
                0x08007490                disk_status
 .text.disk_read
                0x08007500       0x60 build/obj/fatfs_diskio.o
                0x08007500                disk_read
 .text.disk_write
                0x08007560       0x60 build/obj/fatfs_diskio.o
                0x08007560                disk_write
 .text.disk_ioctl
                0x080075c0       0x80 build/obj/fatfs_diskio.o
                0x080075c0                disk_ioctl
 .text.get_fattime
                0x08007640       0x20 build/obj/fatfs_diskio.o
                0x08007640                get_fattime
 .text.mem_cpy  0x08007660       0x50 build/obj/ff.o
 .text.mem_set  0x080076b0       0x40 build/obj/ff.o
 .text.mem_cmp  0x080076f0       0x70 build/obj/ff.o
 .text.chk_chr  0x08007760       0x30 build/obj/ff.o
 .text.sync_window
                0x08007790       0xa0 build/obj/ff.o
 .text.move_window
                0x08007830       0x60 build/obj/ff.o
 .text.sync_fs  0x08007890      0x180 build/obj/ff.o
 .text.clust2sect
                0x08007a10       0x40 build/obj/ff.o
                0x08007a10                clust2sect
 .text.get_fat  0x08007a50      0x1a0 build/obj/ff.o
                0x08007a50                get_fat
 .text.put_fat  0x08007bf0      0x280 build/obj/ff.o
                0x08007bf0                put_fat
 .text.remove_chain
                0x08007e70       0xc0 build/obj/ff.o
 .text.create_chain
                0x08007f30      0x130 build/obj/ff.o
 .text.dir_sdi  0x08008060      0x130 build/obj/ff.o
 .text.dir_next
                0x08008190      0x1f0 build/obj/ff.o
 .text.dir_alloc
                0x08008380       0xa0 build/obj/ff.o
 .text.ld_clust
                0x08008420       0x60 build/obj/ff.o
 .text.st_clust
                0x08008480       0x60 build/obj/ff.o
 .text.dir_find
                0x080084e0       0xc0 build/obj/ff.o
 .text.dir_register
                0x080085a0       0x80 build/obj/ff.o
 .text.create_name
                0x08008620      0x200 build/obj/ff.o
 .text.follow_path
                0x08008820      0x100 build/obj/ff.o
 .text.check_fs
                0x08008920       0xe0 build/obj/ff.o
 .text.chk_mounted
                0x08008a00      0x630 build/obj/ff.o
 .text.validate
                0x08009030       0x60 build/obj/ff.o
 .text.f_mount  0x08009090       0x70 build/obj/ff.o
                0x08009090                f_mount
 .text.f_open   0x08009100      0x2e0 build/obj/ff.o
                0x08009100                f_open
 .text.f_write  0x080093e0      0x360 build/obj/ff.o
                0x080093e0                f_write
 .text.f_sync   0x08009740      0x190 build/obj/ff.o
                0x08009740                f_sync
 .text.f_opendir
                0x080098d0       0xe0 build/obj/ff.o
                0x080098d0                f_opendir
 .text.f_getfree
                0x080099b0      0x1d0 build/obj/ff.o
                0x080099b0                f_getfree
 .text.f_mkdir  0x08009b80      0x290 build/obj/ff.o
                0x08009b80                f_mkdir
 .text.ltc_decoder_create
                0x08009e10       0xd0 build/obj/ltc.o
                0x08009e10                ltc_decoder_create
 .text.hard_fault_handler_c
                0x08009ee0      0x170 build/obj/kb_debug.o
                0x08009ee0                hard_fault_handler_c
 .text.adc_make_avg
                0x0800a050       0x60 build/obj/kb_adc.o
                0x0800a050                adc_make_avg
 .text.adc_cb   0x0800a0b0       0xa0 build/obj/kb_adc.o
                0x0800a0b0                adc_cb
 .text.adc_trigger_cb
                0x0800a150       0x60 build/obj/kb_adc.o
                0x0800a150                adc_trigger_cb
 .text.btn_0_exti_cb
                0x0800a1b0       0x40 build/obj/kb_buttons.o
                0x0800a1b0                btn_0_exti_cb
 .text.btn_1_exti_cb
                0x0800a1f0       0x50 build/obj/kb_buttons.o
                0x0800a1f0                btn_1_exti_cb
 .text.is_btn_0_pressed
                0x0800a240       0x30 build/obj/kb_buttons.o
                0x0800a240                is_btn_0_pressed
 .text.make_dirs
                0x0800a270       0x40 build/obj/kb_logger.o
 .text.new_file
                0x0800a2b0      0x130 build/obj/kb_logger.o
 .text.on_insert
                0x0800a3e0      0x150 build/obj/kb_logger.o
 .text.on_remove
                0x0800a530       0x40 build/obj/kb_logger.o
 .text.wait_for_sd
                0x0800a570       0x70 build/obj/kb_logger.o
 .text.sd_card_status
                0x0800a5e0       0x70 build/obj/kb_logger.o
 .text.calc_checksum
                0x0800a650       0x60 build/obj/kb_logger.o
 .text.run      0x0800a6b0      0x200 build/obj/kb_logger.o
 .text.thLogger
                0x0800a8b0       0xf0 build/obj/kb_logger.o
 .text.kuroBoxLogger
                0x0800a9a0       0x60 build/obj/kb_logger.o
                0x0800a9a0                kuroBoxLogger
 .text.thScreen
                0x0800aa00      0x310 build/obj/kb_screen.o
 .text.kuroBoxScreenInit
                0x0800ad10       0x50 build/obj/kb_screen.o
                0x0800ad10                kuroBoxScreenInit
 .text.kbs_setVoltage
                0x0800ad60       0x20 build/obj/kb_screen.o
                0x0800ad60                kbs_setVoltage
 .text.kbs_setTemperature
                0x0800ad80       0x20 build/obj/kb_screen.o
                0x0800ad80                kbs_setTemperature
 .text.kbs_setCounter
                0x0800ada0       0x20 build/obj/kb_screen.o
                0x0800ada0                kbs_setCounter
 .text.kbs_setSDCFree
                0x0800adc0       0x20 build/obj/kb_screen.o
                0x0800adc0                kbs_setSDCFree
 .text.kbs_setFName
                0x0800ade0       0x20 build/obj/kb_screen.o
                0x0800ade0                kbs_setFName
 .text.kbs_setBtn0
                0x0800ae00       0x20 build/obj/kb_screen.o
                0x0800ae00                kbs_setBtn0
 .text.kbs_setBtn1
                0x0800ae20       0x20 build/obj/kb_screen.o
                0x0800ae20                kbs_setBtn1
 .text.kbs_setLTCS
                0x0800ae40       0x40 build/obj/kb_screen.o
                0x0800ae40                kbs_setLTCS
 .text.ltc_store
                0x0800ae80      0x110 build/obj/kb_time.o
                0x0800ae80                ltc_store
 .text.ltc_exti_cb
                0x0800af90      0x1d0 build/obj/kb_time.o
                0x0800af90                ltc_exti_cb
 .text.thTime   0x0800b160      0x170 build/obj/kb_time.o
 .text.kuroBoxTimeInit
                0x0800b2d0       0xd0 build/obj/kb_time.o
                0x0800b2d0                kuroBoxTimeInit
 .text.thBlinker
                0x0800b3a0       0x60 build/obj/main.o
 .text.kuroBox_panic
                0x0800b400       0x50 build/obj/main.o
                0x0800b400                kuroBox_panic
 .text.kuroBoxInit
                0x0800b450      0x1e0 build/obj/main.o
                0x0800b450                kuroBoxInit
 .text.main     0x0800b630       0x50 build/obj/main.o
                0x0800b630                main
 .text.spiEepromStart
                0x0800b680       0x20 build/obj/spiEEPROM.o
                0x0800b680                spiEepromStart
 .text.updateBoundingBox
                0x0800b6a0       0xa0 build/obj/ST7565.o
 .text.st7565Start
                0x0800b740      0x180 build/obj/ST7565.o
                0x0800b740                st7565Start
 .text.st7565_display
                0x0800b8c0      0x1d0 build/obj/ST7565.o
                0x0800b8c0                st7565_display
 .text.st7565_clear
                0x0800ba90       0x30 build/obj/ST7565.o
                0x0800ba90                st7565_clear
 .text.st7565_drawchar
                0x0800bac0       0xb0 build/obj/ST7565.o
                0x0800bac0                st7565_drawchar
 .text.st7565_drawstring
                0x0800bb70       0xc0 build/obj/ST7565.o
                0x0800bb70                st7565_drawstring
 .text.st7565_setpixel
                0x0800bc30       0xf0 build/obj/ST7565.o
                0x0800bc30                st7565_setpixel
 .text.st7565_drawline
                0x0800bd20      0x1a0 build/obj/ST7565.o
                0x0800bd20                st7565_drawline
 .text.memcpy   0x0800bec0      0x144 c:/chibistudio/tools/gnu tools arm embedded/4.7 2013q1/bin/../lib/gcc/arm-none-eabi/4.7.3/../../../../arm-none-eabi/lib/armv7e-m\libc.a(lib_a-memcpy.o)
                0x0800bec0                memcpy
 *fill*         0x0800c004        0xc 00
 .text.memset   0x0800c010      0x12c c:/chibistudio/tools/gnu tools arm embedded/4.7 2013q1/bin/../lib/gcc/arm-none-eabi/4.7.3/../../../../arm-none-eabi/lib/armv7e-m\libc.a(lib_a-memset.o)
                0x0800c010                memset
 *fill*         0x0800c13c        0x4 00
 .text.strcpy   0x0800c140       0xbc c:/chibistudio/tools/gnu tools arm embedded/4.7 2013q1/bin/../lib/gcc/arm-none-eabi/4.7.3/../../../../arm-none-eabi/lib/armv7e-m\libc.a(lib_a-strcpy.o)
                0x0800c140                strcpy
 *(.rodata)
 *fill*         0x0800c1fc        0x4 00
 .rodata        0x0800c200        0x8 build/obj/chsys.o
 *fill*         0x0800c208        0x8 00
 .rodata        0x0800c210       0x58 build/obj/chdebug.o
 *fill*         0x0800c268        0x8 00
 .rodata        0x0800c270       0x34 build/obj/chvt.o
 *fill*         0x0800c2a4        0xc 00
 .rodata        0x0800c2b0       0x24 build/obj/chschd.o
 *fill*         0x0800c2d4        0xc 00
 .rodata        0x0800c2e0       0x94 build/obj/chthreads.o
 *fill*         0x0800c374        0xc 00
 .rodata        0x0800c380       0xac build/obj/chmtx.o
 *fill*         0x0800c42c        0x4 00
 .rodata        0x0800c430       0x90 build/obj/chevents.o
 .rodata        0x0800c4c0       0x2c build/obj/chqueues.o
 *fill*         0x0800c4ec        0x4 00
 .rodata        0x0800c4f0      0x110 build/obj/adc.o
 .rodata        0x0800c600       0xd0 build/obj/ext.o
 .rodata        0x0800c6d0       0x14 build/obj/mmcsd.o
 *fill*         0x0800c6e4        0xc 00
 .rodata        0x0800c6f0       0x40 build/obj/rtc.o
 .rodata        0x0800c730      0x138 build/obj/sdc.o
 *fill*         0x0800c868        0x8 00
 .rodata        0x0800c870       0x60 build/obj/serial.o
 .rodata        0x0800c8d0      0x238 build/obj/spi.o
 *fill*         0x0800cb08        0x8 00
 .rodata        0x0800cb10       0x48 build/obj/stm32_dma.o
 *fill*         0x0800cb58        0x8 00
 .rodata        0x0800cb60       0x3c build/obj/adc_lld.o
 *fill*         0x0800cb9c        0x4 00
 .rodata        0x0800cba0       0x80 build/obj/sdc_lld.o
 .rodata        0x0800cc20       0x28 build/obj/spi_lld.o
 *fill*         0x0800cc48        0x8 00
 .rodata        0x0800cc50        0x8 build/obj/chprintf.o
 *fill*         0x0800cc58        0x8 00
 .rodata        0x0800cc60       0x54 build/obj/ff.o
 *fill*         0x0800ccb4        0xc 00
 .rodata        0x0800ccc0      0x114 build/obj/kb_debug.o
 *fill*         0x0800cdd4        0xc 00
 .rodata        0x0800cde0       0x70 build/obj/kb_logger.o
 .rodata        0x0800ce50       0x38 build/obj/kb_screen.o
 *fill*         0x0800ce88        0x8 00
 .rodata        0x0800ce90       0x18 build/obj/kb_time.o
 *fill*         0x0800cea8        0x8 00
 .rodata        0x0800ceb0       0x3c build/obj/main.o
 *(.rodata.*)
 *fill*         0x0800ceec        0x4 00
 .rodata.ch_debug
                0x0800cef0       0x18 build/obj/chregistry.o
                0x0800cef0                ch_debug
 *fill*         0x0800cf08        0x8 00
 .rodata.sdc_vmt
                0x0800cf10       0x20 build/obj/sdc.o
 .rodata.vmt    0x0800cf30       0x20 build/obj/serial.o
 .rodata._stm32_dma_streams
                0x0800cf50       0xc0 build/obj/stm32_dma.o
                0x0800cf50                _stm32_dma_streams
 .rodata.default_config
                0x0800d010        0xc build/obj/serial_lld.o
 *fill*         0x0800d01c        0x4 00
 .rodata.pal_default_config
                0x0800d020       0xfc build/obj/board.o
                0x0800d020                pal_default_config
 *fill*         0x0800d11c        0x4 00
 .rodata.vmt    0x0800d120       0x10 build/obj/memstreams.o
 .rodata.ExCvt  0x0800d130       0x80 build/obj/ff.o
 .rodata.ST7565font
                0x0800d1b0      0x4fc build/obj/glcdfont.o
                0x0800d1b0                ST7565font
 *fill*         0x0800d6ac        0x4 00
 .rodata.adc_grp_cfg
                0x0800d6b0       0x28 build/obj/kb_adc.o
 *fill*         0x0800d6d8        0x8 00
 .rodata.sdio_cfg
                0x0800d6e0        0x4 build/obj/main.o
 *fill*         0x0800d6e4        0xc 00
 .rodata.eeprom_cfg
                0x0800d6f0        0xc build/obj/main.o
 *fill*         0x0800d6fc        0x4 00
 .rodata.lcd_cfg
                0x0800d700       0x1c build/obj/main.o
 *fill*         0x0800d71c        0x4 00
 .rodata.extcfg
                0x0800d720       0xb8 build/obj/main.o
 *fill*         0x0800d7d8        0x8 00
 .rodata.pagemap
                0x0800d7e0        0x4 build/obj/ST7565.o
 *fill*         0x0800d7e4        0xc 00
 .rodata.st7565_nanibox
                0x0800d7f0      0x200 build/obj/ST7565.o
 *(.glue_7t)
 .glue_7t       0x00000000        0x0 linker stubs
 *(.glue_7)
 .glue_7        0x00000000        0x0 linker stubs
 *(.gcc*)

.vfp11_veneer   0x0800d9f0        0x0
 .vfp11_veneer  0x00000000        0x0 linker stubs

.v4_bx          0x0800d9f0        0x0
 .v4_bx         0x00000000        0x0 linker stubs

.iplt           0x0800d9f0        0x0
 .iplt          0x00000000        0x0 build/obj/kb_debug_asm.o

.rel.dyn        0x0800d9f0        0x0
 .rel.iplt      0x00000000        0x0 build/obj/kb_debug_asm.o

.ARM.extab
 *(.ARM.extab* .gnu.linkonce.armextab.*)

.ARM.exidx      0x0800d9f0        0x0
                0x0800d9f0                PROVIDE (__exidx_start, .)
 *(.ARM.exidx* .gnu.linkonce.armexidx.*)
                0x0800d9f0                PROVIDE (__exidx_end, .)

.eh_frame_hdr
 *(.eh_frame_hdr)

.eh_frame
 *(.eh_frame)

.textalign      0x0800d9f0        0x0
                0x0800d9f0                . = ALIGN (0x8)
                0x0800d9f0                _etext = .
                0x0800d9f0                _textdata = _etext

.stacks         0x20000000      0x800
                0x20000000                . = ALIGN (0x8)
                0x20000000                __main_stack_base__ = .
                0x20000400                . = (. + __main_stack_size__)
 *fill*         0x20000000      0x400 00
                0x20000400                . = ALIGN (0x8)
                0x20000400                __main_stack_end__ = .
                0x20000400                __process_stack_base__ = .
                0x20000400                __main_thread_stack_base__ = .
                0x20000800                . = (. + __process_stack_size__)
 *fill*         0x20000400      0x400 00
                0x20000800                . = ALIGN (0x8)
                0x20000800                __process_stack_end__ = .
                0x20000800                __main_thread_stack_end__ = .

.data           0x20000800       0x18 load address 0x0800d9f0
                0x20000800                . = ALIGN (0x4)
                0x20000800                PROVIDE (_data, .)
 *(.data)
                0x20000800                . = ALIGN (0x4)
 *(.data.*)
 .data.serial1_cfg
                0x20000800        0xc build/obj/main.o
 .data.serial2_cfg
                0x2000080c        0xc build/obj/main.o
                0x20000818                . = ALIGN (0x4)
 *(.ramtext)
                0x20000818                . = ALIGN (0x4)
                0x20000818                PROVIDE (_edata, .)

.igot.plt       0x20000818        0x0 load address 0x0800da08
 .igot.plt      0x00000000        0x0 build/obj/kb_debug_asm.o

.bss            0x20000818     0xa4e8 load address 0x0800da08
                0x20000818                . = ALIGN (0x4)
                0x20000818                PROVIDE (_bss_start, .)
 *(.bss)
                0x20000818                . = ALIGN (0x4)
 *(.bss.*)
 .bss._idle_thread_wa
                0x20000818      0x158 build/obj/chsys.o
                0x20000818                _idle_thread_wa
 .bss.mainthread.4860
                0x20000970       0x4c build/obj/chsys.o
 .bss.dbg_isr_cnt
                0x200009bc        0x4 build/obj/chdebug.o
                0x200009bc                dbg_isr_cnt
 .bss.dbg_lock_cnt
                0x200009c0        0x4 build/obj/chdebug.o
                0x200009c0                dbg_lock_cnt
 .bss.dbg_trace_buffer
                0x200009c4      0x408 build/obj/chdebug.o
                0x200009c4                dbg_trace_buffer
 .bss.dbg_panic_msg
                0x20000dcc        0x4 build/obj/chdebug.o
                0x20000dcc                dbg_panic_msg
 .bss.vtlist    0x20000dd0       0x10 build/obj/chvt.o
                0x20000dd0                vtlist
 .bss.rlist     0x20000de0       0x1c build/obj/chschd.o
                0x20000de0                rlist
 .bss.nextmem   0x20000dfc        0x4 build/obj/chmemcore.o
 .bss.endmem    0x20000e00        0x4 build/obj/chmemcore.o
 *fill*         0x20000e04        0x4 00
 .bss.default_heap
                0x20000e08       0x20 build/obj/chheap.o
 .bss.dma_streams_mask
                0x20000e28        0x4 build/obj/stm32_dma.o
 .bss.dma_isr_redir
                0x20000e2c       0x80 build/obj/stm32_dma.o
 .bss.ADCD1     0x20000eac       0x34 build/obj/adc_lld.o
                0x20000eac                ADCD1
 .bss.ADCD2     0x20000ee0       0x34 build/obj/adc_lld.o
                0x20000ee0                ADCD2
 .bss.ADCD3     0x20000f14       0x34 build/obj/adc_lld.o
                0x20000f14                ADCD3
 .bss.EXTD1     0x20000f48        0x8 build/obj/ext_lld.o
                0x20000f48                EXTD1
 .bss.GPTD14    0x20000f50       0x10 build/obj/gpt_lld.o
                0x20000f50                GPTD14
 .bss.ICUD1     0x20000f60       0x18 build/obj/icu_lld.o
                0x20000f60                ICUD1
 .bss.SDCD1     0x20000f78       0x4c build/obj/sdc_lld.o
                0x20000f78                SDCD1
 .bss.u         0x20000fc4      0x200 build/obj/sdc_lld.o
 .bss.RTCD1     0x200011c4        0x4 build/obj/rtc_lld.o
                0x200011c4                RTCD1
 .bss.SPID1     0x200011c8       0x30 build/obj/spi_lld.o
                0x200011c8                SPID1
 .bss.dummytx   0x200011f8        0x2 build/obj/spi_lld.o
 *fill*         0x200011fa        0x2 00
 .bss.SD1       0x200011fc       0xd8 build/obj/serial_lld.o
                0x200011fc                SD1
 .bss.SD2       0x200012d4       0xd8 build/obj/serial_lld.o
                0x200012d4                SD2
 .bss.FatFs     0x200013ac        0x4 build/obj/ff.o
 .bss.Fsid      0x200013b0        0x2 build/obj/ff.o
 *fill*         0x200013b2        0x6 00
 .bss.LTCDecoderInstance
                0x200013b8      0x198 build/obj/ltc.o
 .bss.LTCFrameExtInstances
                0x20001550     0x2e00 build/obj/ltc.o
 .bss.adc_samples
                0x20004350        0xc build/obj/kb_adc.o
 .bss.btn_0_state
                0x2000435c        0x1 build/obj/kb_buttons.o
 .bss.btn_1_state
                0x2000435d        0x1 build/obj/kb_buttons.o
 *fill*         0x2000435e        0x2 00
 .bss.loggerThread
                0x20004360        0x4 build/obj/kb_logger.o
 .bss.sd_det_count
                0x20004364        0x1 build/obj/kb_logger.o
 .bss.logger_state
                0x20004365        0x1 build/obj/kb_logger.o
 .bss.fs_ready  0x20004366        0x1 build/obj/kb_logger.o
 .bss.fs_write_protected
                0x20004367        0x1 build/obj/kb_logger.o
 .bss.SDC_FS    0x20004368      0x234 build/obj/kb_logger.o
 .bss.current_msg
                0x2000459c      0x200 build/obj/kb_logger.o
 .bss.writing_msg
                0x2000479c      0x200 build/obj/kb_logger.o
 .bss.kbfile    0x2000499c      0x224 build/obj/kb_logger.o
                0x2000499c                kbfile
 .bss.waLogger  0x20004bc0     0x2138 build/obj/kb_logger.o
 .bss.screen    0x20006cf8       0x48 build/obj/kb_screen.o
 .bss.charbuf   0x20006d40       0x80 build/obj/kb_screen.o
 .bss.msb       0x20006dc0       0x14 build/obj/kb_screen.o
 *fill*         0x20006dd4        0x4 00
 .bss.waScreen  0x20006dd8     0x1138 build/obj/kb_screen.o
 .bss.timeThread
                0x20007f10        0x4 build/obj/kb_time.o
 .bss.ltc_buffer
                0x20007f14      0x800 build/obj/kb_time.o
                0x20007f14                ltc_buffer
 .bss.which_ltc_buffer
                0x20008714        0x4 build/obj/kb_time.o
                0x20008714                which_ltc_buffer
 .bss.ltc_decoder
                0x20008718        0x4 build/obj/kb_time.o
                0x20008718                ltc_decoder
 .bss.last_edge_time
                0x2000871c        0x4 build/obj/kb_time.o
                0x2000871c                last_edge_time
 .bss.was_last_edge_short
                0x20008720        0x1 build/obj/kb_time.o
                0x20008720                was_last_edge_short
 *fill*         0x20008721        0x3 00
 .bss.long_count
                0x20008724        0x4 build/obj/kb_time.o
                0x20008724                long_count
 .bss.short_count
                0x20008728        0x4 build/obj/kb_time.o
                0x20008728                short_count
 .bss.other_count
                0x2000872c        0x4 build/obj/kb_time.o
                0x2000872c                other_count
 .bss.pw        0x20008730      0x800 build/obj/kb_time.o
                0x20008730                pw
 .bss.pw_p      0x20008f30      0x800 build/obj/kb_time.o
                0x20008f30                pw_p
 .bss.pw_idx    0x20009730        0x2 build/obj/kb_time.o
                0x20009730                pw_idx
 *fill*         0x20009732        0x2 00
 .bss.ltc_data  0x20009734       0x50 build/obj/kb_time.o
                0x20009734                ltc_data
 .bss.ltc_data_print
                0x20009784       0x50 build/obj/kb_time.o
                0x20009784                ltc_data_print
 .bss.ltc_data_idx
                0x200097d4        0x1 build/obj/kb_time.o
                0x200097d4                ltc_data_idx
 *fill*         0x200097d5        0x3 00
 .bss.waTime    0x200097d8     0x1138 build/obj/kb_time.o
 .bss.lcd_buffer
                0x2000a910      0x200 build/obj/main.o
 .bss.global_state
                0x2000ab10        0x4 build/obj/main.o
 .bss.adc_trigger
                0x2000ab14       0x14 build/obj/main.o
 .bss.adc_cfg   0x2000ab28        0x4 build/obj/main.o
 *fill*         0x2000ab2c        0x4 00
 .bss.waBlinker
                0x2000ab30      0x1b8 build/obj/main.o
 .bss.spiEepromD1
                0x2000ace8        0x8 build/obj/spiEEPROM.o
                0x2000ace8                spiEepromD1
 .bss.ST7565D1  0x2000acf0        0xc build/obj/ST7565.o
                0x2000acf0                ST7565D1
 .bss.xUpdateMin
                0x2000acfc        0x1 build/obj/ST7565.o
 .bss.xUpdateMax
                0x2000acfd        0x1 build/obj/ST7565.o
 .bss.yUpdateMin
                0x2000acfe        0x1 build/obj/ST7565.o
 .bss.yUpdateMax
                0x2000acff        0x1 build/obj/ST7565.o
                0x2000ad00                . = ALIGN (0x4)
 *(COMMON)
                0x2000ad00                . = ALIGN (0x4)
                0x2000ad00                PROVIDE (_bss_end, .)
                0x2000ad00                PROVIDE (end, .)
                0x2000ad00                _end = .
                0x2000ad00                __heap_base__ = _end
                0x2001c000                __heap_end__ = __ram_end__
OUTPUT(build/kuroBox.elf elf32-littlearm)

.ARM.attributes
                0x00000000       0x35
 .ARM.attributes
                0x00000000       0x21 build/obj/kb_debug_asm.o
 .ARM.attributes
                0x00000021       0x39 build/obj/crt0.o
 .ARM.attributes
                0x0000005a       0x39 build/obj/vectors.o
 .ARM.attributes
                0x00000093       0x39 build/obj/chcore.o
 .ARM.attributes
                0x000000cc       0x39 build/obj/chcore_v7m.o
 .ARM.attributes
                0x00000105       0x39 build/obj/nvic.o
 .ARM.attributes
                0x0000013e       0x39 build/obj/chsys.o
 .ARM.attributes
                0x00000177       0x39 build/obj/chdebug.o
 .ARM.attributes
                0x000001b0       0x39 build/obj/chvt.o
 .ARM.attributes
                0x000001e9       0x39 build/obj/chschd.o
 .ARM.attributes
                0x00000222       0x39 build/obj/chthreads.o
 .ARM.attributes
                0x0000025b       0x39 build/obj/chregistry.o
 .ARM.attributes
                0x00000294       0x39 build/obj/chmtx.o
 .ARM.attributes
                0x000002cd       0x39 build/obj/chevents.o
 .ARM.attributes
                0x00000306       0x39 build/obj/chqueues.o
 .ARM.attributes
                0x0000033f       0x39 build/obj/chmemcore.o
 .ARM.attributes
                0x00000378       0x39 build/obj/chheap.o
 .ARM.attributes
                0x000003b1       0x39 build/obj/hal.o
 .ARM.attributes
                0x000003ea       0x39 build/obj/adc.o
 .ARM.attributes
                0x00000423       0x39 build/obj/ext.o
 .ARM.attributes
                0x0000045c       0x39 build/obj/gpt.o
 .ARM.attributes
                0x00000495       0x39 build/obj/icu.o
 .ARM.attributes
                0x000004ce       0x39 build/obj/mmcsd.o
 .ARM.attributes
                0x00000507       0x39 build/obj/rtc.o
 .ARM.attributes
                0x00000540       0x39 build/obj/sdc.o
 .ARM.attributes
                0x00000579       0x39 build/obj/serial.o
 .ARM.attributes
                0x000005b2       0x39 build/obj/spi.o
 .ARM.attributes
                0x000005eb       0x39 build/obj/stm32_dma.o
 .ARM.attributes
                0x00000624       0x39 build/obj/hal_lld.o
 .ARM.attributes
                0x0000065d       0x39 build/obj/adc_lld.o
 .ARM.attributes
                0x00000696       0x39 build/obj/ext_lld_isr.o
 .ARM.attributes
                0x000006cf       0x39 build/obj/ext_lld.o
 .ARM.attributes
                0x00000708       0x39 build/obj/gpt_lld.o
 .ARM.attributes
                0x00000741       0x39 build/obj/icu_lld.o
 .ARM.attributes
                0x0000077a       0x39 build/obj/sdc_lld.o
 .ARM.attributes
                0x000007b3       0x39 build/obj/pal_lld.o
 .ARM.attributes
                0x000007ec       0x39 build/obj/rtc_lld.o
 .ARM.attributes
                0x00000825       0x39 build/obj/spi_lld.o
 .ARM.attributes
                0x0000085e       0x39 build/obj/serial_lld.o
 .ARM.attributes
                0x00000897       0x39 build/obj/board.o
 .ARM.attributes
                0x000008d0       0x39 build/obj/chprintf.o
 .ARM.attributes
                0x00000909       0x39 build/obj/chrtclib.o
 .ARM.attributes
                0x00000942       0x39 build/obj/memstreams.o
 .ARM.attributes
                0x0000097b       0x39 build/obj/fatfs_diskio.o
 .ARM.attributes
                0x000009b4       0x39 build/obj/ff.o
 .ARM.attributes
                0x000009ed       0x39 build/obj/ltc.o
 .ARM.attributes
                0x00000a26       0x39 build/obj/kb_debug.o
 .ARM.attributes
                0x00000a5f       0x39 build/obj/glcdfont.o
 .ARM.attributes
                0x00000a98       0x39 build/obj/kb_adc.o
 .ARM.attributes
                0x00000ad1       0x39 build/obj/kb_buttons.o
 .ARM.attributes
                0x00000b0a       0x39 build/obj/kb_logger.o
 .ARM.attributes
                0x00000b43       0x39 build/obj/kb_screen.o
 .ARM.attributes
                0x00000b7c       0x39 build/obj/kb_time.o
 .ARM.attributes
                0x00000bb5       0x39 build/obj/main.o
 .ARM.attributes
                0x00000bee       0x39 build/obj/spiEEPROM.o
 .ARM.attributes
                0x00000c27       0x39 build/obj/ST7565.o
 .ARM.attributes
                0x00000c60       0x1e c:/chibistudio/tools/gnu tools arm embedded/4.7 2013q1/bin/../lib/gcc/arm-none-eabi/4.7.3/armv7e-m\libgcc.a(_arm_addsubdf3.o)
 .ARM.attributes
                0x00000c7e       0x1e c:/chibistudio/tools/gnu tools arm embedded/4.7 2013q1/bin/../lib/gcc/arm-none-eabi/4.7.3/armv7e-m\libgcc.a(_arm_muldivdf3.o)
 .ARM.attributes
                0x00000c9c       0x1e c:/chibistudio/tools/gnu tools arm embedded/4.7 2013q1/bin/../lib/gcc/arm-none-eabi/4.7.3/armv7e-m\libgcc.a(_arm_fixdfsi.o)
 .ARM.attributes
                0x00000cba       0x2e c:/chibistudio/tools/gnu tools arm embedded/4.7 2013q1/bin/../lib/gcc/arm-none-eabi/4.7.3/../../../../arm-none-eabi/lib/armv7e-m\libc.a(lib_a-memcpy.o)
 .ARM.attributes
                0x00000ce8       0x2e c:/chibistudio/tools/gnu tools arm embedded/4.7 2013q1/bin/../lib/gcc/arm-none-eabi/4.7.3/../../../../arm-none-eabi/lib/armv7e-m\libc.a(lib_a-memset.o)
 .ARM.attributes
                0x00000d16       0x2e c:/chibistudio/tools/gnu tools arm embedded/4.7 2013q1/bin/../lib/gcc/arm-none-eabi/4.7.3/../../../../arm-none-eabi/lib/armv7e-m\libc.a(lib_a-strcpy.o)

.comment        0x00000000       0x70
 .comment       0x00000000       0x70 build/obj/crt0.o
                                 0x71 (size before relaxing)
 .comment       0x00000000       0x71 build/obj/vectors.o
 .comment       0x00000000       0x71 build/obj/chcore.o
 .comment       0x00000000       0x71 build/obj/chcore_v7m.o
 .comment       0x00000000       0x71 build/obj/nvic.o
 .comment       0x00000000       0x71 build/obj/chsys.o
 .comment       0x00000000       0x71 build/obj/chdebug.o
 .comment       0x00000000       0x71 build/obj/chvt.o
 .comment       0x00000000       0x71 build/obj/chschd.o
 .comment       0x00000000       0x71 build/obj/chthreads.o
 .comment       0x00000000       0x71 build/obj/chregistry.o
 .comment       0x00000000       0x71 build/obj/chmtx.o
 .comment       0x00000000       0x71 build/obj/chevents.o
 .comment       0x00000000       0x71 build/obj/chqueues.o
 .comment       0x00000000       0x71 build/obj/chmemcore.o
 .comment       0x00000000       0x71 build/obj/chheap.o
 .comment       0x00000000       0x71 build/obj/hal.o
 .comment       0x00000000       0x71 build/obj/adc.o
 .comment       0x00000000       0x71 build/obj/ext.o
 .comment       0x00000000       0x71 build/obj/gpt.o
 .comment       0x00000000       0x71 build/obj/icu.o
 .comment       0x00000000       0x71 build/obj/mmcsd.o
 .comment       0x00000000       0x71 build/obj/rtc.o
 .comment       0x00000000       0x71 build/obj/sdc.o
 .comment       0x00000000       0x71 build/obj/serial.o
 .comment       0x00000000       0x71 build/obj/spi.o
 .comment       0x00000000       0x71 build/obj/stm32_dma.o
 .comment       0x00000000       0x71 build/obj/hal_lld.o
 .comment       0x00000000       0x71 build/obj/adc_lld.o
 .comment       0x00000000       0x71 build/obj/ext_lld_isr.o
 .comment       0x00000000       0x71 build/obj/ext_lld.o
 .comment       0x00000000       0x71 build/obj/gpt_lld.o
 .comment       0x00000000       0x71 build/obj/icu_lld.o
 .comment       0x00000000       0x71 build/obj/sdc_lld.o
 .comment       0x00000000       0x71 build/obj/pal_lld.o
 .comment       0x00000000       0x71 build/obj/rtc_lld.o
 .comment       0x00000000       0x71 build/obj/spi_lld.o
 .comment       0x00000000       0x71 build/obj/serial_lld.o
 .comment       0x00000000       0x71 build/obj/board.o
 .comment       0x00000000       0x71 build/obj/chprintf.o
 .comment       0x00000000       0x71 build/obj/chrtclib.o
 .comment       0x00000000       0x71 build/obj/memstreams.o
 .comment       0x00000000       0x71 build/obj/fatfs_diskio.o
 .comment       0x00000000       0x71 build/obj/ff.o
 .comment       0x00000000       0x71 build/obj/ltc.o
 .comment       0x00000000       0x71 build/obj/kb_debug.o
 .comment       0x00000000       0x71 build/obj/glcdfont.o
 .comment       0x00000000       0x71 build/obj/kb_adc.o
 .comment       0x00000000       0x71 build/obj/kb_buttons.o
 .comment       0x00000000       0x71 build/obj/kb_logger.o
 .comment       0x00000000       0x71 build/obj/kb_screen.o
 .comment       0x00000000       0x71 build/obj/kb_time.o
 .comment       0x00000000       0x71 build/obj/main.o
 .comment       0x00000000       0x71 build/obj/spiEEPROM.o
 .comment       0x00000000       0x71 build/obj/ST7565.o

.debug_info     0x00000000    0x228b6
 .debug_info    0x00000000      0x2a4 build/obj/crt0.o
 .debug_info    0x000002a4      0x1f0 build/obj/vectors.o
 .debug_info    0x00000494       0x9a build/obj/chcore.o
 .debug_info    0x0000052e      0xaa1 build/obj/chcore_v7m.o
 .debug_info    0x00000fcf      0x44d build/obj/nvic.o
 .debug_info    0x0000141c      0x8c0 build/obj/chsys.o
 .debug_info    0x00001cdc      0x8fe build/obj/chdebug.o
 .debug_info    0x000025da      0x272 build/obj/chvt.o
 .debug_info    0x0000284c      0x92a build/obj/chschd.o
 .debug_info    0x00003176      0xb9c build/obj/chthreads.o
 .debug_info    0x00003d12      0x77d build/obj/chregistry.o
 .debug_info    0x0000448f      0x934 build/obj/chmtx.o
 .debug_info    0x00004dc3      0xdd6 build/obj/chevents.o
 .debug_info    0x00005b99      0xbad build/obj/chqueues.o
 .debug_info    0x00006746      0x1e6 build/obj/chmemcore.o
 .debug_info    0x0000692c      0x75f build/obj/chheap.o
 .debug_info    0x0000708b      0x326 build/obj/hal.o
 .debug_info    0x000073b1      0xdbb build/obj/adc.o
 .debug_info    0x0000816c      0x3e0 build/obj/ext.o
 .debug_info    0x0000854c      0x729 build/obj/gpt.o
 .debug_info    0x00008c75      0x611 build/obj/icu.o
 .debug_info    0x00009286      0x18f build/obj/mmcsd.o
 .debug_info    0x00009415      0x609 build/obj/rtc.o
 .debug_info    0x00009a1e      0xea7 build/obj/sdc.o
 .debug_info    0x0000a8c5      0xdb2 build/obj/serial.o
 .debug_info    0x0000b677      0xfc7 build/obj/spi.o
 .debug_info    0x0000c63e      0xa1c build/obj/stm32_dma.o
 .debug_info    0x0000d05a      0x4c3 build/obj/hal_lld.o
 .debug_info    0x0000d51d     0x1261 build/obj/adc_lld.o
 .debug_info    0x0000e77e      0x5eb build/obj/ext_lld_isr.o
 .debug_info    0x0000ed69      0x3c7 build/obj/ext_lld.o
 .debug_info    0x0000f130      0x95a build/obj/gpt_lld.o
 .debug_info    0x0000fa8a      0x9f5 build/obj/icu_lld.o
 .debug_info    0x0001047f     0x1656 build/obj/sdc_lld.o
 .debug_info    0x00011ad5      0x60c build/obj/pal_lld.o
 .debug_info    0x000120e1      0x682 build/obj/rtc_lld.o
 .debug_info    0x00012763      0xeda build/obj/spi_lld.o
 .debug_info    0x0001363d     0x1176 build/obj/serial_lld.o
 .debug_info    0x000147b3      0xcb7 build/obj/board.o
 .debug_info    0x0001546a      0x3b1 build/obj/chprintf.o
 .debug_info    0x0001581b      0x675 build/obj/chrtclib.o
 .debug_info    0x00015e90      0x377 build/obj/memstreams.o
 .debug_info    0x00016207      0xec8 build/obj/fatfs_diskio.o
 .debug_info    0x000170cf     0x1b4b build/obj/ff.o
 .debug_info    0x00018c1a      0x849 build/obj/ltc.o
 .debug_info    0x00019463      0xc92 build/obj/kb_debug.o
 .debug_info    0x0001a0f5       0x54 build/obj/glcdfont.o
 .debug_info    0x0001a149      0xbb0 build/obj/kb_adc.o
 .debug_info    0x0001acf9      0x377 build/obj/kb_buttons.o
 .debug_info    0x0001b070     0x188a build/obj/kb_logger.o
 .debug_info    0x0001c8fa     0x1049 build/obj/kb_screen.o
 .debug_info    0x0001d943     0x18cc build/obj/kb_time.o
 .debug_info    0x0001f20f     0x1bf6 build/obj/main.o
 .debug_info    0x00020e05      0xbd6 build/obj/spiEEPROM.o
 .debug_info    0x000219db      0xedb build/obj/ST7565.o

.debug_abbrev   0x00000000     0x5be4
 .debug_abbrev  0x00000000       0xc7 build/obj/crt0.o
 .debug_abbrev  0x000000c7       0xb1 build/obj/vectors.o
 .debug_abbrev  0x00000178       0x44 build/obj/chcore.o
 .debug_abbrev  0x000001bc      0x1e3 build/obj/chcore_v7m.o
 .debug_abbrev  0x0000039f       0xf2 build/obj/nvic.o
 .debug_abbrev  0x00000491      0x18d build/obj/chsys.o
 .debug_abbrev  0x0000061e      0x1ea build/obj/chdebug.o
 .debug_abbrev  0x00000808      0x126 build/obj/chvt.o
 .debug_abbrev  0x0000092e      0x204 build/obj/chschd.o
 .debug_abbrev  0x00000b32      0x22c build/obj/chthreads.o
 .debug_abbrev  0x00000d5e      0x14b build/obj/chregistry.o
 .debug_abbrev  0x00000ea9      0x1c8 build/obj/chmtx.o
 .debug_abbrev  0x00001071      0x1fe build/obj/chevents.o
 .debug_abbrev  0x0000126f      0x244 build/obj/chqueues.o
 .debug_abbrev  0x000014b3       0xf9 build/obj/chmemcore.o
 .debug_abbrev  0x000015ac      0x181 build/obj/chheap.o
 .debug_abbrev  0x0000172d      0x136 build/obj/hal.o
 .debug_abbrev  0x00001863      0x1ff build/obj/adc.o
 .debug_abbrev  0x00001a62      0x160 build/obj/ext.o
 .debug_abbrev  0x00001bc2      0x1b2 build/obj/gpt.o
 .debug_abbrev  0x00001d74      0x189 build/obj/icu.o
 .debug_abbrev  0x00001efd       0xd5 build/obj/mmcsd.o
 .debug_abbrev  0x00001fd2      0x146 build/obj/rtc.o
 .debug_abbrev  0x00002118      0x252 build/obj/sdc.o
 .debug_abbrev  0x0000236a      0x209 build/obj/serial.o
 .debug_abbrev  0x00002573      0x206 build/obj/spi.o
 .debug_abbrev  0x00002779      0x1ad build/obj/stm32_dma.o
 .debug_abbrev  0x00002926      0x104 build/obj/hal_lld.o
 .debug_abbrev  0x00002a2a      0x26c build/obj/adc_lld.o
 .debug_abbrev  0x00002c96      0x184 build/obj/ext_lld_isr.o
 .debug_abbrev  0x00002e1a      0x19e build/obj/ext_lld.o
 .debug_abbrev  0x00002fb8      0x1bc build/obj/gpt_lld.o
 .debug_abbrev  0x00003174      0x206 build/obj/icu_lld.o
 .debug_abbrev  0x0000337a      0x2f8 build/obj/sdc_lld.o
 .debug_abbrev  0x00003672      0x172 build/obj/pal_lld.o
 .debug_abbrev  0x000037e4      0x1a0 build/obj/rtc_lld.o
 .debug_abbrev  0x00003984      0x257 build/obj/spi_lld.o
 .debug_abbrev  0x00003bdb      0x236 build/obj/serial_lld.o
 .debug_abbrev  0x00003e11      0x1b6 build/obj/board.o
 .debug_abbrev  0x00003fc7      0x155 build/obj/chprintf.o
 .debug_abbrev  0x0000411c      0x149 build/obj/chrtclib.o
 .debug_abbrev  0x00004265      0x117 build/obj/memstreams.o
 .debug_abbrev  0x0000437c      0x1cd build/obj/fatfs_diskio.o
 .debug_abbrev  0x00004549      0x1a1 build/obj/ff.o
 .debug_abbrev  0x000046ea      0x1f6 build/obj/ltc.o
 .debug_abbrev  0x000048e0      0x18f build/obj/kb_debug.o
 .debug_abbrev  0x00004a6f       0x45 build/obj/glcdfont.o
 .debug_abbrev  0x00004ab4      0x1ce build/obj/kb_adc.o
 .debug_abbrev  0x00004c82      0x13f build/obj/kb_buttons.o
 .debug_abbrev  0x00004dc1      0x2f9 build/obj/kb_logger.o
 .debug_abbrev  0x000050ba      0x21a build/obj/kb_screen.o
 .debug_abbrev  0x000052d4      0x2a7 build/obj/kb_time.o
 .debug_abbrev  0x0000557b      0x236 build/obj/main.o
 .debug_abbrev  0x000057b1      0x1dc build/obj/spiEEPROM.o
 .debug_abbrev  0x0000598d      0x257 build/obj/ST7565.o

.debug_aranges  0x00000000     0x13e8
 .debug_aranges
                0x00000000       0x38 build/obj/crt0.o
 .debug_aranges
                0x00000038       0x20 build/obj/vectors.o
 .debug_aranges
                0x00000058       0x20 build/obj/chcore.o
 .debug_aranges
                0x00000078       0x50 build/obj/chcore_v7m.o
 .debug_aranges
                0x000000c8       0x30 build/obj/nvic.o
 .debug_aranges
                0x000000f8       0x30 build/obj/chsys.o
 .debug_aranges
                0x00000128       0x88 build/obj/chdebug.o
 .debug_aranges
                0x000001b0       0x38 build/obj/chvt.o
 .debug_aranges
                0x000001e8       0x78 build/obj/chschd.o
 .debug_aranges
                0x00000260       0x90 build/obj/chthreads.o
 .debug_aranges
                0x000002f0       0x28 build/obj/chregistry.o
 .debug_aranges
                0x00000318       0x70 build/obj/chmtx.o
 .debug_aranges
                0x00000388       0xa0 build/obj/chevents.o
 .debug_aranges
                0x00000428       0x80 build/obj/chqueues.o
 .debug_aranges
                0x000004a8       0x38 build/obj/chmemcore.o
 .debug_aranges
                0x000004e0       0x40 build/obj/chheap.o
 .debug_aranges
                0x00000520       0x30 build/obj/hal.o
 .debug_aranges
                0x00000550       0x70 build/obj/adc.o
 .debug_aranges
                0x000005c0       0x50 build/obj/ext.o
 .debug_aranges
                0x00000610       0x78 build/obj/gpt.o
 .debug_aranges
                0x00000688       0x48 build/obj/icu.o
 .debug_aranges
                0x000006d0       0x28 build/obj/mmcsd.o
 .debug_aranges
                0x000006f8       0x48 build/obj/rtc.o
 .debug_aranges
                0x00000740       0x80 build/obj/sdc.o
 .debug_aranges
                0x000007c0       0x88 build/obj/serial.o
 .debug_aranges
                0x00000848       0x98 build/obj/spi.o
 .debug_aranges
                0x000008e0       0xb0 build/obj/stm32_dma.o
 .debug_aranges
                0x00000990       0x30 build/obj/hal_lld.o
 .debug_aranges
                0x000009c0       0x70 build/obj/adc_lld.o
 .debug_aranges
                0x00000a30       0x98 build/obj/ext_lld_isr.o
 .debug_aranges
                0x00000ac8       0x40 build/obj/ext_lld.o
 .debug_aranges
                0x00000b08       0x58 build/obj/gpt_lld.o
 .debug_aranges
                0x00000b60       0x58 build/obj/icu_lld.o
 .debug_aranges
                0x00000bb8       0xc8 build/obj/sdc_lld.o
 .debug_aranges
                0x00000c80       0x30 build/obj/pal_lld.o
 .debug_aranges
                0x00000cb0       0x58 build/obj/rtc_lld.o
 .debug_aranges
                0x00000d08       0x78 build/obj/spi_lld.o
 .debug_aranges
                0x00000d80       0x70 build/obj/serial_lld.o
 .debug_aranges
                0x00000df0       0x38 build/obj/board.o
 .debug_aranges
                0x00000e28       0x30 build/obj/chprintf.o
 .debug_aranges
                0x00000e58       0x50 build/obj/chrtclib.o
 .debug_aranges
                0x00000ea8       0x40 build/obj/memstreams.o
 .debug_aranges
                0x00000ee8       0x48 build/obj/fatfs_diskio.o
 .debug_aranges
                0x00000f30      0x190 build/obj/ff.o
 .debug_aranges
                0x000010c0       0x70 build/obj/ltc.o
 .debug_aranges
                0x00001130       0x20 build/obj/kb_debug.o
 .debug_aranges
                0x00001150       0x18 build/obj/glcdfont.o
 .debug_aranges
                0x00001168       0x30 build/obj/kb_adc.o
 .debug_aranges
                0x00001198       0x38 build/obj/kb_buttons.o
 .debug_aranges
                0x000011d0       0x70 build/obj/kb_logger.o
 .debug_aranges
                0x00001240       0x70 build/obj/kb_screen.o
 .debug_aranges
                0x000012b0       0x50 build/obj/kb_time.o
 .debug_aranges
                0x00001300       0x38 build/obj/main.o
 .debug_aranges
                0x00001338       0x50 build/obj/spiEEPROM.o
 .debug_aranges
                0x00001388       0x60 build/obj/ST7565.o

.debug_ranges   0x00000000     0x10a0
 .debug_ranges  0x00000000       0x28 build/obj/crt0.o
 .debug_ranges  0x00000028       0x10 build/obj/vectors.o
 .debug_ranges  0x00000038       0x10 build/obj/chcore.o
 .debug_ranges  0x00000048       0x40 build/obj/chcore_v7m.o
 .debug_ranges  0x00000088       0x20 build/obj/nvic.o
 .debug_ranges  0x000000a8       0x20 build/obj/chsys.o
 .debug_ranges  0x000000c8       0x78 build/obj/chdebug.o
 .debug_ranges  0x00000140       0x28 build/obj/chvt.o
 .debug_ranges  0x00000168       0x68 build/obj/chschd.o
 .debug_ranges  0x000001d0       0x80 build/obj/chthreads.o
 .debug_ranges  0x00000250       0x18 build/obj/chregistry.o
 .debug_ranges  0x00000268       0x60 build/obj/chmtx.o
 .debug_ranges  0x000002c8       0x90 build/obj/chevents.o
 .debug_ranges  0x00000358       0x70 build/obj/chqueues.o
 .debug_ranges  0x000003c8       0x28 build/obj/chmemcore.o
 .debug_ranges  0x000003f0       0x30 build/obj/chheap.o
 .debug_ranges  0x00000420       0x20 build/obj/hal.o
 .debug_ranges  0x00000440       0x60 build/obj/adc.o
 .debug_ranges  0x000004a0       0x40 build/obj/ext.o
 .debug_ranges  0x000004e0       0x68 build/obj/gpt.o
 .debug_ranges  0x00000548       0x38 build/obj/icu.o
 .debug_ranges  0x00000580       0x18 build/obj/mmcsd.o
 .debug_ranges  0x00000598       0x38 build/obj/rtc.o
 .debug_ranges  0x000005d0       0x88 build/obj/sdc.o
 .debug_ranges  0x00000658       0x78 build/obj/serial.o
 .debug_ranges  0x000006d0       0x88 build/obj/spi.o
 .debug_ranges  0x00000758       0xa0 build/obj/stm32_dma.o
 .debug_ranges  0x000007f8       0x20 build/obj/hal_lld.o
 .debug_ranges  0x00000818       0x60 build/obj/adc_lld.o
 .debug_ranges  0x00000878       0x88 build/obj/ext_lld_isr.o
 .debug_ranges  0x00000900       0x30 build/obj/ext_lld.o
 .debug_ranges  0x00000930       0x48 build/obj/gpt_lld.o
 .debug_ranges  0x00000978       0x48 build/obj/icu_lld.o
 .debug_ranges  0x000009c0       0xb8 build/obj/sdc_lld.o
 .debug_ranges  0x00000a78       0x20 build/obj/pal_lld.o
 .debug_ranges  0x00000a98       0x48 build/obj/rtc_lld.o
 .debug_ranges  0x00000ae0       0x68 build/obj/spi_lld.o
 .debug_ranges  0x00000b48       0x60 build/obj/serial_lld.o
 .debug_ranges  0x00000ba8       0x28 build/obj/board.o
 .debug_ranges  0x00000bd0       0x20 build/obj/chprintf.o
 .debug_ranges  0x00000bf0       0x40 build/obj/chrtclib.o
 .debug_ranges  0x00000c30       0x30 build/obj/memstreams.o
 .debug_ranges  0x00000c60       0x38 build/obj/fatfs_diskio.o
 .debug_ranges  0x00000c98      0x180 build/obj/ff.o
 .debug_ranges  0x00000e18       0x60 build/obj/ltc.o
 .debug_ranges  0x00000e78       0x10 build/obj/kb_debug.o
 .debug_ranges  0x00000e88       0x20 build/obj/kb_adc.o
 .debug_ranges  0x00000ea8       0x28 build/obj/kb_buttons.o
 .debug_ranges  0x00000ed0       0x60 build/obj/kb_logger.o
 .debug_ranges  0x00000f30       0x60 build/obj/kb_screen.o
 .debug_ranges  0x00000f90       0x40 build/obj/kb_time.o
 .debug_ranges  0x00000fd0       0x28 build/obj/main.o
 .debug_ranges  0x00000ff8       0x40 build/obj/spiEEPROM.o
 .debug_ranges  0x00001038       0x68 build/obj/ST7565.o

.debug_line     0x00000000     0xa9e2
 .debug_line    0x00000000      0x169 build/obj/crt0.o
 .debug_line    0x00000169       0xf3 build/obj/vectors.o
 .debug_line    0x0000025c       0x60 build/obj/chcore.o
 .debug_line    0x000002bc      0x22d build/obj/chcore_v7m.o
 .debug_line    0x000004e9      0x122 build/obj/nvic.o
 .debug_line    0x0000060b      0x1d5 build/obj/chsys.o
 .debug_line    0x000007e0      0x2dd build/obj/chdebug.o
 .debug_line    0x00000abd      0x1d3 build/obj/chvt.o
 .debug_line    0x00000c90      0x308 build/obj/chschd.o
 .debug_line    0x00000f98      0x3ad build/obj/chthreads.o
 .debug_line    0x00001345      0x218 build/obj/chregistry.o
 .debug_line    0x0000155d      0x317 build/obj/chmtx.o
 .debug_line    0x00001874      0x370 build/obj/chevents.o
 .debug_line    0x00001be4      0x3b8 build/obj/chqueues.o
 .debug_line    0x00001f9c      0x190 build/obj/chmemcore.o
 .debug_line    0x0000212c      0x2c1 build/obj/chheap.o
 .debug_line    0x000023ed      0x250 build/obj/hal.o
 .debug_line    0x0000263d      0x41a build/obj/adc.o
 .debug_line    0x00002a57      0x269 build/obj/ext.o
 .debug_line    0x00002cc0      0x2dc build/obj/gpt.o
 .debug_line    0x00002f9c      0x243 build/obj/icu.o
 .debug_line    0x000031df      0x149 build/obj/mmcsd.o
 .debug_line    0x00003328      0x282 build/obj/rtc.o
 .debug_line    0x000035aa      0x491 build/obj/sdc.o
 .debug_line    0x00003a3b      0x403 build/obj/serial.o
 .debug_line    0x00003e3e      0x5c8 build/obj/spi.o
 .debug_line    0x00004406      0x371 build/obj/stm32_dma.o
 .debug_line    0x00004777      0x1fc build/obj/hal_lld.o
 .debug_line    0x00004973      0x491 build/obj/adc_lld.o
 .debug_line    0x00004e04      0x300 build/obj/ext_lld_isr.o
 .debug_line    0x00005104      0x213 build/obj/ext_lld.o
 .debug_line    0x00005317      0x259 build/obj/gpt_lld.o
 .debug_line    0x00005570      0x292 build/obj/icu_lld.o
 .debug_line    0x00005802      0x4e5 build/obj/sdc_lld.o
 .debug_line    0x00005ce7      0x1c8 build/obj/pal_lld.o
 .debug_line    0x00005eaf      0x2c4 build/obj/rtc_lld.o
 .debug_line    0x00006173      0x43c build/obj/spi_lld.o
 .debug_line    0x000065af      0x3c9 build/obj/serial_lld.o
 .debug_line    0x00006978      0x2a2 build/obj/board.o
 .debug_line    0x00006c1a      0x2b9 build/obj/chprintf.o
 .debug_line    0x00006ed3      0x33c build/obj/chrtclib.o
 .debug_line    0x0000720f      0x1eb build/obj/memstreams.o
 .debug_line    0x000073fa      0x325 build/obj/fatfs_diskio.o
 .debug_line    0x0000771f      0xea4 build/obj/ff.o
 .debug_line    0x000085c3      0x21a build/obj/ltc.o
 .debug_line    0x000087dd      0x2e5 build/obj/kb_debug.o
 .debug_line    0x00008ac2       0x31 build/obj/glcdfont.o
 .debug_line    0x00008af3      0x2c2 build/obj/kb_adc.o
 .debug_line    0x00008db5      0x202 build/obj/kb_buttons.o
 .debug_line    0x00008fb7      0x506 build/obj/kb_logger.o
 .debug_line    0x000094bd      0x445 build/obj/kb_screen.o
 .debug_line    0x00009902      0x502 build/obj/kb_time.o
 .debug_line    0x00009e04      0x48e build/obj/main.o
 .debug_line    0x0000a292      0x32b build/obj/spiEEPROM.o
 .debug_line    0x0000a5bd      0x425 build/obj/ST7565.o

.debug_str      0x00000000     0x48e1
 .debug_str     0x00000000      0x1fa build/obj/crt0.o
                                0x234 (size before relaxing)
 .debug_str     0x000001fa      0x14d build/obj/vectors.o
                                0x264 (size before relaxing)
 .debug_str     0x00000347       0x35 build/obj/chcore.o
                                0x137 (size before relaxing)
 .debug_str     0x0000037c      0x2ea build/obj/chcore_v7m.o
                                0x41c (size before relaxing)
 .debug_str     0x00000666       0xc3 build/obj/nvic.o
                                0x236 (size before relaxing)
 .debug_str     0x00000729      0x1d2 build/obj/chsys.o
                                0x4aa (size before relaxing)
 .debug_str     0x000008fb      0x1a2 build/obj/chdebug.o
                                0x4d7 (size before relaxing)
 .debug_str     0x00000a9d       0x5d build/obj/chvt.o
                                0x1d3 (size before relaxing)
 .debug_str     0x00000afa       0xff build/obj/chschd.o
                                0x417 (size before relaxing)
 .debug_str     0x00000bf9      0x110 build/obj/chthreads.o
                                0x44d (size before relaxing)
 .debug_str     0x00000d09       0x4a build/obj/chregistry.o
                                0x419 (size before relaxing)
 .debug_str     0x00000d53       0x92 build/obj/chmtx.o
                                0x385 (size before relaxing)
 .debug_str     0x00000de5      0x1c1 build/obj/chevents.o
                                0x4a1 (size before relaxing)
 .debug_str     0x00000fa6      0x12e build/obj/chqueues.o
                                0x427 (size before relaxing)
 .debug_str     0x000010d4       0x83 build/obj/chmemcore.o
                                0x1a2 (size before relaxing)
 .debug_str     0x00001157       0xc0 build/obj/chheap.o
                                0x36d (size before relaxing)
 .debug_str     0x00001217      0x13d build/obj/hal.o
                                0x26a (size before relaxing)
 .debug_str     0x00001354      0x2a8 build/obj/adc.o
                                0x5c7 (size before relaxing)
 .debug_str     0x000015fc       0xff build/obj/ext.o
                                0x23a (size before relaxing)
 .debug_str     0x000016fb      0x218 build/obj/gpt.o
                                0x34e (size before relaxing)
 .debug_str     0x00001913      0x154 build/obj/icu.o
                                0x35f (size before relaxing)
 .debug_str     0x00001a67       0x63 build/obj/mmcsd.o
                                0x18e (size before relaxing)
 .debug_str     0x00001aca      0x1b7 build/obj/rtc.o
                                0x2e4 (size before relaxing)
 .debug_str     0x00001c81      0x2a9 build/obj/sdc.o
                                0x5f5 (size before relaxing)
 .debug_str     0x00001f2a      0x157 build/obj/serial.o
                                0x509 (size before relaxing)
 .debug_str     0x00002081      0x1f6 build/obj/spi.o
                                0x5bb (size before relaxing)
 .debug_str     0x00002277      0x735 build/obj/stm32_dma.o
                                0x925 (size before relaxing)
 .debug_str     0x000029ac       0xcc build/obj/hal_lld.o
                                0x33d (size before relaxing)
 .debug_str     0x00002a78      0x13b build/obj/adc_lld.o
                                0xc35 (size before relaxing)
 .debug_str     0x00002bb3      0x125 build/obj/ext_lld_isr.o
                                0x7cc (size before relaxing)
 .debug_str     0x00002cd8       0xb2 build/obj/ext_lld.o
                                0x291 (size before relaxing)
 .debug_str     0x00002d8a       0xbb build/obj/gpt_lld.o
                                0x945 (size before relaxing)
 .debug_str     0x00002e45       0xb5 build/obj/icu_lld.o
                                0x9b7 (size before relaxing)
 .debug_str     0x00002efa      0x1eb build/obj/sdc_lld.o
                                0xd4d (size before relaxing)
 .debug_str     0x000030e5       0x8d build/obj/pal_lld.o
                                0x396 (size before relaxing)
 .debug_str     0x00003172       0xf1 build/obj/rtc_lld.o
                                0x381 (size before relaxing)
 .debug_str     0x00003263      0x11e build/obj/spi_lld.o
                                0x6b4 (size before relaxing)
 .debug_str     0x00003381       0xa3 build/obj/serial_lld.o
                                0xafb (size before relaxing)
 .debug_str     0x00003424       0x4e build/obj/board.o
                                0x60a (size before relaxing)
 .debug_str     0x00003472       0xe0 build/obj/chprintf.o
                                0x221 (size before relaxing)
 .debug_str     0x00003552       0xe9 build/obj/chrtclib.o
                                0x351 (size before relaxing)
 .debug_str     0x0000363b       0x5a build/obj/memstreams.o
                                0x197 (size before relaxing)
 .debug_str     0x00003695       0xb4 build/obj/fatfs_diskio.o
                                0x6a3 (size before relaxing)
 .debug_str     0x00003749      0x4aa build/obj/ff.o
                                0x650 (size before relaxing)
 .debug_str     0x00003bf3      0x411 build/obj/ltc.o
                                0x551 (size before relaxing)
 .debug_str     0x00004004       0xa2 build/obj/kb_debug.o
                                0x564 (size before relaxing)
 .debug_str     0x000040a6       0x1c build/obj/glcdfont.o
                                 0x9d (size before relaxing)
 .debug_str     0x000040c2       0x5e build/obj/kb_adc.o
                                0x58c (size before relaxing)
 .debug_str     0x00004120       0x69 build/obj/kb_buttons.o
                                0x27a (size before relaxing)
 .debug_str     0x00004189      0x1dd build/obj/kb_logger.o
                                0xb1e (size before relaxing)
 .debug_str     0x00004366      0x127 build/obj/kb_screen.o
                                0x6e6 (size before relaxing)
 .debug_str     0x0000448d      0x192 build/obj/kb_time.o
                                0xb4b (size before relaxing)
 .debug_str     0x0000461f       0xf4 build/obj/main.o
                                0xbda (size before relaxing)
 .debug_str     0x00004713       0xa6 build/obj/spiEEPROM.o
                                0x569 (size before relaxing)
 .debug_str     0x000047b9      0x128 build/obj/ST7565.o
                                0x625 (size before relaxing)

.debug_frame    0x00000000     0x33b0
 .debug_frame   0x00000000       0x50 build/obj/crt0.o
 .debug_frame   0x00000050       0x20 build/obj/vectors.o
 .debug_frame   0x00000070       0x20 build/obj/chcore.o
 .debug_frame   0x00000090       0xbc build/obj/chcore_v7m.o
 .debug_frame   0x0000014c       0x64 build/obj/nvic.o
 .debug_frame   0x000001b0       0x5c build/obj/chsys.o
 .debug_frame   0x0000020c      0x184 build/obj/chdebug.o
 .debug_frame   0x00000390       0x6c build/obj/chvt.o