Archive member included because of file (symbol)

c:/chibistudio/tools/gnu tools arm embedded/4.7 2013q1/bin/../lib/gcc/arm-none-eabi/4.7.3/../../../../arm-none-eabi/lib/armv7e-m\libm.a(lib_a-s_cos.o)
                              build/obj/kb_gps.o (cos)
c:/chibistudio/tools/gnu tools arm embedded/4.7 2013q1/bin/../lib/gcc/arm-none-eabi/4.7.3/../../../../arm-none-eabi/lib/armv7e-m\libm.a(lib_a-s_sin.o)
                              build/obj/kb_gps.o (sin)
c:/chibistudio/tools/gnu tools arm embedded/4.7 2013q1/bin/../lib/gcc/arm-none-eabi/4.7.3/../../../../arm-none-eabi/lib/armv7e-m\libm.a(lib_a-w_atan2.o)
                              build/obj/kb_gps.o (atan2)
c:/chibistudio/tools/gnu tools arm embedded/4.7 2013q1/bin/../lib/gcc/arm-none-eabi/4.7.3/../../../../arm-none-eabi/lib/armv7e-m\libm.a(lib_a-w_pow.o)
                              build/obj/kb_gps.o (pow)
c:/chibistudio/tools/gnu tools arm embedded/4.7 2013q1/bin/../lib/gcc/arm-none-eabi/4.7.3/../../../../arm-none-eabi/lib/armv7e-m\libm.a(lib_a-w_sqrt.o)
                              build/obj/kb_gps.o (sqrt)
c:/chibistudio/tools/gnu tools arm embedded/4.7 2013q1/bin/../lib/gcc/arm-none-eabi/4.7.3/../../../../arm-none-eabi/lib/armv7e-m\libm.a(lib_a-e_atan2.o)
                              c:/chibistudio/tools/gnu tools arm embedded/4.7 2013q1/bin/../lib/gcc/arm-none-eabi/4.7.3/../../../../arm-none-eabi/lib/armv7e-m\libm.a(lib_a-w_atan2.o) (__ieee754_atan2)
c:/chibistudio/tools/gnu tools arm embedded/4.7 2013q1/bin/../lib/gcc/arm-none-eabi/4.7.3/../../../../arm-none-eabi/lib/armv7e-m\libm.a(lib_a-e_pow.o)
                              c:/chibistudio/tools/gnu tools arm embedded/4.7 2013q1/bin/../lib/gcc/arm-none-eabi/4.7.3/../../../../arm-none-eabi/lib/armv7e-m\libm.a(lib_a-w_pow.o) (__ieee754_pow)
c:/chibistudio/tools/gnu tools arm embedded/4.7 2013q1/bin/../lib/gcc/arm-none-eabi/4.7.3/../../../../arm-none-eabi/lib/armv7e-m\libm.a(lib_a-e_rem_pio2.o)
                              c:/chibistudio/tools/gnu tools arm embedded/4.7 2013q1/bin/../lib/gcc/arm-none-eabi/4.7.3/../../../../arm-none-eabi/lib/armv7e-m\libm.a(lib_a-s_cos.o) (__ieee754_rem_pio2)
c:/chibistudio/tools/gnu tools arm embedded/4.7 2013q1/bin/../lib/gcc/arm-none-eabi/4.7.3/../../../../arm-none-eabi/lib/armv7e-m\libm.a(lib_a-e_sqrt.o)
                              c:/chibistudio/tools/gnu tools arm embedded/4.7 2013q1/bin/../lib/gcc/arm-none-eabi/4.7.3/../../../../arm-none-eabi/lib/armv7e-m\libm.a(lib_a-w_sqrt.o) (__ieee754_sqrt)
c:/chibistudio/tools/gnu tools arm embedded/4.7 2013q1/bin/../lib/gcc/arm-none-eabi/4.7.3/../../../../arm-none-eabi/lib/armv7e-m\libm.a(lib_a-k_cos.o)
                              c:/chibistudio/tools/gnu tools arm embedded/4.7 2013q1/bin/../lib/gcc/arm-none-eabi/4.7.3/../../../../arm-none-eabi/lib/armv7e-m\libm.a(lib_a-s_cos.o) (__kernel_cos)
c:/chibistudio/tools/gnu tools arm embedded/4.7 2013q1/bin/../lib/gcc/arm-none-eabi/4.7.3/../../../../arm-none-eabi/lib/armv7e-m\libm.a(lib_a-k_rem_pio2.o)
                              c:/chibistudio/tools/gnu tools arm embedded/4.7 2013q1/bin/../lib/gcc/arm-none-eabi/4.7.3/../../../../arm-none-eabi/lib/armv7e-m\libm.a(lib_a-e_rem_pio2.o) (__kernel_rem_pio2)
c:/chibistudio/tools/gnu tools arm embedded/4.7 2013q1/bin/../lib/gcc/arm-none-eabi/4.7.3/../../../../arm-none-eabi/lib/armv7e-m\libm.a(lib_a-k_sin.o)
                              c:/chibistudio/tools/gnu tools arm embedded/4.7 2013q1/bin/../lib/gcc/arm-none-eabi/4.7.3/../../../../arm-none-eabi/lib/armv7e-m\libm.a(lib_a-s_cos.o) (__kernel_sin)
c:/chibistudio/tools/gnu tools arm embedded/4.7 2013q1/bin/../lib/gcc/arm-none-eabi/4.7.3/../../../../arm-none-eabi/lib/armv7e-m\libm.a(lib_a-s_atan.o)
                              c:/chibistudio/tools/gnu tools arm embedded/4.7 2013q1/bin/../lib/gcc/arm-none-eabi/4.7.3/../../../../arm-none-eabi/lib/armv7e-m\libm.a(lib_a-e_atan2.o) (atan)
c:/chibistudio/tools/gnu tools arm embedded/4.7 2013q1/bin/../lib/gcc/arm-none-eabi/4.7.3/../../../../arm-none-eabi/lib/armv7e-m\libm.a(lib_a-s_fabs.o)
                              c:/chibistudio/tools/gnu tools arm embedded/4.7 2013q1/bin/../lib/gcc/arm-none-eabi/4.7.3/../../../../arm-none-eabi/lib/armv7e-m\libm.a(lib_a-e_atan2.o) (fabs)
c:/chibistudio/tools/gnu tools arm embedded/4.7 2013q1/bin/../lib/gcc/arm-none-eabi/4.7.3/../../../../arm-none-eabi/lib/armv7e-m\libm.a(lib_a-s_finite.o)
                              c:/chibistudio/tools/gnu tools arm embedded/4.7 2013q1/bin/../lib/gcc/arm-none-eabi/4.7.3/../../../../arm-none-eabi/lib/armv7e-m\libm.a(lib_a-w_pow.o) (finite)
c:/chibistudio/tools/gnu tools arm embedded/4.7 2013q1/bin/../lib/gcc/arm-none-eabi/4.7.3/../../../../arm-none-eabi/lib/armv7e-m\libm.a(lib_a-s_floor.o)
                              c:/chibistudio/tools/gnu tools arm embedded/4.7 2013q1/bin/../lib/gcc/arm-none-eabi/4.7.3/../../../../arm-none-eabi/lib/armv7e-m\libm.a(lib_a-k_rem_pio2.o) (floor)
[...]
Memory Configuration

Name             Origin             Length             Attributes
flash            0x08000000         0x00100000
ram              0x20000000         0x0001c000
ethram           0x2001c000         0x00004000
ccmram           0x10000000         0x00010000
*default*        0x00000000         0xffffffff

Linker script and memory map

LOAD build/obj/kb_debug_asm.o
LOAD build/obj/crt0.o
LOAD build/obj/vectors.o
LOAD build/obj/chcore.o
LOAD build/obj/chcore_v7m.o
LOAD build/obj/nvic.o
LOAD build/obj/chsys.o
LOAD build/obj/chdebug.o
LOAD build/obj/chlists.o
LOAD build/obj/chvt.o
LOAD build/obj/chschd.o
LOAD build/obj/chthreads.o
LOAD build/obj/chdynamic.o
LOAD build/obj/chregistry.o
LOAD build/obj/chsem.o
LOAD build/obj/chmtx.o
LOAD build/obj/chcond.o
LOAD build/obj/chevents.o
LOAD build/obj/chmsg.o
LOAD build/obj/chmboxes.o
LOAD build/obj/chqueues.o
LOAD build/obj/chmemcore.o
LOAD build/obj/chheap.o
LOAD build/obj/chmempools.o
LOAD build/obj/hal.o
LOAD build/obj/adc.o
LOAD build/obj/can.o
LOAD build/obj/dac.o
LOAD build/obj/ext.o
LOAD build/obj/gpt.o
LOAD build/obj/i2c.o
LOAD build/obj/icu.o
LOAD build/obj/mac.o
LOAD build/obj/mmc_spi.o
LOAD build/obj/mmcsd.o
LOAD build/obj/pal.o
LOAD build/obj/pwm.o
LOAD build/obj/rtc.o
LOAD build/obj/sdc.o
LOAD build/obj/serial.o
LOAD build/obj/serial_usb.o
LOAD build/obj/spi.o
LOAD build/obj/tm.o
LOAD build/obj/uart.o
LOAD build/obj/usb.o
LOAD build/obj/stm32_dma.o
LOAD build/obj/hal_lld.o
LOAD build/obj/adc_lld.o
LOAD build/obj/ext_lld_isr.o
LOAD build/obj/can_lld.o
LOAD build/obj/ext_lld.o
LOAD build/obj/gpt_lld.o
LOAD build/obj/icu_lld.o
LOAD build/obj/mac_lld.o
LOAD build/obj/pwm_lld.o
LOAD build/obj/sdc_lld.o
LOAD build/obj/pal_lld.o
LOAD build/obj/i2c_lld.o
LOAD build/obj/usb_lld.o
LOAD build/obj/rtc_lld.o
LOAD build/obj/spi_lld.o
LOAD build/obj/serial_lld.o
LOAD build/obj/uart_lld.o
LOAD build/obj/board.o
LOAD build/obj/chprintf.o
LOAD build/obj/chrtclib.o
LOAD build/obj/memstreams.o
LOAD build/obj/fatfs_diskio.o
LOAD build/obj/ff.o
LOAD build/obj/glcdfont.o
LOAD build/obj/kb_adc.o
LOAD build/obj/kb_altimeter.o
LOAD build/obj/kb_buttons.o
LOAD build/obj/kb_config.o
LOAD build/obj/kb_debug.o
LOAD build/obj/kb_featureA.o
LOAD build/obj/kb_gpio.o
LOAD build/obj/kb_gps.o
LOAD build/obj/kb_menu.o
LOAD build/obj/kb_screen.o
LOAD build/obj/kb_serial.o
LOAD build/obj/kb_time.o
LOAD build/obj/kb_util.o
LOAD build/obj/kb_vectornav.o
LOAD build/obj/kb_writer.o
LOAD build/obj/main.o
LOAD build/obj/spiEEPROM.o
LOAD build/obj/ST7565.o
LOAD c:/chibistudio/tools/gnu tools arm embedded/4.7 2013q1/bin/../lib/gcc/arm-none-eabi/4.7.3/../../../../arm-none-eabi/lib/armv7e-m\libm.a
START GROUP
LOAD c:/chibistudio/tools/gnu tools arm embedded/4.7 2013q1/bin/../lib/gcc/arm-none-eabi/4.7.3/armv7e-m\libgcc.a
LOAD c:/chibistudio/tools/gnu tools arm embedded/4.7 2013q1/bin/../lib/gcc/arm-none-eabi/4.7.3/../../../../arm-none-eabi/lib/armv7e-m\libc.a
END GROUP
                0x00000400                __main_stack_size__ = 0x400
                0x00000400                __process_stack_size__ = 0x400
                0x20000000                __ram_start__ = ORIGIN (ram)
                0x0001c000                __ram_size__ = 0x1c000
                0x2001c000                __ram_end__ = (__ram_start__ + __ram_size__)
                0x00000000                . = 0x0
                0x00000000                _text = .

startup         0x08000000      0x188
 *(vectors)
 vectors        0x08000000      0x188 build/obj/vectors.o
                0x08000000                _vectors

constructors    0x08000188        0x0
                0x08000188                PROVIDE (__init_array_start, .)
 *(SORT(.init_array.*))
 *(.init_array)
                0x08000188                PROVIDE (__init_array_end, .)

destructors     0x08000188        0x0
                0x08000188                PROVIDE (__fini_array_start, .)
 *(.fini_array)
 *(SORT(.fini_array.*))
                0x08000188                PROVIDE (__fini_array_end, .)

.text           0x08000190    0x16f24
 *(.text.startup.*)
 *(.text)
 .text          0x08000190       0x12 build/obj/kb_debug_asm.o
                0x08000190                HardFaultVector
 *fill*         0x080001a2        0xe 00
 .text          0x080001b0      0x370 c:/chibistudio/tools/gnu tools arm embedded/4.7 2013q1/bin/../lib/gcc/arm-none-eabi/4.7.3/armv7e-m\libgcc.a(_arm_addsubdf3.o)
                0x080001b0                __aeabi_drsub
                0x080001b8                __aeabi_dsub
                0x080001b8                __subdf3
                0x080001bc                __aeabi_dadd
                0x080001bc                __adddf3
                0x08000434                __floatunsidf
                0x08000434                __aeabi_ui2d
                0x08000454                __floatsidf
                0x08000454                __aeabi_i2d
                0x08000478                __aeabi_f2d
                0x08000478                __extendsfdf2
                0x080004b4                __floatundidf
                0x080004b4                __aeabi_ul2d
                0x080004c4                __floatdidf
                0x080004c4                __aeabi_l2d
 .text          0x08000520      0x424 c:/chibistudio/tools/gnu tools arm embedded/4.7 2013q1/bin/../lib/gcc/arm-none-eabi/4.7.3/armv7e-m\libgcc.a(_arm_muldivdf3.o)
                0x08000520                __aeabi_dmul
                0x08000520                __muldf3
                0x08000774                __divdf3
                0x08000774                __aeabi_ddiv
 *fill*         0x08000944        0xc 00
 .text          0x08000950      0x110 c:/chibistudio/tools/gnu tools arm embedded/4.7 2013q1/bin/../lib/gcc/arm-none-eabi/4.7.3/armv7e-m\libgcc.a(_arm_cmpdf2.o)
                0x08000950                __gtdf2
                0x08000950                __gedf2
                0x08000958                __ltdf2
                0x08000958                __ledf2
                0x08000960                __nedf2
                0x08000960                __eqdf2
                0x08000960                __cmpdf2
                0x080009dc                __aeabi_cdrcmple
                0x080009ec                __aeabi_cdcmpeq
                0x080009ec                __aeabi_cdcmple
                0x080009fc                __aeabi_dcmpeq
                0x08000a10                __aeabi_dcmplt
                0x08000a24                __aeabi_dcmple
                0x08000a38                __aeabi_dcmpge
                0x08000a4c                __aeabi_dcmpgt
 .text          0x08000a60       0x50 c:/chibistudio/tools/gnu tools arm embedded/4.7 2013q1/bin/../lib/gcc/arm-none-eabi/4.7.3/armv7e-m\libgcc.a(_arm_fixdfsi.o)
                0x08000a60                __aeabi_d2iz
                0x08000a60                __fixdfsi
 .text          0x08000ab0       0xa0 c:/chibistudio/tools/gnu tools arm embedded/4.7 2013q1/bin/../lib/gcc/arm-none-eabi/4.7.3/armv7e-m\libgcc.a(_arm_truncdfsf2.o)
                0x08000ab0                __truncdfsf2
                0x08000ab0                __aeabi_d2f
 *(.text.*)
 .text.__late_init
                0x08000b50       0x10 build/obj/crt0.o
                0x08000b50                __late_init
 .text._default_exit
                0x08000b60       0x10 build/obj/crt0.o
                0x08000b60                _default_exit
 .text.ResetHandler
                0x08000b70      0x130 build/obj/crt0.o
                0x08000b70                ResetHandler
 .text._unhandled_exception
                0x08000ca0       0x10 build/obj/vectors.o
                0x08000ca0                NMIVector
                0x08000ca0                Vector11C
                0x08000ca0                Vector8C
                0x08000ca0                VectorDC
                0x08000ca0                Vector168
                0x08000ca0                Vector110
                0x08000ca0                Vector94
                0x08000ca0                VectorA8
                0x08000ca0                VectorB4
                0x08000ca0                Vector160
                0x08000ca0                VectorEC
                0x08000ca0                UsageFaultVector
                0x08000ca0                DebugMonitorVector
                0x08000ca0                Vector40
                0x08000ca0                VectorF8
                0x08000ca0                Vector108
                0x08000ca0                VectorBC
                0x08000ca0                Vector148
                0x08000ca0                PendSVVector
                0x08000ca0                Vector118
                0x08000ca0                VectorCC
                0x08000ca0                Vector54
                0x08000ca0                Vector98
                0x08000ca0                Vector24
                0x08000ca0                Vector178
                0x08000ca0                BusFaultVector
                0x08000ca0                VectorD0
                0x08000ca0                Vector140
                0x08000ca0                VectorC0
                0x08000ca0                Vector134
                0x08000ca0                VectorF0
                0x08000ca0                Vector13C
                0x08000ca0                Vector100
                0x08000ca0                MemManageVector
                0x08000ca0                VectorA0
                0x08000ca0                Vector180
                0x08000ca0                VectorB0
                0x08000ca0                Vector90
                0x08000ca0                Vector114
                0x08000ca0                Vector164
                0x08000ca0                Vector1C
                0x08000ca0                Vector17C
                0x08000ca0                Vector48
                0x08000ca0                Vector16C
                0x08000ca0                Vector144
                0x08000ca0                _unhandled_exception
                0x08000ca0                Vector184
                0x08000ca0                Vector10C
                0x08000ca0                Vector14C
                0x08000ca0                Vector50
                0x08000ca0                Vector28
                0x08000ca0                VectorB8
                0x08000ca0                Vector34
                0x08000ca0                Vector20
                0x08000ca0                Vector174
 .text.port_halt
                0x08000cb0       0x10 build/obj/chcore.o
                0x08000cb0                port_halt
 .text.SysTickVector
                0x08000cc0       0x30 build/obj/chcore_v7m.o
                0x08000cc0                SysTickVector
 .text.SVCallVector
                0x08000cf0       0x50 build/obj/chcore_v7m.o
                0x08000cf0                SVCallVector
 .text._port_init
                0x08000d40       0x50 build/obj/chcore_v7m.o
                0x08000d40                _port_init
 .text._port_irq_epilogue
                0x08000d90       0xf0 build/obj/chcore_v7m.o
                0x08000d90                _port_irq_epilogue
 .text._port_switch_from_isr
                0x08000e80       0x10 build/obj/chcore_v7m.o
                0x08000e80                _port_switch_from_isr
 .text._port_switch
                0x08000e90       0x20 build/obj/chcore_v7m.o
                0x08000e90                _port_switch
 .text._port_thread_start
                0x08000eb0       0x20 build/obj/chcore_v7m.o
                0x08000eb0                _port_thread_start
 .text.nvicEnableVector
                0x08000ed0       0xb0 build/obj/nvic.o
                0x08000ed0                nvicEnableVector
 .text.nvicDisableVector
                0x08000f80       0x80 build/obj/nvic.o
                0x08000f80                nvicDisableVector
 .text.nvicSetSystemHandlerPriority
                0x08001000       0x60 build/obj/nvic.o
                0x08001000                nvicSetSystemHandlerPriority
 .text._idle_thread
                0x08001060       0x20 build/obj/chsys.o
                0x08001060                _idle_thread
 .text.chSysInit
                0x08001080       0xb0 build/obj/chsys.o
                0x08001080                chSysInit
 .text.chSysTimerHandlerI
                0x08001130       0xf0 build/obj/chsys.o
                0x08001130                chSysTimerHandlerI
 .text.dbg_check_disable
                0x08001220       0x30 build/obj/chdebug.o
                0x08001220                dbg_check_disable
 .text.dbg_check_enable
                0x08001250       0x30 build/obj/chdebug.o
                0x08001250                dbg_check_enable
 .text.dbg_check_lock
                0x08001280       0x40 build/obj/chdebug.o
                0x08001280                dbg_check_lock
 .text.dbg_check_unlock
                0x080012c0       0x40 build/obj/chdebug.o
                0x080012c0                dbg_check_unlock
 .text.dbg_check_lock_from_isr
                0x08001300       0x40 build/obj/chdebug.o
                0x08001300                dbg_check_lock_from_isr
 .text.dbg_check_unlock_from_isr
                0x08001340       0x40 build/obj/chdebug.o
                0x08001340                dbg_check_unlock_from_isr
 .text.dbg_check_enter_isr
                0x08001380       0x60 build/obj/chdebug.o
                0x08001380                dbg_check_enter_isr
 .text.dbg_check_leave_isr
                0x080013e0       0x60 build/obj/chdebug.o
                0x080013e0                dbg_check_leave_isr
 .text.chDbgCheckClassI
                0x08001440       0x30 build/obj/chdebug.o
                0x08001440                chDbgCheckClassI
 .text.chDbgCheckClassS
                0x08001470       0x30 build/obj/chdebug.o
                0x08001470                chDbgCheckClassS
 .text._trace_init
                0x080014a0       0x20 build/obj/chdebug.o
                0x080014a0                _trace_init
 .text.dbg_trace
                0x080014c0       0xa0 build/obj/chdebug.o
                0x080014c0                dbg_trace
 .text.chDbgPanic
                0x08001560       0x30 build/obj/chdebug.o
                0x08001560                chDbgPanic
 .text._vt_init
                0x08001590       0x50 build/obj/chvt.o
                0x08001590                _vt_init
 .text.chVTSetI
                0x080015e0       0xb0 build/obj/chvt.o
                0x080015e0                chVTSetI
 .text.chVTResetI
                0x08001690       0x80 build/obj/chvt.o
                0x08001690                chVTResetI
 .text.fifo_remove
                0x08001710       0x30 build/obj/chschd.o
 .text.dequeue  0x08001740       0x20 build/obj/chschd.o
 .text._scheduler_init
                0x08001760       0x60 build/obj/chschd.o
                0x08001760                _scheduler_init
 .text.chSchReadyI
                0x080017c0       0x80 build/obj/chschd.o
                0x080017c0                chSchReadyI
 .text.chSchGoSleepS
                0x08001840       0x90 build/obj/chschd.o
                0x08001840                chSchGoSleepS
 .text.wakeup   0x080018d0       0xa0 build/obj/chschd.o
 .text.chSchGoSleepTimeoutS
                0x08001970       0x70 build/obj/chschd.o
                0x08001970                chSchGoSleepTimeoutS
 .text.chSchWakeupS
                0x080019e0       0x90 build/obj/chschd.o
                0x080019e0                chSchWakeupS
 .text.chSchRescheduleS
                0x08001a70       0x30 build/obj/chschd.o
                0x08001a70                chSchRescheduleS
 .text.chSchDoRescheduleBehind
                0x08001aa0       0x80 build/obj/chschd.o
                0x08001aa0                chSchDoRescheduleBehind
 .text.chSchDoRescheduleAhead
                0x08001b20       0xc0 build/obj/chschd.o
                0x08001b20                chSchDoRescheduleAhead
 .text.chSchDoReschedule
                0x08001be0       0x20 build/obj/chschd.o
                0x08001be0                chSchDoReschedule
 .text.list_insert
                0x08001c00       0x20 build/obj/chthreads.o
 .text.list_remove
                0x08001c20       0x20 build/obj/chthreads.o
 .text._thread_init
                0x08001c40       0xc0 build/obj/chthreads.o
                0x08001c40                _thread_init
 .text._thread_memfill
                0x08001d00       0x30 build/obj/chthreads.o
                0x08001d00                _thread_memfill
 .text.chThdCreateI
                0x08001d30       0x80 build/obj/chthreads.o
                0x08001d30                chThdCreateI
 .text.chThdCreateStatic
                0x08001db0       0x80 build/obj/chthreads.o
                0x08001db0                chThdCreateStatic
 .text.chThdTerminate
                0x08001e30       0x40 build/obj/chthreads.o
                0x08001e30                chThdTerminate
 .text.chThdSleep
                0x08001e70       0x40 build/obj/chthreads.o
                0x08001e70                chThdSleep
 .text.chThdSleepUntil
                0x08001eb0       0x50 build/obj/chthreads.o
                0x08001eb0                chThdSleepUntil
 .text.chThdExit
                0x08001f00       0x20 build/obj/chthreads.o
                0x08001f00                chThdExit
 .text.chThdExitS
                0x08001f20       0x80 build/obj/chthreads.o
                0x08001f20                chThdExitS
 .text.chThdWait
                0x08001fa0       0xa0 build/obj/chthreads.o
                0x08001fa0                chThdWait
 .text.chThdRelease
                0x08002040       0xc0 build/obj/chdynamic.o
                0x08002040                chThdRelease
 .text.queue_insert
                0x08002100       0x30 build/obj/chsem.o
 .text.fifo_remove
                0x08002130       0x30 build/obj/chsem.o
 .text.chSemInit
                0x08002160       0x40 build/obj/chsem.o
                0x08002160                chSemInit
 .text.chSemWait
                0x080021a0       0x30 build/obj/chsem.o
                0x080021a0                chSemWait
 .text.chSemWaitS
                0x080021d0       0xb0 build/obj/chsem.o
                0x080021d0                chSemWaitS
 .text.chSemWaitTimeoutS
                0x08002280       0xc0 build/obj/chsem.o
                0x08002280                chSemWaitTimeoutS
 .text.chSemSignal
                0x08002340       0x90 build/obj/chsem.o
                0x08002340                chSemSignal
 .text.chSemSignalI
                0x080023d0       0x80 build/obj/chsem.o
                0x080023d0                chSemSignalI
 .text.prio_insert
                0x08002450       0x50 build/obj/chmtx.o
 .text.fifo_remove
                0x080024a0       0x30 build/obj/chmtx.o
 .text.dequeue  0x080024d0       0x20 build/obj/chmtx.o
 .text.chMtxInit
                0x080024f0       0x40 build/obj/chmtx.o
                0x080024f0                chMtxInit
 .text.chMtxLock
                0x08002530       0x30 build/obj/chmtx.o
                0x08002530                chMtxLock
 .text.chMtxLockS
                0x08002560      0x110 build/obj/chmtx.o
                0x08002560                chMtxLockS
 .text.chMtxUnlock
                0x08002670       0xf0 build/obj/chmtx.o
                0x08002670                chMtxUnlock
 .text.chEvtBroadcastFlagsI
                0x08002760       0x60 build/obj/chevents.o
                0x08002760                chEvtBroadcastFlagsI
 .text.chEvtSignalI
                0x080027c0       0x70 build/obj/chevents.o
                0x080027c0                chEvtSignalI
 .text.chMBInit
                0x08002830       0x70 build/obj/chmboxes.o
                0x08002830                chMBInit
 .text.chMBPostI
                0x080028a0       0x80 build/obj/chmboxes.o
                0x080028a0                chMBPostI
 .text.chMBFetch
                0x08002920       0x40 build/obj/chmboxes.o
                0x08002920                chMBFetch
 .text.chMBFetchS
                0x08002960       0x80 build/obj/chmboxes.o
                0x08002960                chMBFetchS
 .text.queue_insert
                0x080029e0       0x30 build/obj/chqueues.o
 .text.fifo_remove
                0x08002a10       0x30 build/obj/chqueues.o
 .text.qwait    0x08002a40       0x50 build/obj/chqueues.o
 .text.chIQInit
                0x08002a90       0x50 build/obj/chqueues.o
                0x08002a90                chIQInit
 .text.chIQResetI
                0x08002ae0       0x50 build/obj/chqueues.o
                0x08002ae0                chIQResetI
 .text.chIQPutI
                0x08002b30       0xa0 build/obj/chqueues.o
                0x08002b30                chIQPutI
 .text.chIQGetTimeout
                0x08002bd0       0xa0 build/obj/chqueues.o
                0x08002bd0                chIQGetTimeout
 .text.chIQReadTimeout
                0x08002c70       0xe0 build/obj/chqueues.o
                0x08002c70                chIQReadTimeout
 .text.chOQInit
                0x08002d50       0x50 build/obj/chqueues.o
                0x08002d50                chOQInit
 .text.chOQResetI
                0x08002da0       0x60 build/obj/chqueues.o
                0x08002da0                chOQResetI
 .text.chOQPutTimeout
                0x08002e00       0xa0 build/obj/chqueues.o
                0x08002e00                chOQPutTimeout
 .text.chOQGetI
                0x08002ea0       0xa0 build/obj/chqueues.o
                0x08002ea0                chOQGetI
 .text.chOQWriteTimeout
                0x08002f40       0xe0 build/obj/chqueues.o
                0x08002f40                chOQWriteTimeout
 .text._core_init
                0x08003020       0x40 build/obj/chmemcore.o
                0x08003020                _core_init
 .text.chCoreAlloc
                0x08003060       0x30 build/obj/chmemcore.o
                0x08003060                chCoreAlloc
 .text.chCoreAllocI
                0x08003090       0x70 build/obj/chmemcore.o
                0x08003090                chCoreAllocI
 .text._heap_init
                0x08003100       0x40 build/obj/chheap.o
                0x08003100                _heap_init
 .text.chHeapFree
                0x08003140      0x110 build/obj/chheap.o
                0x08003140                chHeapFree
 .text.chPoolFreeI
                0x08003250       0x40 build/obj/chmempools.o
                0x08003250                chPoolFreeI
 .text.chPoolFree
                0x08003290       0x30 build/obj/chmempools.o
                0x08003290                chPoolFree
 .text.halInit  0x080032c0       0x40 build/obj/hal.o
                0x080032c0                halInit
 .text.adcInit  0x08003300       0x10 build/obj/adc.o
                0x08003300                adcInit
 .text.adcObjectInit
                0x08003310       0x50 build/obj/adc.o
                0x08003310                adcObjectInit
 .text.adcStart
                0x08003360       0x70 build/obj/adc.o
                0x08003360                adcStart
 .text.adcStop  0x080033d0       0x60 build/obj/adc.o
                0x080033d0                adcStop
 .text.adcStartConversionI
                0x08003430       0x90 build/obj/adc.o
                0x08003430                adcStartConversionI
 .text.adcStopConversion
                0x080034c0       0x90 build/obj/adc.o
                0x080034c0                adcStopConversion
 .text.extInit  0x08003550       0x10 build/obj/ext.o
                0x08003550                extInit
 .text.extObjectInit
                0x08003560       0x20 build/obj/ext.o
                0x08003560                extObjectInit
 .text.extStart
                0x08003580       0x70 build/obj/ext.o
                0x08003580                extStart
 .text.extStop  0x080035f0       0x60 build/obj/ext.o
                0x080035f0                extStop
 .text.gptInit  0x08003650       0x10 build/obj/gpt.o
                0x08003650                gptInit
 .text.gptObjectInit
                0x08003660       0x20 build/obj/gpt.o
                0x08003660                gptObjectInit
 .text.gptStart
                0x08003680       0x70 build/obj/gpt.o
                0x08003680                gptStart
 .text.gptStop  0x080036f0       0x60 build/obj/gpt.o
                0x080036f0                gptStop
 .text.gptStartOneShotI
                0x08003750       0x50 build/obj/gpt.o
                0x08003750                gptStartOneShotI
 .text.gptPolledDelay
                0x080037a0       0x40 build/obj/gpt.o
                0x080037a0                gptPolledDelay
 .text.i2cInit  0x080037e0       0x10 build/obj/i2c.o
                0x080037e0                i2cInit
 .text.i2cObjectInit
                0x080037f0       0x30 build/obj/i2c.o
                0x080037f0                i2cObjectInit
 .text.i2cStart
                0x08003820       0x80 build/obj/i2c.o
                0x08003820                i2cStart
 .text.i2cGetErrors
                0x080038a0       0x30 build/obj/i2c.o
                0x080038a0                i2cGetErrors
 .text.i2cMasterTransmitTimeout
                0x080038d0       0xd0 build/obj/i2c.o
                0x080038d0                i2cMasterTransmitTimeout
 .text.i2cAcquireBus
                0x080039a0       0x30 build/obj/i2c.o
                0x080039a0                i2cAcquireBus
 .text.i2cReleaseBus
                0x080039d0       0x20 build/obj/i2c.o
                0x080039d0                i2cReleaseBus
 .text.icuInit  0x080039f0       0x10 build/obj/icu.o
                0x080039f0                icuInit
 .text.icuObjectInit
                0x08003a00       0x20 build/obj/icu.o
                0x08003a00                icuObjectInit
 .text.mmcsd_get_slice
                0x08003a20       0xb0 build/obj/mmcsd.o
 .text.mmcsdGetCapacity
                0x08003ad0       0x90 build/obj/mmcsd.o
                0x08003ad0                mmcsdGetCapacity
 .text.rtcInit  0x08003b60       0x10 build/obj/rtc.o
                0x08003b60                rtcInit
 .text.rtcSetTime
                0x08003b70       0x50 build/obj/rtc.o
                0x08003b70                rtcSetTime
 .text.rtcGetTime
                0x08003bc0       0x50 build/obj/rtc.o
                0x08003bc0                rtcGetTime
 .text.rtcGetTimeFat
                0x08003c10       0x30 build/obj/rtc.o
                0x08003c10                rtcGetTimeFat
 .text._sdc_wait_for_transfer_state
                0x08003c40       0x70 build/obj/sdc.o
                0x08003c40                _sdc_wait_for_transfer_state
 .text.sdcInit  0x08003cb0       0x10 build/obj/sdc.o
                0x08003cb0                sdcInit
 .text.sdcObjectInit
                0x08003cc0       0x40 build/obj/sdc.o
                0x08003cc0                sdcObjectInit
 .text.sdcStart
                0x08003d00       0x70 build/obj/sdc.o
                0x08003d00                sdcStart
 .text.sdcStop  0x08003d70       0x60 build/obj/sdc.o
                0x08003d70                sdcStop
 .text.sdcConnect
                0x08003dd0      0x2b0 build/obj/sdc.o
                0x08003dd0                sdcConnect
 .text.sdcDisconnect
                0x08004080       0xb0 build/obj/sdc.o
                0x08004080                sdcDisconnect
 .text.sdcRead  0x08004130       0x90 build/obj/sdc.o
                0x08004130                sdcRead
 .text.sdcWrite
                0x080041c0       0x90 build/obj/sdc.o
                0x080041c0                sdcWrite
 .text.sdcSync  0x08004250       0x50 build/obj/sdc.o
                0x08004250                sdcSync
 .text.sdcGetInfo
                0x080042a0       0x50 build/obj/sdc.o
                0x080042a0                sdcGetInfo
 .text.write    0x080042f0       0x30 build/obj/serial.o
 .text.read     0x08004320       0x30 build/obj/serial.o
 .text.put      0x08004350       0x30 build/obj/serial.o
 .text.get      0x08004380       0x20 build/obj/serial.o
 .text.putt     0x080043a0       0x30 build/obj/serial.o
 .text.gett     0x080043d0       0x20 build/obj/serial.o
 .text.writet   0x080043f0       0x30 build/obj/serial.o
 .text.readt    0x08004420       0x30 build/obj/serial.o
 .text.sdInit   0x08004450       0x10 build/obj/serial.o
                0x08004450                sdInit
 .text.sdObjectInit
                0x08004460       0x70 build/obj/serial.o
                0x08004460                sdObjectInit
 .text.sdStart  0x080044d0       0x70 build/obj/serial.o
                0x080044d0                sdStart
 .text.sdStop   0x08004540       0x80 build/obj/serial.o
                0x08004540                sdStop
 .text.sdIncomingDataI
                0x080045c0       0x70 build/obj/serial.o
                0x080045c0                sdIncomingDataI
 .text.spiInit  0x08004630       0x10 build/obj/spi.o
                0x08004630                spiInit
 .text.spiObjectInit
                0x08004640       0x30 build/obj/spi.o
                0x08004640                spiObjectInit
 .text.spiStart
                0x08004670       0x70 build/obj/spi.o
                0x08004670                spiStart
 .text.spiStop  0x080046e0       0x60 build/obj/spi.o
                0x080046e0                spiStop
 .text.spiSelect
                0x08004740       0x50 build/obj/spi.o
                0x08004740                spiSelect
 .text.spiUnselect
                0x08004790       0x50 build/obj/spi.o
                0x08004790                spiUnselect
 .text.Vector6C
                0x080047e0       0x60 build/obj/stm32_dma.o
                0x080047e0                Vector6C
 .text.Vector70
                0x08004840       0x60 build/obj/stm32_dma.o
                0x08004840                Vector70
 .text.Vector74
                0x080048a0       0x60 build/obj/stm32_dma.o
                0x080048a0                Vector74
 .text.Vector78
                0x08004900       0x60 build/obj/stm32_dma.o
                0x08004900                Vector78
 .text.Vector7C
                0x08004960       0x60 build/obj/stm32_dma.o
                0x08004960                Vector7C
 .text.Vector80
                0x080049c0       0x60 build/obj/stm32_dma.o
                0x080049c0                Vector80
 .text.Vector84
                0x08004a20       0x60 build/obj/stm32_dma.o
                0x08004a20                Vector84
 .text.VectorFC
                0x08004a80       0x60 build/obj/stm32_dma.o
                0x08004a80                VectorFC
 .text.Vector120
                0x08004ae0       0x60 build/obj/stm32_dma.o
                0x08004ae0                Vector120
 .text.Vector124
                0x08004b40       0x60 build/obj/stm32_dma.o
                0x08004b40                Vector124
 .text.Vector128
                0x08004ba0       0x60 build/obj/stm32_dma.o
                0x08004ba0                Vector128
 .text.Vector12C
                0x08004c00       0x60 build/obj/stm32_dma.o
                0x08004c00                Vector12C
 .text.Vector130
                0x08004c60       0x60 build/obj/stm32_dma.o
                0x08004c60                Vector130
 .text.Vector150
                0x08004cc0       0x60 build/obj/stm32_dma.o
                0x08004cc0                Vector150
 .text.Vector154
                0x08004d20       0x60 build/obj/stm32_dma.o
                0x08004d20                Vector154
 .text.Vector158
                0x08004d80       0x60 build/obj/stm32_dma.o
                0x08004d80                Vector158
 .text.dmaInit  0x08004de0       0xa0 build/obj/stm32_dma.o
                0x08004de0                dmaInit
 .text.dmaStreamAllocate
                0x08004e80      0x150 build/obj/stm32_dma.o
                0x08004e80                dmaStreamAllocate
 .text.dmaStreamRelease
                0x08004fd0       0xd0 build/obj/stm32_dma.o
                0x08004fd0                dmaStreamRelease
 .text.hal_lld_backup_domain_init
                0x080050a0       0xd0 build/obj/hal_lld.o
 .text.hal_lld_init
                0x08005170      0x120 build/obj/hal_lld.o
                0x08005170                hal_lld_init
 .text.stm32_clock_init
                0x08005290      0x1f0 build/obj/hal_lld.o
                0x08005290                stm32_clock_init
 .text.adc_lld_serve_rx_interrupt
                0x08005480      0x210 build/obj/adc_lld.o
 .text.Vector88
                0x08005690      0x320 build/obj/adc_lld.o
                0x08005690                Vector88
 .text.adc_lld_init
                0x080059b0       0xd0 build/obj/adc_lld.o
                0x080059b0                adc_lld_init
 .text.adc_lld_start
                0x08005a80      0x190 build/obj/adc_lld.o
                0x08005a80                adc_lld_start
 .text.adc_lld_stop
                0x08005c10       0xb0 build/obj/adc_lld.o
                0x08005c10                adc_lld_stop
 .text.adc_lld_start_conversion
                0x08005cc0      0x100 build/obj/adc_lld.o
                0x08005cc0                adc_lld_start_conversion
 .text.adc_lld_stop_conversion
                0x08005dc0       0x60 build/obj/adc_lld.o
                0x08005dc0                adc_lld_stop_conversion
 .text.adcSTM32EnableTSVREFE
                0x08005e20       0x20 build/obj/adc_lld.o
                0x08005e20                adcSTM32EnableTSVREFE
 .text.adcSTM32EnableVBATE
                0x08005e40       0x20 build/obj/adc_lld.o
                0x08005e40                adcSTM32EnableVBATE
 .text.Vector58
                0x08005e60       0x40 build/obj/ext_lld_isr.o
                0x08005e60                Vector58
 .text.Vector5C
                0x08005ea0       0x40 build/obj/ext_lld_isr.o
                0x08005ea0                Vector5C
 .text.Vector60
                0x08005ee0       0x40 build/obj/ext_lld_isr.o
                0x08005ee0                Vector60
 .text.Vector64
                0x08005f20       0x40 build/obj/ext_lld_isr.o
                0x08005f20                Vector64
 .text.Vector68
                0x08005f60       0x40 build/obj/ext_lld_isr.o
                0x08005f60                Vector68
 .text.Vector9C
                0x08005fa0       0xf0 build/obj/ext_lld_isr.o
                0x08005fa0                Vector9C
 .text.VectorE0
                0x08006090      0x110 build/obj/ext_lld_isr.o
                0x08006090                VectorE0
 .text.Vector44
                0x080061a0       0x40 build/obj/ext_lld_isr.o
                0x080061a0                Vector44
 .text.VectorE4
                0x080061e0       0x40 build/obj/ext_lld_isr.o
                0x080061e0                VectorE4
 .text.VectorE8
                0x08006220       0x40 build/obj/ext_lld_isr.o
                0x08006220                VectorE8
 .text.Vector138
                0x08006260       0x40 build/obj/ext_lld_isr.o
                0x08006260                Vector138
 .text.Vector170
                0x080062a0       0x40 build/obj/ext_lld_isr.o
                0x080062a0                Vector170
 .text.Vector4C
                0x080062e0       0x40 build/obj/ext_lld_isr.o
                0x080062e0                Vector4C
 .text.ext_lld_exti_irq_enable
                0x08006320       0xb0 build/obj/ext_lld_isr.o
                0x08006320                ext_lld_exti_irq_enable
 .text.ext_lld_exti_irq_disable
                0x080063d0       0x80 build/obj/ext_lld_isr.o
                0x080063d0                ext_lld_exti_irq_disable
 .text.ext_lld_init
                0x08006450       0x10 build/obj/ext_lld.o
                0x08006450                ext_lld_init
 .text.ext_lld_start
                0x08006460       0x50 build/obj/ext_lld.o
                0x08006460                ext_lld_start
 .text.ext_lld_stop
                0x080064b0       0x40 build/obj/ext_lld.o
                0x080064b0                ext_lld_stop
 .text.ext_lld_channel_enable
                0x080064f0      0x1d0 build/obj/ext_lld.o
                0x080064f0                ext_lld_channel_enable
 .text.ext_lld_channel_disable
                0x080066c0       0xb0 build/obj/ext_lld.o
                0x080066c0                ext_lld_channel_disable
 .text.gpt_lld_serve_interrupt
                0x08006770       0x40 build/obj/gpt_lld.o
 .text.VectorF4
                0x080067b0       0x20 build/obj/gpt_lld.o
                0x080067b0                VectorF4
 .text.gpt_lld_init
                0x080067d0       0x30 build/obj/gpt_lld.o
                0x080067d0                gpt_lld_init
 .text.gpt_lld_start
                0x08006800       0xe0 build/obj/gpt_lld.o
                0x08006800                gpt_lld_start
 .text.gpt_lld_stop
                0x080068e0       0x60 build/obj/gpt_lld.o
                0x080068e0                gpt_lld_stop
 .text.gpt_lld_start_timer
                0x08006940       0x50 build/obj/gpt_lld.o
                0x08006940                gpt_lld_start_timer
 .text.gpt_lld_stop_timer
                0x08006990       0x30 build/obj/gpt_lld.o
                0x08006990                gpt_lld_stop_timer
 .text.gpt_lld_polled_delay
                0x080069c0       0x50 build/obj/gpt_lld.o
                0x080069c0                gpt_lld_polled_delay
 .text.icu_lld_serve_interrupt
                0x08006a10       0xf0 build/obj/icu_lld.o
 .text.VectorA4
                0x08006b00       0x20 build/obj/icu_lld.o
                0x08006b00                VectorA4
 .text.VectorAC
                0x08006b20       0x20 build/obj/icu_lld.o
                0x08006b20                VectorAC
 .text.icu_lld_init
                0x08006b40       0x30 build/obj/icu_lld.o
                0x08006b40                icu_lld_init
 .text.sdc_lld_prepare_read
                0x08006b70       0x90 build/obj/sdc_lld.o
 .text.sdc_lld_prepare_write
                0x08006c00       0x90 build/obj/sdc_lld.o
 .text.sdc_lld_wait_transaction_end
                0x08006c90      0x100 build/obj/sdc_lld.o
 .text.sdc_lld_collect_errors
                0x08006d90       0xa0 build/obj/sdc_lld.o
 .text.sdc_lld_error_cleanup
                0x08006e30       0xc0 build/obj/sdc_lld.o
 .text.Vector104
                0x08006ef0       0x70 build/obj/sdc_lld.o
                0x08006ef0                Vector104
 .text.sdc_lld_init
                0x08006f60       0x40 build/obj/sdc_lld.o
                0x08006f60                sdc_lld_init
 .text.sdc_lld_start
                0x08006fa0       0xe0 build/obj/sdc_lld.o
                0x08006fa0                sdc_lld_start
 .text.sdc_lld_stop
                0x08007080       0x80 build/obj/sdc_lld.o
                0x08007080                sdc_lld_stop
 .text.sdc_lld_start_clk
                0x08007100       0x50 build/obj/sdc_lld.o
                0x08007100                sdc_lld_start_clk
 .text.sdc_lld_set_data_clk
                0x08007150       0x20 build/obj/sdc_lld.o
                0x08007150                sdc_lld_set_data_clk
 .text.sdc_lld_stop_clk
                0x08007170       0x30 build/obj/sdc_lld.o
                0x08007170                sdc_lld_stop_clk
 .text.sdc_lld_set_bus_mode
                0x080071a0       0x60 build/obj/sdc_lld.o
                0x080071a0                sdc_lld_set_bus_mode
 .text.sdc_lld_send_cmd_none
                0x08007200       0x50 build/obj/sdc_lld.o
                0x08007200                sdc_lld_send_cmd_none
 .text.sdc_lld_send_cmd_short
                0x08007250       0x90 build/obj/sdc_lld.o
                0x08007250                sdc_lld_send_cmd_short
 .text.sdc_lld_send_cmd_short_crc
                0x080072e0       0x90 build/obj/sdc_lld.o
                0x080072e0                sdc_lld_send_cmd_short_crc
 .text.sdc_lld_send_cmd_long_crc
                0x08007370       0xd0 build/obj/sdc_lld.o
                0x08007370                sdc_lld_send_cmd_long_crc
 .text.sdc_lld_read_aligned
                0x08007440      0x110 build/obj/sdc_lld.o
                0x08007440                sdc_lld_read_aligned
 .text.sdc_lld_write_aligned
                0x08007550      0x110 build/obj/sdc_lld.o
                0x08007550                sdc_lld_write_aligned
 .text.sdc_lld_read
                0x08007660       0xa0 build/obj/sdc_lld.o
                0x08007660                sdc_lld_read
 .text.sdc_lld_write
                0x08007700       0xa0 build/obj/sdc_lld.o
                0x08007700                sdc_lld_write
 .text.sdc_lld_sync
                0x080077a0       0x10 build/obj/sdc_lld.o
                0x080077a0                sdc_lld_sync
 .text.initgpio
                0x080077b0       0x50 build/obj/pal_lld.o
 .text._pal_lld_init
                0x08007800      0x100 build/obj/pal_lld.o
                0x08007800                _pal_lld_init
 .text.i2c_lld_abort_operation
                0x08007900       0xb0 build/obj/i2c_lld.o
 .text.i2c_lld_safety_timeout
                0x080079b0       0x50 build/obj/i2c_lld.o
 .text.i2c_lld_set_clock
                0x08007a00      0x260 build/obj/i2c_lld.o
 .text.i2c_lld_set_opmode
                0x08007c60       0x70 build/obj/i2c_lld.o
 .text.i2c_lld_serve_event_interrupt
                0x08007cd0      0x190 build/obj/i2c_lld.o
 .text.i2c_lld_serve_rx_end_irq
                0x08007e60       0xd0 build/obj/i2c_lld.o
 .text.i2c_lld_serve_tx_end_irq
                0x08007f30       0x80 build/obj/i2c_lld.o
 .text.i2c_lld_serve_error_interrupt
                0x08007fb0      0x1a0 build/obj/i2c_lld.o
 .text.VectorC4
                0x08008150       0x20 build/obj/i2c_lld.o
                0x08008150                VectorC4
 .text.VectorC8
                0x08008170       0x60 build/obj/i2c_lld.o
                0x08008170                VectorC8
 .text.i2c_lld_init
                0x080081d0       0x50 build/obj/i2c_lld.o
                0x080081d0                i2c_lld_init
 .text.i2c_lld_start
                0x08008220      0x160 build/obj/i2c_lld.o
                0x08008220                i2c_lld_start
 .text.i2c_lld_master_transmit_timeout
                0x08008380      0x160 build/obj/i2c_lld.o
                0x08008380                i2c_lld_master_transmit_timeout
 .text.rtc_lld_init
                0x080084e0       0xe0 build/obj/rtc_lld.o
                0x080084e0                rtc_lld_init
 .text.rtc_lld_set_time
                0x080085c0       0xc0 build/obj/rtc_lld.o
                0x080085c0                rtc_lld_set_time
 .text.rtc_lld_get_time
                0x08008680       0x90 build/obj/rtc_lld.o
                0x08008680                rtc_lld_get_time
 .text.rtc_lld_get_time_fat
                0x08008710      0x190 build/obj/rtc_lld.o
                0x08008710                rtc_lld_get_time_fat
 .text.spi_lld_serve_rx_interrupt
                0x080088a0      0x110 build/obj/spi_lld.o
 .text.spi_lld_serve_tx_interrupt
                0x080089b0       0x30 build/obj/spi_lld.o
 .text.spi_lld_init
                0x080089e0       0xe0 build/obj/spi_lld.o
                0x080089e0                spi_lld_init
 .text.spi_lld_start
                0x08008ac0      0x1d0 build/obj/spi_lld.o
                0x08008ac0                spi_lld_start
 .text.spi_lld_stop
                0x08008c90       0x90 build/obj/spi_lld.o
                0x08008c90                spi_lld_stop
 .text.spi_lld_select
                0x08008d20       0x20 build/obj/spi_lld.o
                0x08008d20                spi_lld_select
 .text.spi_lld_unselect
                0x08008d40       0x20 build/obj/spi_lld.o
                0x08008d40                spi_lld_unselect
 .text.spi_lld_send
                0x08008d60       0x80 build/obj/spi_lld.o
                0x08008d60                spi_lld_send
 .text.spi_lld_receive
                0x08008de0       0x80 build/obj/spi_lld.o
                0x08008de0                spi_lld_receive
 .text.spi_lld_polled_exchange
                0x08008e60       0x40 build/obj/spi_lld.o
                0x08008e60                spi_lld_polled_exchange
 .text.usart_init
                0x08008ea0       0xb0 build/obj/serial_lld.o
 .text.usart_deinit
                0x08008f50       0x20 build/obj/serial_lld.o
 .text.set_error
                0x08008f70       0x90 build/obj/serial_lld.o
 .text.serve_interrupt
                0x08009000      0x180 build/obj/serial_lld.o
 .text.notify1  0x08009180       0x30 build/obj/serial_lld.o
 .text.notify2  0x080091b0       0x30 build/obj/serial_lld.o
 .text.notify6  0x080091e0       0x30 build/obj/serial_lld.o
 .text.VectorD4
                0x08009210       0x20 build/obj/serial_lld.o
                0x08009210                VectorD4
 .text.VectorD8
                0x08009230       0x20 build/obj/serial_lld.o
                0x08009230                VectorD8
 .text.Vector15C
                0x08009250       0x20 build/obj/serial_lld.o
                0x08009250                Vector15C
 .text.sd_lld_init
                0x08009270       0x90 build/obj/serial_lld.o
                0x08009270                sd_lld_init
 .text.sd_lld_start
                0x08009300       0xd0 build/obj/serial_lld.o
                0x08009300                sd_lld_start
 .text.sd_lld_stop
                0x080093d0       0xb0 build/obj/serial_lld.o
                0x080093d0                sd_lld_stop
 .text.__early_init
                0x08009480       0x10 build/obj/board.o
                0x08009480                __early_init
 .text.sdc_lld_is_card_inserted
                0x08009490       0x30 build/obj/board.o
                0x08009490                sdc_lld_is_card_inserted
 .text.sdc_lld_is_write_protected
                0x080094c0       0x30 build/obj/board.o
                0x080094c0                sdc_lld_is_write_protected
 .text.boardInit
                0x080094f0       0x10 build/obj/board.o
                0x080094f0                boardInit
 .text.long_to_string_with_divisor
                0x08009500       0xc0 build/obj/chprintf.o
 .text.ltoa     0x080095c0       0x20 build/obj/chprintf.o
 .text.ftoa     0x080095e0       0xb0 build/obj/chprintf.o
 .text.chprintf
                0x08009690      0x520 build/obj/chprintf.o
                0x08009690                chprintf
 .text.stm32_rtc_bcd2tm
                0x08009bb0      0x1f0 build/obj/chrtclib.o
 .text.stm32_rtc_tm2bcd
                0x08009da0      0x270 build/obj/chrtclib.o
 .text.rtcGetTimeTm
                0x0800a010       0x40 build/obj/chrtclib.o
                0x0800a010                rtcGetTimeTm
 .text.rtcSetTimeTm
                0x0800a050       0x40 build/obj/chrtclib.o
                0x0800a050                rtcSetTimeTm
 .text.writes   0x0800a090       0x60 build/obj/memstreams.o
 .text.reads    0x0800a0f0       0x60 build/obj/memstreams.o
 .text.put      0x0800a150       0x50 build/obj/memstreams.o
 .text.get      0x0800a1a0       0x40 build/obj/memstreams.o
 .text.msObjectInit
                0x0800a1e0       0x40 build/obj/memstreams.o
                0x0800a1e0                msObjectInit
 .text.disk_initialize
                0x0800a220       0x70 build/obj/fatfs_diskio.o
                0x0800a220                disk_initialize
 .text.disk_status
                0x0800a290       0x70 build/obj/fatfs_diskio.o
                0x0800a290                disk_status
 .text.disk_read
                0x0800a300       0x60 build/obj/fatfs_diskio.o
                0x0800a300                disk_read
 .text.disk_write
                0x0800a360       0x60 build/obj/fatfs_diskio.o
                0x0800a360                disk_write
 .text.disk_ioctl
                0x0800a3c0       0x80 build/obj/fatfs_diskio.o
                0x0800a3c0                disk_ioctl
 .text.get_fattime
                0x0800a440       0x20 build/obj/fatfs_diskio.o
                0x0800a440                get_fattime
 .text.mem_cpy  0x0800a460       0x50 build/obj/ff.o
 .text.mem_set  0x0800a4b0       0x40 build/obj/ff.o
 .text.mem_cmp  0x0800a4f0       0x70 build/obj/ff.o
 .text.chk_chr  0x0800a560       0x30 build/obj/ff.o
 .text.sync_window
                0x0800a590       0xa0 build/obj/ff.o
 .text.move_window
                0x0800a630       0x60 build/obj/ff.o
 .text.sync_fs  0x0800a690      0x180 build/obj/ff.o
 .text.clust2sect
                0x0800a810       0x40 build/obj/ff.o
                0x0800a810                clust2sect
 .text.get_fat  0x0800a850      0x1a0 build/obj/ff.o
                0x0800a850                get_fat
 .text.put_fat  0x0800a9f0      0x280 build/obj/ff.o
                0x0800a9f0                put_fat
 .text.remove_chain
                0x0800ac70       0xc0 build/obj/ff.o
 .text.create_chain
                0x0800ad30      0x130 build/obj/ff.o
 .text.dir_sdi  0x0800ae60      0x130 build/obj/ff.o
 .text.dir_next
                0x0800af90      0x1f0 build/obj/ff.o
 .text.dir_alloc
                0x0800b180       0xa0 build/obj/ff.o
 .text.ld_clust
                0x0800b220       0x60 build/obj/ff.o
 .text.st_clust
                0x0800b280       0x60 build/obj/ff.o
 .text.dir_find
                0x0800b2e0       0xc0 build/obj/ff.o
 .text.dir_register
                0x0800b3a0       0x80 build/obj/ff.o
 .text.create_name
                0x0800b420      0x200 build/obj/ff.o
 .text.follow_path
                0x0800b620      0x100 build/obj/ff.o
 .text.check_fs
                0x0800b720       0xe0 build/obj/ff.o
 .text.chk_mounted
                0x0800b800      0x630 build/obj/ff.o
 .text.validate
                0x0800be30       0x60 build/obj/ff.o
 .text.f_mount  0x0800be90       0x70 build/obj/ff.o
                0x0800be90                f_mount
 .text.f_open   0x0800bf00      0x2e0 build/obj/ff.o
                0x0800bf00                f_open
 .text.f_write  0x0800c1e0      0x360 build/obj/ff.o
                0x0800c1e0                f_write
 .text.f_sync   0x0800c540      0x190 build/obj/ff.o
                0x0800c540                f_sync
 .text.f_close  0x0800c6d0       0x30 build/obj/ff.o
                0x0800c6d0                f_close
 .text.f_opendir
                0x0800c700       0xe0 build/obj/ff.o
                0x0800c700                f_opendir
 .text.f_getfree
                0x0800c7e0      0x1d0 build/obj/ff.o
                0x0800c7e0                f_getfree
 .text.f_mkdir  0x0800c9b0      0x290 build/obj/ff.o
                0x0800c9b0                f_mkdir
 .text.adc_make_avg
                0x0800cc40       0x60 build/obj/kb_adc.o
                0x0800cc40                adc_make_avg
 .text.adc_cb   0x0800cca0       0x50 build/obj/kb_adc.o
                0x0800cca0                adc_cb
 .text.adc_trigger_cb
                0x0800ccf0       0x60 build/obj/kb_adc.o
                0x0800ccf0                adc_trigger_cb
 .text.kuroBoxADCInit
                0x0800cd50       0x60 build/obj/kb_adc.o
                0x0800cd50                kuroBoxADCInit
 .text.kuroBoxADCStop
                0x0800cdb0       0x60 build/obj/kb_adc.o
                0x0800cdb0                kuroBoxADCStop
 .text.write_reg
                0x0800ce10       0xb0 build/obj/kb_altimeter.o
 .text.read_reg
                0x0800cec0       0x90 build/obj/kb_altimeter.o
 .text.thAltimeter
                0x0800cf50      0x150 build/obj/kb_altimeter.o
 .text.kuroBoxAltimeterInit
                0x0800d0a0       0x40 build/obj/kb_altimeter.o
                0x0800d0a0                kuroBoxAltimeterInit
 .text.on_btn0  0x0800d0e0       0x30 build/obj/kb_buttons.o
 .text.on_btn1  0x0800d110       0x30 build/obj/kb_buttons.o
 .text.kuroBoxButtonsInit
                0x0800d140       0x50 build/obj/kb_buttons.o
                0x0800d140                kuroBoxButtonsInit
 .text.kuroBoxButtonsStop
                0x0800d190       0x10 build/obj/kb_buttons.o
                0x0800d190                kuroBoxButtonsStop
 .text.btn_0_exti_cb
                0x0800d1a0       0x60 build/obj/kb_buttons.o
                0x0800d1a0                btn_0_exti_cb
 .text.btn_1_exti_cb
                0x0800d200       0x60 build/obj/kb_buttons.o
                0x0800d200                btn_1_exti_cb
 .text.kbc_save
                0x0800d260       0xb0 build/obj/kb_config.o
                0x0800d260                kbc_save
 .text.kbc_load
                0x0800d310       0xc0 build/obj/kb_config.o
                0x0800d310                kbc_load
 .text.check_offset
                0x0800d3d0       0x30 build/obj/kb_config.o
 .text.calc_cs  0x0800d400       0x20 build/obj/kb_config.o
 .text.kbc_read
                0x0800d420       0x40 build/obj/kb_config.o
                0x0800d420                kbc_read
 .text.kbc_write
                0x0800d460       0x50 build/obj/kb_config.o
                0x0800d460                kbc_write
 .text.kuroBoxConfigInit
                0x0800d4b0       0x90 build/obj/kb_config.o
                0x0800d4b0                kuroBoxConfigInit
 .text.kuroBoxConfigStop
                0x0800d540       0x10 build/obj/kb_config.o
                0x0800d540                kuroBoxConfigStop
 .text.hard_fault_handler_c
                0x0800d550      0x170 build/obj/kb_debug.o
                0x0800d550                hard_fault_handler_c
 .text.thFeatureA
                0x0800d6c0      0x240 build/obj/kb_featureA.o
 .text.kbfa_getFeature
                0x0800d900       0x10 build/obj/kb_featureA.o
                0x0800d900                kbfa_getFeature
 .text.kbfa_setFeature
                0x0800d910       0x20 build/obj/kb_featureA.o
                0x0800d910                kbfa_setFeature
 .text.kbfa_changeFeature
                0x0800d930       0xb0 build/obj/kb_featureA.o
                0x0800d930                kbfa_changeFeature
 .text.kuroBoxFeatureAInit
                0x0800d9e0       0x40 build/obj/kb_featureA.o
                0x0800d9e0                kuroBoxFeatureAInit
 .text.kuroBoxFeatureAStop
                0x0800da20       0x30 build/obj/kb_featureA.o
                0x0800da20                kuroBoxFeatureAStop
 .text.ecef_to_lla
                0x0800da50      0x340 build/obj/kb_gps.o
                0x0800da50                ecef_to_lla
 .text.parse_and_store_nav_sol
                0x0800dd90       0xf0 build/obj/kb_gps.o
 .text.thGps    0x0800de80      0x110 build/obj/kb_gps.o
 .text.gps_timepulse_exti_cb
                0x0800df90       0x30 build/obj/kb_gps.o
                0x0800df90                gps_timepulse_exti_cb
 .text.kuroBoxGPSInit
                0x0800dfc0       0x50 build/obj/kb_gps.o
                0x0800dfc0                kuroBoxGPSInit
 .text.kuroBoxGPSStop
                0x0800e010       0x40 build/obj/kb_gps.o
                0x0800e010                kuroBoxGPSStop
 .text.kbg_getUbxNavSol
                0x0800e050       0x10 build/obj/kb_gps.o
                0x0800e050                kbg_getUbxNavSol
 .text.mi_exit  0x0800e060       0x20 build/obj/kb_menu.o
 .text.mi_featureA_change
                0x0800e080       0x10 build/obj/kb_menu.o
 .text.mi_featureA_getFeature
                0x0800e090       0x10 build/obj/kb_menu.o
 .text.mi_serial1_pwr
                0x0800e0a0       0x30 build/obj/kb_menu.o
 .text.mi_serial1_baud
                0x0800e0d0       0x20 build/obj/kb_menu.o
 .text.mi_serial1_getbaud
                0x0800e0f0       0x10 build/obj/kb_menu.o
 .text.mi_serial2_pwr
                0x0800e100       0x30 build/obj/kb_menu.o
 .text.mi_serial2_baud
                0x0800e130       0x20 build/obj/kb_menu.o
 .text.mi_serial2_getbaud
                0x0800e150       0x10 build/obj/kb_menu.o
 .text.mi_led3  0x0800e160       0x40 build/obj/kb_menu.o
 .text.mi_lcd_backlight
                0x0800e1a0       0x40 build/obj/kb_menu.o
 .text.mi_time_from_gps
                0x0800e1e0       0xe0 build/obj/kb_menu.o
 .text.mi_time_from_ltc
                0x0800e2c0       0x50 build/obj/kb_menu.o
 .text.mi_standby
                0x0800e310       0x20 build/obj/kb_menu.o
 .text.kbm_display
                0x0800e330      0x260 build/obj/kb_menu.o
                0x0800e330                kbm_display
 .text.kbm_btn0
                0x0800e590       0x30 build/obj/kb_menu.o
                0x0800e590                kbm_btn0
 .text.kbm_btn1
                0x0800e5c0       0x30 build/obj/kb_menu.o
                0x0800e5c0                kbm_btn1
 .text.kbm_btn0_dispatch
                0x0800e5f0       0x80 build/obj/kb_menu.o
 .text.kbm_btn1_dispatch
                0x0800e670       0xf0 build/obj/kb_menu.o
 .text.kuroBoxMenuInit
                0x0800e760       0x40 build/obj/kb_menu.o
                0x0800e760                kuroBoxMenuInit
 .text.kuroBoxMenuStop
                0x0800e7a0       0x10 build/obj/kb_menu.o
                0x0800e7a0                kuroBoxMenuStop
 .text.thScreen
                0x0800e7b0      0x690 build/obj/kb_screen.o
 .text.kuroBoxScreenInit
                0x0800ee40       0x50 build/obj/kb_screen.o
                0x0800ee40                kuroBoxScreenInit
 .text.kuroBoxScreenStop
                0x0800ee90       0x40 build/obj/kb_screen.o
                0x0800ee90                kuroBoxScreenStop
 .text.kbs_setVoltage
                0x0800eed0       0x20 build/obj/kb_screen.o
                0x0800eed0                kbs_setVoltage
 .text.kbs_setTemperature
                0x0800eef0       0x20 build/obj/kb_screen.o
                0x0800eef0                kbs_setTemperature
 .text.kbs_setLTC
                0x0800ef10       0x20 build/obj/kb_screen.o
                0x0800ef10                kbs_setLTC
 .text.kbs_setWriteCount
                0x0800ef30       0x20 build/obj/kb_screen.o
                0x0800ef30                kbs_setWriteCount
 .text.kbs_setWriteErrors
                0x0800ef50       0x20 build/obj/kb_screen.o
                0x0800ef50                kbs_setWriteErrors
 .text.kbs_setSDCFree
                0x0800ef70       0x20 build/obj/kb_screen.o
                0x0800ef70                kbs_setSDCFree
 .text.kbs_setFName
                0x0800ef90       0x20 build/obj/kb_screen.o
                0x0800ef90                kbs_setFName
 .text.kbs_btn0
                0x0800efb0       0x20 build/obj/kb_screen.o
                0x0800efb0                kbs_btn0
 .text.kbs_btn1
                0x0800efd0       0x20 build/obj/kb_screen.o
                0x0800efd0                kbs_btn1
 .text.kbs_PPS  0x0800eff0       0x20 build/obj/kb_screen.o
                0x0800eff0                kbs_PPS
 .text.kbs_setGpsEcef
                0x0800f010       0x30 build/obj/kb_screen.o
                0x0800f010                kbs_setGpsEcef
 .text.kbs_setYPR
                0x0800f040       0x30 build/obj/kb_screen.o
                0x0800f040                kbs_setYPR
 .text.kuroBoxSerialInit
                0x0800f070       0x80 build/obj/kb_serial.o
                0x0800f070                kuroBoxSerialInit
 .text.kuroBoxSerialStop
                0x0800f0f0       0x40 build/obj/kb_serial.o
                0x0800f0f0                kuroBoxSerialStop
 .text.kbse_setPower
                0x0800f130       0x70 build/obj/kb_serial.o
                0x0800f130                kbse_setPower
 .text.kbse_getPower
                0x0800f1a0       0x60 build/obj/kb_serial.o
                0x0800f1a0                kbse_getPower
 .text.kbse_getBaud
                0x0800f200       0x40 build/obj/kb_serial.o
                0x0800f200                kbse_getBaud
 .text.kbse_changeBaud
                0x0800f240      0x130 build/obj/kb_serial.o
                0x0800f240                kbse_changeBaud
 .text.kbse_setBaud
                0x0800f370       0xe0 build/obj/kb_serial.o
                0x0800f370                kbse_setBaud
 .text.frame_to_time
                0x0800f450       0xc0 build/obj/kb_time.o
 .text.ltc_store
                0x0800f510      0x110 build/obj/kb_time.o
 .text.ltc_exti_cb
                0x0800f620       0xc0 build/obj/kb_time.o
                0x0800f620                ltc_exti_cb
 .text.kbt_getLTC
                0x0800f6e0       0x10 build/obj/kb_time.o
                0x0800f6e0                kbt_getLTC
 .text.kuroBoxTimeInit
                0x0800f6f0       0x20 build/obj/kb_time.o
                0x0800f6f0                kuroBoxTimeInit
 .text.kuroBoxTimeStop
                0x0800f710       0x10 build/obj/kb_time.o
                0x0800f710                kuroBoxTimeStop
 .text.calc_checksum_16
                0x0800f720       0x80 build/obj/kb_util.o
                0x0800f720                calc_checksum_16
 .text.vectornav_dispatch_register
                0x0800f7a0       0xb0 build/obj/kb_vectornav.o
                0x0800f7a0                vectornav_dispatch_register
 .text.vectornav_spi_end_cb
                0x0800f850       0xe0 build/obj/kb_vectornav.o
                0x0800f850                vectornav_spi_end_cb
 .text.vectornav_gpt_end_cb
                0x0800f930       0xb0 build/obj/kb_vectornav.o
                0x0800f930                vectornav_gpt_end_cb
 .text.kbv_getYPR
                0x0800f9e0       0x50 build/obj/kb_vectornav.o
                0x0800f9e0                kbv_getYPR
 .text.vn_dr_int_exti_cb
                0x0800fa30       0xc0 build/obj/kb_vectornav.o
                0x0800fa30                vn_dr_int_exti_cb
 .text.kuroBoxVectorNavInit
                0x0800faf0       0xe0 build/obj/kb_vectornav.o
                0x0800faf0                kuroBoxVectorNavInit
 .text.kuroBoxVectorNavStop
                0x0800fbd0       0x30 build/obj/kb_vectornav.o
                0x0800fbd0                kuroBoxVectorNavStop
 .text.kbv_readRegister
                0x0800fc00      0x150 build/obj/kb_vectornav.o
                0x0800fc00                kbv_readRegister
 .text.new_write_buffer_idx_to_fill
                0x0800fd50       0xb0 build/obj/kb_writer.o
 .text.return_write_buffer_idx_after_filling
                0x0800fe00       0x70 build/obj/kb_writer.o
 .text.new_write_buffer_idx_to_write
                0x0800fe70       0x80 build/obj/kb_writer.o
 .text.return_write_buffer_idx_after_writing
                0x0800fef0       0x80 build/obj/kb_writer.o
 .text.flush_write_buffers
                0x0800ff70       0xb0 build/obj/kb_writer.o
 .text.make_dirs
                0x08010020       0x40 build/obj/kb_writer.o
 .text.new_file
                0x08010060      0x120 build/obj/kb_writer.o
 .text.on_insert
                0x08010180      0x260 build/obj/kb_writer.o
 .text.on_remove
                0x080103e0       0x40 build/obj/kb_writer.o
 .text.wait_for_sd
                0x08010420       0xa0 build/obj/kb_writer.o
 .text.sd_card_status
                0x080104c0       0x60 build/obj/kb_writer.o
 .text.writing_run
                0x08010520      0x1b0 build/obj/kb_writer.o
 .text.thWriter
                0x080106d0      0x150 build/obj/kb_writer.o
 .text.thLogger
                0x08010820      0x240 build/obj/kb_writer.o
 .text.kuroBoxWriterInit
                0x08010a60       0xa0 build/obj/kb_writer.o
                0x08010a60                kuroBoxWriterInit
 .text.kuroBoxWriterStop
                0x08010b00       0xa0 build/obj/kb_writer.o
                0x08010b00                kuroBoxWriterStop
 .text.kbw_setLTC
                0x08010ba0       0x30 build/obj/kb_writer.o
                0x08010ba0                kbw_setLTC
 .text.kbw_incPPS
                0x08010bd0       0x20 build/obj/kb_writer.o
                0x08010bd0                kbw_incPPS
 .text.kbw_setGpsNavSol
                0x08010bf0       0x50 build/obj/kb_writer.o
                0x08010bf0                kbw_setGpsNavSol
 .text.kbw_setVNav
                0x08010c40       0x20 build/obj/kb_writer.o
                0x08010c40                kbw_setVNav
 .text.kbw_setAltitude
                0x08010c60       0x30 build/obj/kb_writer.o
                0x08010c60                kbw_setAltitude
 .text.kbw_header_vnav
                0x08010c90       0x40 build/obj/kb_writer.o
                0x08010c90                kbw_header_vnav
 .text.thBlinker
                0x08010cd0       0x50 build/obj/main.o
 .text.kuroBox_panic
                0x08010d20       0x10 build/obj/main.o
                0x08010d20                kuroBox_panic
 .text.kuroBox_standby
                0x08010d30       0x60 build/obj/main.o
 .text.kuroBoxInit
                0x08010d90      0x200 build/obj/main.o
                0x08010d90                kuroBoxInit
 .text.kuroBoxStop
                0x08010f90       0xc0 build/obj/main.o
                0x08010f90                kuroBoxStop
 .text.main     0x08011050       0x50 build/obj/main.o
                0x08011050                main
 .text.spiEepromStart
                0x080110a0       0x20 build/obj/spiEEPROM.o
                0x080110a0                spiEepromStart
 .text.updateBoundingBox
                0x080110c0       0xa0 build/obj/ST7565.o
 .text.st7565Start
                0x08011160      0x180 build/obj/ST7565.o
                0x08011160                st7565Start
 .text.st7565_display
                0x080112e0      0x1d0 build/obj/ST7565.o
                0x080112e0                st7565_display
 .text.st7565_clear
                0x080114b0       0x30 build/obj/ST7565.o
                0x080114b0                st7565_clear
 .text.st7565_drawchar
                0x080114e0       0xb0 build/obj/ST7565.o
                0x080114e0                st7565_drawchar
 .text.st7565_drawstring
                0x08011590       0xc0 build/obj/ST7565.o
                0x08011590                st7565_drawstring
 .text.st7565_setpixel
                0x08011650      0x100 build/obj/ST7565.o
                0x08011650                st7565_setpixel
 .text.st7565_drawline
                0x08011750      0x1d0 build/obj/ST7565.o
                0x08011750                st7565_drawline
 .text.st7565_fillrect
                0x08011920       0xc0 build/obj/ST7565.o
                0x08011920                st7565_fillrect
 .text.cos      0x080119e0       0x90 c:/chibistudio/tools/gnu tools arm embedded/4.7 2013q1/bin/../lib/gcc/arm-none-eabi/4.7.3/../../../../arm-none-eabi/lib/armv7e-m\libm.a(lib_a-s_cos.o)
                0x080119e0                cos
 .text.sin      0x08011a70       0x98 c:/chibistudio/tools/gnu tools arm embedded/4.7 2013q1/bin/../lib/gcc/arm-none-eabi/4.7.3/../../../../arm-none-eabi/lib/armv7e-m\libm.a(lib_a-s_sin.o)
                0x08011a70                sin
 *fill*         0x08011b08        0x8 00
 .text.atan2    0x08011b10        0x4 c:/chibistudio/tools/gnu tools arm embedded/4.7 2013q1/bin/../lib/gcc/arm-none-eabi/4.7.3/../../../../arm-none-eabi/lib/armv7e-m\libm.a(lib_a-w_atan2.o)
                0x08011b10                atan2
 *fill*         0x08011b14        0xc 00
 .text.pow      0x08011b20      0x310 c:/chibistudio/tools/gnu tools arm embedded/4.7 2013q1/bin/../lib/gcc/arm-none-eabi/4.7.3/../../../../arm-none-eabi/lib/armv7e-m\libm.a(lib_a-w_pow.o)
                0x08011b20                pow
 .text.sqrt     0x08011e30       0xa8 c:/chibistudio/tools/gnu tools arm embedded/4.7 2013q1/bin/../lib/gcc/arm-none-eabi/4.7.3/../../../../arm-none-eabi/lib/armv7e-m\libm.a(lib_a-w_sqrt.o)
                0x08011e30                sqrt
 *fill*         0x08011ed8        0x8 00
 .text.__ieee754_atan2
                0x08011ee0      0x218 c:/chibistudio/tools/gnu tools arm embedded/4.7 2013q1/bin/../lib/gcc/arm-none-eabi/4.7.3/../../../../arm-none-eabi/lib/armv7e-m\libm.a(lib_a-e_atan2.o)
                0x08011ee0                __ieee754_atan2
 *fill*         0x080120f8        0x8 00
 .text.__ieee754_pow
                0x08012100      0xb20 c:/chibistudio/tools/gnu tools arm embedded/4.7 2013q1/bin/../lib/gcc/arm-none-eabi/4.7.3/../../../../arm-none-eabi/lib/armv7e-m\libm.a(lib_a-e_pow.o)
                0x08012100                __ieee754_pow
 .text.__ieee754_rem_pio2
                0x08012c20      0x468 c:/chibistudio/tools/gnu tools arm embedded/4.7 2013q1/bin/../lib/gcc/arm-none-eabi/4.7.3/../../../../arm-none-eabi/lib/armv7e-m\libm.a(lib_a-e_rem_pio2.o)
                0x08012c20                __ieee754_rem_pio2
 *fill*         0x08013088        0x8 00
 .text.__ieee754_sqrt
                0x08013090      0x208 c:/chibistudio/tools/gnu tools arm embedded/4.7 2013q1/bin/../lib/gcc/arm-none-eabi/4.7.3/../../../../arm-none-eabi/lib/armv7e-m\libm.a(lib_a-e_sqrt.o)
                0x08013090                __ieee754_sqrt
 *fill*         0x08013298        0x8 00
 .text.__kernel_cos
                0x080132a0      0x258 c:/chibistudio/tools/gnu tools arm embedded/4.7 2013q1/bin/../lib/gcc/arm-none-eabi/4.7.3/../../../../arm-none-eabi/lib/armv7e-m\libm.a(lib_a-k_cos.o)
                0x080132a0                __kernel_cos
 *fill*         0x080134f8        0x8 00
 .text.__kernel_rem_pio2
                0x08013500      0xdec c:/chibistudio/tools/gnu tools arm embedded/4.7 2013q1/bin/../lib/gcc/arm-none-eabi/4.7.3/../../../../arm-none-eabi/lib/armv7e-m\libm.a(lib_a-k_rem_pio2.o)
                0x08013500                __kernel_rem_pio2
 *fill*         0x080142ec        0x4 00
 .text.__kernel_sin
                0x080142f0      0x170 c:/chibistudio/tools/gnu tools arm embedded/4.7 2013q1/bin/../lib/gcc/arm-none-eabi/4.7.3/../../../../arm-none-eabi/lib/armv7e-m\libm.a(lib_a-k_sin.o)
                0x080142f0                __kernel_sin
 .text.atan     0x08014460      0x368 c:/chibistudio/tools/gnu tools arm embedded/4.7 2013q1/bin/../lib/gcc/arm-none-eabi/4.7.3/../../../../arm-none-eabi/lib/armv7e-m\libm.a(lib_a-s_atan.o)
                0x08014460                atan
 *fill*         0x080147c8        0x8 00
 .text.fabs     0x080147d0        0x8 c:/chibistudio/tools/gnu tools arm embedded/4.7 2013q1/bin/../lib/gcc/arm-none-eabi/4.7.3/../../../../arm-none-eabi/lib/armv7e-m\libm.a(lib_a-s_fabs.o)
                0x080147d0                fabs
 *fill*         0x080147d8        0x8 00
 .text.finite   0x080147e0        0xc c:/chibistudio/tools/gnu tools arm embedded/4.7 2013q1/bin/../lib/gcc/arm-none-eabi/4.7.3/../../../../arm-none-eabi/lib/armv7e-m\libm.a(lib_a-s_finite.o)
                0x080147e0                finite
 *fill*         0x080147ec        0x4 00
 .text.floor    0x080147f0      0x110 c:/chibistudio/tools/gnu tools arm embedded/4.7 2013q1/bin/../lib/gcc/arm-none-eabi/4.7.3/../../../../arm-none-eabi/lib/armv7e-m\libm.a(lib_a-s_floor.o)
                0x080147f0                floor
 .text.__fpclassifyd
                0x08014900       0x68 c:/chibistudio/tools/gnu tools arm embedded/4.7 2013q1/bin/../lib/gcc/arm-none-eabi/4.7.3/../../../../arm-none-eabi/lib/armv7e-m\libm.a(lib_a-s_fpclassify.o)
                0x08014900                __fpclassifyd
 *fill*         0x08014968        0x8 00
 .text.matherr  0x08014970        0x4 c:/chibistudio/tools/gnu tools arm embedded/4.7 2013q1/bin/../lib/gcc/arm-none-eabi/4.7.3/../../../../arm-none-eabi/lib/armv7e-m\libm.a(lib_a-s_matherr.o)
                0x08014970                matherr
 *fill*         0x08014974        0xc 00
 .text.nan      0x08014980        0xc c:/chibistudio/tools/gnu tools arm embedded/4.7 2013q1/bin/../lib/gcc/arm-none-eabi/4.7.3/../../../../arm-none-eabi/lib/armv7e-m\libm.a(lib_a-s_nan.o)
                0x08014980                nan
 *fill*         0x0801498c        0x4 00
 .text.rint     0x08014990      0x128 c:/chibistudio/tools/gnu tools arm embedded/4.7 2013q1/bin/../lib/gcc/arm-none-eabi/4.7.3/../../../../arm-none-eabi/lib/armv7e-m\libm.a(lib_a-s_rint.o)
                0x08014990                rint
 *fill*         0x08014ab8        0x8 00
 .text.scalbn   0x08014ac0      0x108 c:/chibistudio/tools/gnu tools arm embedded/4.7 2013q1/bin/../lib/gcc/arm-none-eabi/4.7.3/../../../../arm-none-eabi/lib/armv7e-m\libm.a(lib_a-s_scalbn.o)
                0x08014ac0                scalbn
 *fill*         0x08014bc8        0x8 00
 .text.copysign
                0x08014bd0       0x18 c:/chibistudio/tools/gnu tools arm embedded/4.7 2013q1/bin/../lib/gcc/arm-none-eabi/4.7.3/../../../../arm-none-eabi/lib/armv7e-m\libm.a(lib_a-s_copysign.o)
                0x08014bd0                copysign
 *fill*         0x08014be8        0x8 00
 .text.__errno  0x08014bf0        0xc c:/chibistudio/tools/gnu tools arm embedded/4.7 2013q1/bin/../lib/gcc/arm-none-eabi/4.7.3/../../../../arm-none-eabi/lib/armv7e-m\libc.a(lib_a-errno.o)
                0x08014bf0                __errno
 *fill*         0x08014bfc        0x4 00
 .text.memcpy   0x08014c00      0x144 c:/chibistudio/tools/gnu tools arm embedded/4.7 2013q1/bin/../lib/gcc/arm-none-eabi/4.7.3/../../../../arm-none-eabi/lib/armv7e-m\libc.a(lib_a-memcpy.o)
                0x08014c00                memcpy
 *fill*         0x08014d44        0xc 00
 .text.memset   0x08014d50      0x12c c:/chibistudio/tools/gnu tools arm embedded/4.7 2013q1/bin/../lib/gcc/arm-none-eabi/4.7.3/../../../../arm-none-eabi/lib/armv7e-m\libc.a(lib_a-memset.o)
                0x08014d50                memset
 *fill*         0x08014e7c        0x4 00
 .text.strcpy   0x08014e80       0xbc c:/chibistudio/tools/gnu tools arm embedded/4.7 2013q1/bin/../lib/gcc/arm-none-eabi/4.7.3/../../../../arm-none-eabi/lib/armv7e-m\libc.a(lib_a-strcpy.o)
                0x08014e80                strcpy
 *(.rodata)
 *fill*         0x08014f3c        0x4 00
 .rodata        0x08014f40        0x8 build/obj/chsys.o
 *fill*         0x08014f48        0x8 00
 .rodata        0x08014f50       0x58 build/obj/chdebug.o
 *fill*         0x08014fa8        0x8 00
 .rodata        0x08014fb0       0x34 build/obj/chvt.o
 *fill*         0x08014fe4        0xc 00
 .rodata        0x08014ff0       0x24 build/obj/chschd.o
 *fill*         0x08015014        0xc 00
 .rodata        0x08015020       0x94 build/obj/chthreads.o
 *fill*         0x080150b4        0xc 00
 .rodata        0x080150c0       0x48 build/obj/chdynamic.o
 *fill*         0x08015108        0x8 00
 .rodata        0x08015110      0x148 build/obj/chsem.o
 *fill*         0x08015258        0x8 00
 .rodata        0x08015260       0xac build/obj/chmtx.o
 *fill*         0x0801530c        0x4 00
 .rodata        0x08015310       0x90 build/obj/chevents.o
 .rodata        0x080153a0       0x88 build/obj/chmboxes.o
 *fill*         0x08015428        0x8 00
 .rodata        0x08015430       0x2c build/obj/chqueues.o
 *fill*         0x0801545c        0x4 00
 .rodata        0x08015460       0x34 build/obj/chheap.o
 *fill*         0x08015494        0xc 00
 .rodata        0x080154a0       0x48 build/obj/chmempools.o
 *fill*         0x080154e8        0x8 00
 .rodata        0x080154f0      0x110 build/obj/adc.o
 .rodata        0x08015600       0xd0 build/obj/ext.o
 .rodata        0x080156d0      0x10c build/obj/gpt.o
 *fill*         0x080157dc        0x4 00
 .rodata        0x080157e0       0xec build/obj/i2c.o
 *fill*         0x080158cc        0x4 00
 .rodata        0x080158d0       0x14 build/obj/mmcsd.o
 *fill*         0x080158e4        0xc 00
 .rodata        0x080158f0       0x40 build/obj/rtc.o
 .rodata        0x08015930      0x138 build/obj/sdc.o
 *fill*         0x08015a68        0x8 00
 .rodata        0x08015a70       0x60 build/obj/serial.o
 .rodata        0x08015ad0      0x238 build/obj/spi.o
 *fill*         0x08015d08        0x8 00
 .rodata        0x08015d10       0x48 build/obj/stm32_dma.o
 *fill*         0x08015d58        0x8 00
 .rodata        0x08015d60       0x3c build/obj/adc_lld.o
 *fill*         0x08015d9c        0x4 00
 .rodata        0x08015da0       0x14 build/obj/gpt_lld.o
 *fill*         0x08015db4        0xc 00
 .rodata        0x08015dc0       0x80 build/obj/sdc_lld.o
 .rodata        0x08015e40      0x100 build/obj/i2c_lld.o
 .rodata        0x08015f40       0x50 build/obj/spi_lld.o
 .rodata        0x08015f90        0x8 build/obj/chprintf.o
 *fill*         0x08015f98        0x8 00
 .rodata        0x08015fa0       0x54 build/obj/ff.o
 *fill*         0x08015ff4        0xc 00
 .rodata        0x08016000        0xc build/obj/kb_altimeter.o
 *fill*         0x0801600c        0x4 00
 .rodata        0x08016010      0x114 build/obj/kb_debug.o
 *fill*         0x08016124        0xc 00
 .rodata        0x08016130       0x34 build/obj/kb_featureA.o
 *fill*         0x08016164        0xc 00
 .rodata        0x08016170        0x4 build/obj/kb_gps.o
 *fill*         0x08016174        0xc 00
 .rodata        0x08016180       0x24 build/obj/kb_menu.o
 *fill*         0x080161a4        0xc 00
 .rodata        0x080161b0       0x70 build/obj/kb_screen.o
 .rodata        0x08016220       0xac build/obj/kb_writer.o
 *fill*         0x080162cc        0x4 00
 .rodata        0x080162d0       0x2c build/obj/main.o
 *(.rodata.*)
 *fill*         0x080162fc        0x4 00
 .rodata.ch_debug
                0x08016300       0x18 build/obj/chregistry.o
                0x08016300                ch_debug
 *fill*         0x08016318        0x8 00
 .rodata.sdc_vmt
                0x08016320       0x20 build/obj/sdc.o
 .rodata.vmt    0x08016340       0x20 build/obj/serial.o
 .rodata._stm32_dma_streams
                0x08016360       0xc0 build/obj/stm32_dma.o
                0x08016360                _stm32_dma_streams
 .rodata.default_config
                0x08016420        0xc build/obj/serial_lld.o
 *fill*         0x0801642c        0x4 00
 .rodata.pal_default_config
                0x08016430       0xfc build/obj/board.o
                0x08016430                pal_default_config
 *fill*         0x0801652c        0x4 00
 .rodata.vmt    0x08016530       0x10 build/obj/memstreams.o
 .rodata.ExCvt  0x08016540       0x80 build/obj/ff.o
 .rodata.ST7565font
                0x080165c0      0x4fc build/obj/glcdfont.o
                0x080165c0                ST7565font
 *fill*         0x08016abc        0x4 00
 .rodata.adc_grp_cfg
                0x08016ac0       0x28 build/obj/kb_adc.o
 *fill*         0x08016ae8        0x8 00
 .rodata.default_vectornav_config
                0x08016af0       0x14 build/obj/kb_vectornav.o
 *fill*         0x08016b04        0xc 00
 .rodata.sdio_cfg
                0x08016b10        0x4 build/obj/main.o
 *fill*         0x08016b14        0xc 00
 .rodata.eeprom_cfg
                0x08016b20        0xc build/obj/main.o
 *fill*         0x08016b2c        0x4 00
 .rodata.lcd_cfg
                0x08016b30       0x1c build/obj/main.o
 *fill*         0x08016b4c        0x4 00
 .rodata.extcfg
                0x08016b50       0xb8 build/obj/main.o
 *fill*         0x08016c08        0x8 00
 .rodata.i2cfg2
                0x08016c10        0xc build/obj/main.o
 *fill*         0x08016c1c        0x4 00
 .rodata.pagemap
                0x08016c20        0x4 build/obj/ST7565.o
 *fill*         0x08016c24        0xc 00
 .rodata.st7565_nanibox
                0x08016c30      0x200 build/obj/ST7565.o
 .rodata.str1.4
                0x08016e30        0x4 c:/chibistudio/tools/gnu tools arm embedded/4.7 2013q1/bin/../lib/gcc/arm-none-eabi/4.7.3/../../../../arm-none-eabi/lib/armv7e-m\libm.a(lib_a-w_pow.o)
 *fill*         0x08016e34        0xc 00
 .rodata.str1.4
                0x08016e40        0x5 c:/chibistudio/tools/gnu tools arm embedded/4.7 2013q1/bin/../lib/gcc/arm-none-eabi/4.7.3/../../../../arm-none-eabi/lib/armv7e-m\libm.a(lib_a-w_sqrt.o)
                                  0x8 (size before relaxing)
 *fill*         0x08016e45        0xb 00
 .rodata.dp_h   0x08016e50       0x10 c:/chibistudio/tools/gnu tools arm embedded/4.7 2013q1/bin/../lib/gcc/arm-none-eabi/4.7.3/../../../../arm-none-eabi/lib/armv7e-m\libm.a(lib_a-e_pow.o)
 .rodata.dp_l   0x08016e60       0x10 c:/chibistudio/tools/gnu tools arm embedded/4.7 2013q1/bin/../lib/gcc/arm-none-eabi/4.7.3/../../../../arm-none-eabi/lib/armv7e-m\libm.a(lib_a-e_pow.o)
 .rodata.bp     0x08016e70       0x10 c:/chibistudio/tools/gnu tools arm embedded/4.7 2013q1/bin/../lib/gcc/arm-none-eabi/4.7.3/../../../../arm-none-eabi/lib/armv7e-m\libm.a(lib_a-e_pow.o)
 .rodata.str1.4
                0x00000000        0x5 c:/chibistudio/tools/gnu tools arm embedded/4.7 2013q1/bin/../lib/gcc/arm-none-eabi/4.7.3/../../../../arm-none-eabi/lib/armv7e-m\libm.a(lib_a-e_pow.o)
                                  0x4 (size before relaxing)
 .rodata.npio2_hw
                0x08016e80       0x80 c:/chibistudio/tools/gnu tools arm embedded/4.7 2013q1/bin/../lib/gcc/arm-none-eabi/4.7.3/../../../../arm-none-eabi/lib/armv7e-m\libm.a(lib_a-e_rem_pio2.o)
 .rodata.two_over_pi
                0x08016f00      0x108 c:/chibistudio/tools/gnu tools arm embedded/4.7 2013q1/bin/../lib/gcc/arm-none-eabi/4.7.3/../../../../arm-none-eabi/lib/armv7e-m\libm.a(lib_a-e_rem_pio2.o)
 *fill*         0x08017008        0x8 00
 .rodata.init_jk
                0x08017010       0x10 c:/chibistudio/tools/gnu tools arm embedded/4.7 2013q1/bin/../lib/gcc/arm-none-eabi/4.7.3/../../../../arm-none-eabi/lib/armv7e-m\libm.a(lib_a-k_rem_pio2.o)
 .rodata.PIo2   0x08017020       0x40 c:/chibistudio/tools/gnu tools arm embedded/4.7 2013q1/bin/../lib/gcc/arm-none-eabi/4.7.3/../../../../arm-none-eabi/lib/armv7e-m\libm.a(lib_a-k_rem_pio2.o)
 .rodata.atanlo
                0x08017060       0x20 c:/chibistudio/tools/gnu tools arm embedded/4.7 2013q1/bin/../lib/gcc/arm-none-eabi/4.7.3/../../../../arm-none-eabi/lib/armv7e-m\libm.a(lib_a-s_atan.o)
 .rodata.atanhi
                0x08017080       0x20 c:/chibistudio/tools/gnu tools arm embedded/4.7 2013q1/bin/../lib/gcc/arm-none-eabi/4.7.3/../../../../arm-none-eabi/lib/armv7e-m\libm.a(lib_a-s_atan.o)
 .rodata.TWO52  0x080170a0       0x10 c:/chibistudio/tools/gnu tools arm embedded/4.7 2013q1/bin/../lib/gcc/arm-none-eabi/4.7.3/../../../../arm-none-eabi/lib/armv7e-m\libm.a(lib_a-s_rint.o)
 .rodata.str1.4
                0x080170b0        0x4 c:/chibistudio/tools/gnu tools arm embedded/4.7 2013q1/bin/../lib/gcc/arm-none-eabi/4.7.3/../../../../arm-none-eabi/lib/armv7e-m\libc.a(lib_a-impure.o)
 *(.glue_7t)
 .glue_7t       0x00000000        0x0 linker stubs
 *(.glue_7)
 .glue_7        0x00000000        0x0 linker stubs
 *(.gcc*)

.vfp11_veneer   0x080170b4        0x0
 .vfp11_veneer  0x00000000        0x0 linker stubs

.v4_bx          0x080170b4        0x0
 .v4_bx         0x00000000        0x0 linker stubs

.iplt           0x080170b4        0x0
 .iplt          0x00000000        0x0 build/obj/kb_debug_asm.o

.rel.dyn        0x080170b4        0x0
 .rel.iplt      0x00000000        0x0 build/obj/kb_debug_asm.o

.ARM.extab
 *(.ARM.extab* .gnu.linkonce.armextab.*)

.ARM.exidx      0x080170b4        0x0
                0x080170b4                PROVIDE (__exidx_start, .)
 *(.ARM.exidx* .gnu.linkonce.armexidx.*)
                0x080170b4                PROVIDE (__exidx_end, .)

.eh_frame_hdr
 *(.eh_frame_hdr)

.eh_frame
 *(.eh_frame)

.textalign      0x080170b4        0x4
                0x080170b8                . = ALIGN (0x8)
 *fill*         0x080170b4        0x4 00
                0x080170b8                _etext = .
                0x080170b8                _textdata = _etext

.stacks         0x20000000      0x800
                0x20000000                . = ALIGN (0x8)
                0x20000000                __main_stack_base__ = .
                0x20000400                . = (. + __main_stack_size__)
 *fill*         0x20000000      0x400 00
                0x20000400                . = ALIGN (0x8)
                0x20000400                __main_stack_end__ = .
                0x20000400                __process_stack_base__ = .
                0x20000400                __main_thread_stack_base__ = .
                0x20000800                . = (. + __process_stack_size__)
 *fill*         0x20000400      0x400 00
                0x20000800                . = ALIGN (0x8)
                0x20000800                __process_stack_end__ = .
                0x20000800                __main_thread_stack_end__ = .

.data           0x20000800      0x66c load address 0x080170b8
                0x20000800                . = ALIGN (0x4)
                0x20000800                PROVIDE (_data, .)
 *(.data)
                0x20000800                . = ALIGN (0x4)
 *(.data.*)
 .data.gps_cfg  0x20000800        0xc build/obj/kb_gps.o
 .data.current_item
                0x2000080c        0x2 build/obj/kb_menu.o
                0x2000080c                current_item
 *fill*         0x2000080e        0x2 00
 .data.menu_items
                0x20000810      0x210 build/obj/kb_menu.o
                0x20000810                menu_items
 .data.serial1_default_cfg
                0x20000a20        0xc build/obj/kb_serial.o
 .data.serial2_default_cfg
                0x20000a2c        0xc build/obj/kb_serial.o
 .data.__fdlib_version
                0x20000a38        0x1 c:/chibistudio/tools/gnu tools arm embedded/4.7 2013q1/bin/../lib/gcc/arm-none-eabi/4.7.3/../../../../arm-none-eabi/lib/armv7e-m\libm.a(lib_a-s_lib_ver.o)
                0x20000a38                __fdlib_version
 *fill*         0x20000a39        0x7 00
 .data.impure_data
                0x20000a40      0x428 c:/chibistudio/tools/gnu tools arm embedded/4.7 2013q1/bin/../lib/gcc/arm-none-eabi/4.7.3/../../../../arm-none-eabi/lib/armv7e-m\libc.a(lib_a-impure.o)
 .data._impure_ptr
                0x20000e68        0x4 c:/chibistudio/tools/gnu tools arm embedded/4.7 2013q1/bin/../lib/gcc/arm-none-eabi/4.7.3/../../../../arm-none-eabi/lib/armv7e-m\libc.a(lib_a-impure.o)
                0x20000e68                _impure_ptr
                0x20000e6c                . = ALIGN (0x4)
 *(.ramtext)
                0x20000e6c                . = ALIGN (0x4)
                0x20000e6c                PROVIDE (_edata, .)

.igot.plt       0x20000e6c        0x0 load address 0x08017724
 .igot.plt      0x00000000        0x0 build/obj/kb_debug_asm.o

.bss            0x20000e70    0x11f00 load address 0x08017724
                0x20000e70                . = ALIGN (0x4)
                0x20000e70                PROVIDE (_bss_start, .)
 *(.bss)
                0x20000e70                . = ALIGN (0x4)
 *(.bss.*)
 .bss._idle_thread_wa
                0x20000e70      0x158 build/obj/chsys.o
                0x20000e70                _idle_thread_wa
 .bss.mainthread.4860
                0x20000fc8       0x4c build/obj/chsys.o
 .bss.dbg_isr_cnt
                0x20001014        0x4 build/obj/chdebug.o
                0x20001014                dbg_isr_cnt
 .bss.dbg_lock_cnt
                0x20001018        0x4 build/obj/chdebug.o
                0x20001018                dbg_lock_cnt
 .bss.dbg_trace_buffer
                0x2000101c      0x408 build/obj/chdebug.o
                0x2000101c                dbg_trace_buffer
 .bss.dbg_panic_msg
                0x20001424        0x4 build/obj/chdebug.o
                0x20001424                dbg_panic_msg
 .bss.vtlist    0x20001428       0x10 build/obj/chvt.o
                0x20001428                vtlist
 .bss.rlist     0x20001438       0x1c build/obj/chschd.o
                0x20001438                rlist
 .bss.nextmem   0x20001454        0x4 build/obj/chmemcore.o
 .bss.endmem    0x20001458        0x4 build/obj/chmemcore.o
 *fill*         0x2000145c        0x4 00
 .bss.default_heap
                0x20001460       0x20 build/obj/chheap.o
 .bss.dma_streams_mask
                0x20001480        0x4 build/obj/stm32_dma.o
 .bss.dma_isr_redir
                0x20001484       0x80 build/obj/stm32_dma.o
 .bss.ADCD1     0x20001504       0x34 build/obj/adc_lld.o
                0x20001504                ADCD1
 .bss.ADCD2     0x20001538       0x34 build/obj/adc_lld.o
                0x20001538                ADCD2
 .bss.ADCD3     0x2000156c       0x34 build/obj/adc_lld.o
                0x2000156c                ADCD3
 .bss.EXTD1     0x200015a0        0x8 build/obj/ext_lld.o
                0x200015a0                EXTD1
 .bss.GPTD14    0x200015a8       0x10 build/obj/gpt_lld.o
                0x200015a8                GPTD14
 .bss.ICUD1     0x200015b8       0x18 build/obj/icu_lld.o
                0x200015b8                ICUD1
 .bss.SDCD1     0x200015d0       0x4c build/obj/sdc_lld.o
                0x200015d0                SDCD1
 .bss.u         0x2000161c      0x200 build/obj/sdc_lld.o
 .bss.I2CD2     0x2000181c       0x38 build/obj/i2c_lld.o
                0x2000181c                I2CD2
 .bss.RTCD1     0x20001854        0x4 build/obj/rtc_lld.o
                0x20001854                RTCD1
 .bss.SPID1     0x20001858       0x30 build/obj/spi_lld.o
                0x20001858                SPID1
 .bss.SPID2     0x20001888       0x30 build/obj/spi_lld.o
                0x20001888                SPID2
 .bss.dummytx   0x200018b8        0x2 build/obj/spi_lld.o
 .bss.dummyrx   0x200018ba        0x2 build/obj/spi_lld.o
 .bss.SD1       0x200018bc       0xd8 build/obj/serial_lld.o
                0x200018bc                SD1
 .bss.SD2       0x20001994       0xd8 build/obj/serial_lld.o
                0x20001994                SD2
 .bss.SD6       0x20001a6c       0xd8 build/obj/serial_lld.o
                0x20001a6c                SD6
 .bss.FatFs     0x20001b44        0x4 build/obj/ff.o
 .bss.Fsid      0x20001b48        0x2 build/obj/ff.o
 *fill*         0x20001b4a        0x2 00
 .bss.adc_samples
                0x20001b4c        0xc build/obj/kb_adc.o
 .bss.adc_trigger
                0x20001b58       0x14 build/obj/kb_adc.o
 .bss.adc_cfg   0x20001b6c        0x4 build/obj/kb_adc.o
 .bss.txbuf     0x20001b70        0x4 build/obj/kb_altimeter.o
 .bss.rxbuf     0x20001b74        0x8 build/obj/kb_altimeter.o
 .bss.errors    0x20001b7c        0x4 build/obj/kb_altimeter.o
 .bss.altimeterThread
                0x20001b80        0x4 build/obj/kb_altimeter.o
 *fill*         0x20001b84        0x4 00
 .bss.waAltimeter
                0x20001b88      0x238 build/obj/kb_altimeter.o
 .bss.btn_0_pressed
                0x20001dc0        0x1 build/obj/kb_buttons.o
 .bss.btn_1_pressed
                0x20001dc1        0x1 build/obj/kb_buttons.o
 *fill*         0x20001dc2        0x2 00
 .bss.config    0x20001dc4       0x18 build/obj/kb_config.o
                0x20001dc4                config
 .bss.current_feature
                0x20001ddc        0x4 build/obj/kb_featureA.o
 .bss.featureAThread
                0x20001de0        0x4 build/obj/kb_featureA.o
 *fill*         0x20001de4        0x4 00
 .bss.waFeatureA
                0x20001de8      0x338 build/obj/kb_featureA.o
 .bss.ubx_nav_sol_buffer
                0x20002120       0x3c build/obj/kb_gps.o
                0x20002120                ubx_nav_sol_buffer
 .bss.ubx_nav_sol_idx
                0x2000215c        0x1 build/obj/kb_gps.o
                0x2000215c                ubx_nav_sol_idx
 *fill*         0x2000215d        0x3 00
 .bss.ubx_nav_sol_valid
                0x20002160       0x3c build/obj/kb_gps.o
                0x20002160                ubx_nav_sol_valid
 .bss.gpsThread
                0x2000219c        0x4 build/obj/kb_gps.o
 .bss.waGps     0x200021a0      0x1b8 build/obj/kb_gps.o
 .bss.kuroBox_request_standby
                0x20002358        0x1 build/obj/kb_menu.o
                0x20002358                kuroBox_request_standby
 *fill*         0x20002359        0x3 00
 .bss.btn_semaphore
                0x2000235c        0xc build/obj/kb_menu.o
 .bss.btn_msgs  0x20002368       0x28 build/obj/kb_menu.o
 .bss.btn_mailbox
                0x20002390       0x28 build/obj/kb_menu.o
 .bss.charbuf   0x200023b8       0x80 build/obj/kb_menu.o
 .bss.msb       0x20002438       0x14 build/obj/kb_menu.o
 .bss.screenThread
                0x2000244c        0x4 build/obj/kb_screen.o
 .bss.screen    0x20002450       0x48 build/obj/kb_screen.o
 .bss.charbuf   0x20002498       0x80 build/obj/kb_screen.o
 .bss.msb       0x20002518       0x14 build/obj/kb_screen.o
 *fill*         0x2000252c        0x4 00
 .bss.waScreen  0x20002530     0x1138 build/obj/kb_screen.o
 .bss.serial1_cfg
                0x20003668        0x4 build/obj/kb_serial.o
 .bss.serial2_cfg
                0x2000366c        0x4 build/obj/kb_serial.o
 .bss.last_edge_time
                0x20003670        0x4 build/obj/kb_time.o
 .bss.was_last_edge_short
                0x20003674        0x1 build/obj/kb_time.o
 *fill*         0x20003675        0x3 00
 .bss.ltc_frame
                0x20003678        0xc build/obj/kb_time.o
 .bss.ltc_timecode
                0x20003684        0x4 build/obj/kb_time.o
 .bss.VND1      0x20003688        0xc build/obj/kb_vectornav.o
                0x20003688                VND1
 .bss.async_vn_msg
                0x20003694      0x408 build/obj/kb_vectornav.o
 .bss.vnav_data
                0x20003a9c       0x10 build/obj/kb_vectornav.o
                0x20003a9c                vnav_data
 .bss.writer_header