Archive member included because of file (symbol)

c:/chibistudio/tools/gnu tools arm embedded/4.7 2013q1/bin/../lib/gcc/arm-none-eabi/4.7.3/../../../../arm-none-eabi/lib/armv7e-m\libm.a(lib_a-s_ceil.o)
                              build/obj/decoder.o (ceil)
c:/chibistudio/tools/gnu tools arm embedded/4.7 2013q1/bin/../lib/gcc/arm-none-eabi/4.7.3/../../../../arm-none-eabi/lib/armv7e-m\libm.a(lib_a-s_rint.o)
                              build/obj/ltc.o (rint)
c:/chibistudio/tools/gnu tools arm embedded/4.7 2013q1/bin/../lib/gcc/arm-none-eabi/4.7.3/../../../../arm-none-eabi/lib/armv7e-m\libm.a(lib_a-w_log10.o)
                              build/obj/decoder.o (log10)
c:/chibistudio/tools/gnu tools arm embedded/4.7 2013q1/bin/../lib/gcc/arm-none-eabi/4.7.3/../../../../arm-none-eabi/lib/armv7e-m\libm.a(lib_a-e_log10.o)
                              c:/chibistudio/tools/gnu tools arm embedded/4.7 2013q1/bin/../lib/gcc/arm-none-eabi/4.7.3/../../../../arm-none-eabi/lib/armv7e-m\libm.a(lib_a-w_log10.o) (__ieee754_log10)
c:/chibistudio/tools/gnu tools arm embedded/4.7 2013q1/bin/../lib/gcc/arm-none-eabi/4.7.3/../../../../arm-none-eabi/lib/armv7e-m\libm.a(lib_a-s_fpclassify.o)
                              c:/chibistudio/tools/gnu tools arm embedded/4.7 2013q1/bin/../lib/gcc/arm-none-eabi/4.7.3/../../../../arm-none-eabi/lib/armv7e-m\libm.a(lib_a-w_log10.o) (__fpclassifyd)
c:/chibistudio/tools/gnu tools arm embedded/4.7 2013q1/bin/../lib/gcc/arm-none-eabi/4.7.3/../../../../arm-none-eabi/lib/armv7e-m\libm.a(lib_a-s_lib_ver.o)
                              c:/chibistudio/tools/gnu tools arm embedded/4.7 2013q1/bin/../lib/gcc/arm-none-eabi/4.7.3/../../../../arm-none-eabi/lib/armv7e-m\libm.a(lib_a-w_log10.o) (__fdlib_version)
c:/chibistudio/tools/gnu tools arm embedded/4.7 2013q1/bin/../lib/gcc/arm-none-eabi/4.7.3/../../../../arm-none-eabi/lib/armv7e-m\libm.a(lib_a-s_matherr.o)
                              c:/chibistudio/tools/gnu tools arm embedded/4.7 2013q1/bin/../lib/gcc/arm-none-eabi/4.7.3/../../../../arm-none-eabi/lib/armv7e-m\libm.a(lib_a-w_log10.o) (matherr)
c:/chibistudio/tools/gnu tools arm embedded/4.7 2013q1/bin/../lib/gcc/arm-none-eabi/4.7.3/../../../../arm-none-eabi/lib/armv7e-m\libm.a(lib_a-s_nan.o)
                              c:/chibistudio/tools/gnu tools arm embedded/4.7 2013q1/bin/../lib/gcc/arm-none-eabi/4.7.3/../../../../arm-none-eabi/lib/armv7e-m\libm.a(lib_a-w_log10.o) (nan)
c:/chibistudio/tools/gnu tools arm embedded/4.7 2013q1/bin/../lib/gcc/arm-none-eabi/4.7.3/../../../../arm-none-eabi/lib/armv7e-m\libm.a(lib_a-e_log.o)
                              c:/chibistudio/tools/gnu tools arm embedded/4.7 2013q1/bin/../lib/gcc/arm-none-eabi/4.7.3/../../../../arm-none-eabi/lib/armv7e-m\libm.a(lib_a-e_log10.o) (__ieee754_log)
c:/chibistudio/tools/gnu tools arm embedded/4.7 2013q1/bin/../lib/gcc/arm-none-eabi/4.7.3/armv7e-m\libgcc.a(_arm_addsubdf3.o)
                              build/obj/decoder.o (__aeabi_dsub)
c:/chibistudio/tools/gnu tools arm embedded/4.7 2013q1/bin/../lib/gcc/arm-none-eabi/4.7.3/armv7e-m\libgcc.a(_arm_muldivdf3.o)
                              build/obj/decoder.o (__aeabi_dmul)
c:/chibistudio/tools/gnu tools arm embedded/4.7 2013q1/bin/../lib/gcc/arm-none-eabi/4.7.3/armv7e-m\libgcc.a(_arm_cmpdf2.o)
                              c:/chibistudio/tools/gnu tools arm embedded/4.7 2013q1/bin/../lib/gcc/arm-none-eabi/4.7.3/../../../../arm-none-eabi/lib/armv7e-m\libm.a(lib_a-w_log10.o) (__aeabi_dcmpeq)
c:/chibistudio/tools/gnu tools arm embedded/4.7 2013q1/bin/../lib/gcc/arm-none-eabi/4.7.3/armv7e-m\libgcc.a(_arm_fixdfsi.o)
                              build/obj/decoder.o (__aeabi_d2iz)
c:/chibistudio/tools/gnu tools arm embedded/4.7 2013q1/bin/../lib/gcc/arm-none-eabi/4.7.3/armv7e-m\libgcc.a(_arm_fixunsdfsi.o)
                              build/obj/ltc.o (__aeabi_d2uiz)
c:/chibistudio/tools/gnu tools arm embedded/4.7 2013q1/bin/../lib/gcc/arm-none-eabi/4.7.3/armv7e-m\libgcc.a(_arm_truncdfsf2.o)
                              build/obj/decoder.o (__aeabi_d2f)
c:/chibistudio/tools/gnu tools arm embedded/4.7 2013q1/bin/../lib/gcc/arm-none-eabi/4.7.3/armv7e-m\libgcc.a(_fixdfdi.o)
                              build/obj/decoder.o (__aeabi_d2lz)
c:/chibistudio/tools/gnu tools arm embedded/4.7 2013q1/bin/../lib/gcc/arm-none-eabi/4.7.3/armv7e-m\libgcc.a(_fixunsdfdi.o)
                              c:/chibistudio/tools/gnu tools arm embedded/4.7 2013q1/bin/../lib/gcc/arm-none-eabi/4.7.3/armv7e-m\libgcc.a(_fixdfdi.o) (__aeabi_d2ulz)
c:/chibistudio/tools/gnu tools arm embedded/4.7 2013q1/bin/../lib/gcc/arm-none-eabi/4.7.3/../../../../arm-none-eabi/lib/armv7e-m\libc.a(lib_a-errno.o)
                              c:/chibistudio/tools/gnu tools arm embedded/4.7 2013q1/bin/../lib/gcc/arm-none-eabi/4.7.3/../../../../arm-none-eabi/lib/armv7e-m\libm.a(lib_a-w_log10.o) (__errno)
[...]
Memory Configuration

Name             Origin             Length             Attributes
flash            0x08000000         0x00100000
ram              0x20000000         0x0001c000
ethram           0x2001c000         0x00004000
ccmram           0x10000000         0x00010000
*default*        0x00000000         0xffffffff

Linker script and memory map

LOAD build/obj/kb_debug_asm.o
LOAD build/obj/crt0.o
LOAD build/obj/vectors.o
LOAD build/obj/chcore.o
LOAD build/obj/chcore_v7m.o
LOAD build/obj/nvic.o
LOAD build/obj/chsys.o
LOAD build/obj/chdebug.o
LOAD build/obj/chlists.o
LOAD build/obj/chvt.o
LOAD build/obj/chschd.o
LOAD build/obj/chthreads.o
LOAD build/obj/chdynamic.o
LOAD build/obj/chregistry.o
LOAD build/obj/chsem.o
LOAD build/obj/chmtx.o
LOAD build/obj/chcond.o
LOAD build/obj/chevents.o
LOAD build/obj/chmsg.o
LOAD build/obj/chmboxes.o
LOAD build/obj/chqueues.o
LOAD build/obj/chmemcore.o
LOAD build/obj/chheap.o
LOAD build/obj/chmempools.o
LOAD build/obj/hal.o
LOAD build/obj/adc.o
LOAD build/obj/can.o
LOAD build/obj/ext.o
LOAD build/obj/gpt.o
LOAD build/obj/i2c.o
LOAD build/obj/icu.o
LOAD build/obj/mac.o
LOAD build/obj/mmc_spi.o
LOAD build/obj/mmcsd.o
LOAD build/obj/pal.o
LOAD build/obj/pwm.o
LOAD build/obj/rtc.o
LOAD build/obj/sdc.o
LOAD build/obj/serial.o
LOAD build/obj/serial_usb.o
LOAD build/obj/spi.o
LOAD build/obj/tm.o
LOAD build/obj/uart.o
LOAD build/obj/usb.o
LOAD build/obj/stm32_dma.o
LOAD build/obj/hal_lld.o
LOAD build/obj/adc_lld.o
LOAD build/obj/ext_lld_isr.o
LOAD build/obj/can_lld.o
LOAD build/obj/ext_lld.o
LOAD build/obj/gpt_lld.o
LOAD build/obj/icu_lld.o
LOAD build/obj/mac_lld.o
LOAD build/obj/pwm_lld.o
LOAD build/obj/sdc_lld.o
LOAD build/obj/pal_lld.o
LOAD build/obj/i2c_lld.o
LOAD build/obj/usb_lld.o
LOAD build/obj/rtc_lld.o
LOAD build/obj/spi_lld.o
LOAD build/obj/serial_lld.o
LOAD build/obj/uart_lld.o
LOAD build/obj/board.o
LOAD build/obj/chprintf.o
LOAD build/obj/chrtclib.o
LOAD build/obj/memstreams.o
LOAD build/obj/kb_debug.o
LOAD build/obj/fatfs_diskio.o
LOAD build/obj/ff.o
LOAD build/obj/glcdfont.o
LOAD build/obj/kb_adc.o
LOAD build/obj/kb_buttons.o
LOAD build/obj/kb_logger.o
LOAD build/obj/kb_screen.o
LOAD build/obj/kb_time.o
LOAD build/obj/decoder.o
LOAD build/obj/ltc.o
LOAD build/obj/timecode.o
LOAD build/obj/main.o
LOAD build/obj/spiEEPROM.o
LOAD build/obj/ST7565.o
LOAD c:/chibistudio/tools/gnu tools arm embedded/4.7 2013q1/bin/../lib/gcc/arm-none-eabi/4.7.3/../../../../arm-none-eabi/lib/armv7e-m\libm.a
START GROUP
LOAD c:/chibistudio/tools/gnu tools arm embedded/4.7 2013q1/bin/../lib/gcc/arm-none-eabi/4.7.3/armv7e-m\libgcc.a
LOAD c:/chibistudio/tools/gnu tools arm embedded/4.7 2013q1/bin/../lib/gcc/arm-none-eabi/4.7.3/../../../../arm-none-eabi/lib/armv7e-m\libc.a
END GROUP
                0x00000400                __main_stack_size__ = 0x400
                0x00000400                __process_stack_size__ = 0x400
                0x20000000                __ram_start__ = ORIGIN (ram)
                0x0001c000                __ram_size__ = 0x1c000
                0x2001c000                __ram_end__ = (__ram_start__ + __ram_size__)
                0x00000000                . = 0x0
                0x00000000                _text = .

startup         0x08000000      0x188
 *(vectors)
 vectors        0x08000000      0x188 build/obj/vectors.o
                0x08000000                _vectors

constructors    0x08000188        0x0
                0x08000188                PROVIDE (__init_array_start, .)
 *(SORT(.init_array.*))
 *(.init_array)
                0x08000188                PROVIDE (__init_array_end, .)

destructors     0x08000188        0x0
                0x08000188                PROVIDE (__fini_array_start, .)
 *(.fini_array)
 *(SORT(.fini_array.*))
                0x08000188                PROVIDE (__fini_array_end, .)

.text           0x08000190     0xbaf4
 *(.text.startup.*)
 .text.startup.main
                0x08000190       0x30 build/obj/main.o
                0x08000190                main
 *(.text)
 .text          0x080001c0       0x12 build/obj/kb_debug_asm.o
                0x080001c0                HardFaultVector
 *fill*         0x080001d2        0xe 00
 .text          0x080001e0      0x370 c:/chibistudio/tools/gnu tools arm embedded/4.7 2013q1/bin/../lib/gcc/arm-none-eabi/4.7.3/armv7e-m\libgcc.a(_arm_addsubdf3.o)
                0x080001e0                __aeabi_drsub
                0x080001e8                __aeabi_dsub
                0x080001e8                __subdf3
                0x080001ec                __aeabi_dadd
                0x080001ec                __adddf3
                0x08000464                __floatunsidf
                0x08000464                __aeabi_ui2d
                0x08000484                __floatsidf
                0x08000484                __aeabi_i2d
                0x080004a8                __aeabi_f2d
                0x080004a8                __extendsfdf2
                0x080004e4                __floatundidf
                0x080004e4                __aeabi_ul2d
                0x080004f4                __floatdidf
                0x080004f4                __aeabi_l2d
 .text          0x08000550      0x424 c:/chibistudio/tools/gnu tools arm embedded/4.7 2013q1/bin/../lib/gcc/arm-none-eabi/4.7.3/armv7e-m\libgcc.a(_arm_muldivdf3.o)
                0x08000550                __aeabi_dmul
                0x08000550                __muldf3
                0x080007a4                __divdf3
                0x080007a4                __aeabi_ddiv
 *fill*         0x08000974        0xc 00
 .text          0x08000980      0x110 c:/chibistudio/tools/gnu tools arm embedded/4.7 2013q1/bin/../lib/gcc/arm-none-eabi/4.7.3/armv7e-m\libgcc.a(_arm_cmpdf2.o)
                0x08000980                __gtdf2
                0x08000980                __gedf2
                0x08000988                __ltdf2
                0x08000988                __ledf2
                0x08000990                __nedf2
                0x08000990                __eqdf2
                0x08000990                __cmpdf2
                0x08000a0c                __aeabi_cdrcmple
                0x08000a1c                __aeabi_cdcmpeq
                0x08000a1c                __aeabi_cdcmple
                0x08000a2c                __aeabi_dcmpeq
                0x08000a40                __aeabi_dcmplt
                0x08000a54                __aeabi_dcmple
                0x08000a68                __aeabi_dcmpge
                0x08000a7c                __aeabi_dcmpgt
 .text          0x08000a90       0x50 c:/chibistudio/tools/gnu tools arm embedded/4.7 2013q1/bin/../lib/gcc/arm-none-eabi/4.7.3/armv7e-m\libgcc.a(_arm_fixdfsi.o)
                0x08000a90                __aeabi_d2iz
                0x08000a90                __fixdfsi
 .text          0x08000ae0       0x40 c:/chibistudio/tools/gnu tools arm embedded/4.7 2013q1/bin/../lib/gcc/arm-none-eabi/4.7.3/armv7e-m\libgcc.a(_arm_fixunsdfsi.o)
                0x08000ae0                __aeabi_d2uiz
                0x08000ae0                __fixunsdfsi
 .text          0x08000b20       0xa0 c:/chibistudio/tools/gnu tools arm embedded/4.7 2013q1/bin/../lib/gcc/arm-none-eabi/4.7.3/armv7e-m\libgcc.a(_arm_truncdfsf2.o)
                0x08000b20                __truncdfsf2
                0x08000b20                __aeabi_d2f
 .text          0x08000bc0       0x34 c:/chibistudio/tools/gnu tools arm embedded/4.7 2013q1/bin/../lib/gcc/arm-none-eabi/4.7.3/armv7e-m\libgcc.a(_fixdfdi.o)
                0x08000bc0                __fixdfdi
                0x08000bc0                __aeabi_d2lz
 *fill*         0x08000bf4        0xc 00
 .text          0x08000c00       0x44 c:/chibistudio/tools/gnu tools arm embedded/4.7 2013q1/bin/../lib/gcc/arm-none-eabi/4.7.3/armv7e-m\libgcc.a(_fixunsdfdi.o)
                0x08000c00                __fixunsdfdi
                0x08000c00                __aeabi_d2ulz
 *(.text.*)
 *fill*         0x08000c44        0xc 00
 .text.__late_init
                0x08000c50       0x10 build/obj/crt0.o
                0x08000c50                __late_init
 .text._default_exit
                0x08000c60       0x10 build/obj/crt0.o
                0x08000c60                _default_exit
 .text.ResetHandler
                0x08000c70      0x1d0 build/obj/crt0.o
                0x08000c70                ResetHandler
 .text._unhandled_exception
                0x08000e40       0x10 build/obj/vectors.o
                0x08000e40                NMIVector
                0x08000e40                Vector11C
                0x08000e40                Vector8C
                0x08000e40                VectorDC
                0x08000e40                Vector168
                0x08000e40                Vector110
                0x08000e40                VectorC8
                0x08000e40                Vector94
                0x08000e40                VectorA8
                0x08000e40                VectorB4
                0x08000e40                Vector160
                0x08000e40                VectorEC
                0x08000e40                UsageFaultVector
                0x08000e40                DebugMonitorVector
                0x08000e40                Vector40
                0x08000e40                VectorF8
                0x08000e40                Vector108
                0x08000e40                VectorBC
                0x08000e40                Vector148
                0x08000e40                PendSVVector
                0x08000e40                Vector118
                0x08000e40                VectorCC
                0x08000e40                Vector54
                0x08000e40                Vector98
                0x08000e40                Vector24
                0x08000e40                Vector178
                0x08000e40                BusFaultVector
                0x08000e40                VectorD0
                0x08000e40                Vector140
                0x08000e40                VectorE4
                0x08000e40                VectorC0
                0x08000e40                Vector134
                0x08000e40                VectorF0
                0x08000e40                Vector13C
                0x08000e40                Vector100
                0x08000e40                MemManageVector
                0x08000e40                VectorA0
                0x08000e40                VectorC4
                0x08000e40                Vector180
                0x08000e40                VectorB0
                0x08000e40                Vector90
                0x08000e40                Vector114
                0x08000e40                Vector164
                0x08000e40                Vector1C
                0x08000e40                Vector17C
                0x08000e40                Vector48
                0x08000e40                Vector16C
                0x08000e40                Vector144
                0x08000e40                Vector15C
                0x08000e40                _unhandled_exception
                0x08000e40                Vector184
                0x08000e40                Vector10C
                0x08000e40                Vector14C
                0x08000e40                Vector50
                0x08000e40                Vector28
                0x08000e40                VectorB8
                0x08000e40                Vector34
                0x08000e40                Vector20
                0x08000e40                Vector174
 .text.port_halt
                0x08000e50       0x10 build/obj/chcore.o
                0x08000e50                port_halt
 .text._port_switch_from_isr
                0x08000e60       0x10 build/obj/chcore_v7m.o
                0x08000e60                _port_switch_from_isr
 .text.SVCallVector
                0x08000e70       0x20 build/obj/chcore_v7m.o
                0x08000e70                SVCallVector
 .text._port_init
                0x08000e90       0x40 build/obj/chcore_v7m.o
                0x08000e90                _port_init
 .text._port_irq_epilogue
                0x08000ed0       0x80 build/obj/chcore_v7m.o
                0x08000ed0                _port_irq_epilogue
 .text.SysTickVector
                0x08000f50       0x30 build/obj/chcore_v7m.o
                0x08000f50                SysTickVector
 .text._port_switch
                0x08000f80       0x10 build/obj/chcore_v7m.o
                0x08000f80                _port_switch
 .text._port_thread_start
                0x08000f90       0x20 build/obj/chcore_v7m.o
                0x08000f90                _port_thread_start
 .text.nvicEnableVector
                0x08000fb0       0x50 build/obj/nvic.o
                0x08000fb0                nvicEnableVector
 .text.nvicSetSystemHandlerPriority
                0x08001000       0x30 build/obj/nvic.o
                0x08001000                nvicSetSystemHandlerPriority
 .text._idle_thread
                0x08001030       0x20 build/obj/chsys.o
                0x08001030                _idle_thread
 .text.chSysInit
                0x08001050       0x80 build/obj/chsys.o
                0x08001050                chSysInit
 .text.chSysTimerHandlerI
                0x080010d0       0x70 build/obj/chsys.o
                0x080010d0                chSysTimerHandlerI
 .text._trace_init
                0x08001140       0x20 build/obj/chdebug.o
                0x08001140                _trace_init
 .text.dbg_trace
                0x08001160       0x40 build/obj/chdebug.o
                0x08001160                dbg_trace
 .text.chDbgPanic
                0x080011a0       0x20 build/obj/chdebug.o
                0x080011a0                chDbgPanic
 .text.chDbgCheckClassS
                0x080011c0       0x30 build/obj/chdebug.o
                0x080011c0                chDbgCheckClassS
 .text.chDbgCheckClassI
                0x080011f0       0x30 build/obj/chdebug.o
                0x080011f0                chDbgCheckClassI
 .text.dbg_check_leave_isr
                0x08001220       0x40 build/obj/chdebug.o
                0x08001220                dbg_check_leave_isr
 .text.dbg_check_enter_isr
                0x08001260       0x40 build/obj/chdebug.o
                0x08001260                dbg_check_enter_isr
 .text.dbg_check_unlock_from_isr
                0x080012a0       0x30 build/obj/chdebug.o
                0x080012a0                dbg_check_unlock_from_isr
 .text.dbg_check_lock_from_isr
                0x080012d0       0x30 build/obj/chdebug.o
                0x080012d0                dbg_check_lock_from_isr
 .text.dbg_check_unlock
                0x08001300       0x30 build/obj/chdebug.o
                0x08001300                dbg_check_unlock
 .text.dbg_check_lock
                0x08001330       0x30 build/obj/chdebug.o
                0x08001330                dbg_check_lock
 .text.dbg_check_enable
                0x08001360       0x20 build/obj/chdebug.o
                0x08001360                dbg_check_enable
 .text._vt_init
                0x08001380       0x20 build/obj/chvt.o
                0x08001380                _vt_init
 .text.chVTSetI
                0x080013a0       0x60 build/obj/chvt.o
                0x080013a0                chVTSetI
 .text.chVTResetI
                0x08001400       0x50 build/obj/chvt.o
                0x08001400                chVTResetI
 .text._scheduler_init
                0x08001450       0x20 build/obj/chschd.o
                0x08001450                _scheduler_init
 .text.chSchReadyI
                0x08001470       0x50 build/obj/chschd.o
                0x08001470                chSchReadyI
 .text.wakeup   0x080014c0       0x60 build/obj/chschd.o
 .text.chSchGoSleepS
                0x08001520       0x50 build/obj/chschd.o
                0x08001520                chSchGoSleepS
 .text.chSchGoSleepTimeoutS
                0x08001570       0x50 build/obj/chschd.o
                0x08001570                chSchGoSleepTimeoutS
 .text.chSchWakeupS
                0x080015c0       0x60 build/obj/chschd.o
                0x080015c0                chSchWakeupS
 .text.chSchDoRescheduleBehind
                0x08001620       0x50 build/obj/chschd.o
                0x08001620                chSchDoRescheduleBehind
 .text.chSchDoRescheduleAhead
                0x08001670       0x60 build/obj/chschd.o
                0x08001670                chSchDoRescheduleAhead
 .text.chSchDoReschedule
                0x080016d0       0x20 build/obj/chschd.o
                0x080016d0                chSchDoReschedule
 .text._thread_init
                0x080016f0       0x60 build/obj/chthreads.o
                0x080016f0                _thread_init
 .text.chThdCreateI
                0x08001750       0xb0 build/obj/chthreads.o
                0x08001750                chThdCreateI
 .text.chThdCreateStatic
                0x08001800       0xa0 build/obj/chthreads.o
                0x08001800                chThdCreateStatic
 .text.chThdSleep
                0x080018a0       0x30 build/obj/chthreads.o
                0x080018a0                chThdSleep
 .text.chThdSleepUntil
                0x080018d0       0x30 build/obj/chthreads.o
                0x080018d0                chThdSleepUntil
 .text.chThdExitS
                0x08001900       0x50 build/obj/chthreads.o
                0x08001900                chThdExitS
 .text.chThdExit
                0x08001950       0x20 build/obj/chthreads.o
                0x08001950                chThdExit
 .text.chMtxInit
                0x08001970       0x20 build/obj/chmtx.o
                0x08001970                chMtxInit
 .text.chEvtSignalI
                0x08001990       0x50 build/obj/chevents.o
                0x08001990                chEvtSignalI
 .text.chEvtBroadcastFlagsI
                0x080019e0       0x40 build/obj/chevents.o
                0x080019e0                chEvtBroadcastFlagsI
 .text.qwait    0x08001a20       0x30 build/obj/chqueues.o
 .text.chIQInit
                0x08001a50       0x20 build/obj/chqueues.o
                0x08001a50                chIQInit
 .text.chIQPutI
                0x08001a70       0x60 build/obj/chqueues.o
                0x08001a70                chIQPutI
 .text.chIQGetTimeout
                0x08001ad0       0x60 build/obj/chqueues.o
                0x08001ad0                chIQGetTimeout
 .text.chIQReadTimeout
                0x08001b30       0xa0 build/obj/chqueues.o
                0x08001b30                chIQReadTimeout
 .text.chOQInit
                0x08001bd0       0x20 build/obj/chqueues.o
                0x08001bd0                chOQInit
 .text.chOQPutTimeout
                0x08001bf0       0x70 build/obj/chqueues.o
                0x08001bf0                chOQPutTimeout
 .text.chOQGetI
                0x08001c60       0x50 build/obj/chqueues.o
                0x08001c60                chOQGetI
 .text.chOQWriteTimeout
                0x08001cb0       0xa0 build/obj/chqueues.o
                0x08001cb0                chOQWriteTimeout
 .text._core_init
                0x08001d50       0x30 build/obj/chmemcore.o
                0x08001d50                _core_init
 .text.chCoreAllocI
                0x08001d80       0x30 build/obj/chmemcore.o
                0x08001d80                chCoreAllocI
 .text.chCoreAlloc
                0x08001db0       0x30 build/obj/chmemcore.o
                0x08001db0                chCoreAlloc
 .text._heap_init
                0x08001de0       0x20 build/obj/chheap.o
                0x08001de0                _heap_init
 .text.halInit  0x08001e00       0x40 build/obj/hal.o
                0x08001e00                halInit
 .text.adcInit  0x08001e40       0x10 build/obj/adc.o
                0x08001e40                adcInit
 .text.adcObjectInit
                0x08001e50       0x20 build/obj/adc.o
                0x08001e50                adcObjectInit
 .text.adcStart
                0x08001e70       0x50 build/obj/adc.o
                0x08001e70                adcStart
 .text.adcStartConversionI
                0x08001ec0       0x60 build/obj/adc.o
                0x08001ec0                adcStartConversionI
 .text.extInit  0x08001f20       0x10 build/obj/ext.o
                0x08001f20                extInit
 .text.extObjectInit
                0x08001f30       0x10 build/obj/ext.o
                0x08001f30                extObjectInit
 .text.extStart
                0x08001f40       0x50 build/obj/ext.o
                0x08001f40                extStart
 .text.gptInit  0x08001f90       0x10 build/obj/gpt.o
                0x08001f90                gptInit
 .text.gptObjectInit
                0x08001fa0       0x10 build/obj/gpt.o
                0x08001fa0                gptObjectInit
 .text.icuInit  0x08001fb0       0x10 build/obj/icu.o
                0x08001fb0                icuInit
 .text.icuObjectInit
                0x08001fc0       0x10 build/obj/icu.o
                0x08001fc0                icuObjectInit
 .text.icuStart
                0x08001fd0       0x50 build/obj/icu.o
                0x08001fd0                icuStart
 .text.icuEnable
                0x08002020       0x50 build/obj/icu.o
                0x08002020                icuEnable
 .text.mmcsd_get_slice
                0x08002070       0x60 build/obj/mmcsd.o
 .text.mmcsdGetCapacity
                0x080020d0       0x50 build/obj/mmcsd.o
                0x080020d0                mmcsdGetCapacity
 .text.rtcInit  0x08002120       0x10 build/obj/rtc.o
                0x08002120                rtcInit
 .text.rtcGetTime
                0x08002130       0x40 build/obj/rtc.o
                0x08002130                rtcGetTime
 .text.rtcGetTimeFat
                0x08002170       0x20 build/obj/rtc.o
                0x08002170                rtcGetTimeFat
 .text.sdcGetInfo
                0x08002190       0x30 build/obj/sdc.o
                0x08002190                sdcGetInfo
 .text.sdcConnect
                0x080021c0      0x270 build/obj/sdc.o
                0x080021c0                sdcConnect
 .text.sdcSync  0x08002430       0x30 build/obj/sdc.o
                0x08002430                sdcSync
 .text.sdcWrite
                0x08002460       0x60 build/obj/sdc.o
                0x08002460                sdcWrite
 .text.sdcRead  0x080024c0       0x60 build/obj/sdc.o
                0x080024c0                sdcRead
 .text._sdc_wait_for_transfer_state
                0x08002520       0x50 build/obj/sdc.o
                0x08002520                _sdc_wait_for_transfer_state
 .text.sdcDisconnect
                0x08002570       0x80 build/obj/sdc.o
                0x08002570                sdcDisconnect
 .text.sdcInit  0x080025f0       0x10 build/obj/sdc.o
                0x080025f0                sdcInit
 .text.sdcObjectInit
                0x08002600       0x20 build/obj/sdc.o
                0x08002600                sdcObjectInit
 .text.sdcStart
                0x08002620       0x50 build/obj/sdc.o
                0x08002620                sdcStart
 .text.readt    0x08002670       0x10 build/obj/serial.o
 .text.read     0x08002680       0x10 build/obj/serial.o
 .text.writet   0x08002690       0x10 build/obj/serial.o
 .text.write    0x080026a0       0x10 build/obj/serial.o
 .text.gett     0x080026b0       0x10 build/obj/serial.o
 .text.get      0x080026c0       0x10 build/obj/serial.o
 .text.putt     0x080026d0       0x10 build/obj/serial.o
 .text.put      0x080026e0       0x10 build/obj/serial.o
 .text.sdInit   0x080026f0       0x10 build/obj/serial.o
                0x080026f0                sdInit
 .text.sdObjectInit
                0x08002700       0x50 build/obj/serial.o
                0x08002700                sdObjectInit
 .text.sdStart  0x08002750       0x50 build/obj/serial.o
                0x08002750                sdStart
 .text.sdIncomingDataI
                0x080027a0       0x50 build/obj/serial.o
                0x080027a0                sdIncomingDataI
 .text.spiInit  0x080027f0       0x10 build/obj/spi.o
                0x080027f0                spiInit
 .text.spiObjectInit
                0x08002800       0x10 build/obj/spi.o
                0x08002800                spiObjectInit
 .text.spiStart
                0x08002810       0x50 build/obj/spi.o
                0x08002810                spiStart
 .text.spiSelect
                0x08002860       0x40 build/obj/spi.o
                0x08002860                spiSelect
 .text.spiUnselect
                0x080028a0       0x40 build/obj/spi.o
                0x080028a0                spiUnselect
 .text.Vector6C
                0x080028e0       0x40 build/obj/stm32_dma.o
                0x080028e0                Vector6C
 .text.Vector70
                0x08002920       0x40 build/obj/stm32_dma.o
                0x08002920                Vector70
 .text.Vector74
                0x08002960       0x40 build/obj/stm32_dma.o
                0x08002960                Vector74
 .text.Vector78
                0x080029a0       0x40 build/obj/stm32_dma.o
                0x080029a0                Vector78
 .text.Vector7C
                0x080029e0       0x40 build/obj/stm32_dma.o
                0x080029e0                Vector7C
 .text.Vector80
                0x08002a20       0x40 build/obj/stm32_dma.o
                0x08002a20                Vector80
 .text.Vector84
                0x08002a60       0x40 build/obj/stm32_dma.o
                0x08002a60                Vector84
 .text.VectorFC
                0x08002aa0       0x40 build/obj/stm32_dma.o
                0x08002aa0                VectorFC
 .text.Vector120
                0x08002ae0       0x40 build/obj/stm32_dma.o
                0x08002ae0                Vector120
 .text.Vector124
                0x08002b20       0x40 build/obj/stm32_dma.o
                0x08002b20                Vector124
 .text.Vector128
                0x08002b60       0x40 build/obj/stm32_dma.o
                0x08002b60                Vector128
 .text.Vector12C
                0x08002ba0       0x40 build/obj/stm32_dma.o
                0x08002ba0                Vector12C
 .text.Vector130
                0x08002be0       0x40 build/obj/stm32_dma.o
                0x08002be0                Vector130
 .text.Vector150
                0x08002c20       0x40 build/obj/stm32_dma.o
                0x08002c20                Vector150
 .text.Vector154
                0x08002c60       0x40 build/obj/stm32_dma.o
                0x08002c60                Vector154
 .text.Vector158
                0x08002ca0       0x40 build/obj/stm32_dma.o
                0x08002ca0                Vector158
 .text.dmaInit  0x08002ce0      0x140 build/obj/stm32_dma.o
                0x08002ce0                dmaInit
 .text.dmaStreamAllocate
                0x08002e20       0xc0 build/obj/stm32_dma.o
                0x08002e20                dmaStreamAllocate
 .text.hal_lld_init
                0x08002ee0       0xe0 build/obj/hal_lld.o
                0x08002ee0                hal_lld_init
 .text.stm32_clock_init
                0x08002fc0      0x120 build/obj/hal_lld.o
                0x08002fc0                stm32_clock_init
 .text.adc_lld_init
                0x080030e0       0x90 build/obj/adc_lld.o
                0x080030e0                adc_lld_init
 .text.adc_lld_start
                0x08003170      0x100 build/obj/adc_lld.o
                0x08003170                adc_lld_start
 .text.adc_lld_start_conversion
                0x08003270       0x80 build/obj/adc_lld.o
                0x08003270                adc_lld_start_conversion
 .text.adc_lld_stop_conversion
                0x080032f0       0x30 build/obj/adc_lld.o
                0x080032f0                adc_lld_stop_conversion
 .text.adc_lld_serve_rx_interrupt
                0x08003320      0x110 build/obj/adc_lld.o
 .text.Vector88
                0x08003430      0x170 build/obj/adc_lld.o
                0x08003430                Vector88
 .text.adcSTM32EnableTSVREFE
                0x080035a0       0x20 build/obj/adc_lld.o
                0x080035a0                adcSTM32EnableTSVREFE
 .text.adcSTM32EnableVBATE
                0x080035c0       0x20 build/obj/adc_lld.o
                0x080035c0                adcSTM32EnableVBATE
 .text.Vector58
                0x080035e0       0x30 build/obj/ext_lld_isr.o
                0x080035e0                Vector58
 .text.Vector5C
                0x08003610       0x30 build/obj/ext_lld_isr.o
                0x08003610                Vector5C
 .text.Vector60
                0x08003640       0x30 build/obj/ext_lld_isr.o
                0x08003640                Vector60
 .text.Vector64
                0x08003670       0x30 build/obj/ext_lld_isr.o
                0x08003670                Vector64
 .text.Vector68
                0x080036a0       0x30 build/obj/ext_lld_isr.o
                0x080036a0                Vector68
 .text.Vector9C
                0x080036d0       0x80 build/obj/ext_lld_isr.o
                0x080036d0                Vector9C
 .text.VectorE0
                0x08003750       0x90 build/obj/ext_lld_isr.o
                0x08003750                VectorE0
 .text.Vector44
                0x080037e0       0x40 build/obj/ext_lld_isr.o
                0x080037e0                Vector44
 .text.VectorE8
                0x08003820       0x40 build/obj/ext_lld_isr.o
                0x08003820                VectorE8
 .text.Vector138
                0x08003860       0x40 build/obj/ext_lld_isr.o
                0x08003860                Vector138
 .text.Vector170
                0x080038a0       0x40 build/obj/ext_lld_isr.o
                0x080038a0                Vector170
 .text.Vector4C
                0x080038e0       0x40 build/obj/ext_lld_isr.o
                0x080038e0                Vector4C
 .text.ext_lld_exti_irq_enable
                0x08003920       0x80 build/obj/ext_lld_isr.o
                0x08003920                ext_lld_exti_irq_enable
 .text.ext_lld_init
                0x080039a0       0x10 build/obj/ext_lld.o
                0x080039a0                ext_lld_init
 .text.ext_lld_channel_enable
                0x080039b0       0xc0 build/obj/ext_lld.o
                0x080039b0                ext_lld_channel_enable
 .text.ext_lld_channel_disable
                0x08003a70       0x30 build/obj/ext_lld.o
                0x08003a70                ext_lld_channel_disable
 .text.ext_lld_start
                0x08003aa0       0x80 build/obj/ext_lld.o
                0x08003aa0                ext_lld_start
 .text.VectorF4
                0x08003b20       0x40 build/obj/gpt_lld.o
                0x08003b20                VectorF4
 .text.gpt_lld_init
                0x08003b60       0x20 build/obj/gpt_lld.o
                0x08003b60                gpt_lld_init
 .text.icu_lld_serve_interrupt.constprop.0
                0x08003b80       0x90 build/obj/icu_lld.o
 .text.VectorA4
                0x08003c10       0x20 build/obj/icu_lld.o
                0x08003c10                VectorA4
 .text.VectorAC
                0x08003c30       0x20 build/obj/icu_lld.o
                0x08003c30                VectorAC
 .text.icu_lld_init
                0x08003c50       0x20 build/obj/icu_lld.o
                0x08003c50                icu_lld_init
 .text.icu_lld_start
                0x08003c70       0xf0 build/obj/icu_lld.o
                0x08003c70                icu_lld_start
 .text.icu_lld_enable
                0x08003d60       0x60 build/obj/icu_lld.o
                0x08003d60                icu_lld_enable
 .text.sdc_lld_collect_errors
                0x08003dc0       0x40 build/obj/sdc_lld.o
 .text.Vector104
                0x08003e00       0x50 build/obj/sdc_lld.o
                0x08003e00                Vector104
 .text.sdc_lld_init
                0x08003e50       0x30 build/obj/sdc_lld.o
                0x08003e50                sdc_lld_init
 .text.sdc_lld_start
                0x08003e80       0x70 build/obj/sdc_lld.o
                0x08003e80                sdc_lld_start
 .text.sdc_lld_start_clk
                0x08003ef0       0x20 build/obj/sdc_lld.o
                0x08003ef0                sdc_lld_start_clk
 .text.sdc_lld_set_data_clk
                0x08003f10       0x20 build/obj/sdc_lld.o
                0x08003f10                sdc_lld_set_data_clk
 .text.sdc_lld_stop_clk
                0x08003f30       0x10 build/obj/sdc_lld.o
                0x08003f30                sdc_lld_stop_clk
 .text.sdc_lld_set_bus_mode
                0x08003f40       0x30 build/obj/sdc_lld.o
                0x08003f40                sdc_lld_set_bus_mode
 .text.sdc_lld_send_cmd_none
                0x08003f70       0x30 build/obj/sdc_lld.o
                0x08003f70                sdc_lld_send_cmd_none
 .text.sdc_lld_send_cmd_short
                0x08003fa0       0x40 build/obj/sdc_lld.o
                0x08003fa0                sdc_lld_send_cmd_short
 .text.sdc_lld_send_cmd_short_crc
                0x08003fe0       0x40 build/obj/sdc_lld.o
                0x08003fe0                sdc_lld_send_cmd_short_crc
 .text.sdc_lld_wait_transaction_end
                0x08004020       0xc0 build/obj/sdc_lld.o
 .text.sdc_lld_error_cleanup
                0x080040e0       0x80 build/obj/sdc_lld.o
 .text.sdc_lld_send_cmd_long_crc
                0x08004160       0x50 build/obj/sdc_lld.o
                0x08004160                sdc_lld_send_cmd_long_crc
 .text.sdc_lld_read_aligned
                0x080041b0       0xd0 build/obj/sdc_lld.o
                0x080041b0                sdc_lld_read_aligned
 .text.sdc_lld_write_aligned
                0x08004280       0xe0 build/obj/sdc_lld.o
                0x08004280                sdc_lld_write_aligned
 .text.sdc_lld_read
                0x08004360       0xd0 build/obj/sdc_lld.o
                0x08004360                sdc_lld_read
 .text.sdc_lld_write
                0x08004430       0xd0 build/obj/sdc_lld.o
                0x08004430                sdc_lld_write
 .text.sdc_lld_sync
                0x08004500       0x10 build/obj/sdc_lld.o
                0x08004500                sdc_lld_sync
 .text._pal_lld_init
                0x08004510      0x1b0 build/obj/pal_lld.o
                0x08004510                _pal_lld_init
 .text.rtc_lld_init
                0x080046c0       0x50 build/obj/rtc_lld.o
                0x080046c0                rtc_lld_init
 .text.rtc_lld_get_time
                0x08004710       0x40 build/obj/rtc_lld.o
                0x08004710                rtc_lld_get_time
 .text.rtc_lld_get_time_fat
                0x08004750       0xc0 build/obj/rtc_lld.o
                0x08004750                rtc_lld_get_time_fat
 .text.spi_lld_serve_rx_interrupt
                0x08004810       0x90 build/obj/spi_lld.o
 .text.spi_lld_serve_tx_interrupt
                0x080048a0       0x20 build/obj/spi_lld.o
 .text.spi_lld_init
                0x080048c0       0x50 build/obj/spi_lld.o
                0x080048c0                spi_lld_init
 .text.spi_lld_start
                0x08004910       0xd0 build/obj/spi_lld.o
                0x08004910                spi_lld_start
 .text.spi_lld_select
                0x080049e0       0x20 build/obj/spi_lld.o
                0x080049e0                spi_lld_select
 .text.spi_lld_unselect
                0x08004a00       0x20 build/obj/spi_lld.o
                0x08004a00                spi_lld_unselect
 .text.spi_lld_polled_exchange
                0x08004a20       0x10 build/obj/spi_lld.o
                0x08004a20                spi_lld_polled_exchange
 .text.notify1  0x08004a30       0x20 build/obj/serial_lld.o
 .text.notify2  0x08004a50       0x20 build/obj/serial_lld.o
 .text.serve_interrupt
                0x08004a70      0x160 build/obj/serial_lld.o
 .text.VectorD4
                0x08004bd0       0x20 build/obj/serial_lld.o
                0x08004bd0                VectorD4
 .text.VectorD8
                0x08004bf0       0x20 build/obj/serial_lld.o
                0x08004bf0                VectorD8
 .text.sd_lld_init
                0x08004c10       0x50 build/obj/serial_lld.o
                0x08004c10                sd_lld_init
 .text.sd_lld_start
                0x08004c60       0xd0 build/obj/serial_lld.o
                0x08004c60                sd_lld_start
 .text.__early_init
                0x08004d30       0x10 build/obj/board.o
                0x08004d30                __early_init
 .text.sdc_lld_is_card_inserted
                0x08004d40       0x20 build/obj/board.o
                0x08004d40                sdc_lld_is_card_inserted
 .text.sdc_lld_is_write_protected
                0x08004d60       0x10 build/obj/board.o
                0x08004d60                sdc_lld_is_write_protected
 .text.boardInit
                0x08004d70       0x10 build/obj/board.o
                0x08004d70                boardInit
 .text.long_to_string_with_divisor.constprop.0
                0x08004d80       0x70 build/obj/chprintf.o
 .text.chprintf
                0x08004df0      0x3a0 build/obj/chprintf.o
                0x08004df0                chprintf
 .text.stm32_rtc_bcd2tm
                0x08005190       0xb0 build/obj/chrtclib.o
 .text.rtcGetTimeTm
                0x08005240       0x30 build/obj/chrtclib.o
                0x08005240                rtcGetTimeTm
 .text.put      0x08005270       0x20 build/obj/memstreams.o
 .text.get      0x08005290       0x20 build/obj/memstreams.o
 .text.reads    0x080052b0       0x30 build/obj/memstreams.o
 .text.writes   0x080052e0       0x30 build/obj/memstreams.o
 .text.msObjectInit
                0x08005310       0x20 build/obj/memstreams.o
                0x08005310                msObjectInit
 .text.hard_fault_handler_c
                0x08005330       0x10 build/obj/kb_debug.o
                0x08005330                hard_fault_handler_c
 .text.disk_initialize
                0x08005340       0x30 build/obj/fatfs_diskio.o
                0x08005340                disk_initialize
 .text.disk_status
                0x08005370       0x30 build/obj/fatfs_diskio.o
                0x08005370                disk_status
 .text.disk_read
                0x080053a0       0x30 build/obj/fatfs_diskio.o
                0x080053a0                disk_read
 .text.disk_write
                0x080053d0       0x30 build/obj/fatfs_diskio.o
                0x080053d0                disk_write
 .text.disk_ioctl
                0x08005400       0x40 build/obj/fatfs_diskio.o
                0x08005400                disk_ioctl
 .text.get_fattime
                0x08005440       0x10 build/obj/fatfs_diskio.o
                0x08005440                get_fattime
 .text.validate
                0x08005450       0x30 build/obj/ff.o
 .text.sync_window
                0x08005480       0x70 build/obj/ff.o
 .text.sync_fs  0x080054f0       0xd0 build/obj/ff.o
 .text.check_fs
                0x080055c0       0x90 build/obj/ff.o
 .text.chk_mounted
                0x08005650      0x330 build/obj/ff.o
 .text.move_window
                0x08005980       0x30 build/obj/ff.o
 .text.get_fat  0x080059b0       0xd0 build/obj/ff.o
                0x080059b0                get_fat
 .text.dir_sdi  0x08005a80       0xa0 build/obj/ff.o
 .text.put_fat  0x08005b20      0x110 build/obj/ff.o
                0x08005b20                put_fat
 .text.create_chain
                0x08005c30       0xa0 build/obj/ff.o
 .text.dir_next
                0x08005cd0      0x130 build/obj/ff.o
 .text.follow_path
                0x08005e00      0x270 build/obj/ff.o
 .text.dir_alloc.part.7.constprop.11
                0x08006070       0x30 build/obj/ff.o
 .text.dir_register
                0x080060a0       0x70 build/obj/ff.o
 .text.remove_chain
                0x08006110       0x60 build/obj/ff.o
 .text.f_mount  0x08006170       0x20 build/obj/ff.o
                0x08006170                f_mount
 .text.f_open   0x08006190      0x190 build/obj/ff.o
                0x08006190                f_open
 .text.f_write  0x08006320      0x260 build/obj/ff.o
                0x08006320                f_write
 .text.f_sync   0x08006580       0xb0 build/obj/ff.o
                0x08006580                f_sync
 .text.f_opendir
                0x08006630       0x80 build/obj/ff.o
                0x08006630                f_opendir
 .text.f_getfree
                0x080066b0      0x1f0 build/obj/ff.o
                0x080066b0                f_getfree
 .text.f_mkdir  0x080068a0      0x260 build/obj/ff.o
                0x080068a0                f_mkdir
 .text.adc_trigger_cb
                0x08006b00       0x50 build/obj/kb_adc.o
                0x08006b00                adc_trigger_cb
 .text.adc_cb   0x08006b50       0x70 build/obj/kb_adc.o
                0x08006b50                adc_cb
 .text.btn_0_exti_cb
                0x08006bc0       0x10 build/obj/kb_buttons.o
                0x08006bc0                btn_0_exti_cb
 .text.btn_1_exti_cb
                0x08006bd0       0x10 build/obj/kb_buttons.o
                0x08006bd0                btn_1_exti_cb
 .text.thLogger
                0x08006be0      0x340 build/obj/kb_logger.o
 .text.kuroBoxLogger
                0x08006f20       0x40 build/obj/kb_logger.o
                0x08006f20                kuroBoxLogger
 .text.thScreen
                0x08006f60      0x260 build/obj/kb_screen.o
 .text.kuroBoxScreenInit
                0x080071c0       0x70 build/obj/kb_screen.o
                0x080071c0                kuroBoxScreenInit
 .text.kbs_setVoltage
                0x08007230       0x10 build/obj/kb_screen.o
                0x08007230                kbs_setVoltage
 .text.kbs_setTemperature
                0x08007240       0x10 build/obj/kb_screen.o
                0x08007240                kbs_setTemperature
 .text.kbs_setLTC
                0x08007250       0x20 build/obj/kb_screen.o
                0x08007250                kbs_setLTC
 .text.kbs_setCounter
                0x08007270       0x10 build/obj/kb_screen.o
                0x08007270                kbs_setCounter
 .text.kbs_setSDCFree
                0x08007280       0x10 build/obj/kb_screen.o
                0x08007280                kbs_setSDCFree
 .text.kbs_setFName
                0x08007290       0x10 build/obj/kb_screen.o
                0x08007290                kbs_setFName
 .text.kbs_setBtn0
                0x080072a0       0x10 build/obj/kb_screen.o
                0x080072a0                kbs_setBtn0
 .text.kbs_setBtn1
                0x080072b0       0x10 build/obj/kb_screen.o
                0x080072b0                kbs_setBtn1
 .text.thTime   0x080072c0       0xa0 build/obj/kb_time.o
 .text.ltc_icu_period_cb
                0x08007360      0x320 build/obj/kb_time.o
                0x08007360                ltc_icu_period_cb
 .text.kuroBoxTimeInit
                0x08007680       0x70 build/obj/kb_time.o
                0x08007680                kuroBoxTimeInit
 .text.parse_ltc
                0x080076f0     0x12a0 build/obj/decoder.o
 .text.decode_ltc
                0x08008990      0x420 build/obj/decoder.o
                0x08008990                decode_ltc
 .text.ltc_decoder_create
                0x08008db0       0x80 build/obj/ltc.o
                0x08008db0                ltc_decoder_create
 .text.ltc_decoder_write
                0x08008e30       0x10 build/obj/ltc.o
                0x08008e30                ltc_decoder_write
 .text.ltc_decoder_read
                0x08008e40       0x40 build/obj/ltc.o
                0x08008e40                ltc_decoder_read
 .text.ltc_frame_to_time
                0x08008e80      0x120 build/obj/timecode.o
                0x08008e80                ltc_frame_to_time
 .text.thBlinker
                0x08008fa0       0x50 build/obj/main.o
 .text.kuroBox_panic
                0x08008ff0       0x30 build/obj/main.o
                0x08008ff0                kuroBox_panic
 .text.kuroBoxInit
                0x08009020      0x170 build/obj/main.o
                0x08009020                kuroBoxInit
 .text.spiEepromStart
                0x08009190       0x10 build/obj/spiEEPROM.o
                0x08009190                spiEepromStart
 .text.st7565_display
                0x080091a0      0x190 build/obj/ST7565.o
                0x080091a0                st7565_display
 .text.st7565Start
                0x08009330      0x110 build/obj/ST7565.o
                0x08009330                st7565Start
 .text.st7565_clear
                0x08009440       0x50 build/obj/ST7565.o
                0x08009440                st7565_clear
 .text.st7565_drawchar
                0x08009490       0xb0 build/obj/ST7565.o
                0x08009490                st7565_drawchar
 .text.st7565_drawstring
                0x08009540       0x50 build/obj/ST7565.o
                0x08009540                st7565_drawstring
 .text.st7565_setpixel
                0x08009590       0x90 build/obj/ST7565.o
                0x08009590                st7565_setpixel
 .text.st7565_drawline
                0x08009620      0x1f0 build/obj/ST7565.o
                0x08009620                st7565_drawline
 .text.ceil     0x08009810      0x120 c:/chibistudio/tools/gnu tools arm embedded/4.7 2013q1/bin/../lib/gcc/arm-none-eabi/4.7.3/../../../../arm-none-eabi/lib/armv7e-m\libm.a(lib_a-s_ceil.o)
                0x08009810                ceil
 .text.log10    0x08009930       0xe4 c:/chibistudio/tools/gnu tools arm embedded/4.7 2013q1/bin/../lib/gcc/arm-none-eabi/4.7.3/../../../../arm-none-eabi/lib/armv7e-m\libm.a(lib_a-w_log10.o)
                0x08009930                log10
 *fill*         0x08009a14        0xc 00
 .text.__ieee754_log10
                0x08009a20      0x128 c:/chibistudio/tools/gnu tools arm embedded/4.7 2013q1/bin/../lib/gcc/arm-none-eabi/4.7.3/../../../../arm-none-eabi/lib/armv7e-m\libm.a(lib_a-e_log10.o)
                0x08009a20                __ieee754_log10
 *fill*         0x08009b48        0x8 00
 .text.__fpclassifyd
                0x08009b50       0x68 c:/chibistudio/tools/gnu tools arm embedded/4.7 2013q1/bin/../lib/gcc/arm-none-eabi/4.7.3/../../../../arm-none-eabi/lib/armv7e-m\libm.a(lib_a-s_fpclassify.o)
                0x08009b50                __fpclassifyd
 *fill*         0x08009bb8        0x8 00
 .text.matherr  0x08009bc0        0x4 c:/chibistudio/tools/gnu tools arm embedded/4.7 2013q1/bin/../lib/gcc/arm-none-eabi/4.7.3/../../../../arm-none-eabi/lib/armv7e-m\libm.a(lib_a-s_matherr.o)
                0x08009bc0                matherr
 *fill*         0x08009bc4        0xc 00
 .text.nan      0x08009bd0        0xc c:/chibistudio/tools/gnu tools arm embedded/4.7 2013q1/bin/../lib/gcc/arm-none-eabi/4.7.3/../../../../arm-none-eabi/lib/armv7e-m\libm.a(lib_a-s_nan.o)
                0x08009bd0                nan
 *fill*         0x08009bdc        0x4 00
 .text.__ieee754_log
                0x08009be0      0x3f8 c:/chibistudio/tools/gnu tools arm embedded/4.7 2013q1/bin/../lib/gcc/arm-none-eabi/4.7.3/../../../../arm-none-eabi/lib/armv7e-m\libm.a(lib_a-e_log.o)
                0x08009be0                __ieee754_log
 *fill*         0x08009fd8        0x8 00
 .text.__errno  0x08009fe0        0xc c:/chibistudio/tools/gnu tools arm embedded/4.7 2013q1/bin/../lib/gcc/arm-none-eabi/4.7.3/../../../../arm-none-eabi/lib/armv7e-m\libc.a(lib_a-errno.o)
                0x08009fe0                __errno
 *fill*         0x08009fec        0x4 00
 .text.memcpy   0x08009ff0      0x144 c:/chibistudio/tools/gnu tools arm embedded/4.7 2013q1/bin/../lib/gcc/arm-none-eabi/4.7.3/../../../../arm-none-eabi/lib/armv7e-m\libc.a(lib_a-memcpy.o)
                0x08009ff0                memcpy
 *fill*         0x0800a134        0xc 00
 .text.memset   0x0800a140      0x12c c:/chibistudio/tools/gnu tools arm embedded/4.7 2013q1/bin/../lib/gcc/arm-none-eabi/4.7.3/../../../../arm-none-eabi/lib/armv7e-m\libc.a(lib_a-memset.o)
                0x0800a140                memset
 *fill*         0x0800a26c        0x4 00
 .text.strcpy   0x0800a270       0xbc c:/chibistudio/tools/gnu tools arm embedded/4.7 2013q1/bin/../lib/gcc/arm-none-eabi/4.7.3/../../../../arm-none-eabi/lib/armv7e-m\libc.a(lib_a-strcpy.o)
                0x0800a270                strcpy
 *(.rodata)
 *(.rodata.*)
 *fill*         0x0800a32c        0x4 00
 .rodata.str1.4
                0x0800a330        0x5 build/obj/chsys.o
                                  0x8 (size before relaxing)
 *fill*         0x0800a335        0xb 00
 .rodata.str1.4
                0x0800a340       0x55 build/obj/chdebug.o
                                 0x58 (size before relaxing)
 *fill*         0x0800a395        0xb 00
 .rodata.str1.4
                0x0800a3a0       0x31 build/obj/chvt.o
                                 0x34 (size before relaxing)
 *fill*         0x0800a3d1        0xf 00
 .rodata.str1.4
                0x0800a3e0       0x23 build/obj/chschd.o
                                 0x24 (size before relaxing)
 *fill*         0x0800a403        0xd 00
 .rodata.str1.4
                0x0800a410       0x94 build/obj/chthreads.o
 *fill*         0x0800a4a4        0xc 00
 .rodata.ch_debug
                0x0800a4b0       0x18 build/obj/chregistry.o
                0x0800a4b0                ch_debug
 *fill*         0x0800a4c8        0x8 00
 .rodata.str1.4
                0x0800a4d0       0xab build/obj/chmtx.o
                                 0xac (size before relaxing)
 *fill*         0x0800a57b        0x5 00
 .rodata.str1.4
                0x0800a580       0x90 build/obj/chevents.o
 .rodata.str1.4
                0x0800a610       0x29 build/obj/chqueues.o
                                 0x2c (size before relaxing)
 *fill*         0x0800a639        0x7 00
 .rodata.str1.4
                0x0800a640      0x10e build/obj/adc.o
                                0x110 (size before relaxing)
 *fill*         0x0800a74e        0x2 00
 .rodata.str1.4
                0x0800a750       0xcd build/obj/ext.o
                                 0xd0 (size before relaxing)
 *fill*         0x0800a81d        0x3 00
 .rodata.str1.4
                0x0800a820       0x7d build/obj/icu.o
                                 0x80 (size before relaxing)
 *fill*         0x0800a89d        0x3 00
 .rodata.str1.4
                0x0800a8a0       0x14 build/obj/mmcsd.o
 *fill*         0x0800a8b4        0xc 00
 .rodata.str1.4
                0x0800a8c0       0x40 build/obj/rtc.o
 .rodata.sdc_vmt
                0x0800a900       0x20 build/obj/sdc.o
 .rodata.str1.4
                0x0800a920      0x137 build/obj/sdc.o
                                0x138 (size before relaxing)
 *fill*         0x0800aa57        0x9 00
 .rodata.str1.4
                0x0800aa60       0x5f build/obj/serial.o
                                 0x60 (size before relaxing)
 *fill*         0x0800aabf        0x1 00
 .rodata.vmt    0x0800aac0       0x20 build/obj/serial.o
 .rodata.str1.4
                0x0800aae0      0x236 build/obj/spi.o
                                0x238 (size before relaxing)
 *fill*         0x0800ad16        0xa 00
 .rodata.str1.4
                0x0800ad20       0x47 build/obj/stm32_dma.o
                                 0x48 (size before relaxing)
 *fill*         0x0800ad67        0x9 00
 .rodata._stm32_dma_streams
                0x0800ad70       0xc0 build/obj/stm32_dma.o
                0x0800ad70                _stm32_dma_streams
 .rodata.str1.4
                0x0800ae30       0x3c build/obj/adc_lld.o
 *fill*         0x0800ae6c        0x4 00
 .rodata.str1.4
                0x0800ae70       0x14 build/obj/icu_lld.o
 *fill*         0x0800ae84        0xc 00
 .rodata.str1.4
                0x0800ae90       0x7d build/obj/sdc_lld.o
                                 0x80 (size before relaxing)
 *fill*         0x0800af0d        0x3 00
 .rodata.str1.4
                0x0800af10       0x28 build/obj/spi_lld.o
 *fill*         0x0800af38        0x8 00
 .rodata.default_config
                0x0800af40        0xc build/obj/serial_lld.o
 *fill*         0x0800af4c        0x4 00
 .rodata.pal_default_config
                0x0800af50       0xfc build/obj/board.o
                0x0800af50                pal_default_config
 *fill*         0x0800b04c        0x4 00
 .rodata.str1.4
                0x0800b050        0x7 build/obj/chprintf.o
                                  0x8 (size before relaxing)
 *fill*         0x0800b057        0x9 00
 .rodata.vmt    0x0800b060       0x10 build/obj/memstreams.o
 .rodata.str1.4
                0x0800b070       0x54 build/obj/ff.o
 *fill*         0x0800b0c4        0xc 00
 .rodata.ExCvt  0x0800b0d0       0x80 build/obj/ff.o
 .rodata.ST7565font
                0x0800b150      0x4fc build/obj/glcdfont.o
                0x0800b150                ST7565font
 *fill*         0x0800b64c        0x4 00
 .rodata.adc_grp_cfg
                0x0800b650       0x28 build/obj/kb_adc.o
 *fill*         0x0800b678        0x8 00
 .rodata.str1.4
                0x0800b680       0x69 build/obj/kb_logger.o
                                 0x70 (size before relaxing)
 *fill*         0x0800b6e9        0x7 00
 .rodata.str1.4
                0x0800b6f0       0x6b build/obj/kb_screen.o
                                 0x6c (size before relaxing)
 *fill*         0x0800b75b        0x5 00
 .rodata.str1.4
                0x0800b760        0x5 build/obj/kb_time.o
                                  0x8 (size before relaxing)
 *fill*         0x0800b765        0xb 00
 .rodata.smpte_time_zones
                0x0800b770      0x198 build/obj/timecode.o
 *fill*         0x0800b908        0x8 00
 .rodata.str1.4
                0x0800b910        0x6 build/obj/timecode.o
                                  0x8 (size before relaxing)
 *fill*         0x0800b916        0xa 00
 .rodata.str1.4
                0x0800b920       0x3a build/obj/main.o
                                 0x3c (size before relaxing)
 *fill*         0x0800b95a        0x6 00
 .rodata.extcfg
                0x0800b960       0xb8 build/obj/main.o
 *fill*         0x0800ba18        0x8 00
 .rodata.sdio_cfg
                0x0800ba20        0x4 build/obj/main.o
 *fill*         0x0800ba24        0xc 00
 .rodata.lcd_cfg
                0x0800ba30       0x1c build/obj/main.o
 *fill*         0x0800ba4c        0x4 00
 .rodata.eeprom_cfg
                0x0800ba50        0xc build/obj/main.o
 *fill*         0x0800ba5c        0x4 00
 .rodata.st7565_nanibox
                0x0800ba60      0x200 build/obj/ST7565.o
 .rodata.pagemap
                0x0800bc60        0x4 build/obj/ST7565.o
 *fill*         0x0800bc64        0xc 00
 .rodata.str1.4
                0x0800bc70        0x6 c:/chibistudio/tools/gnu tools arm embedded/4.7 2013q1/bin/../lib/gcc/arm-none-eabi/4.7.3/../../../../arm-none-eabi/lib/armv7e-m\libm.a(lib_a-w_log10.o)
                                  0xc (size before relaxing)
 *fill*         0x0800bc76        0xa 00
 .rodata.str1.4
                0x0800bc80        0x4 c:/chibistudio/tools/gnu tools arm embedded/4.7 2013q1/bin/../lib/gcc/arm-none-eabi/4.7.3/../../../../arm-none-eabi/lib/armv7e-m\libc.a(lib_a-impure.o)
 *(.glue_7t)
 .glue_7t       0x00000000        0x0 linker stubs
 *(.glue_7)
 .glue_7        0x00000000        0x0 linker stubs
 *(.gcc*)

.vfp11_veneer   0x0800bc84        0x0
 .vfp11_veneer  0x00000000        0x0 linker stubs

.v4_bx          0x0800bc84        0x0
 .v4_bx         0x00000000        0x0 linker stubs

.iplt           0x0800bc84        0x0
 .iplt          0x00000000        0x0 build/obj/kb_debug_asm.o

.rel.dyn        0x0800bc84        0x0
 .rel.iplt      0x00000000        0x0 build/obj/kb_debug_asm.o

.ARM.extab
 *(.ARM.extab* .gnu.linkonce.armextab.*)

.ARM.exidx      0x0800bc84        0x0
                0x0800bc84                PROVIDE (__exidx_start, .)
 *(.ARM.exidx* .gnu.linkonce.armexidx.*)
                0x0800bc84                PROVIDE (__exidx_end, .)

.eh_frame_hdr
 *(.eh_frame_hdr)

.eh_frame
 *(.eh_frame)

.textalign      0x0800bc84        0x4
                0x0800bc88                . = ALIGN (0x8)
 *fill*         0x0800bc84        0x4 00
                0x0800bc88                _etext = .
                0x0800bc88                _textdata = _etext

.stacks         0x20000000      0x800
                0x20000000                . = ALIGN (0x8)
                0x20000000                __main_stack_base__ = .
                0x20000400                . = (. + __main_stack_size__)
 *fill*         0x20000000      0x400 00
                0x20000400                . = ALIGN (0x8)
                0x20000400                __main_stack_end__ = .
                0x20000400                __process_stack_base__ = .
                0x20000400                __main_thread_stack_base__ = .
                0x20000800                . = (. + __process_stack_size__)
 *fill*         0x20000400      0x400 00
                0x20000800                . = ALIGN (0x8)
                0x20000800                __process_stack_end__ = .
                0x20000800                __main_thread_stack_end__ = .

.data           0x20000800      0x464 load address 0x0800bc88
                0x20000800                . = ALIGN (0x4)
                0x20000800                PROVIDE (_data, .)
 *(.data)
                0x20000800                . = ALIGN (0x4)
 *(.data.*)
 .data.serial1_cfg
                0x20000800        0xc build/obj/main.o
 .data.serial2_cfg
                0x2000080c        0xc build/obj/main.o
 .data.ltc_icucfg
                0x20000818       0x18 build/obj/main.o
 .data.__fdlib_version
                0x20000830        0x1 c:/chibistudio/tools/gnu tools arm embedded/4.7 2013q1/bin/../lib/gcc/arm-none-eabi/4.7.3/../../../../arm-none-eabi/lib/armv7e-m\libm.a(lib_a-s_lib_ver.o)
                0x20000830                __fdlib_version
 *fill*         0x20000831        0x7 00
 .data.impure_data
                0x20000838      0x428 c:/chibistudio/tools/gnu tools arm embedded/4.7 2013q1/bin/../lib/gcc/arm-none-eabi/4.7.3/../../../../arm-none-eabi/lib/armv7e-m\libc.a(lib_a-impure.o)
 .data._impure_ptr
                0x20000c60        0x4 c:/chibistudio/tools/gnu tools arm embedded/4.7 2013q1/bin/../lib/gcc/arm-none-eabi/4.7.3/../../../../arm-none-eabi/lib/armv7e-m\libc.a(lib_a-impure.o)
                0x20000c60                _impure_ptr
                0x20000c64                . = ALIGN (0x4)
 *(.ramtext)
                0x20000c64                . = ALIGN (0x4)
                0x20000c64                PROVIDE (_edata, .)

.igot.plt       0x20000c64        0x0 load address 0x0800c0ec
 .igot.plt      0x00000000        0x0 build/obj/kb_debug_asm.o

.bss            0x20000c68     0x92f8 load address 0x0800c0ec
                0x20000c68                . = ALIGN (0x4)
                0x20000c68                PROVIDE (_bss_start, .)
 *(.bss)
                0x20000c68                . = ALIGN (0x4)
 *(.bss.*)
 .bss.mainthread.4826
                0x20000c68       0x4c build/obj/chsys.o
 *fill*         0x20000cb4        0x4 00
 .bss._idle_thread_wa
                0x20000cb8       0xd0 build/obj/chsys.o
                0x20000cb8                _idle_thread_wa
 .bss.dbg_isr_cnt
                0x20000d88        0x4 build/obj/chdebug.o
                0x20000d88                dbg_isr_cnt
 .bss.dbg_trace_buffer
                0x20000d8c      0x408 build/obj/chdebug.o
                0x20000d8c                dbg_trace_buffer
 .bss.dbg_lock_cnt
                0x20001194        0x4 build/obj/chdebug.o
                0x20001194                dbg_lock_cnt
 .bss.dbg_panic_msg
                0x20001198        0x4 build/obj/chdebug.o
                0x20001198                dbg_panic_msg
 .bss.vtlist    0x2000119c       0x10 build/obj/chvt.o
                0x2000119c                vtlist
 .bss.rlist     0x200011ac       0x1c build/obj/chschd.o
                0x200011ac                rlist
 .bss.endmem    0x200011c8        0x4 build/obj/chmemcore.o
 .bss.nextmem   0x200011cc        0x4 build/obj/chmemcore.o
 .bss.default_heap
                0x200011d0       0x20 build/obj/chheap.o
 .bss.dma_isr_redir
                0x200011f0       0x80 build/obj/stm32_dma.o
 .bss.dma_streams_mask
                0x20001270        0x4 build/obj/stm32_dma.o
 .bss.ADCD1     0x20001274       0x34 build/obj/adc_lld.o
                0x20001274                ADCD1
 .bss.ADCD2     0x200012a8       0x34 build/obj/adc_lld.o
                0x200012a8                ADCD2
 .bss.ADCD3     0x200012dc       0x34 build/obj/adc_lld.o
                0x200012dc                ADCD3
 .bss.EXTD1     0x20001310        0x8 build/obj/ext_lld.o
                0x20001310                EXTD1
 .bss.GPTD14    0x20001318       0x10 build/obj/gpt_lld.o
                0x20001318                GPTD14
 .bss.ICUD1     0x20001328       0x18 build/obj/icu_lld.o
                0x20001328                ICUD1
 .bss.SDCD1     0x20001340       0x4c build/obj/sdc_lld.o
                0x20001340                SDCD1
 .bss.u         0x2000138c      0x200 build/obj/sdc_lld.o
 .bss.RTCD1     0x2000158c        0x4 build/obj/rtc_lld.o
                0x2000158c                RTCD1
 .bss.dummytx   0x20001590        0x2 build/obj/spi_lld.o
 *fill*         0x20001592        0x2 00
 .bss.SPID1     0x20001594       0x30 build/obj/spi_lld.o
                0x20001594                SPID1
 .bss.SD1       0x200015c4       0xd8 build/obj/serial_lld.o
                0x200015c4                SD1
 .bss.SD2       0x2000169c       0xd8 build/obj/serial_lld.o
                0x2000169c                SD2
 .bss.Fsid      0x20001774        0x2 build/obj/ff.o
 *fill*         0x20001776        0x2 00
 .bss.FatFs     0x20001778        0x4 build/obj/ff.o
 .bss.adc_samples
                0x2000177c        0xc build/obj/kb_adc.o
 .bss.waLogger  0x20001788     0x20b0 build/obj/kb_logger.o
 .bss.SDC_FS    0x20003838      0x234 build/obj/kb_logger.o
 .bss.kbfile    0x20003a6c      0x224 build/obj/kb_logger.o
                0x20003a6c                kbfile
 .bss.writing_msg
                0x20003c90      0x200 build/obj/kb_logger.o
 .bss.current_msg
                0x20003e90      0x200 build/obj/kb_logger.o
 .bss.logger_state
                0x20004090        0x1 build/obj/kb_logger.o
 .bss.fs_ready  0x20004091        0x1 build/obj/kb_logger.o
 .bss.fs_write_protected
                0x20004092        0x1 build/obj/kb_logger.o
 *fill*         0x20004093        0x1 00
 .bss.loggerThread
                0x20004094        0x4 build/obj/kb_logger.o
 .bss.sd_det_count
                0x20004098        0x1 build/obj/kb_logger.o
 *fill*         0x20004099        0x7 00
 .bss.waScreen  0x200040a0     0x10b0 build/obj/kb_screen.o
 .bss.charbuf   0x20005150       0x80 build/obj/kb_screen.o
 .bss.msb       0x200051d0       0x14 build/obj/kb_screen.o
 .bss.screen    0x200051e4       0x38 build/obj/kb_screen.o
 *fill*         0x2000521c        0x4 00
 .bss.ltc_frame
                0x20005220      0x170 build/obj/kb_time.o
                0x20005220                ltc_frame
 .bss.ltc_buffer_pos
                0x20005390        0x4 build/obj/kb_time.o
                0x20005390                ltc_buffer_pos
 .bss.ltc_buffer
                0x20005394      0x800 build/obj/kb_time.o
                0x20005394                ltc_buffer
 .bss.ltc_smpte_time
                0x20005b94       0x10 build/obj/kb_time.o
                0x20005b94                ltc_smpte_time
 .bss.ltc_decoder
                0x20005ba4        0x4 build/obj/kb_time.o
                0x20005ba4                ltc_decoder
 .bss.which_ltc_buffer
                0x20005ba8        0x4 build/obj/kb_time.o
                0x20005ba8                which_ltc_buffer
 .bss.timeThread
                0x20005bac        0x4 build/obj/kb_time.o
 .bss.waTime    0x20005bb0     0x10b0 build/obj/kb_time.o
 .bss.LTCFrameExtInstances
                0x20006c60     0x2e00 build/obj/ltc.o
 .bss.LTCDecoderInstance
                0x20009a60      0x198 build/obj/ltc.o
 .bss.global_state
                0x20009bf8        0x4 build/obj/main.o
 .bss.adc_trigger
                0x20009bfc       0x14 build/obj/main.o
 .bss.adc_cfg   0x20009c10        0x4 build/obj/main.o
 .bss.lcd_buffer
                0x20009c14      0x200 build/obj/main.o
 *fill*         0x20009e14        0x4 00
 .bss.waBlinker
                0x20009e18      0x130 build/obj/main.o
 .bss.spiEepromD1
                0x20009f48        0x8 build/obj/spiEEPROM.o
                0x20009f48                spiEepromD1
 .bss.ST7565D1  0x20009f50        0xc build/obj/ST7565.o
                0x20009f50                ST7565D1
 .bss.xUpdateMin
                0x20009f5c        0x1 build/obj/ST7565.o
 .bss.xUpdateMax
                0x20009f5d        0x1 build/obj/ST7565.o
 .bss.yUpdateMin
                0x20009f5e        0x1 build/obj/ST7565.o
 .bss.yUpdateMax
                0x20009f5f        0x1 build/obj/ST7565.o
                0x20009f60                . = ALIGN (0x4)
 *(COMMON)
                0x20009f60                . = ALIGN (0x4)
                0x20009f60                PROVIDE (_bss_end, .)
                0x20009f60                PROVIDE (end, .)
                0x20009f60                _end = .
                0x20009f60                __heap_base__ = _end
                0x2001c000                __heap_end__ = __ram_end__
OUTPUT(build/kuroBox.elf elf32-littlearm)

.ARM.attributes
                0x00000000       0x2f
 .ARM.attributes
                0x00000000       0x21 build/obj/kb_debug_asm.o
 .ARM.attributes
                0x00000021       0x33 build/obj/crt0.o
 .ARM.attributes
                0x00000054       0x33 build/obj/vectors.o
 .ARM.attributes
                0x00000087       0x33 build/obj/chcore.o
 .ARM.attributes
                0x000000ba       0x33 build/obj/chcore_v7m.o
 .ARM.attributes
                0x000000ed       0x33 build/obj/nvic.o
 .ARM.attributes
                0x00000120       0x33 build/obj/chsys.o
 .ARM.attributes
                0x00000153       0x33 build/obj/chdebug.o
 .ARM.attributes
                0x00000186       0x33 build/obj/chvt.o
 .ARM.attributes
                0x000001b9       0x33 build/obj/chschd.o
 .ARM.attributes
                0x000001ec       0x33 build/obj/chthreads.o
 .ARM.attributes
                0x0000021f       0x33 build/obj/chregistry.o
 .ARM.attributes
                0x00000252       0x33 build/obj/chmtx.o
 .ARM.attributes
                0x00000285       0x33 build/obj/chevents.o
 .ARM.attributes
                0x000002b8       0x33 build/obj/chqueues.o
 .ARM.attributes
                0x000002eb       0x33 build/obj/chmemcore.o
 .ARM.attributes
                0x0000031e       0x33 build/obj/chheap.o
 .ARM.attributes
                0x00000351       0x33 build/obj/hal.o
 .ARM.attributes
                0x00000384       0x33 build/obj/adc.o
 .ARM.attributes
                0x000003b7       0x33 build/obj/ext.o
 .ARM.attributes
                0x000003ea       0x33 build/obj/gpt.o
 .ARM.attributes
                0x0000041d       0x33 build/obj/icu.o
 .ARM.attributes
                0x00000450       0x33 build/obj/mmcsd.o
 .ARM.attributes
                0x00000483       0x33 build/obj/rtc.o
 .ARM.attributes
                0x000004b6       0x33 build/obj/sdc.o
 .ARM.attributes
                0x000004e9       0x33 build/obj/serial.o
 .ARM.attributes
                0x0000051c       0x33 build/obj/spi.o
 .ARM.attributes
                0x0000054f       0x33 build/obj/stm32_dma.o
 .ARM.attributes
                0x00000582       0x33 build/obj/hal_lld.o
 .ARM.attributes
                0x000005b5       0x33 build/obj/adc_lld.o
 .ARM.attributes
                0x000005e8       0x33 build/obj/ext_lld_isr.o
 .ARM.attributes
                0x0000061b       0x33 build/obj/ext_lld.o
 .ARM.attributes
                0x0000064e       0x33 build/obj/gpt_lld.o
 .ARM.attributes
                0x00000681       0x33 build/obj/icu_lld.o
 .ARM.attributes
                0x000006b4       0x33 build/obj/sdc_lld.o
 .ARM.attributes
                0x000006e7       0x33 build/obj/pal_lld.o
 .ARM.attributes
                0x0000071a       0x33 build/obj/rtc_lld.o
 .ARM.attributes
                0x0000074d       0x33 build/obj/spi_lld.o
 .ARM.attributes
                0x00000780       0x33 build/obj/serial_lld.o
 .ARM.attributes
                0x000007b3       0x33 build/obj/board.o
 .ARM.attributes
                0x000007e6       0x33 build/obj/chprintf.o
 .ARM.attributes
                0x00000819       0x33 build/obj/chrtclib.o
 .ARM.attributes
                0x0000084c       0x33 build/obj/memstreams.o
 .ARM.attributes
                0x0000087f       0x33 build/obj/kb_debug.o
 .ARM.attributes
                0x000008b2       0x33 build/obj/fatfs_diskio.o
 .ARM.attributes
                0x000008e5       0x33 build/obj/ff.o
 .ARM.attributes
                0x00000918       0x33 build/obj/glcdfont.o
 .ARM.attributes
                0x0000094b       0x33 build/obj/kb_adc.o
 .ARM.attributes
                0x0000097e       0x33 build/obj/kb_buttons.o
 .ARM.attributes
                0x000009b1       0x33 build/obj/kb_logger.o
 .ARM.attributes
                0x000009e4       0x33 build/obj/kb_screen.o
 .ARM.attributes
                0x00000a17       0x33 build/obj/kb_time.o
 .ARM.attributes
                0x00000a4a       0x33 build/obj/decoder.o
 .ARM.attributes
                0x00000a7d       0x33 build/obj/ltc.o
 .ARM.attributes
                0x00000ab0       0x33 build/obj/timecode.o
 .ARM.attributes
                0x00000ae3       0x33 build/obj/main.o
 .ARM.attributes
                0x00000b16       0x33 build/obj/spiEEPROM.o
 .ARM.attributes
                0x00000b49       0x33 build/obj/ST7565.o
 .ARM.attributes
                0x00000b7c       0x2e c:/chibistudio/tools/gnu tools arm embedded/4.7 2013q1/bin/../lib/gcc/arm-none-eabi/4.7.3/../../../../arm-none-eabi/lib/armv7e-m\libm.a(lib_a-s_ceil.o)
 .ARM.attributes
                0x00000baa       0x2e c:/chibistudio/tools/gnu tools arm embedded/4.7 2013q1/bin/../lib/gcc/arm-none-eabi/4.7.3/../../../../arm-none-eabi/lib/armv7e-m\libm.a(lib_a-w_log10.o)
 .ARM.attributes
                0x00000bd8       0x2e c:/chibistudio/tools/gnu tools arm embedded/4.7 2013q1/bin/../lib/gcc/arm-none-eabi/4.7.3/../../../../arm-none-eabi/lib/armv7e-m\libm.a(lib_a-e_log10.o)
 .ARM.attributes
                0x00000c06       0x2e c:/chibistudio/tools/gnu tools arm embedded/4.7 2013q1/bin/../lib/gcc/arm-none-eabi/4.7.3/../../../../arm-none-eabi/lib/armv7e-m\libm.a(lib_a-s_fpclassify.o)
 .ARM.attributes
                0x00000c34       0x2e c:/chibistudio/tools/gnu tools arm embedded/4.7 2013q1/bin/../lib/gcc/arm-none-eabi/4.7.3/../../../../arm-none-eabi/lib/armv7e-m\libm.a(lib_a-s_lib_ver.o)
 .ARM.attributes
                0x00000c62       0x2e c:/chibistudio/tools/gnu tools arm embedded/4.7 2013q1/bin/../lib/gcc/arm-none-eabi/4.7.3/../../../../arm-none-eabi/lib/armv7e-m\libm.a(lib_a-s_matherr.o)
 .ARM.attributes
                0x00000c90       0x2e c:/chibistudio/tools/gnu tools arm embedded/4.7 2013q1/bin/../lib/gcc/arm-none-eabi/4.7.3/../../../../arm-none-eabi/lib/armv7e-m\libm.a(lib_a-s_nan.o)
 .ARM.attributes
                0x00000cbe       0x2e c:/chibistudio/tools/gnu tools arm embedded/4.7 2013q1/bin/../lib/gcc/arm-none-eabi/4.7.3/../../../../arm-none-eabi/lib/armv7e-m\libm.a(lib_a-e_log.o)
 .ARM.attributes
                0x00000cec       0x1e c:/chibistudio/tools/gnu tools arm embedded/4.7 2013q1/bin/../lib/gcc/arm-none-eabi/4.7.3/armv7e-m\libgcc.a(_arm_addsubdf3.o)
 .ARM.attributes
                0x00000d0a       0x1e c:/chibistudio/tools/gnu tools arm embedded/4.7 2013q1/bin/../lib/gcc/arm-none-eabi/4.7.3/armv7e-m\libgcc.a(_arm_muldivdf3.o)
 .ARM.attributes
                0x00000d28       0x1e c:/chibistudio/tools/gnu tools arm embedded/4.7 2013q1/bin/../lib/gcc/arm-none-eabi/4.7.3/armv7e-m\libgcc.a(_arm_cmpdf2.o)
 .ARM.attributes
                0x00000d46       0x1e c:/chibistudio/tools/gnu tools arm embedded/4.7 2013q1/bin/../lib/gcc/arm-none-eabi/4.7.3/armv7e-m\libgcc.a(_arm_fixdfsi.o)
 .ARM.attributes
                0x00000d64       0x1e c:/chibistudio/tools/gnu tools arm embedded/4.7 2013q1/bin/../lib/gcc/arm-none-eabi/4.7.3/armv7e-m\libgcc.a(_arm_fixunsdfsi.o)
 .ARM.attributes
                0x00000d82       0x1e c:/chibistudio/tools/gnu tools arm embedded/4.7 2013q1/bin/../lib/gcc/arm-none-eabi/4.7.3/armv7e-m\libgcc.a(_arm_truncdfsf2.o)
 .ARM.attributes
                0x00000da0       0x2e c:/chibistudio/tools/gnu tools arm embedded/4.7 2013q1/bin/../lib/gcc/arm-none-eabi/4.7.3/armv7e-m\libgcc.a(_fixdfdi.o)
 .ARM.attributes
                0x00000dce       0x2e c:/chibistudio/tools/gnu tools arm embedded/4.7 2013q1/bin/../lib/gcc/arm-none-eabi/4.7.3/armv7e-m\libgcc.a(_fixunsdfdi.o)
 .ARM.attributes
                0x00000dfc       0x2e c:/chibistudio/tools/gnu tools arm embedded/4.7 2013q1/bin/../lib/gcc/arm-none-eabi/4.7.3/../../../../arm-none-eabi/lib/armv7e-m\libc.a(lib_a-errno.o)
 .ARM.attributes
                0x00000e2a       0x2e c:/chibistudio/tools/gnu tools arm embedded/4.7 2013q1/bin/../lib/gcc/arm-none-eabi/4.7.3/../../../../arm-none-eabi/lib/armv7e-m\libc.a(lib_a-impure.o)
 .ARM.attributes
                0x00000e58       0x2e c:/chibistudio/tools/gnu tools arm embedded/4.7 2013q1/bin/../lib/gcc/arm-none-eabi/4.7.3/../../../../arm-none-eabi/lib/armv7e-m\libc.a(lib_a-memcpy.o)
 .ARM.attributes
                0x00000e86       0x2e c:/chibistudio/tools/gnu tools arm embedded/4.7 2013q1/bin/../lib/gcc/arm-none-eabi/4.7.3/../../../../arm-none-eabi/lib/armv7e-m\libc.a(lib_a-memset.o)
 .ARM.attributes
                0x00000eb4       0x2e c:/chibistudio/tools/gnu tools arm embedded/4.7 2013q1/bin/../lib/gcc/arm-none-eabi/4.7.3/../../../../arm-none-eabi/lib/armv7e-m\libc.a(lib_a-strcpy.o)

.comment        0x00000000       0x70
 .comment       0x00000000       0x70 build/obj/crt0.o
                                 0x71 (size before relaxing)
 .comment       0x00000000       0x71 build/obj/vectors.o
 .comment       0x00000000       0x71 build/obj/chcore.o
 .comment       0x00000000       0x71 build/obj/chcore_v7m.o
 .comment       0x00000000       0x71 build/obj/nvic.o
 .comment       0x00000000       0x71 build/obj/chsys.o
 .comment       0x00000000       0x71 build/obj/chdebug.o
 .comment       0x00000000       0x71 build/obj/chvt.o
 .comment       0x00000000       0x71 build/obj/chschd.o
 .comment       0x00000000       0x71 build/obj/chthreads.o
 .comment       0x00000000       0x71 build/obj/chregistry.o
 .comment       0x00000000       0x71 build/obj/chmtx.o
 .comment       0x00000000       0x71 build/obj/chevents.o
 .comment       0x00000000       0x71 build/obj/chqueues.o
 .comment       0x00000000       0x71 build/obj/chmemcore.o
 .comment       0x00000000       0x71 build/obj/chheap.o
 .comment       0x00000000       0x71 build/obj/hal.o
 .comment       0x00000000       0x71 build/obj/adc.o
 .comment       0x00000000       0x71 build/obj/ext.o
 .comment       0x00000000       0x71 build/obj/gpt.o
 .comment       0x00000000       0x71 build/obj/icu.o
 .comment       0x00000000       0x71 build/obj/mmcsd.o
 .comment       0x00000000       0x71 build/obj/rtc.o
 .comment       0x00000000       0x71 build/obj/sdc.o
 .comment       0x00000000       0x71 build/obj/serial.o
 .comment       0x00000000       0x71 build/obj/spi.o
 .comment       0x00000000       0x71 build/obj/stm32_dma.o
 .comment       0x00000000       0x71 build/obj/hal_lld.o
 .comment       0x00000000       0x71 build/obj/adc_lld.o
 .comment       0x00000000       0x71 build/obj/ext_lld_isr.o
 .comment       0x00000000       0x71 build/obj/ext_lld.o
 .comment       0x00000000       0x71 build/obj/gpt_lld.o
 .comment       0x00000000       0x71 build/obj/icu_lld.o
 .comment       0x00000000       0x71 build/obj/sdc_lld.o
 .comment       0x00000000       0x71 build/obj/pal_lld.o
 .comment       0x00000000       0x71 build/obj/rtc_lld.o
 .comment       0x00000000       0x71 build/obj/spi_lld.o
 .comment       0x00000000       0x71 build/obj/serial_lld.o
 .comment       0x00000000       0x71 build/obj/board.o
 .comment       0x00000000       0x71 build/obj/chprintf.o
 .comment       0x00000000       0x71 build/obj/chrtclib.o
 .comment       0x00000000       0x71 build/obj/memstreams.o
 .comment       0x00000000       0x71 build/obj/kb_debug.o
 .comment       0x00000000       0x71 build/obj/fatfs_diskio.o
 .comment       0x00000000       0x71 build/obj/ff.o
 .comment       0x00000000       0x71 build/obj/glcdfont.o
 .comment       0x00000000       0x71 build/obj/kb_adc.o
 .comment       0x00000000       0x71 build/obj/kb_buttons.o
 .comment       0x00000000       0x71 build/obj/kb_logger.o
 .comment       0x00000000       0x71 build/obj/kb_screen.o
 .comment       0x00000000       0x71 build/obj/kb_time.o
 .comment       0x00000000       0x71 build/obj/decoder.o
 .comment       0x00000000       0x71 build/obj/ltc.o
 .comment       0x00000000       0x71 build/obj/timecode.o
 .comment       0x00000000       0x71 build/obj/main.o
 .comment       0x00000000       0x71 build/obj/spiEEPROM.o
 .comment       0x00000000       0x71 build/obj/ST7565.o

.debug_info     0x00000000    0x2aade
 .debug_info    0x00000000      0x2a9 build/obj/crt0.o
 .debug_info    0x000002a9      0x1f0 build/obj/vectors.o
 .debug_info    0x00000499       0x9a build/obj/chcore.o
 .debug_info    0x00000533      0x948 build/obj/chcore_v7m.o
 .debug_info    0x00000e7b      0x455 build/obj/nvic.o
 .debug_info    0x000012d0      0x94c build/obj/chsys.o
 .debug_info    0x00001c1c      0x95b build/obj/chdebug.o
 .debug_info    0x00002577      0x2ea build/obj/chvt.o
 .debug_info    0x00002861      0xb87 build/obj/chschd.o
 .debug_info    0x000033e8      0xec6 build/obj/chthreads.o
 .debug_info    0x000042ae      0x721 build/obj/chregistry.o
 .debug_info    0x000049cf      0xbbf build/obj/chmtx.o
 .debug_info    0x0000558e     0x1089 build/obj/chevents.o
 .debug_info    0x00006617      0xdbd build/obj/chqueues.o
 .debug_info    0x000073d4      0x23b build/obj/chmemcore.o
 .debug_info    0x0000760f      0x7a0 build/obj/chheap.o
 .debug_info    0x00007daf      0x456 build/obj/hal.o
 .debug_info    0x00008205     0x10ad build/obj/adc.o
 .debug_info    0x000092b2      0x63b build/obj/ext.o
 .debug_info    0x000098ed      0xa94 build/obj/gpt.o
 .debug_info    0x0000a381      0x810 build/obj/icu.o
 .debug_info    0x0000ab91      0x23a build/obj/mmcsd.o
 .debug_info    0x0000adcb      0x839 build/obj/rtc.o
 .debug_info    0x0000b604     0x1758 build/obj/sdc.o
 .debug_info    0x0000cd5c     0x11e2 build/obj/serial.o
 .debug_info    0x0000df3e     0x165b build/obj/spi.o
 .debug_info    0x0000f599      0xcaa build/obj/stm32_dma.o
 .debug_info    0x00010243      0x4e1 build/obj/hal_lld.o
 .debug_info    0x00010724     0x14d1 build/obj/adc_lld.o
 .debug_info    0x00011bf5      0xbc2 build/obj/ext_lld_isr.o
 .debug_info    0x000127b7      0x4a2 build/obj/ext_lld.o
 .debug_info    0x00012c59      0xa9e build/obj/gpt_lld.o
 .debug_info    0x000136f7      0xbd0 build/obj/icu_lld.o
 .debug_info    0x000142c7     0x1d9c build/obj/sdc_lld.o
 .debug_info    0x00016063      0x749 build/obj/pal_lld.o
 .debug_info    0x000167ac      0x6fb build/obj/rtc_lld.o
 .debug_info    0x00016ea7      0xff0 build/obj/spi_lld.o
 .debug_info    0x00017e97     0x13d5 build/obj/serial_lld.o
 .debug_info    0x0001926c      0xbe0 build/obj/board.o
 .debug_info    0x00019e4c      0x558 build/obj/chprintf.o
 .debug_info    0x0001a3a4      0x82e build/obj/chrtclib.o
 .debug_info    0x0001abd2      0x3d7 build/obj/memstreams.o
 .debug_info    0x0001afa9       0xb6 build/obj/kb_debug.o
 .debug_info    0x0001b05f      0xebf build/obj/fatfs_diskio.o
 .debug_info    0x0001bf1e     0x36cf build/obj/ff.o
 .debug_info    0x0001f5ed       0x54 build/obj/glcdfont.o
 .debug_info    0x0001f641      0xc9b build/obj/kb_adc.o
 .debug_info    0x000202dc      0x35d build/obj/kb_buttons.o
 .debug_info    0x00020639     0x1bc5 build/obj/kb_logger.o
 .debug_info    0x000221fe     0x197a build/obj/kb_screen.o
 .debug_info    0x00023b78     0x1176 build/obj/kb_time.o
 .debug_info    0x00024cee      0x7cb build/obj/decoder.o
 .debug_info    0x000254b9      0x968 build/obj/ltc.o
 .debug_info    0x00025e21      0x8ba build/obj/timecode.o
 .debug_info    0x000266db     0x232e build/obj/main.o
 .debug_info    0x00028a09      0xd52 build/obj/spiEEPROM.o
 .debug_info    0x0002975b     0x1383 build/obj/ST7565.o

.debug_abbrev   0x00000000     0x82ad
 .debug_abbrev  0x00000000       0xf4 build/obj/crt0.o
 .debug_abbrev  0x000000f4       0xb1 build/obj/vectors.o
 .debug_abbrev  0x000001a5       0x44 build/obj/chcore.o
 .debug_abbrev  0x000001e9      0x1fe build/obj/chcore_v7m.o
 .debug_abbrev  0x000003e7       0xf2 build/obj/nvic.o
 .debug_abbrev  0x000004d9      0x1ff build/obj/chsys.o
 .debug_abbrev  0x000006d8      0x22d build/obj/chdebug.o
 .debug_abbrev  0x00000905      0x18d build/obj/chvt.o
 .debug_abbrev  0x00000a92      0x32e build/obj/chschd.o
 .debug_abbrev  0x00000dc0      0x37a build/obj/chthreads.o
 .debug_abbrev  0x0000113a      0x1bc build/obj/chregistry.o
 .debug_abbrev  0x000012f6      0x2d3 build/obj/chmtx.o
 .debug_abbrev  0x000015c9      0x30b build/obj/chevents.o
 .debug_abbrev  0x000018d4      0x35f build/obj/chqueues.o
 .debug_abbrev  0x00001c33      0x12e build/obj/chmemcore.o
 .debug_abbrev  0x00001d61      0x21b build/obj/chheap.o
 .debug_abbrev  0x00001f7c      0x1e4 build/obj/hal.o
 .debug_abbrev  0x00002160      0x2db build/obj/adc.o
 .debug_abbrev  0x0000243b      0x1ce build/obj/ext.o
 .debug_abbrev  0x00002609      0x24f build/obj/gpt.o
 .debug_abbrev  0x00002858      0x20d build/obj/icu.o
 .debug_abbrev  0x00002a65      0x116 build/obj/mmcsd.o
 .debug_abbrev  0x00002b7b      0x1ca build/obj/rtc.o
 .debug_abbrev  0x00002d45      0x399 build/obj/sdc.o
 .debug_abbrev  0x000030de      0x2dc build/obj/serial.o
 .debug_abbrev  0x000033ba      0x2b5 build/obj/spi.o
 .debug_abbrev  0x0000366f      0x252 build/obj/stm32_dma.o
 .debug_abbrev  0x000038c1      0x12d build/obj/hal_lld.o
 .debug_abbrev  0x000039ee      0x31e build/obj/adc_lld.o
 .debug_abbrev  0x00003d0c      0x208 build/obj/ext_lld_isr.o
 .debug_abbrev  0x00003f14      0x1e9 build/obj/ext_lld.o
 .debug_abbrev  0x000040fd      0x2ae build/obj/gpt_lld.o
 .debug_abbrev  0x000043ab      0x2c3 build/obj/icu_lld.o
 .debug_abbrev  0x0000466e      0x4d6 build/obj/sdc_lld.o
 .debug_abbrev  0x00004b44      0x1c6 build/obj/pal_lld.o
 .debug_abbrev  0x00004d0a      0x227 build/obj/rtc_lld.o
 .debug_abbrev  0x00004f31      0x36f build/obj/spi_lld.o
 .debug_abbrev  0x000052a0      0x387 build/obj/serial_lld.o
 .debug_abbrev  0x00005627      0x1d7 build/obj/board.o
 .debug_abbrev  0x000057fe      0x1d3 build/obj/chprintf.o
 .debug_abbrev  0x000059d1      0x1c1 build/obj/chrtclib.o
 .debug_abbrev  0x00005b92      0x164 build/obj/memstreams.o
 .debug_abbrev  0x00005cf6       0x60 build/obj/kb_debug.o
 .debug_abbrev  0x00005d56      0x21f build/obj/fatfs_diskio.o
 .debug_abbrev  0x00005f75      0x338 build/obj/ff.o
 .debug_abbrev  0x000062ad       0x45 build/obj/glcdfont.o
 .debug_abbrev  0x000062f2      0x304 build/obj/kb_adc.o
 .debug_abbrev  0x000065f6      0x148 build/obj/kb_buttons.o
 .debug_abbrev  0x0000673e      0x3a7 build/obj/kb_logger.o
 .debug_abbrev  0x00006ae5      0x2fb build/obj/kb_screen.o
 .debug_abbrev  0x00006de0      0x326 build/obj/kb_time.o
 .debug_abbrev  0x00007106      0x28a build/obj/decoder.o
 .debug_abbrev  0x00007390      0x2f1 build/obj/ltc.o
 .debug_abbrev  0x00007681      0x30f build/obj/timecode.o
 .debug_abbrev  0x00007990      0x2f3 build/obj/main.o
 .debug_abbrev  0x00007c83      0x263 build/obj/spiEEPROM.o
 .debug_abbrev  0x00007ee6      0x3c7 build/obj/ST7565.o

.debug_aranges  0x00000000     0x1308
 .debug_aranges
                0x00000000       0x38 build/obj/crt0.o
 .debug_aranges
                0x00000038       0x20 build/obj/vectors.o
 .debug_aranges
                0x00000058       0x20 build/obj/chcore.o
 .debug_aranges
                0x00000078       0x50 build/obj/chcore_v7m.o
 .debug_aranges
                0x000000c8       0x30 build/obj/nvic.o
 .debug_aranges
                0x000000f8       0x30 build/obj/chsys.o
 .debug_aranges
                0x00000128       0x88 build/obj/chdebug.o
 .debug_aranges
                0x000001b0       0x38 build/obj/chvt.o
 .debug_aranges
                0x000001e8       0x68 build/obj/chschd.o
 .debug_aranges
                0x00000250       0x80 build/obj/chthreads.o
 .debug_aranges
                0x000002d0       0x28 build/obj/chregistry.o
 .debug_aranges
                0x000002f8       0x58 build/obj/chmtx.o
 .debug_aranges
                0x00000350       0xa0 build/obj/chevents.o
 .debug_aranges
                0x000003f0       0x70 build/obj/chqueues.o
 .debug_aranges
                0x00000460       0x38 build/obj/chmemcore.o
 .debug_aranges
                0x00000498       0x40 build/obj/chheap.o
 .debug_aranges
                0x000004d8       0x30 build/obj/hal.o
 .debug_aranges
                0x00000508       0x70 build/obj/adc.o
 .debug_aranges
                0x00000578       0x50 build/obj/ext.o
 .debug_aranges
                0x000005c8       0x78 build/obj/gpt.o
 .debug_aranges
                0x00000640       0x48 build/obj/icu.o
 .debug_aranges
                0x00000688       0x28 build/obj/mmcsd.o
 .debug_aranges
                0x000006b0       0x48 build/obj/rtc.o
 .debug_aranges
                0x000006f8       0x80 build/obj/sdc.o
 .debug_aranges
                0x00000778       0x88 build/obj/serial.o
 .debug_aranges
                0x00000800       0x98 build/obj/spi.o
 .debug_aranges
                0x00000898       0xb0 build/obj/stm32_dma.o
 .debug_aranges
                0x00000948       0x28 build/obj/hal_lld.o
 .debug_aranges
                0x00000970       0x70 build/obj/adc_lld.o
 .debug_aranges
                0x000009e0       0x98 build/obj/ext_lld_isr.o
 .debug_aranges
                0x00000a78       0x40 build/obj/ext_lld.o
 .debug_aranges
                0x00000ab8       0x50 build/obj/gpt_lld.o
 .debug_aranges
                0x00000b08       0x58 build/obj/icu_lld.o
 .debug_aranges
                0x00000b60       0xb8 build/obj/sdc_lld.o
 .debug_aranges
                0x00000c18       0x28 build/obj/pal_lld.o
 .debug_aranges
                0x00000c40       0x58 build/obj/rtc_lld.o
 .debug_aranges
                0x00000c98       0x78 build/obj/spi_lld.o
 .debug_aranges
                0x00000d10       0x58 build/obj/serial_lld.o
 .debug_aranges
                0x00000d68       0x38 build/obj/board.o
 .debug_aranges
                0x00000da0       0x28 build/obj/chprintf.o
 .debug_aranges
                0x00000dc8       0x50 build/obj/chrtclib.o
 .debug_aranges
                0x00000e18       0x40 build/obj/memstreams.o
 .debug_aranges
                0x00000e58       0x20 build/obj/kb_debug.o
 .debug_aranges
                0x00000e78       0x48 build/obj/fatfs_diskio.o
 .debug_aranges
                0x00000ec0      0x150 build/obj/ff.o
 .debug_aranges
                0x00001010       0x18 build/obj/glcdfont.o
 .debug_aranges
                0x00001028       0x30 build/obj/kb_adc.o
 .debug_aranges
                0x00001058       0x28 build/obj/kb_buttons.o
 .debug_aranges
                0x00001080       0x28 build/obj/kb_logger.o
 .debug_aranges
                0x000010a8       0x68 build/obj/kb_screen.o
 .debug_aranges
                0x00001110       0x30 build/obj/kb_time.o
 .debug_aranges
                0x00001140       0x28 build/obj/decoder.o
 .debug_aranges
                0x00001168       0x70 build/obj/ltc.o
 .debug_aranges
                0x000011d8       0x50 build/obj/timecode.o
 .debug_aranges
                0x00001228       0x38 build/obj/main.o
 .debug_aranges
                0x00001260       0x50 build/obj/spiEEPROM.o
 .debug_aranges
                0x000012b0       0x58 build/obj/ST7565.o

.debug_ranges   0x00000000     0x24c8
 .debug_ranges  0x00000000       0xe0 build/obj/crt0.o
 .debug_ranges  0x000000e0       0x10 build/obj/vectors.o
 .debug_ranges  0x000000f0       0x10 build/obj/chcore.o
 .debug_ranges  0x00000100       0x58 build/obj/chcore_v7m.o
 .debug_ranges  0x00000158       0x20 build/obj/nvic.o
 .debug_ranges  0x00000178       0x20 build/obj/chsys.o
 .debug_ranges  0x00000198       0x78 build/obj/chdebug.o
 .debug_ranges  0x00000210       0x28 build/obj/chvt.o
 .debug_ranges  0x00000238      0x1d8 build/obj/chschd.o
 .debug_ranges  0x00000410      0x118 build/obj/chthreads.o
 .debug_ranges  0x00000528       0x18 build/obj/chregistry.o
 .debug_ranges  0x00000540      0x228 build/obj/chmtx.o
 .debug_ranges  0x00000768       0xd8 build/obj/chevents.o
 .debug_ranges  0x00000840       0xc0 build/obj/chqueues.o
 .debug_ranges  0x00000900       0x40 build/obj/chmemcore.o
 .debug_ranges  0x00000940       0x30 build/obj/chheap.o
 .debug_ranges  0x00000970       0x50 build/obj/hal.o
 .debug_ranges  0x000009c0       0x78 build/obj/adc.o
 .debug_ranges  0x00000a38       0x40 build/obj/ext.o
 .debug_ranges  0x00000a78       0x80 build/obj/gpt.o
 .debug_ranges  0x00000af8       0x38 build/obj/icu.o
 .debug_ranges  0x00000b30       0x30 build/obj/mmcsd.o
 .debug_ranges  0x00000b60       0x38 build/obj/rtc.o
 .debug_ranges  0x00000b98       0x88 build/obj/sdc.o
 .debug_ranges  0x00000c20       0x78 build/obj/serial.o
 .debug_ranges  0x00000c98       0x88 build/obj/spi.o
 .debug_ranges  0x00000d20       0xa0 build/obj/stm32_dma.o
 .debug_ranges  0x00000dc0       0x30 build/obj/hal_lld.o
 .debug_ranges  0x00000df0       0xa8 build/obj/adc_lld.o
 .debug_ranges  0x00000e98       0x88 build/obj/ext_lld_isr.o
 .debug_ranges  0x00000f20       0x30 build/obj/ext_lld.o
 .debug_ranges  0x00000f50       0x40 build/obj/gpt_lld.o
 .debug_ranges  0x00000f90       0x48 build/obj/icu_lld.o
 .debug_ranges  0x00000fd8      0x1b0 build/obj/sdc_lld.o
 .debug_ranges  0x00001188      0x168 build/obj/pal_lld.o
 .debug_ranges  0x000012f0       0x60 build/obj/rtc_lld.o
 .debug_ranges  0x00001350       0x98 build/obj/spi_lld.o
 .debug_ranges  0x000013e8       0x90 build/obj/serial_lld.o
 .debug_ranges  0x00001478       0x28 build/obj/board.o
 .debug_ranges  0x000014a0       0x18 build/obj/chprintf.o
 .debug_ranges  0x000014b8       0x40 build/obj/chrtclib.o
 .debug_ranges  0x000014f8       0x30 build/obj/memstreams.o
 .debug_ranges  0x00001528       0x10 build/obj/kb_debug.o
 .debug_ranges  0x00001538       0x38 build/obj/fatfs_diskio.o
 .debug_ranges  0x00001570      0x678 build/obj/ff.o
 .debug_ranges  0x00001be8       0x80 build/obj/kb_adc.o
 .debug_ranges  0x00001c68       0x18 build/obj/kb_buttons.o
 .debug_ranges  0x00001c80      0x140 build/obj/kb_logger.o
 .debug_ranges  0x00001dc0       0x70 build/obj/kb_screen.o
 .debug_ranges  0x00001e30       0xa8 build/obj/kb_time.o
 .debug_ranges  0x00001ed8      0x270 build/obj/decoder.o
 .debug_ranges  0x00002148       0xa8 build/obj/ltc.o
 .debug_ranges  0x000021f0      0x158 build/obj/timecode.o
 .debug_ranges  0x00002348       0x28 build/obj/main.o
 .debug_ranges  0x00002370       0x40 build/obj/spiEEPROM.o
 .debug_ranges  0x000023b0      0x118 build/obj/ST7565.o

.debug_line     0x00000000     0xbfed
 .debug_line    0x00000000      0x176 build/obj/crt0.o
 .debug_line    0x00000176       0xee build/obj/vectors.o
 .debug_line    0x00000264       0x5b build/obj/chcore.o
 .debug_line    0x000002bf      0x240 build/obj/chcore_v7m.o
 .debug_line    0x000004ff      0x12d build/obj/nvic.o
 .debug_line    0x0000062c      0x261 build/obj/chsys.o
 .debug_line    0x0000088d      0x2fe build/obj/chdebug.o
 .debug_line    0x00000b8b      0x1c7 build/obj/chvt.o
 .debug_line    0x00000d52      0x38f build/obj/chschd.o
 .debug_line    0x000010e1      0x425 build/obj/chthreads.o
 .debug_line    0x00001506      0x233 build/obj/chregistry.o
 .debug_line    0x00001739      0x3c1 build/obj/chmtx.o
 .debug_line    0x00001afa      0x3a0 build/obj/chevents.o
 .debug_line    0x00001e9a      0x410 build/obj/chqueues.o
 .debug_line    0x000022aa      0x1c3 build/obj/chmemcore.o
 .debug_line    0x0000246d      0x2f3 build/obj/chheap.o
 .debug_line    0x00002760      0x2c5 build/obj/hal.o
 .debug_line    0x00002a25      0x425 build/obj/adc.o
 .debug_line    0x00002e4a      0x29c build/obj/ext.o
 .debug_line    0x000030e6      0x2ff build/obj/gpt.o
 .debug_line    0x000033e5      0x259 build/obj/icu.o
 .debug_line    0x0000363e      0x18d build/obj/mmcsd.o
 .debug_line    0x000037cb      0x2b2 build/obj/rtc.o
 .debug_line    0x00003a7d      0x4d2 build/obj/sdc.o
 .debug_line    0x00003f4f      0x422 build/obj/serial.o
 .debug_line    0x00004371      0x5d1 build/obj/spi.o