Archive member included because of file (symbol)

c:/chibistudio/tools/gnu tools arm embedded/4.7 2013q1/bin/../lib/gcc/arm-none-eabi/4.7.3/../../../../arm-none-eabi/lib/armv7e-m\libm.a(lib_a-s_ceil.o)
                              build/obj/decoder.o (ceil)
c:/chibistudio/tools/gnu tools arm embedded/4.7 2013q1/bin/../lib/gcc/arm-none-eabi/4.7.3/../../../../arm-none-eabi/lib/armv7e-m\libm.a(lib_a-s_rint.o)
                              build/obj/ltc.o (rint)
c:/chibistudio/tools/gnu tools arm embedded/4.7 2013q1/bin/../lib/gcc/arm-none-eabi/4.7.3/../../../../arm-none-eabi/lib/armv7e-m\libm.a(lib_a-w_log10.o)
                              build/obj/decoder.o (log10)
c:/chibistudio/tools/gnu tools arm embedded/4.7 2013q1/bin/../lib/gcc/arm-none-eabi/4.7.3/../../../../arm-none-eabi/lib/armv7e-m\libm.a(lib_a-e_log10.o)
                              c:/chibistudio/tools/gnu tools arm embedded/4.7 2013q1/bin/../lib/gcc/arm-none-eabi/4.7.3/../../../../arm-none-eabi/lib/armv7e-m\libm.a(lib_a-w_log10.o) (__ieee754_log10)
c:/chibistudio/tools/gnu tools arm embedded/4.7 2013q1/bin/../lib/gcc/arm-none-eabi/4.7.3/../../../../arm-none-eabi/lib/armv7e-m\libm.a(lib_a-s_fpclassify.o)
                              c:/chibistudio/tools/gnu tools arm embedded/4.7 2013q1/bin/../lib/gcc/arm-none-eabi/4.7.3/../../../../arm-none-eabi/lib/armv7e-m\libm.a(lib_a-w_log10.o) (__fpclassifyd)
c:/chibistudio/tools/gnu tools arm embedded/4.7 2013q1/bin/../lib/gcc/arm-none-eabi/4.7.3/../../../../arm-none-eabi/lib/armv7e-m\libm.a(lib_a-s_lib_ver.o)
                              c:/chibistudio/tools/gnu tools arm embedded/4.7 2013q1/bin/../lib/gcc/arm-none-eabi/4.7.3/../../../../arm-none-eabi/lib/armv7e-m\libm.a(lib_a-w_log10.o) (__fdlib_version)
c:/chibistudio/tools/gnu tools arm embedded/4.7 2013q1/bin/../lib/gcc/arm-none-eabi/4.7.3/../../../../arm-none-eabi/lib/armv7e-m\libm.a(lib_a-s_matherr.o)
                              c:/chibistudio/tools/gnu tools arm embedded/4.7 2013q1/bin/../lib/gcc/arm-none-eabi/4.7.3/../../../../arm-none-eabi/lib/armv7e-m\libm.a(lib_a-w_log10.o) (matherr)
c:/chibistudio/tools/gnu tools arm embedded/4.7 2013q1/bin/../lib/gcc/arm-none-eabi/4.7.3/../../../../arm-none-eabi/lib/armv7e-m\libm.a(lib_a-s_nan.o)
                              c:/chibistudio/tools/gnu tools arm embedded/4.7 2013q1/bin/../lib/gcc/arm-none-eabi/4.7.3/../../../../arm-none-eabi/lib/armv7e-m\libm.a(lib_a-w_log10.o) (nan)
c:/chibistudio/tools/gnu tools arm embedded/4.7 2013q1/bin/../lib/gcc/arm-none-eabi/4.7.3/../../../../arm-none-eabi/lib/armv7e-m\libm.a(lib_a-e_log.o)
                              c:/chibistudio/tools/gnu tools arm embedded/4.7 2013q1/bin/../lib/gcc/arm-none-eabi/4.7.3/../../../../arm-none-eabi/lib/armv7e-m\libm.a(lib_a-e_log10.o) (__ieee754_log)
c:/chibistudio/tools/gnu tools arm embedded/4.7 2013q1/bin/../lib/gcc/arm-none-eabi/4.7.3/armv7e-m\libgcc.a(_arm_addsubdf3.o)
                              build/obj/decoder.o (__aeabi_dsub)
c:/chibistudio/tools/gnu tools arm embedded/4.7 2013q1/bin/../lib/gcc/arm-none-eabi/4.7.3/armv7e-m\libgcc.a(_arm_muldivdf3.o)
                              build/obj/decoder.o (__aeabi_dmul)
c:/chibistudio/tools/gnu tools arm embedded/4.7 2013q1/bin/../lib/gcc/arm-none-eabi/4.7.3/armv7e-m\libgcc.a(_arm_cmpdf2.o)
                              c:/chibistudio/tools/gnu tools arm embedded/4.7 2013q1/bin/../lib/gcc/arm-none-eabi/4.7.3/../../../../arm-none-eabi/lib/armv7e-m\libm.a(lib_a-w_log10.o) (__aeabi_dcmpeq)
c:/chibistudio/tools/gnu tools arm embedded/4.7 2013q1/bin/../lib/gcc/arm-none-eabi/4.7.3/armv7e-m\libgcc.a(_arm_fixdfsi.o)
                              build/obj/decoder.o (__aeabi_d2iz)
c:/chibistudio/tools/gnu tools arm embedded/4.7 2013q1/bin/../lib/gcc/arm-none-eabi/4.7.3/armv7e-m\libgcc.a(_arm_truncdfsf2.o)
                              build/obj/decoder.o (__aeabi_d2f)
c:/chibistudio/tools/gnu tools arm embedded/4.7 2013q1/bin/../lib/gcc/arm-none-eabi/4.7.3/armv7e-m\libgcc.a(_fixdfdi.o)
                              build/obj/decoder.o (__aeabi_d2lz)
c:/chibistudio/tools/gnu tools arm embedded/4.7 2013q1/bin/../lib/gcc/arm-none-eabi/4.7.3/armv7e-m\libgcc.a(_fixunsdfdi.o)
                              c:/chibistudio/tools/gnu tools arm embedded/4.7 2013q1/bin/../lib/gcc/arm-none-eabi/4.7.3/armv7e-m\libgcc.a(_fixdfdi.o) (__aeabi_d2ulz)
c:/chibistudio/tools/gnu tools arm embedded/4.7 2013q1/bin/../lib/gcc/arm-none-eabi/4.7.3/armv7e-m\libgcc.a(_arm_fixunsdfsi.o)
                              c:/chibistudio/tools/gnu tools arm embedded/4.7 2013q1/bin/../lib/gcc/arm-none-eabi/4.7.3/armv7e-m\libgcc.a(_fixunsdfdi.o) (__aeabi_d2uiz)
c:/chibistudio/tools/gnu tools arm embedded/4.7 2013q1/bin/../lib/gcc/arm-none-eabi/4.7.3/../../../../arm-none-eabi/lib/armv7e-m\libc.a(lib_a-errno.o)
[...]
Memory Configuration

Name             Origin             Length             Attributes
flash            0x08000000         0x00100000
ram              0x20000000         0x0001c000
ethram           0x2001c000         0x00004000
ccmram           0x10000000         0x00010000
*default*        0x00000000         0xffffffff

Linker script and memory map

LOAD build/obj/kb_debug_asm.o
LOAD build/obj/crt0.o
LOAD build/obj/vectors.o
LOAD build/obj/chcore.o
LOAD build/obj/chcore_v7m.o
LOAD build/obj/nvic.o
LOAD build/obj/chsys.o
LOAD build/obj/chdebug.o
LOAD build/obj/chlists.o
LOAD build/obj/chvt.o
LOAD build/obj/chschd.o
LOAD build/obj/chthreads.o
LOAD build/obj/chdynamic.o
LOAD build/obj/chregistry.o
LOAD build/obj/chsem.o
LOAD build/obj/chmtx.o
LOAD build/obj/chcond.o
LOAD build/obj/chevents.o
LOAD build/obj/chmsg.o
LOAD build/obj/chmboxes.o
LOAD build/obj/chqueues.o
LOAD build/obj/chmemcore.o
LOAD build/obj/chheap.o
LOAD build/obj/chmempools.o
LOAD build/obj/hal.o
LOAD build/obj/adc.o
LOAD build/obj/can.o
LOAD build/obj/ext.o
LOAD build/obj/gpt.o
LOAD build/obj/i2c.o
LOAD build/obj/icu.o
LOAD build/obj/mac.o
LOAD build/obj/mmc_spi.o
LOAD build/obj/mmcsd.o
LOAD build/obj/pal.o
LOAD build/obj/pwm.o
LOAD build/obj/rtc.o
LOAD build/obj/sdc.o
LOAD build/obj/serial.o
LOAD build/obj/serial_usb.o
LOAD build/obj/spi.o
LOAD build/obj/tm.o
LOAD build/obj/uart.o
LOAD build/obj/usb.o
LOAD build/obj/stm32_dma.o
LOAD build/obj/hal_lld.o
LOAD build/obj/adc_lld.o
LOAD build/obj/ext_lld_isr.o
LOAD build/obj/can_lld.o
LOAD build/obj/ext_lld.o
LOAD build/obj/gpt_lld.o
LOAD build/obj/icu_lld.o
LOAD build/obj/mac_lld.o
LOAD build/obj/pwm_lld.o
LOAD build/obj/sdc_lld.o
LOAD build/obj/pal_lld.o
LOAD build/obj/i2c_lld.o
LOAD build/obj/usb_lld.o
LOAD build/obj/rtc_lld.o
LOAD build/obj/spi_lld.o
LOAD build/obj/serial_lld.o
LOAD build/obj/uart_lld.o
LOAD build/obj/board.o
LOAD build/obj/chprintf.o
LOAD build/obj/chrtclib.o
LOAD build/obj/memstreams.o
LOAD build/obj/fatfs_diskio.o
LOAD build/obj/ff.o
LOAD build/obj/decoder.o
LOAD build/obj/encoder.o
LOAD build/obj/ltc.o
LOAD build/obj/timecode.o
LOAD build/obj/kb_debug.o
LOAD build/obj/glcdfont.o
LOAD build/obj/kb_adc.o
LOAD build/obj/kb_buttons.o
LOAD build/obj/kb_logger.o
LOAD build/obj/kb_screen.o
LOAD build/obj/kb_time.o
LOAD build/obj/main.o
LOAD build/obj/spiEEPROM.o
LOAD build/obj/ST7565.o
LOAD c:/chibistudio/tools/gnu tools arm embedded/4.7 2013q1/bin/../lib/gcc/arm-none-eabi/4.7.3/../../../../arm-none-eabi/lib/armv7e-m\libm.a
START GROUP
LOAD c:/chibistudio/tools/gnu tools arm embedded/4.7 2013q1/bin/../lib/gcc/arm-none-eabi/4.7.3/armv7e-m\libgcc.a
LOAD c:/chibistudio/tools/gnu tools arm embedded/4.7 2013q1/bin/../lib/gcc/arm-none-eabi/4.7.3/../../../../arm-none-eabi/lib/armv7e-m\libc.a
END GROUP
                0x00000400                __main_stack_size__ = 0x400
                0x00000400                __process_stack_size__ = 0x400
                0x20000000                __ram_start__ = ORIGIN (ram)
                0x0001c000                __ram_size__ = 0x1c000
                0x2001c000                __ram_end__ = (__ram_start__ + __ram_size__)
                0x00000000                . = 0x0
                0x00000000                _text = .

startup         0x08000000      0x188
 *(vectors)
 vectors        0x08000000      0x188 build/obj/vectors.o
                0x08000000                _vectors

constructors    0x08000188        0x0
                0x08000188                PROVIDE (__init_array_start, .)
 *(SORT(.init_array.*))
 *(.init_array)
                0x08000188                PROVIDE (__init_array_end, .)

destructors     0x08000188        0x0
                0x08000188                PROVIDE (__fini_array_start, .)
 *(.fini_array)
 *(SORT(.fini_array.*))
                0x08000188                PROVIDE (__fini_array_end, .)

.text           0x08000190     0xf774
 *(.text.startup.*)
 *(.text)
 .text          0x08000190       0x12 build/obj/kb_debug_asm.o
                0x08000190                HardFaultVector
 *fill*         0x080001a2        0xe 00
 .text          0x080001b0      0x370 c:/chibistudio/tools/gnu tools arm embedded/4.7 2013q1/bin/../lib/gcc/arm-none-eabi/4.7.3/armv7e-m\libgcc.a(_arm_addsubdf3.o)
                0x080001b0                __aeabi_drsub
                0x080001b8                __aeabi_dsub
                0x080001b8                __subdf3
                0x080001bc                __aeabi_dadd
                0x080001bc                __adddf3
                0x08000434                __floatunsidf
                0x08000434                __aeabi_ui2d
                0x08000454                __floatsidf
                0x08000454                __aeabi_i2d
                0x08000478                __aeabi_f2d
                0x08000478                __extendsfdf2
                0x080004b4                __floatundidf
                0x080004b4                __aeabi_ul2d
                0x080004c4                __floatdidf
                0x080004c4                __aeabi_l2d
 .text          0x08000520      0x424 c:/chibistudio/tools/gnu tools arm embedded/4.7 2013q1/bin/../lib/gcc/arm-none-eabi/4.7.3/armv7e-m\libgcc.a(_arm_muldivdf3.o)
                0x08000520                __aeabi_dmul
                0x08000520                __muldf3
                0x08000774                __divdf3
                0x08000774                __aeabi_ddiv
 *fill*         0x08000944        0xc 00
 .text          0x08000950      0x110 c:/chibistudio/tools/gnu tools arm embedded/4.7 2013q1/bin/../lib/gcc/arm-none-eabi/4.7.3/armv7e-m\libgcc.a(_arm_cmpdf2.o)
                0x08000950                __gtdf2
                0x08000950                __gedf2
                0x08000958                __ltdf2
                0x08000958                __ledf2
                0x08000960                __nedf2
                0x08000960                __eqdf2
                0x08000960                __cmpdf2
                0x080009dc                __aeabi_cdrcmple
                0x080009ec                __aeabi_cdcmpeq
                0x080009ec                __aeabi_cdcmple
                0x080009fc                __aeabi_dcmpeq
                0x08000a10                __aeabi_dcmplt
                0x08000a24                __aeabi_dcmple
                0x08000a38                __aeabi_dcmpge
                0x08000a4c                __aeabi_dcmpgt
 .text          0x08000a60       0x50 c:/chibistudio/tools/gnu tools arm embedded/4.7 2013q1/bin/../lib/gcc/arm-none-eabi/4.7.3/armv7e-m\libgcc.a(_arm_fixdfsi.o)
                0x08000a60                __aeabi_d2iz
                0x08000a60                __fixdfsi
 .text          0x08000ab0       0xa0 c:/chibistudio/tools/gnu tools arm embedded/4.7 2013q1/bin/../lib/gcc/arm-none-eabi/4.7.3/armv7e-m\libgcc.a(_arm_truncdfsf2.o)
                0x08000ab0                __truncdfsf2
                0x08000ab0                __aeabi_d2f
 .text          0x08000b50       0x34 c:/chibistudio/tools/gnu tools arm embedded/4.7 2013q1/bin/../lib/gcc/arm-none-eabi/4.7.3/armv7e-m\libgcc.a(_fixdfdi.o)
                0x08000b50                __fixdfdi
                0x08000b50                __aeabi_d2lz
 *fill*         0x08000b84        0xc 00
 .text          0x08000b90       0x44 c:/chibistudio/tools/gnu tools arm embedded/4.7 2013q1/bin/../lib/gcc/arm-none-eabi/4.7.3/armv7e-m\libgcc.a(_fixunsdfdi.o)
                0x08000b90                __fixunsdfdi
                0x08000b90                __aeabi_d2ulz
 *fill*         0x08000bd4        0xc 00
 .text          0x08000be0       0x40 c:/chibistudio/tools/gnu tools arm embedded/4.7 2013q1/bin/../lib/gcc/arm-none-eabi/4.7.3/armv7e-m\libgcc.a(_arm_fixunsdfsi.o)
                0x08000be0                __aeabi_d2uiz
                0x08000be0                __fixunsdfsi
 *(.text.*)
 .text.__late_init
                0x08000c20       0x10 build/obj/crt0.o
                0x08000c20                __late_init
 .text._default_exit
                0x08000c30       0x10 build/obj/crt0.o
                0x08000c30                _default_exit
 .text.ResetHandler
                0x08000c40      0x130 build/obj/crt0.o
                0x08000c40                ResetHandler
 .text._unhandled_exception
                0x08000d70       0x10 build/obj/vectors.o
                0x08000d70                NMIVector
                0x08000d70                Vector11C
                0x08000d70                Vector8C
                0x08000d70                VectorDC
                0x08000d70                Vector168
                0x08000d70                Vector110
                0x08000d70                VectorC8
                0x08000d70                Vector94
                0x08000d70                VectorA8
                0x08000d70                VectorB4
                0x08000d70                Vector160
                0x08000d70                VectorEC
                0x08000d70                UsageFaultVector
                0x08000d70                DebugMonitorVector
                0x08000d70                Vector40
                0x08000d70                VectorF8
                0x08000d70                Vector108
                0x08000d70                VectorBC
                0x08000d70                Vector148
                0x08000d70                PendSVVector
                0x08000d70                Vector118
                0x08000d70                VectorCC
                0x08000d70                Vector54
                0x08000d70                Vector98
                0x08000d70                Vector24
                0x08000d70                Vector178
                0x08000d70                BusFaultVector
                0x08000d70                VectorD0
                0x08000d70                Vector140
                0x08000d70                VectorE4
                0x08000d70                VectorC0
                0x08000d70                Vector134
                0x08000d70                VectorF0
                0x08000d70                Vector13C
                0x08000d70                Vector100
                0x08000d70                MemManageVector
                0x08000d70                VectorA0
                0x08000d70                VectorC4
                0x08000d70                Vector180
                0x08000d70                VectorB0
                0x08000d70                Vector90
                0x08000d70                Vector114
                0x08000d70                Vector164
                0x08000d70                Vector1C
                0x08000d70                Vector17C
                0x08000d70                Vector48
                0x08000d70                Vector16C
                0x08000d70                Vector144
                0x08000d70                Vector15C
                0x08000d70                _unhandled_exception
                0x08000d70                Vector184
                0x08000d70                Vector10C
                0x08000d70                Vector14C
                0x08000d70                Vector50
                0x08000d70                Vector28
                0x08000d70                VectorB8
                0x08000d70                Vector34
                0x08000d70                Vector20
                0x08000d70                Vector174
 .text.port_halt
                0x08000d80       0x10 build/obj/chcore.o
                0x08000d80                port_halt
 .text.SysTickVector
                0x08000d90       0x30 build/obj/chcore_v7m.o
                0x08000d90                SysTickVector
 .text.SVCallVector
                0x08000dc0       0x50 build/obj/chcore_v7m.o
                0x08000dc0                SVCallVector
 .text._port_init
                0x08000e10       0x50 build/obj/chcore_v7m.o
                0x08000e10                _port_init
 .text._port_irq_epilogue
                0x08000e60       0xf0 build/obj/chcore_v7m.o
                0x08000e60                _port_irq_epilogue
 .text._port_switch_from_isr
                0x08000f50       0x10 build/obj/chcore_v7m.o
                0x08000f50                _port_switch_from_isr
 .text._port_switch
                0x08000f60       0x20 build/obj/chcore_v7m.o
                0x08000f60                _port_switch
 .text._port_thread_start
                0x08000f80       0x20 build/obj/chcore_v7m.o
                0x08000f80                _port_thread_start
 .text.nvicEnableVector
                0x08000fa0       0xb0 build/obj/nvic.o
                0x08000fa0                nvicEnableVector
 .text.nvicSetSystemHandlerPriority
                0x08001050       0x60 build/obj/nvic.o
                0x08001050                nvicSetSystemHandlerPriority
 .text._idle_thread
                0x080010b0       0x20 build/obj/chsys.o
                0x080010b0                _idle_thread
 .text.chSysInit
                0x080010d0       0xb0 build/obj/chsys.o
                0x080010d0                chSysInit
 .text.chSysTimerHandlerI
                0x08001180       0xf0 build/obj/chsys.o
                0x08001180                chSysTimerHandlerI
 .text.dbg_check_enable
                0x08001270       0x30 build/obj/chdebug.o
                0x08001270                dbg_check_enable
 .text.dbg_check_lock
                0x080012a0       0x40 build/obj/chdebug.o
                0x080012a0                dbg_check_lock
 .text.dbg_check_unlock
                0x080012e0       0x40 build/obj/chdebug.o
                0x080012e0                dbg_check_unlock
 .text.dbg_check_lock_from_isr
                0x08001320       0x40 build/obj/chdebug.o
                0x08001320                dbg_check_lock_from_isr
 .text.dbg_check_unlock_from_isr
                0x08001360       0x40 build/obj/chdebug.o
                0x08001360                dbg_check_unlock_from_isr
 .text.dbg_check_enter_isr
                0x080013a0       0x60 build/obj/chdebug.o
                0x080013a0                dbg_check_enter_isr
 .text.dbg_check_leave_isr
                0x08001400       0x60 build/obj/chdebug.o
                0x08001400                dbg_check_leave_isr
 .text.chDbgCheckClassI
                0x08001460       0x30 build/obj/chdebug.o
                0x08001460                chDbgCheckClassI
 .text.chDbgCheckClassS
                0x08001490       0x30 build/obj/chdebug.o
                0x08001490                chDbgCheckClassS
 .text._trace_init
                0x080014c0       0x20 build/obj/chdebug.o
                0x080014c0                _trace_init
 .text.dbg_trace
                0x080014e0       0xa0 build/obj/chdebug.o
                0x080014e0                dbg_trace
 .text.chDbgPanic
                0x08001580       0x30 build/obj/chdebug.o
                0x08001580                chDbgPanic
 .text._vt_init
                0x080015b0       0x50 build/obj/chvt.o
                0x080015b0                _vt_init
 .text.chVTSetI
                0x08001600       0xb0 build/obj/chvt.o
                0x08001600                chVTSetI
 .text.chVTResetI
                0x080016b0       0x80 build/obj/chvt.o
                0x080016b0                chVTResetI
 .text.fifo_remove
                0x08001730       0x30 build/obj/chschd.o
 .text.dequeue  0x08001760       0x20 build/obj/chschd.o
 .text._scheduler_init
                0x08001780       0x60 build/obj/chschd.o
                0x08001780                _scheduler_init
 .text.chSchReadyI
                0x080017e0       0x80 build/obj/chschd.o
                0x080017e0                chSchReadyI
 .text.chSchGoSleepS
                0x08001860       0x90 build/obj/chschd.o
                0x08001860                chSchGoSleepS
 .text.wakeup   0x080018f0       0xa0 build/obj/chschd.o
 .text.chSchGoSleepTimeoutS
                0x08001990       0x70 build/obj/chschd.o
                0x08001990                chSchGoSleepTimeoutS
 .text.chSchWakeupS
                0x08001a00       0x90 build/obj/chschd.o
                0x08001a00                chSchWakeupS
 .text.chSchDoRescheduleBehind
                0x08001a90       0x80 build/obj/chschd.o
                0x08001a90                chSchDoRescheduleBehind
 .text.chSchDoRescheduleAhead
                0x08001b10       0xc0 build/obj/chschd.o
                0x08001b10                chSchDoRescheduleAhead
 .text.chSchDoReschedule
                0x08001bd0       0x20 build/obj/chschd.o
                0x08001bd0                chSchDoReschedule
 .text.list_remove
                0x08001bf0       0x20 build/obj/chthreads.o
 .text._thread_init
                0x08001c10       0xc0 build/obj/chthreads.o
                0x08001c10                _thread_init
 .text._thread_memfill
                0x08001cd0       0x30 build/obj/chthreads.o
                0x08001cd0                _thread_memfill
 .text.chThdCreateI
                0x08001d00       0x80 build/obj/chthreads.o
                0x08001d00                chThdCreateI
 .text.chThdCreateStatic
                0x08001d80       0x80 build/obj/chthreads.o
                0x08001d80                chThdCreateStatic
 .text.chThdSleep
                0x08001e00       0x40 build/obj/chthreads.o
                0x08001e00                chThdSleep
 .text.chThdSleepUntil
                0x08001e40       0x50 build/obj/chthreads.o
                0x08001e40                chThdSleepUntil
 .text.chThdExit
                0x08001e90       0x20 build/obj/chthreads.o
                0x08001e90                chThdExit
 .text.chThdExitS
                0x08001eb0       0x80 build/obj/chthreads.o
                0x08001eb0                chThdExitS
 .text.chMtxInit
                0x08001f30       0x40 build/obj/chmtx.o
                0x08001f30                chMtxInit
 .text.chEvtBroadcastFlagsI
                0x08001f70       0x60 build/obj/chevents.o
                0x08001f70                chEvtBroadcastFlagsI
 .text.chEvtSignalI
                0x08001fd0       0x70 build/obj/chevents.o
                0x08001fd0                chEvtSignalI
 .text.queue_insert
                0x08002040       0x30 build/obj/chqueues.o
 .text.fifo_remove
                0x08002070       0x30 build/obj/chqueues.o
 .text.qwait    0x080020a0       0x50 build/obj/chqueues.o
 .text.chIQInit
                0x080020f0       0x50 build/obj/chqueues.o
                0x080020f0                chIQInit
 .text.chIQPutI
                0x08002140       0xa0 build/obj/chqueues.o
                0x08002140                chIQPutI
 .text.chIQGetTimeout
                0x080021e0       0xa0 build/obj/chqueues.o
                0x080021e0                chIQGetTimeout
 .text.chIQReadTimeout
                0x08002280       0xe0 build/obj/chqueues.o
                0x08002280                chIQReadTimeout
 .text.chOQInit
                0x08002360       0x50 build/obj/chqueues.o
                0x08002360                chOQInit
 .text.chOQPutTimeout
                0x080023b0       0xa0 build/obj/chqueues.o
                0x080023b0                chOQPutTimeout
 .text.chOQGetI
                0x08002450       0xa0 build/obj/chqueues.o
                0x08002450                chOQGetI
 .text.chOQWriteTimeout
                0x080024f0       0xe0 build/obj/chqueues.o
                0x080024f0                chOQWriteTimeout
 .text._core_init
                0x080025d0       0x40 build/obj/chmemcore.o
                0x080025d0                _core_init
 .text.chCoreAlloc
                0x08002610       0x30 build/obj/chmemcore.o
                0x08002610                chCoreAlloc
 .text.chCoreAllocI
                0x08002640       0x70 build/obj/chmemcore.o
                0x08002640                chCoreAllocI
 .text._heap_init
                0x080026b0       0x40 build/obj/chheap.o
                0x080026b0                _heap_init
 .text.halInit  0x080026f0       0x40 build/obj/hal.o
                0x080026f0                halInit
 .text.adcInit  0x08002730       0x10 build/obj/adc.o
                0x08002730                adcInit
 .text.adcObjectInit
                0x08002740       0x50 build/obj/adc.o
                0x08002740                adcObjectInit
 .text.adcStart
                0x08002790       0x70 build/obj/adc.o
                0x08002790                adcStart
 .text.adcStartConversionI
                0x08002800       0x90 build/obj/adc.o
                0x08002800                adcStartConversionI
 .text.extInit  0x08002890       0x10 build/obj/ext.o
                0x08002890                extInit
 .text.extObjectInit
                0x080028a0       0x20 build/obj/ext.o
                0x080028a0                extObjectInit
 .text.extStart
                0x080028c0       0x70 build/obj/ext.o
                0x080028c0                extStart
 .text.gptInit  0x08002930       0x10 build/obj/gpt.o
                0x08002930                gptInit
 .text.gptObjectInit
                0x08002940       0x20 build/obj/gpt.o
                0x08002940                gptObjectInit
 .text.icuInit  0x08002960       0x10 build/obj/icu.o
                0x08002960                icuInit
 .text.icuObjectInit
                0x08002970       0x20 build/obj/icu.o
                0x08002970                icuObjectInit
 .text.icuStart
                0x08002990       0x70 build/obj/icu.o
                0x08002990                icuStart
 .text.icuEnable
                0x08002a00       0x60 build/obj/icu.o
                0x08002a00                icuEnable
 .text.mmcsd_get_slice
                0x08002a60       0xb0 build/obj/mmcsd.o
 .text.mmcsdGetCapacity
                0x08002b10       0x90 build/obj/mmcsd.o
                0x08002b10                mmcsdGetCapacity
 .text.rtcInit  0x08002ba0       0x10 build/obj/rtc.o
                0x08002ba0                rtcInit
 .text.rtcGetTime
                0x08002bb0       0x50 build/obj/rtc.o
                0x08002bb0                rtcGetTime
 .text.rtcGetTimeFat
                0x08002c00       0x30 build/obj/rtc.o
                0x08002c00                rtcGetTimeFat
 .text._sdc_wait_for_transfer_state
                0x08002c30       0x70 build/obj/sdc.o
                0x08002c30                _sdc_wait_for_transfer_state
 .text.sdcInit  0x08002ca0       0x10 build/obj/sdc.o
                0x08002ca0                sdcInit
 .text.sdcObjectInit
                0x08002cb0       0x40 build/obj/sdc.o
                0x08002cb0                sdcObjectInit
 .text.sdcStart
                0x08002cf0       0x70 build/obj/sdc.o
                0x08002cf0                sdcStart
 .text.sdcConnect
                0x08002d60      0x2b0 build/obj/sdc.o
                0x08002d60                sdcConnect
 .text.sdcDisconnect
                0x08003010       0xb0 build/obj/sdc.o
                0x08003010                sdcDisconnect
 .text.sdcRead  0x080030c0       0x90 build/obj/sdc.o
                0x080030c0                sdcRead
 .text.sdcWrite
                0x08003150       0x90 build/obj/sdc.o
                0x08003150                sdcWrite
 .text.sdcSync  0x080031e0       0x50 build/obj/sdc.o
                0x080031e0                sdcSync
 .text.sdcGetInfo
                0x08003230       0x50 build/obj/sdc.o
                0x08003230                sdcGetInfo
 .text.write    0x08003280       0x30 build/obj/serial.o
 .text.read     0x080032b0       0x30 build/obj/serial.o
 .text.put      0x080032e0       0x30 build/obj/serial.o
 .text.get      0x08003310       0x20 build/obj/serial.o
 .text.putt     0x08003330       0x30 build/obj/serial.o
 .text.gett     0x08003360       0x20 build/obj/serial.o
 .text.writet   0x08003380       0x30 build/obj/serial.o
 .text.readt    0x080033b0       0x30 build/obj/serial.o
 .text.sdInit   0x080033e0       0x10 build/obj/serial.o
                0x080033e0                sdInit
 .text.sdObjectInit
                0x080033f0       0x70 build/obj/serial.o
                0x080033f0                sdObjectInit
 .text.sdStart  0x08003460       0x70 build/obj/serial.o
                0x08003460                sdStart
 .text.sdIncomingDataI
                0x080034d0       0x70 build/obj/serial.o
                0x080034d0                sdIncomingDataI
 .text.spiInit  0x08003540       0x10 build/obj/spi.o
                0x08003540                spiInit
 .text.spiObjectInit
                0x08003550       0x30 build/obj/spi.o
                0x08003550                spiObjectInit
 .text.spiStart
                0x08003580       0x70 build/obj/spi.o
                0x08003580                spiStart
 .text.spiSelect
                0x080035f0       0x50 build/obj/spi.o
                0x080035f0                spiSelect
 .text.spiUnselect
                0x08003640       0x50 build/obj/spi.o
                0x08003640                spiUnselect
 .text.Vector6C
                0x08003690       0x60 build/obj/stm32_dma.o
                0x08003690                Vector6C
 .text.Vector70
                0x080036f0       0x60 build/obj/stm32_dma.o
                0x080036f0                Vector70
 .text.Vector74
                0x08003750       0x60 build/obj/stm32_dma.o
                0x08003750                Vector74
 .text.Vector78
                0x080037b0       0x60 build/obj/stm32_dma.o
                0x080037b0                Vector78
 .text.Vector7C
                0x08003810       0x60 build/obj/stm32_dma.o
                0x08003810                Vector7C
 .text.Vector80
                0x08003870       0x60 build/obj/stm32_dma.o
                0x08003870                Vector80
 .text.Vector84
                0x080038d0       0x60 build/obj/stm32_dma.o
                0x080038d0                Vector84
 .text.VectorFC
                0x08003930       0x60 build/obj/stm32_dma.o
                0x08003930                VectorFC
 .text.Vector120
                0x08003990       0x60 build/obj/stm32_dma.o
                0x08003990                Vector120
 .text.Vector124
                0x080039f0       0x60 build/obj/stm32_dma.o
                0x080039f0                Vector124
 .text.Vector128
                0x08003a50       0x60 build/obj/stm32_dma.o
                0x08003a50                Vector128
 .text.Vector12C
                0x08003ab0       0x60 build/obj/stm32_dma.o
                0x08003ab0                Vector12C
 .text.Vector130
                0x08003b10       0x60 build/obj/stm32_dma.o
                0x08003b10                Vector130
 .text.Vector150
                0x08003b70       0x60 build/obj/stm32_dma.o
                0x08003b70                Vector150
 .text.Vector154
                0x08003bd0       0x60 build/obj/stm32_dma.o
                0x08003bd0                Vector154
 .text.Vector158
                0x08003c30       0x60 build/obj/stm32_dma.o
                0x08003c30                Vector158
 .text.dmaInit  0x08003c90       0xa0 build/obj/stm32_dma.o
                0x08003c90                dmaInit
 .text.dmaStreamAllocate
                0x08003d30      0x150 build/obj/stm32_dma.o
                0x08003d30                dmaStreamAllocate
 .text.hal_lld_backup_domain_init
                0x08003e80       0xc0 build/obj/hal_lld.o
 .text.hal_lld_init
                0x08003f40      0x140 build/obj/hal_lld.o
                0x08003f40                hal_lld_init
 .text.stm32_clock_init
                0x08004080      0x1f0 build/obj/hal_lld.o
                0x08004080                stm32_clock_init
 .text.adc_lld_serve_rx_interrupt
                0x08004270      0x210 build/obj/adc_lld.o
 .text.Vector88
                0x08004480      0x320 build/obj/adc_lld.o
                0x08004480                Vector88
 .text.adc_lld_init
                0x080047a0       0xd0 build/obj/adc_lld.o
                0x080047a0                adc_lld_init
 .text.adc_lld_start
                0x08004870      0x190 build/obj/adc_lld.o
                0x08004870                adc_lld_start
 .text.adc_lld_start_conversion
                0x08004a00      0x100 build/obj/adc_lld.o
                0x08004a00                adc_lld_start_conversion
 .text.adc_lld_stop_conversion
                0x08004b00       0x60 build/obj/adc_lld.o
                0x08004b00                adc_lld_stop_conversion
 .text.adcSTM32EnableTSVREFE
                0x08004b60       0x20 build/obj/adc_lld.o
                0x08004b60                adcSTM32EnableTSVREFE
 .text.adcSTM32EnableVBATE
                0x08004b80       0x20 build/obj/adc_lld.o
                0x08004b80                adcSTM32EnableVBATE
 .text.Vector58
                0x08004ba0       0x40 build/obj/ext_lld_isr.o
                0x08004ba0                Vector58
 .text.Vector5C
                0x08004be0       0x40 build/obj/ext_lld_isr.o
                0x08004be0                Vector5C
 .text.Vector60
                0x08004c20       0x40 build/obj/ext_lld_isr.o
                0x08004c20                Vector60
 .text.Vector64
                0x08004c60       0x40 build/obj/ext_lld_isr.o
                0x08004c60                Vector64
 .text.Vector68
                0x08004ca0       0x40 build/obj/ext_lld_isr.o
                0x08004ca0                Vector68
 .text.Vector9C
                0x08004ce0       0xf0 build/obj/ext_lld_isr.o
                0x08004ce0                Vector9C
 .text.VectorE0
                0x08004dd0      0x110 build/obj/ext_lld_isr.o
                0x08004dd0                VectorE0
 .text.Vector44
                0x08004ee0       0x40 build/obj/ext_lld_isr.o
                0x08004ee0                Vector44
 .text.VectorE8
                0x08004f20       0x40 build/obj/ext_lld_isr.o
                0x08004f20                VectorE8
 .text.Vector138
                0x08004f60       0x40 build/obj/ext_lld_isr.o
                0x08004f60                Vector138
 .text.Vector170
                0x08004fa0       0x40 build/obj/ext_lld_isr.o
                0x08004fa0                Vector170
 .text.Vector4C
                0x08004fe0       0x40 build/obj/ext_lld_isr.o
                0x08004fe0                Vector4C
 .text.ext_lld_exti_irq_enable
                0x08005020       0xb0 build/obj/ext_lld_isr.o
                0x08005020                ext_lld_exti_irq_enable
 .text.ext_lld_init
                0x080050d0       0x10 build/obj/ext_lld.o
                0x080050d0                ext_lld_init
 .text.ext_lld_start
                0x080050e0       0x50 build/obj/ext_lld.o
                0x080050e0                ext_lld_start
 .text.ext_lld_channel_enable
                0x08005130      0x1d0 build/obj/ext_lld.o
                0x08005130                ext_lld_channel_enable
 .text.ext_lld_channel_disable
                0x08005300       0xb0 build/obj/ext_lld.o
                0x08005300                ext_lld_channel_disable
 .text.gpt_lld_serve_interrupt
                0x080053b0       0x40 build/obj/gpt_lld.o
 .text.VectorF4
                0x080053f0       0x20 build/obj/gpt_lld.o
                0x080053f0                VectorF4
 .text.gpt_lld_init
                0x08005410       0x30 build/obj/gpt_lld.o
                0x08005410                gpt_lld_init
 .text.gpt_lld_stop_timer
                0x08005440       0x30 build/obj/gpt_lld.o
                0x08005440                gpt_lld_stop_timer
 .text.icu_lld_serve_interrupt
                0x08005470       0xf0 build/obj/icu_lld.o
 .text.VectorA4
                0x08005560       0x20 build/obj/icu_lld.o
                0x08005560                VectorA4
 .text.VectorAC
                0x08005580       0x20 build/obj/icu_lld.o
                0x08005580                VectorAC
 .text.icu_lld_init
                0x080055a0       0x30 build/obj/icu_lld.o
                0x080055a0                icu_lld_init
 .text.icu_lld_start
                0x080055d0      0x1e0 build/obj/icu_lld.o
                0x080055d0                icu_lld_start
 .text.icu_lld_enable
                0x080057b0       0xc0 build/obj/icu_lld.o
                0x080057b0                icu_lld_enable
 .text.sdc_lld_prepare_read
                0x08005870       0x90 build/obj/sdc_lld.o
 .text.sdc_lld_prepare_write
                0x08005900       0x90 build/obj/sdc_lld.o
 .text.sdc_lld_wait_transaction_end
                0x08005990      0x100 build/obj/sdc_lld.o
 .text.sdc_lld_collect_errors
                0x08005a90       0xa0 build/obj/sdc_lld.o
 .text.sdc_lld_error_cleanup
                0x08005b30       0xc0 build/obj/sdc_lld.o
 .text.Vector104
                0x08005bf0       0x70 build/obj/sdc_lld.o
                0x08005bf0                Vector104
 .text.sdc_lld_init
                0x08005c60       0x40 build/obj/sdc_lld.o
                0x08005c60                sdc_lld_init
 .text.sdc_lld_start
                0x08005ca0       0xe0 build/obj/sdc_lld.o
                0x08005ca0                sdc_lld_start
 .text.sdc_lld_start_clk
                0x08005d80       0x50 build/obj/sdc_lld.o
                0x08005d80                sdc_lld_start_clk
 .text.sdc_lld_set_data_clk
                0x08005dd0       0x20 build/obj/sdc_lld.o
                0x08005dd0                sdc_lld_set_data_clk
 .text.sdc_lld_stop_clk
                0x08005df0       0x30 build/obj/sdc_lld.o
                0x08005df0                sdc_lld_stop_clk
 .text.sdc_lld_set_bus_mode
                0x08005e20       0x60 build/obj/sdc_lld.o
                0x08005e20                sdc_lld_set_bus_mode
 .text.sdc_lld_send_cmd_none
                0x08005e80       0x50 build/obj/sdc_lld.o
                0x08005e80                sdc_lld_send_cmd_none
 .text.sdc_lld_send_cmd_short
                0x08005ed0       0x90 build/obj/sdc_lld.o
                0x08005ed0                sdc_lld_send_cmd_short
 .text.sdc_lld_send_cmd_short_crc
                0x08005f60       0x90 build/obj/sdc_lld.o
                0x08005f60                sdc_lld_send_cmd_short_crc
 .text.sdc_lld_send_cmd_long_crc
                0x08005ff0       0xd0 build/obj/sdc_lld.o
                0x08005ff0                sdc_lld_send_cmd_long_crc
 .text.sdc_lld_read_aligned
                0x080060c0      0x110 build/obj/sdc_lld.o
                0x080060c0                sdc_lld_read_aligned
 .text.sdc_lld_write_aligned
                0x080061d0      0x110 build/obj/sdc_lld.o
                0x080061d0                sdc_lld_write_aligned
 .text.sdc_lld_read
                0x080062e0       0xa0 build/obj/sdc_lld.o
                0x080062e0                sdc_lld_read
 .text.sdc_lld_write
                0x08006380       0xa0 build/obj/sdc_lld.o
                0x08006380                sdc_lld_write
 .text.sdc_lld_sync
                0x08006420       0x10 build/obj/sdc_lld.o
                0x08006420                sdc_lld_sync
 .text.initgpio
                0x08006430       0x50 build/obj/pal_lld.o
 .text._pal_lld_init
                0x08006480      0x100 build/obj/pal_lld.o
                0x08006480                _pal_lld_init
 .text.rtc_lld_init
                0x08006580       0xe0 build/obj/rtc_lld.o
                0x08006580                rtc_lld_init
 .text.rtc_lld_get_time
                0x08006660       0x90 build/obj/rtc_lld.o
                0x08006660                rtc_lld_get_time
 .text.rtc_lld_get_time_fat
                0x080066f0      0x190 build/obj/rtc_lld.o
                0x080066f0                rtc_lld_get_time_fat
 .text.spi_lld_serve_rx_interrupt
                0x08006880      0x100 build/obj/spi_lld.o
 .text.spi_lld_serve_tx_interrupt
                0x08006980       0x30 build/obj/spi_lld.o
 .text.spi_lld_init
                0x080069b0       0x80 build/obj/spi_lld.o
                0x080069b0                spi_lld_init
 .text.spi_lld_start
                0x08006a30      0x140 build/obj/spi_lld.o
                0x08006a30                spi_lld_start
 .text.spi_lld_select
                0x08006b70       0x20 build/obj/spi_lld.o
                0x08006b70                spi_lld_select
 .text.spi_lld_unselect
                0x08006b90       0x20 build/obj/spi_lld.o
                0x08006b90                spi_lld_unselect
 .text.spi_lld_polled_exchange
                0x08006bb0       0x40 build/obj/spi_lld.o
                0x08006bb0                spi_lld_polled_exchange
 .text.usart_init
                0x08006bf0       0xb0 build/obj/serial_lld.o
 .text.set_error
                0x08006ca0       0x90 build/obj/serial_lld.o
 .text.serve_interrupt
                0x08006d30      0x180 build/obj/serial_lld.o
 .text.notify1  0x08006eb0       0x30 build/obj/serial_lld.o
 .text.notify2  0x08006ee0       0x30 build/obj/serial_lld.o
 .text.VectorD4
                0x08006f10       0x20 build/obj/serial_lld.o
                0x08006f10                VectorD4
 .text.VectorD8
                0x08006f30       0x20 build/obj/serial_lld.o
                0x08006f30                VectorD8
 .text.sd_lld_init
                0x08006f50       0x60 build/obj/serial_lld.o
                0x08006f50                sd_lld_init
 .text.sd_lld_start
                0x08006fb0       0x90 build/obj/serial_lld.o
                0x08006fb0                sd_lld_start
 .text.__early_init
                0x08007040       0x10 build/obj/board.o
                0x08007040                __early_init
 .text.sdc_lld_is_card_inserted
                0x08007050       0x30 build/obj/board.o
                0x08007050                sdc_lld_is_card_inserted
 .text.sdc_lld_is_write_protected
                0x08007080       0x30 build/obj/board.o
                0x08007080                sdc_lld_is_write_protected
 .text.boardInit
                0x080070b0       0x10 build/obj/board.o
                0x080070b0                boardInit
 .text.long_to_string_with_divisor
                0x080070c0       0xc0 build/obj/chprintf.o
 .text.ltoa     0x08007180       0x20 build/obj/chprintf.o
 .text.chprintf
                0x080071a0      0x4b0 build/obj/chprintf.o
                0x080071a0                chprintf
 .text.stm32_rtc_bcd2tm
                0x08007650      0x1f0 build/obj/chrtclib.o
 .text.rtcGetTimeTm
                0x08007840       0x40 build/obj/chrtclib.o
                0x08007840                rtcGetTimeTm
 .text.writes   0x08007880       0x60 build/obj/memstreams.o
 .text.reads    0x080078e0       0x60 build/obj/memstreams.o
 .text.put      0x08007940       0x50 build/obj/memstreams.o
 .text.get      0x08007990       0x40 build/obj/memstreams.o
 .text.msObjectInit
                0x080079d0       0x40 build/obj/memstreams.o
                0x080079d0                msObjectInit
 .text.disk_initialize
                0x08007a10       0x70 build/obj/fatfs_diskio.o
                0x08007a10                disk_initialize
 .text.disk_status
                0x08007a80       0x70 build/obj/fatfs_diskio.o
                0x08007a80                disk_status
 .text.disk_read
                0x08007af0       0x60 build/obj/fatfs_diskio.o
                0x08007af0                disk_read
 .text.disk_write
                0x08007b50       0x60 build/obj/fatfs_diskio.o
                0x08007b50                disk_write
 .text.disk_ioctl
                0x08007bb0       0x80 build/obj/fatfs_diskio.o
                0x08007bb0                disk_ioctl
 .text.get_fattime
                0x08007c30       0x20 build/obj/fatfs_diskio.o
                0x08007c30                get_fattime
 .text.mem_cpy  0x08007c50       0x50 build/obj/ff.o
 .text.mem_set  0x08007ca0       0x40 build/obj/ff.o
 .text.mem_cmp  0x08007ce0       0x70 build/obj/ff.o
 .text.chk_chr  0x08007d50       0x30 build/obj/ff.o
 .text.sync_window
                0x08007d80       0xa0 build/obj/ff.o
 .text.move_window
                0x08007e20       0x60 build/obj/ff.o
 .text.sync_fs  0x08007e80      0x180 build/obj/ff.o
 .text.clust2sect
                0x08008000       0x40 build/obj/ff.o
                0x08008000                clust2sect
 .text.get_fat  0x08008040      0x1a0 build/obj/ff.o
                0x08008040                get_fat
 .text.put_fat  0x080081e0      0x280 build/obj/ff.o
                0x080081e0                put_fat
 .text.remove_chain
                0x08008460       0xc0 build/obj/ff.o
 .text.create_chain
                0x08008520      0x130 build/obj/ff.o
 .text.dir_sdi  0x08008650      0x130 build/obj/ff.o
 .text.dir_next
                0x08008780      0x1f0 build/obj/ff.o
 .text.dir_alloc
                0x08008970       0xa0 build/obj/ff.o
 .text.ld_clust
                0x08008a10       0x60 build/obj/ff.o
 .text.st_clust
                0x08008a70       0x60 build/obj/ff.o
 .text.dir_find
                0x08008ad0       0xc0 build/obj/ff.o
 .text.dir_register
                0x08008b90       0x80 build/obj/ff.o
 .text.create_name
                0x08008c10      0x200 build/obj/ff.o
 .text.follow_path
                0x08008e10      0x100 build/obj/ff.o
 .text.check_fs
                0x08008f10       0xe0 build/obj/ff.o
 .text.chk_mounted
                0x08008ff0      0x630 build/obj/ff.o
 .text.validate
                0x08009620       0x60 build/obj/ff.o
 .text.f_mount  0x08009680       0x70 build/obj/ff.o
                0x08009680                f_mount
 .text.f_open   0x080096f0      0x2e0 build/obj/ff.o
                0x080096f0                f_open
 .text.f_write  0x080099d0      0x360 build/obj/ff.o
                0x080099d0                f_write
 .text.f_sync   0x08009d30      0x190 build/obj/ff.o
                0x08009d30                f_sync
 .text.f_opendir
                0x08009ec0       0xe0 build/obj/ff.o
                0x08009ec0                f_opendir
 .text.f_getfree
                0x08009fa0      0x1d0 build/obj/ff.o
                0x08009fa0                f_getfree
 .text.f_mkdir  0x0800a170      0x290 build/obj/ff.o
                0x0800a170                f_mkdir
 .text.calc_volume_db
                0x0800a400       0x80 build/obj/decoder.o
 .text.parse_ltc
                0x0800a480      0x8c0 build/obj/decoder.o
 .text.biphase_decode2
                0x0800ad40      0x140 build/obj/decoder.o
 .text.decode_ltc
                0x0800ae80      0x2a0 build/obj/decoder.o
                0x0800ae80                decode_ltc
 .text.ltc_decoder_create
                0x0800b120       0xd0 build/obj/ltc.o
                0x0800b120                ltc_decoder_create
 .text.ltc_decoder_write
                0x0800b1f0       0x20 build/obj/ltc.o
                0x0800b1f0                ltc_decoder_write
 .text.ltc_decoder_read
                0x0800b210       0x70 build/obj/ltc.o
                0x0800b210                ltc_decoder_read
 .text.smpte_set_timezone_string
                0x0800b280       0xd0 build/obj/timecode.o
 .text.ltc_frame_to_time
                0x0800b350      0x190 build/obj/timecode.o
                0x0800b350                ltc_frame_to_time
 .text.hard_fault_handler_c
                0x0800b4e0      0x170 build/obj/kb_debug.o
                0x0800b4e0                hard_fault_handler_c
 .text.adc_make_avg
                0x0800b650       0x60 build/obj/kb_adc.o
                0x0800b650                adc_make_avg
 .text.adc_cb   0x0800b6b0       0xa0 build/obj/kb_adc.o
                0x0800b6b0                adc_cb
 .text.adc_trigger_cb
                0x0800b750       0x60 build/obj/kb_adc.o
                0x0800b750                adc_trigger_cb
 .text.btn_0_exti_cb
                0x0800b7b0       0x30 build/obj/kb_buttons.o
                0x0800b7b0                btn_0_exti_cb
 .text.btn_1_exti_cb
                0x0800b7e0       0x30 build/obj/kb_buttons.o
                0x0800b7e0                btn_1_exti_cb
 .text.make_dirs
                0x0800b810       0x40 build/obj/kb_logger.o
 .text.new_file
                0x0800b850      0x130 build/obj/kb_logger.o
 .text.on_insert
                0x0800b980      0x150 build/obj/kb_logger.o
 .text.on_remove
                0x0800bad0       0x40 build/obj/kb_logger.o
 .text.wait_for_sd
                0x0800bb10       0x70 build/obj/kb_logger.o
 .text.sd_card_status
                0x0800bb80       0x70 build/obj/kb_logger.o
 .text.calc_checksum
                0x0800bbf0       0x60 build/obj/kb_logger.o
 .text.run      0x0800bc50      0x200 build/obj/kb_logger.o
 .text.thLogger
                0x0800be50       0xf0 build/obj/kb_logger.o
 .text.kuroBoxLogger
                0x0800bf40       0x60 build/obj/kb_logger.o
                0x0800bf40                kuroBoxLogger
 .text.thScreen
                0x0800bfa0      0x440 build/obj/kb_screen.o
 .text.kuroBoxScreenInit
                0x0800c3e0       0x50 build/obj/kb_screen.o
                0x0800c3e0                kuroBoxScreenInit
 .text.kbs_setVoltage
                0x0800c430       0x20 build/obj/kb_screen.o
                0x0800c430                kbs_setVoltage
 .text.kbs_setTemperature
                0x0800c450       0x20 build/obj/kb_screen.o
                0x0800c450                kbs_setTemperature
 .text.kbs_setLTC
                0x0800c470       0x30 build/obj/kb_screen.o
                0x0800c470                kbs_setLTC
 .text.kbs_setCounter
                0x0800c4a0       0x20 build/obj/kb_screen.o
                0x0800c4a0                kbs_setCounter
 .text.kbs_setSDCFree
                0x0800c4c0       0x20 build/obj/kb_screen.o
                0x0800c4c0                kbs_setSDCFree
 .text.kbs_setFName
                0x0800c4e0       0x20 build/obj/kb_screen.o
                0x0800c4e0                kbs_setFName
 .text.kbs_setBtn0
                0x0800c500       0x20 build/obj/kb_screen.o
                0x0800c500                kbs_setBtn0
 .text.kbs_setBtn1
                0x0800c520       0x20 build/obj/kb_screen.o
                0x0800c520                kbs_setBtn1
 .text.ltc_icu_period_cb
                0x0800c540      0x190 build/obj/kb_time.o
                0x0800c540                ltc_icu_period_cb
 .text.thTime   0x0800c6d0       0xd0 build/obj/kb_time.o
 .text.kuroBoxTimeInit
                0x0800c7a0       0x80 build/obj/kb_time.o
                0x0800c7a0                kuroBoxTimeInit
 .text.thBlinker
                0x0800c820       0x60 build/obj/main.o
 .text.kuroBox_panic
                0x0800c880       0x50 build/obj/main.o
                0x0800c880                kuroBox_panic
 .text.kuroBoxInit
                0x0800c8d0      0x200 build/obj/main.o
                0x0800c8d0                kuroBoxInit
 .text.main     0x0800cad0       0x50 build/obj/main.o
                0x0800cad0                main
 .text.spiEepromStart
                0x0800cb20       0x20 build/obj/spiEEPROM.o
                0x0800cb20                spiEepromStart
 .text.updateBoundingBox
                0x0800cb40       0xa0 build/obj/ST7565.o
 .text.st7565Start
                0x0800cbe0      0x180 build/obj/ST7565.o
                0x0800cbe0                st7565Start
 .text.st7565_display
                0x0800cd60      0x1d0 build/obj/ST7565.o
                0x0800cd60                st7565_display
 .text.st7565_clear
                0x0800cf30       0x30 build/obj/ST7565.o
                0x0800cf30                st7565_clear
 .text.st7565_drawchar
                0x0800cf60       0xb0 build/obj/ST7565.o
                0x0800cf60                st7565_drawchar
 .text.st7565_drawstring
                0x0800d010       0xc0 build/obj/ST7565.o
                0x0800d010                st7565_drawstring
 .text.st7565_setpixel
                0x0800d0d0       0xf0 build/obj/ST7565.o
                0x0800d0d0                st7565_setpixel
 .text.st7565_drawline
                0x0800d1c0      0x1a0 build/obj/ST7565.o
                0x0800d1c0                st7565_drawline
 .text.ceil     0x0800d360      0x120 c:/chibistudio/tools/gnu tools arm embedded/4.7 2013q1/bin/../lib/gcc/arm-none-eabi/4.7.3/../../../../arm-none-eabi/lib/armv7e-m\libm.a(lib_a-s_ceil.o)
                0x0800d360                ceil
 .text.log10    0x0800d480       0xe4 c:/chibistudio/tools/gnu tools arm embedded/4.7 2013q1/bin/../lib/gcc/arm-none-eabi/4.7.3/../../../../arm-none-eabi/lib/armv7e-m\libm.a(lib_a-w_log10.o)
                0x0800d480                log10
 *fill*         0x0800d564        0xc 00
 .text.__ieee754_log10
                0x0800d570      0x128 c:/chibistudio/tools/gnu tools arm embedded/4.7 2013q1/bin/../lib/gcc/arm-none-eabi/4.7.3/../../../../arm-none-eabi/lib/armv7e-m\libm.a(lib_a-e_log10.o)
                0x0800d570                __ieee754_log10
 *fill*         0x0800d698        0x8 00
 .text.__fpclassifyd
                0x0800d6a0       0x68 c:/chibistudio/tools/gnu tools arm embedded/4.7 2013q1/bin/../lib/gcc/arm-none-eabi/4.7.3/../../../../arm-none-eabi/lib/armv7e-m\libm.a(lib_a-s_fpclassify.o)
                0x0800d6a0                __fpclassifyd
 *fill*         0x0800d708        0x8 00
 .text.matherr  0x0800d710        0x4 c:/chibistudio/tools/gnu tools arm embedded/4.7 2013q1/bin/../lib/gcc/arm-none-eabi/4.7.3/../../../../arm-none-eabi/lib/armv7e-m\libm.a(lib_a-s_matherr.o)
                0x0800d710                matherr
 *fill*         0x0800d714        0xc 00
 .text.nan      0x0800d720        0xc c:/chibistudio/tools/gnu tools arm embedded/4.7 2013q1/bin/../lib/gcc/arm-none-eabi/4.7.3/../../../../arm-none-eabi/lib/armv7e-m\libm.a(lib_a-s_nan.o)
                0x0800d720                nan
 *fill*         0x0800d72c        0x4 00
 .text.__ieee754_log
                0x0800d730      0x3f8 c:/chibistudio/tools/gnu tools arm embedded/4.7 2013q1/bin/../lib/gcc/arm-none-eabi/4.7.3/../../../../arm-none-eabi/lib/armv7e-m\libm.a(lib_a-e_log.o)
                0x0800d730                __ieee754_log
 *fill*         0x0800db28        0x8 00
 .text.__errno  0x0800db30        0xc c:/chibistudio/tools/gnu tools arm embedded/4.7 2013q1/bin/../lib/gcc/arm-none-eabi/4.7.3/../../../../arm-none-eabi/lib/armv7e-m\libc.a(lib_a-errno.o)
                0x0800db30                __errno
 *fill*         0x0800db3c        0x4 00
 .text.memcpy   0x0800db40      0x144 c:/chibistudio/tools/gnu tools arm embedded/4.7 2013q1/bin/../lib/gcc/arm-none-eabi/4.7.3/../../../../arm-none-eabi/lib/armv7e-m\libc.a(lib_a-memcpy.o)
                0x0800db40                memcpy
 *fill*         0x0800dc84        0xc 00
 .text.memset   0x0800dc90      0x12c c:/chibistudio/tools/gnu tools arm embedded/4.7 2013q1/bin/../lib/gcc/arm-none-eabi/4.7.3/../../../../arm-none-eabi/lib/armv7e-m\libc.a(lib_a-memset.o)
                0x0800dc90                memset
 *fill*         0x0800ddbc        0x4 00
 .text.strcpy   0x0800ddc0       0xbc c:/chibistudio/tools/gnu tools arm embedded/4.7 2013q1/bin/../lib/gcc/arm-none-eabi/4.7.3/../../../../arm-none-eabi/lib/armv7e-m\libc.a(lib_a-strcpy.o)
                0x0800ddc0                strcpy
 *(.rodata)
 *fill*         0x0800de7c        0x4 00
 .rodata        0x0800de80        0x8 build/obj/chsys.o
 *fill*         0x0800de88        0x8 00
 .rodata        0x0800de90       0x58 build/obj/chdebug.o
 *fill*         0x0800dee8        0x8 00
 .rodata        0x0800def0       0x34 build/obj/chvt.o
 *fill*         0x0800df24        0xc 00
 .rodata        0x0800df30       0x24 build/obj/chschd.o
 *fill*         0x0800df54        0xc 00
 .rodata        0x0800df60       0x94 build/obj/chthreads.o
 *fill*         0x0800dff4        0xc 00
 .rodata        0x0800e000       0xac build/obj/chmtx.o
 *fill*         0x0800e0ac        0x4 00
 .rodata        0x0800e0b0       0x90 build/obj/chevents.o
 .rodata        0x0800e140       0x2c build/obj/chqueues.o
 *fill*         0x0800e16c        0x4 00
 .rodata        0x0800e170      0x110 build/obj/adc.o
 .rodata        0x0800e280       0xd0 build/obj/ext.o
 .rodata        0x0800e350       0x80 build/obj/icu.o
 .rodata        0x0800e3d0       0x14 build/obj/mmcsd.o
 *fill*         0x0800e3e4        0xc 00
 .rodata        0x0800e3f0       0x40 build/obj/rtc.o
 .rodata        0x0800e430      0x138 build/obj/sdc.o
 *fill*         0x0800e568        0x8 00
 .rodata        0x0800e570       0x60 build/obj/serial.o
 .rodata        0x0800e5d0      0x238 build/obj/spi.o
 *fill*         0x0800e808        0x8 00
 .rodata        0x0800e810       0x48 build/obj/stm32_dma.o
 *fill*         0x0800e858        0x8 00
 .rodata        0x0800e860       0x3c build/obj/adc_lld.o
 *fill*         0x0800e89c        0x4 00
 .rodata        0x0800e8a0       0x14 build/obj/icu_lld.o
 *fill*         0x0800e8b4        0xc 00
 .rodata        0x0800e8c0       0x80 build/obj/sdc_lld.o
 .rodata        0x0800e940       0x28 build/obj/spi_lld.o
 *fill*         0x0800e968        0x8 00
 .rodata        0x0800e970        0x8 build/obj/chprintf.o
 *fill*         0x0800e978        0x8 00
 .rodata        0x0800e980       0x54 build/obj/ff.o
 *fill*         0x0800e9d4        0xc 00
 .rodata        0x0800e9e0       0x14 build/obj/timecode.o
 *fill*         0x0800e9f4        0xc 00
 .rodata        0x0800ea00      0x114 build/obj/kb_debug.o
 *fill*         0x0800eb14        0xc 00
 .rodata        0x0800eb20       0x70 build/obj/kb_logger.o
 .rodata        0x0800eb90       0x6c build/obj/kb_screen.o
 *fill*         0x0800ebfc        0x4 00
 .rodata        0x0800ec00        0x8 build/obj/kb_time.o
 *fill*         0x0800ec08        0x8 00
 .rodata        0x0800ec10       0x3c build/obj/main.o
 *(.rodata.*)
 *fill*         0x0800ec4c        0x4 00
 .rodata.ch_debug
                0x0800ec50       0x18 build/obj/chregistry.o
                0x0800ec50                ch_debug
 *fill*         0x0800ec68        0x8 00
 .rodata.sdc_vmt
                0x0800ec70       0x20 build/obj/sdc.o
 .rodata.vmt    0x0800ec90       0x20 build/obj/serial.o
 .rodata._stm32_dma_streams
                0x0800ecb0       0xc0 build/obj/stm32_dma.o
                0x0800ecb0                _stm32_dma_streams
 .rodata.default_config
                0x0800ed70        0xc build/obj/serial_lld.o
 *fill*         0x0800ed7c        0x4 00
 .rodata.pal_default_config
                0x0800ed80       0xfc build/obj/board.o
                0x0800ed80                pal_default_config
 *fill*         0x0800ee7c        0x4 00
 .rodata.vmt    0x0800ee80       0x10 build/obj/memstreams.o
 .rodata.ExCvt  0x0800ee90       0x80 build/obj/ff.o
 .rodata.smpte_time_zones
                0x0800ef10      0x198 build/obj/timecode.o
 *fill*         0x0800f0a8        0x8 00
 .rodata.ST7565font
                0x0800f0b0      0x4fc build/obj/glcdfont.o
                0x0800f0b0                ST7565font
 *fill*         0x0800f5ac        0x4 00
 .rodata.adc_grp_cfg
                0x0800f5b0       0x28 build/obj/kb_adc.o
 *fill*         0x0800f5d8        0x8 00
 .rodata.sdio_cfg
                0x0800f5e0        0x4 build/obj/main.o
 *fill*         0x0800f5e4        0xc 00
 .rodata.eeprom_cfg
                0x0800f5f0        0xc build/obj/main.o
 *fill*         0x0800f5fc        0x4 00
 .rodata.lcd_cfg
                0x0800f600       0x1c build/obj/main.o
 *fill*         0x0800f61c        0x4 00
 .rodata.extcfg
                0x0800f620       0xb8 build/obj/main.o
 *fill*         0x0800f6d8        0x8 00
 .rodata.pagemap
                0x0800f6e0        0x4 build/obj/ST7565.o
 *fill*         0x0800f6e4        0xc 00
 .rodata.st7565_nanibox
                0x0800f6f0      0x200 build/obj/ST7565.o
 .rodata.str1.4
                0x0800f8f0        0x9 c:/chibistudio/tools/gnu tools arm embedded/4.7 2013q1/bin/../lib/gcc/arm-none-eabi/4.7.3/../../../../arm-none-eabi/lib/armv7e-m\libm.a(lib_a-w_log10.o)
                                  0xc (size before relaxing)
 *fill*         0x0800f8f9        0x7 00
 .rodata.str1.4
                0x0800f900        0x4 c:/chibistudio/tools/gnu tools arm embedded/4.7 2013q1/bin/../lib/gcc/arm-none-eabi/4.7.3/../../../../arm-none-eabi/lib/armv7e-m\libc.a(lib_a-impure.o)
 *(.glue_7t)
 .glue_7t       0x00000000        0x0 linker stubs
 *(.glue_7)
 .glue_7        0x00000000        0x0 linker stubs
 *(.gcc*)

.vfp11_veneer   0x0800f904        0x0
 .vfp11_veneer  0x00000000        0x0 linker stubs

.v4_bx          0x0800f904        0x0
 .v4_bx         0x00000000        0x0 linker stubs

.iplt           0x0800f904        0x0
 .iplt          0x00000000        0x0 build/obj/kb_debug_asm.o

.rel.dyn        0x0800f904        0x0
 .rel.iplt      0x00000000        0x0 build/obj/kb_debug_asm.o

.ARM.extab
 *(.ARM.extab* .gnu.linkonce.armextab.*)

.ARM.exidx      0x0800f904        0x0
                0x0800f904                PROVIDE (__exidx_start, .)
 *(.ARM.exidx* .gnu.linkonce.armexidx.*)
                0x0800f904                PROVIDE (__exidx_end, .)

.eh_frame_hdr
 *(.eh_frame_hdr)

.eh_frame
 *(.eh_frame)

.textalign      0x0800f904        0x4
                0x0800f908                . = ALIGN (0x8)
 *fill*         0x0800f904        0x4 00
                0x0800f908                _etext = .
                0x0800f908                _textdata = _etext

.stacks         0x20000000      0x800
                0x20000000                . = ALIGN (0x8)
                0x20000000                __main_stack_base__ = .
                0x20000400                . = (. + __main_stack_size__)
 *fill*         0x20000000      0x400 00
                0x20000400                . = ALIGN (0x8)
                0x20000400                __main_stack_end__ = .
                0x20000400                __process_stack_base__ = .
                0x20000400                __main_thread_stack_base__ = .
                0x20000800                . = (. + __process_stack_size__)
 *fill*         0x20000400      0x400 00
                0x20000800                . = ALIGN (0x8)
                0x20000800                __process_stack_end__ = .
                0x20000800                __main_thread_stack_end__ = .

.data           0x20000800      0x464 load address 0x0800f908
                0x20000800                . = ALIGN (0x4)
                0x20000800                PROVIDE (_data, .)
 *(.data)
                0x20000800                . = ALIGN (0x4)
 *(.data.*)
 .data.ltc_icucfg
                0x20000800       0x18 build/obj/main.o
 .data.serial1_cfg
                0x20000818        0xc build/obj/main.o
 .data.serial2_cfg
                0x20000824        0xc build/obj/main.o
 .data.__fdlib_version
                0x20000830        0x1 c:/chibistudio/tools/gnu tools arm embedded/4.7 2013q1/bin/../lib/gcc/arm-none-eabi/4.7.3/../../../../arm-none-eabi/lib/armv7e-m\libm.a(lib_a-s_lib_ver.o)
                0x20000830                __fdlib_version
 *fill*         0x20000831        0x7 00
 .data.impure_data
                0x20000838      0x428 c:/chibistudio/tools/gnu tools arm embedded/4.7 2013q1/bin/../lib/gcc/arm-none-eabi/4.7.3/../../../../arm-none-eabi/lib/armv7e-m\libc.a(lib_a-impure.o)
 .data._impure_ptr
                0x20000c60        0x4 c:/chibistudio/tools/gnu tools arm embedded/4.7 2013q1/bin/../lib/gcc/arm-none-eabi/4.7.3/../../../../arm-none-eabi/lib/armv7e-m\libc.a(lib_a-impure.o)
                0x20000c60                _impure_ptr
                0x20000c64                . = ALIGN (0x4)
 *(.ramtext)
                0x20000c64                . = ALIGN (0x4)
                0x20000c64                PROVIDE (_edata, .)

.igot.plt       0x20000c64        0x0 load address 0x0800fd6c
 .igot.plt      0x00000000        0x0 build/obj/kb_debug_asm.o

.bss            0x20000c68     0x95a0 load address 0x0800fd6c
                0x20000c68                . = ALIGN (0x4)
                0x20000c68                PROVIDE (_bss_start, .)
 *(.bss)
                0x20000c68                . = ALIGN (0x4)
 *(.bss.*)
 .bss._idle_thread_wa
                0x20000c68      0x158 build/obj/chsys.o
                0x20000c68                _idle_thread_wa
 .bss.mainthread.4860
                0x20000dc0       0x4c build/obj/chsys.o
 .bss.dbg_isr_cnt
                0x20000e0c        0x4 build/obj/chdebug.o
                0x20000e0c                dbg_isr_cnt
 .bss.dbg_lock_cnt
                0x20000e10        0x4 build/obj/chdebug.o
                0x20000e10                dbg_lock_cnt
 .bss.dbg_trace_buffer
                0x20000e14      0x408 build/obj/chdebug.o
                0x20000e14                dbg_trace_buffer
 .bss.dbg_panic_msg
                0x2000121c        0x4 build/obj/chdebug.o
                0x2000121c                dbg_panic_msg
 .bss.vtlist    0x20001220       0x10 build/obj/chvt.o
                0x20001220                vtlist
 .bss.rlist     0x20001230       0x1c build/obj/chschd.o
                0x20001230                rlist
 .bss.nextmem   0x2000124c        0x4 build/obj/chmemcore.o
 .bss.endmem    0x20001250        0x4 build/obj/chmemcore.o
 *fill*         0x20001254        0x4 00
 .bss.default_heap
                0x20001258       0x20 build/obj/chheap.o
 .bss.dma_streams_mask
                0x20001278        0x4 build/obj/stm32_dma.o
 .bss.dma_isr_redir
                0x2000127c       0x80 build/obj/stm32_dma.o
 .bss.ADCD1     0x200012fc       0x34 build/obj/adc_lld.o
                0x200012fc                ADCD1
 .bss.ADCD2     0x20001330       0x34 build/obj/adc_lld.o
                0x20001330                ADCD2
 .bss.ADCD3     0x20001364       0x34 build/obj/adc_lld.o
                0x20001364                ADCD3
 .bss.EXTD1     0x20001398        0x8 build/obj/ext_lld.o
                0x20001398                EXTD1
 .bss.GPTD14    0x200013a0       0x10 build/obj/gpt_lld.o
                0x200013a0                GPTD14
 .bss.ICUD1     0x200013b0       0x18 build/obj/icu_lld.o
                0x200013b0                ICUD1
 .bss.SDCD1     0x200013c8       0x4c build/obj/sdc_lld.o
                0x200013c8                SDCD1
 .bss.u         0x20001414      0x200 build/obj/sdc_lld.o
 .bss.RTCD1     0x20001614        0x4 build/obj/rtc_lld.o
                0x20001614                RTCD1
 .bss.SPID1     0x20001618       0x30 build/obj/spi_lld.o
                0x20001618                SPID1
 .bss.dummytx   0x20001648        0x2 build/obj/spi_lld.o
 *fill*         0x2000164a        0x2 00
 .bss.SD1       0x2000164c       0xd8 build/obj/serial_lld.o
                0x2000164c                SD1
 .bss.SD2       0x20001724       0xd8 build/obj/serial_lld.o
                0x20001724                SD2
 .bss.FatFs     0x200017fc        0x4 build/obj/ff.o
 .bss.Fsid      0x20001800        0x2 build/obj/ff.o
 *fill*         0x20001802        0x6 00
 .bss.LTCDecoderInstance
                0x20001808      0x198 build/obj/ltc.o
 .bss.LTCFrameExtInstances
                0x200019a0     0x2e00 build/obj/ltc.o
 .bss.adc_samples
                0x200047a0        0xc build/obj/kb_adc.o
 .bss.loggerThread
                0x200047ac        0x4 build/obj/kb_logger.o
 .bss.sd_det_count
                0x200047b0        0x1 build/obj/kb_logger.o
 .bss.logger_state
                0x200047b1        0x1 build/obj/kb_logger.o
 .bss.fs_ready  0x200047b2        0x1 build/obj/kb_logger.o
 .bss.fs_write_protected
                0x200047b3        0x1 build/obj/kb_logger.o
 .bss.SDC_FS    0x200047b4      0x234 build/obj/kb_logger.o
 .bss.current_msg
                0x200049e8      0x200 build/obj/kb_logger.o
 .bss.writing_msg
                0x20004be8      0x200 build/obj/kb_logger.o
 .bss.kbfile    0x20004de8      0x224 build/obj/kb_logger.o
                0x20004de8                kbfile
 *fill*         0x2000500c        0x4 00
 .bss.waLogger  0x20005010     0x2138 build/obj/kb_logger.o
 .bss.screen    0x20007148       0x38 build/obj/kb_screen.o
 .bss.charbuf   0x20007180       0x80 build/obj/kb_screen.o
 .bss.msb       0x20007200       0x14 build/obj/kb_screen.o
 *fill*         0x20007214        0x4 00
 .bss.waScreen  0x20007218     0x1138 build/obj/kb_screen.o
 .bss.timeThread
                0x20008350        0x4 build/obj/kb_time.o
 .bss.ltc_buffer
                0x20008354      0x800 build/obj/kb_time.o
                0x20008354                ltc_buffer
 .bss.which_ltc_buffer
                0x20008b54        0x4 build/obj/kb_time.o
                0x20008b54                which_ltc_buffer
 .bss.ltc_buffer_pos
                0x20008b58        0x4 build/obj/kb_time.o
                0x20008b58                ltc_buffer_pos
 .bss.ltc_decoder
                0x20008b5c        0x4 build/obj/kb_time.o
                0x20008b5c                ltc_decoder
 .bss.ltc_frame
                0x20008b60      0x170 build/obj/kb_time.o
                0x20008b60                ltc_frame
 .bss.ltc_smpte_time
                0x20008cd0       0x10 build/obj/kb_time.o
                0x20008cd0                ltc_smpte_time
 .bss.waTime    0x20008ce0     0x1138 build/obj/kb_time.o
 .bss.lcd_buffer
                0x20009e18      0x200 build/obj/main.o
 .bss.global_state
                0x2000a018        0x4 build/obj/main.o
 .bss.adc_trigger
                0x2000a01c       0x14 build/obj/main.o
 .bss.adc_cfg   0x2000a030        0x4 build/obj/main.o
 *fill*         0x2000a034        0x4 00
 .bss.waBlinker
                0x2000a038      0x1b8 build/obj/main.o
 .bss.spiEepromD1
                0x2000a1f0        0x8 build/obj/spiEEPROM.o
                0x2000a1f0                spiEepromD1
 .bss.ST7565D1  0x2000a1f8        0xc build/obj/ST7565.o
                0x2000a1f8                ST7565D1
 .bss.xUpdateMin
                0x2000a204        0x1 build/obj/ST7565.o
 .bss.xUpdateMax
                0x2000a205        0x1 build/obj/ST7565.o
 .bss.yUpdateMin
                0x2000a206        0x1 build/obj/ST7565.o
 .bss.yUpdateMax
                0x2000a207        0x1 build/obj/ST7565.o
                0x2000a208                . = ALIGN (0x4)
 *(COMMON)
                0x2000a208                . = ALIGN (0x4)
                0x2000a208                PROVIDE (_bss_end, .)
                0x2000a208                PROVIDE (end, .)
                0x2000a208                _end = .
                0x2000a208                __heap_base__ = _end
                0x2001c000                __heap_end__ = __ram_end__
OUTPUT(build/kuroBox.elf elf32-littlearm)

.ARM.attributes
                0x00000000       0x35
 .ARM.attributes
                0x00000000       0x21 build/obj/kb_debug_asm.o
 .ARM.attributes
                0x00000021       0x39 build/obj/crt0.o
 .ARM.attributes
                0x0000005a       0x39 build/obj/vectors.o
 .ARM.attributes
                0x00000093       0x39 build/obj/chcore.o
 .ARM.attributes
                0x000000cc       0x39 build/obj/chcore_v7m.o
 .ARM.attributes
                0x00000105       0x39 build/obj/nvic.o
 .ARM.attributes
                0x0000013e       0x39 build/obj/chsys.o
 .ARM.attributes
                0x00000177       0x39 build/obj/chdebug.o
 .ARM.attributes
                0x000001b0       0x39 build/obj/chvt.o
 .ARM.attributes
                0x000001e9       0x39 build/obj/chschd.o
 .ARM.attributes
                0x00000222       0x39 build/obj/chthreads.o
 .ARM.attributes
                0x0000025b       0x39 build/obj/chregistry.o
 .ARM.attributes
                0x00000294       0x39 build/obj/chmtx.o
 .ARM.attributes
                0x000002cd       0x39 build/obj/chevents.o
 .ARM.attributes
                0x00000306       0x39 build/obj/chqueues.o
 .ARM.attributes
                0x0000033f       0x39 build/obj/chmemcore.o
 .ARM.attributes
                0x00000378       0x39 build/obj/chheap.o
 .ARM.attributes
                0x000003b1       0x39 build/obj/hal.o
 .ARM.attributes
                0x000003ea       0x39 build/obj/adc.o
 .ARM.attributes
                0x00000423       0x39 build/obj/ext.o
 .ARM.attributes
                0x0000045c       0x39 build/obj/gpt.o
 .ARM.attributes
                0x00000495       0x39 build/obj/icu.o
 .ARM.attributes
                0x000004ce       0x39 build/obj/mmcsd.o
 .ARM.attributes
                0x00000507       0x39 build/obj/rtc.o
 .ARM.attributes
                0x00000540       0x39 build/obj/sdc.o
 .ARM.attributes
                0x00000579       0x39 build/obj/serial.o
 .ARM.attributes
                0x000005b2       0x39 build/obj/spi.o
 .ARM.attributes
                0x000005eb       0x39 build/obj/stm32_dma.o
 .ARM.attributes
                0x00000624       0x39 build/obj/hal_lld.o
 .ARM.attributes
                0x0000065d       0x39 build/obj/adc_lld.o
 .ARM.attributes
                0x00000696       0x39 build/obj/ext_lld_isr.o
 .ARM.attributes
                0x000006cf       0x39 build/obj/ext_lld.o
 .ARM.attributes
                0x00000708       0x39 build/obj/gpt_lld.o
 .ARM.attributes
                0x00000741       0x39 build/obj/icu_lld.o
 .ARM.attributes
                0x0000077a       0x39 build/obj/sdc_lld.o
 .ARM.attributes
                0x000007b3       0x39 build/obj/pal_lld.o
 .ARM.attributes
                0x000007ec       0x39 build/obj/rtc_lld.o
 .ARM.attributes
                0x00000825       0x39 build/obj/spi_lld.o
 .ARM.attributes
                0x0000085e       0x39 build/obj/serial_lld.o
 .ARM.attributes
                0x00000897       0x39 build/obj/board.o
 .ARM.attributes
                0x000008d0       0x39 build/obj/chprintf.o
 .ARM.attributes
                0x00000909       0x39 build/obj/chrtclib.o
 .ARM.attributes
                0x00000942       0x39 build/obj/memstreams.o
 .ARM.attributes
                0x0000097b       0x39 build/obj/fatfs_diskio.o
 .ARM.attributes
                0x000009b4       0x39 build/obj/ff.o
 .ARM.attributes
                0x000009ed       0x39 build/obj/decoder.o
 .ARM.attributes
                0x00000a26       0x39 build/obj/ltc.o
 .ARM.attributes
                0x00000a5f       0x39 build/obj/timecode.o
 .ARM.attributes
                0x00000a98       0x39 build/obj/kb_debug.o
 .ARM.attributes
                0x00000ad1       0x39 build/obj/glcdfont.o
 .ARM.attributes
                0x00000b0a       0x39 build/obj/kb_adc.o
 .ARM.attributes
                0x00000b43       0x39 build/obj/kb_buttons.o
 .ARM.attributes
                0x00000b7c       0x39 build/obj/kb_logger.o
 .ARM.attributes
                0x00000bb5       0x39 build/obj/kb_screen.o
 .ARM.attributes
                0x00000bee       0x39 build/obj/kb_time.o
 .ARM.attributes
                0x00000c27       0x39 build/obj/main.o
 .ARM.attributes
                0x00000c60       0x39 build/obj/spiEEPROM.o
 .ARM.attributes
                0x00000c99       0x39 build/obj/ST7565.o
 .ARM.attributes
                0x00000cd2       0x2e c:/chibistudio/tools/gnu tools arm embedded/4.7 2013q1/bin/../lib/gcc/arm-none-eabi/4.7.3/../../../../arm-none-eabi/lib/armv7e-m\libm.a(lib_a-s_ceil.o)
 .ARM.attributes
                0x00000d00       0x2e c:/chibistudio/tools/gnu tools arm embedded/4.7 2013q1/bin/../lib/gcc/arm-none-eabi/4.7.3/../../../../arm-none-eabi/lib/armv7e-m\libm.a(lib_a-w_log10.o)
 .ARM.attributes
                0x00000d2e       0x2e c:/chibistudio/tools/gnu tools arm embedded/4.7 2013q1/bin/../lib/gcc/arm-none-eabi/4.7.3/../../../../arm-none-eabi/lib/armv7e-m\libm.a(lib_a-e_log10.o)
 .ARM.attributes
                0x00000d5c       0x2e c:/chibistudio/tools/gnu tools arm embedded/4.7 2013q1/bin/../lib/gcc/arm-none-eabi/4.7.3/../../../../arm-none-eabi/lib/armv7e-m\libm.a(lib_a-s_fpclassify.o)
 .ARM.attributes
                0x00000d8a       0x2e c:/chibistudio/tools/gnu tools arm embedded/4.7 2013q1/bin/../lib/gcc/arm-none-eabi/4.7.3/../../../../arm-none-eabi/lib/armv7e-m\libm.a(lib_a-s_lib_ver.o)
 .ARM.attributes
                0x00000db8       0x2e c:/chibistudio/tools/gnu tools arm embedded/4.7 2013q1/bin/../lib/gcc/arm-none-eabi/4.7.3/../../../../arm-none-eabi/lib/armv7e-m\libm.a(lib_a-s_matherr.o)
 .ARM.attributes
                0x00000de6       0x2e c:/chibistudio/tools/gnu tools arm embedded/4.7 2013q1/bin/../lib/gcc/arm-none-eabi/4.7.3/../../../../arm-none-eabi/lib/armv7e-m\libm.a(lib_a-s_nan.o)
 .ARM.attributes
                0x00000e14       0x2e c:/chibistudio/tools/gnu tools arm embedded/4.7 2013q1/bin/../lib/gcc/arm-none-eabi/4.7.3/../../../../arm-none-eabi/lib/armv7e-m\libm.a(lib_a-e_log.o)
 .ARM.attributes
                0x00000e42       0x1e c:/chibistudio/tools/gnu tools arm embedded/4.7 2013q1/bin/../lib/gcc/arm-none-eabi/4.7.3/armv7e-m\libgcc.a(_arm_addsubdf3.o)
 .ARM.attributes
                0x00000e60       0x1e c:/chibistudio/tools/gnu tools arm embedded/4.7 2013q1/bin/../lib/gcc/arm-none-eabi/4.7.3/armv7e-m\libgcc.a(_arm_muldivdf3.o)
 .ARM.attributes
                0x00000e7e       0x1e c:/chibistudio/tools/gnu tools arm embedded/4.7 2013q1/bin/../lib/gcc/arm-none-eabi/4.7.3/armv7e-m\libgcc.a(_arm_cmpdf2.o)
 .ARM.attributes
                0x00000e9c       0x1e c:/chibistudio/tools/gnu tools arm embedded/4.7 2013q1/bin/../lib/gcc/arm-none-eabi/4.7.3/armv7e-m\libgcc.a(_arm_fixdfsi.o)
 .ARM.attributes
                0x00000eba       0x1e c:/chibistudio/tools/gnu tools arm embedded/4.7 2013q1/bin/../lib/gcc/arm-none-eabi/4.7.3/armv7e-m\libgcc.a(_arm_truncdfsf2.o)
 .ARM.attributes
                0x00000ed8       0x2e c:/chibistudio/tools/gnu tools arm embedded/4.7 2013q1/bin/../lib/gcc/arm-none-eabi/4.7.3/armv7e-m\libgcc.a(_fixdfdi.o)
 .ARM.attributes
                0x00000f06       0x2e c:/chibistudio/tools/gnu tools arm embedded/4.7 2013q1/bin/../lib/gcc/arm-none-eabi/4.7.3/armv7e-m\libgcc.a(_fixunsdfdi.o)
 .ARM.attributes
                0x00000f34       0x1e c:/chibistudio/tools/gnu tools arm embedded/4.7 2013q1/bin/../lib/gcc/arm-none-eabi/4.7.3/armv7e-m\libgcc.a(_arm_fixunsdfsi.o)
 .ARM.attributes
                0x00000f52       0x2e c:/chibistudio/tools/gnu tools arm embedded/4.7 2013q1/bin/../lib/gcc/arm-none-eabi/4.7.3/../../../../arm-none-eabi/lib/armv7e-m\libc.a(lib_a-errno.o)
 .ARM.attributes
                0x00000f80       0x2e c:/chibistudio/tools/gnu tools arm embedded/4.7 2013q1/bin/../lib/gcc/arm-none-eabi/4.7.3/../../../../arm-none-eabi/lib/armv7e-m\libc.a(lib_a-impure.o)
 .ARM.attributes
                0x00000fae       0x2e c:/chibistudio/tools/gnu tools arm embedded/4.7 2013q1/bin/../lib/gcc/arm-none-eabi/4.7.3/../../../../arm-none-eabi/lib/armv7e-m\libc.a(lib_a-memcpy.o)
 .ARM.attributes
                0x00000fdc       0x2e c:/chibistudio/tools/gnu tools arm embedded/4.7 2013q1/bin/../lib/gcc/arm-none-eabi/4.7.3/../../../../arm-none-eabi/lib/armv7e-m\libc.a(lib_a-memset.o)
 .ARM.attributes
                0x0000100a       0x2e c:/chibistudio/tools/gnu tools arm embedded/4.7 2013q1/bin/../lib/gcc/arm-none-eabi/4.7.3/../../../../arm-none-eabi/lib/armv7e-m\libc.a(lib_a-strcpy.o)

.comment        0x00000000       0x70
 .comment       0x00000000       0x70 build/obj/crt0.o
                                 0x71 (size before relaxing)
 .comment       0x00000000       0x71 build/obj/vectors.o
 .comment       0x00000000       0x71 build/obj/chcore.o
 .comment       0x00000000       0x71 build/obj/chcore_v7m.o
 .comment       0x00000000       0x71 build/obj/nvic.o
 .comment       0x00000000       0x71 build/obj/chsys.o
 .comment       0x00000000       0x71 build/obj/chdebug.o
 .comment       0x00000000       0x71 build/obj/chvt.o
 .comment       0x00000000       0x71 build/obj/chschd.o
 .comment       0x00000000       0x71 build/obj/chthreads.o
 .comment       0x00000000       0x71 build/obj/chregistry.o
 .comment       0x00000000       0x71 build/obj/chmtx.o
 .comment       0x00000000       0x71 build/obj/chevents.o
 .comment       0x00000000       0x71 build/obj/chqueues.o
 .comment       0x00000000       0x71 build/obj/chmemcore.o
 .comment       0x00000000       0x71 build/obj/chheap.o
 .comment       0x00000000       0x71 build/obj/hal.o
 .comment       0x00000000       0x71 build/obj/adc.o
 .comment       0x00000000       0x71 build/obj/ext.o
 .comment       0x00000000       0x71 build/obj/gpt.o
 .comment       0x00000000       0x71 build/obj/icu.o
 .comment       0x00000000       0x71 build/obj/mmcsd.o
 .comment       0x00000000       0x71 build/obj/rtc.o
 .comment       0x00000000       0x71 build/obj/sdc.o
 .comment       0x00000000       0x71 build/obj/serial.o
 .comment       0x00000000       0x71 build/obj/spi.o
 .comment       0x00000000       0x71 build/obj/stm32_dma.o
 .comment       0x00000000       0x71 build/obj/hal_lld.o
 .comment       0x00000000       0x71 build/obj/adc_lld.o
 .comment       0x00000000       0x71 build/obj/ext_lld_isr.o
 .comment       0x00000000       0x71 build/obj/ext_lld.o
 .comment       0x00000000       0x71 build/obj/gpt_lld.o
 .comment       0x00000000       0x71 build/obj/icu_lld.o
 .comment       0x00000000       0x71 build/obj/sdc_lld.o
 .comment       0x00000000       0x71 build/obj/pal_lld.o
 .comment       0x00000000       0x71 build/obj/rtc_lld.o
 .comment       0x00000000       0x71 build/obj/spi_lld.o
 .comment       0x00000000       0x71 build/obj/serial_lld.o
 .comment       0x00000000       0x71 build/obj/board.o
 .comment       0x00000000       0x71 build/obj/chprintf.o
 .comment       0x00000000       0x71 build/obj/chrtclib.o
 .comment       0x00000000       0x71 build/obj/memstreams.o
 .comment       0x00000000       0x71 build/obj/fatfs_diskio.o
 .comment       0x00000000       0x71 build/obj/ff.o
 .comment       0x00000000       0x71 build/obj/decoder.o
 .comment       0x00000000       0x71 build/obj/ltc.o
 .comment       0x00000000       0x71 build/obj/timecode.o
 .comment       0x00000000       0x71 build/obj/kb_debug.o
 .comment       0x00000000       0x71 build/obj/glcdfont.o
 .comment       0x00000000       0x71 build/obj/kb_adc.o
 .comment       0x00000000       0x71 build/obj/kb_buttons.o
 .comment       0x00000000       0x71 build/obj/kb_logger.o
 .comment       0x00000000       0x71 build/obj/kb_screen.o
 .comment       0x00000000       0x71 build/obj/kb_time.o
 .comment       0x00000000       0x71 build/obj/main.o
 .comment       0x00000000       0x71 build/obj/spiEEPROM.o
 .comment       0x00000000       0x71 build/obj/ST7565.o

.debug_info     0x00000000    0x233e7
 .debug_info    0x00000000      0x2a4 build/obj/crt0.o
 .debug_info    0x000002a4      0x1f0 build/obj/vectors.o
 .debug_info    0x00000494       0x9a build/obj/chcore.o
 .debug_info    0x0000052e      0xaa1 build/obj/chcore_v7m.o
 .debug_info    0x00000fcf      0x44d build/obj/nvic.o
 .debug_info    0x0000141c      0x8c0 build/obj/chsys.o
 .debug_info    0x00001cdc      0x8fe build/obj/chdebug.o
 .debug_info    0x000025da      0x272 build/obj/chvt.o
 .debug_info    0x0000284c      0x92a build/obj/chschd.o
 .debug_info    0x00003176      0xb9c build/obj/chthreads.o
 .debug_info    0x00003d12      0x77d build/obj/chregistry.o
 .debug_info    0x0000448f      0x934 build/obj/chmtx.o
 .debug_info    0x00004dc3      0xdd6 build/obj/chevents.o
 .debug_info    0x00005b99      0xbad build/obj/chqueues.o
 .debug_info    0x00006746      0x1e6 build/obj/chmemcore.o
 .debug_info    0x0000692c      0x75f build/obj/chheap.o
 .debug_info    0x0000708b      0x326 build/obj/hal.o
 .debug_info    0x000073b1      0xdbb build/obj/adc.o
 .debug_info    0x0000816c      0x3e0 build/obj/ext.o
 .debug_info    0x0000854c      0x729 build/obj/gpt.o
 .debug_info    0x00008c75      0x611 build/obj/icu.o
 .debug_info    0x00009286      0x18f build/obj/mmcsd.o
 .debug_info    0x00009415      0x609 build/obj/rtc.o
 .debug_info    0x00009a1e      0xea7 build/obj/sdc.o
 .debug_info    0x0000a8c5      0xdb2 build/obj/serial.o
 .debug_info    0x0000b677      0xfc7 build/obj/spi.o
 .debug_info    0x0000c63e      0xa1c build/obj/stm32_dma.o
 .debug_info    0x0000d05a      0x4c3 build/obj/hal_lld.o
 .debug_info    0x0000d51d     0x1261 build/obj/adc_lld.o
 .debug_info    0x0000e77e      0x5eb build/obj/ext_lld_isr.o
 .debug_info    0x0000ed69      0x3c7 build/obj/ext_lld.o
 .debug_info    0x0000f130      0x95a build/obj/gpt_lld.o
 .debug_info    0x0000fa8a      0x9f5 build/obj/icu_lld.o
 .debug_info    0x0001047f     0x1656 build/obj/sdc_lld.o
 .debug_info    0x00011ad5      0x60c build/obj/pal_lld.o
 .debug_info    0x000120e1      0x682 build/obj/rtc_lld.o
 .debug_info    0x00012763      0xeda build/obj/spi_lld.o
 .debug_info    0x0001363d     0x1176 build/obj/serial_lld.o
 .debug_info    0x000147b3      0xcb7 build/obj/board.o
 .debug_info    0x0001546a      0x3b1 build/obj/chprintf.o
 .debug_info    0x0001581b      0x675 build/obj/chrtclib.o
 .debug_info    0x00015e90      0x377 build/obj/memstreams.o
 .debug_info    0x00016207      0xec8 build/obj/fatfs_diskio.o
 .debug_info    0x000170cf     0x1b4b build/obj/ff.o
 .debug_info    0x00018c1a      0x6bd build/obj/decoder.o
 .debug_info    0x000192d7      0x849 build/obj/ltc.o
 .debug_info    0x00019b20      0x6e8 build/obj/timecode.o
 .debug_info    0x0001a208      0xc92 build/obj/kb_debug.o
 .debug_info    0x0001ae9a       0x54 build/obj/glcdfont.o
 .debug_info    0x0001aeee      0xbb0 build/obj/kb_adc.o
 .debug_info    0x0001ba9e      0x318 build/obj/kb_buttons.o
 .debug_info    0x0001bdb6     0x188a build/obj/kb_logger.o
 .debug_info    0x0001d640     0x13fb build/obj/kb_screen.o
 .debug_info    0x0001ea3b      0xf68 build/obj/kb_time.o
 .debug_info    0x0001f9a3     0x1f93 build/obj/main.o
 .debug_info    0x00021936      0xbd6 build/obj/spiEEPROM.o
 .debug_info    0x0002250c      0xedb build/obj/ST7565.o

.debug_abbrev   0x00000000     0x5f02
 .debug_abbrev  0x00000000       0xc7 build/obj/crt0.o
 .debug_abbrev  0x000000c7       0xb1 build/obj/vectors.o
 .debug_abbrev  0x00000178       0x44 build/obj/chcore.o
 .debug_abbrev  0x000001bc      0x1e3 build/obj/chcore_v7m.o
 .debug_abbrev  0x0000039f       0xf2 build/obj/nvic.o
 .debug_abbrev  0x00000491      0x18d build/obj/chsys.o
 .debug_abbrev  0x0000061e      0x1ea build/obj/chdebug.o
 .debug_abbrev  0x00000808      0x126 build/obj/chvt.o
 .debug_abbrev  0x0000092e      0x204 build/obj/chschd.o
 .debug_abbrev  0x00000b32      0x22c build/obj/chthreads.o
 .debug_abbrev  0x00000d5e      0x14b build/obj/chregistry.o
 .debug_abbrev  0x00000ea9      0x1c8 build/obj/chmtx.o
 .debug_abbrev  0x00001071      0x1fe build/obj/chevents.o
 .debug_abbrev  0x0000126f      0x244 build/obj/chqueues.o
 .debug_abbrev  0x000014b3       0xf9 build/obj/chmemcore.o
 .debug_abbrev  0x000015ac      0x181 build/obj/chheap.o
 .debug_abbrev  0x0000172d      0x136 build/obj/hal.o
 .debug_abbrev  0x00001863      0x1ff build/obj/adc.o
 .debug_abbrev  0x00001a62      0x160 build/obj/ext.o
 .debug_abbrev  0x00001bc2      0x1b2 build/obj/gpt.o
 .debug_abbrev  0x00001d74      0x189 build/obj/icu.o
 .debug_abbrev  0x00001efd       0xd5 build/obj/mmcsd.o
 .debug_abbrev  0x00001fd2      0x146 build/obj/rtc.o
 .debug_abbrev  0x00002118      0x252 build/obj/sdc.o
 .debug_abbrev  0x0000236a      0x209 build/obj/serial.o
 .debug_abbrev  0x00002573      0x206 build/obj/spi.o
 .debug_abbrev  0x00002779      0x1ad build/obj/stm32_dma.o
 .debug_abbrev  0x00002926      0x104 build/obj/hal_lld.o
 .debug_abbrev  0x00002a2a      0x26c build/obj/adc_lld.o
 .debug_abbrev  0x00002c96      0x184 build/obj/ext_lld_isr.o
 .debug_abbrev  0x00002e1a      0x19e build/obj/ext_lld.o
 .debug_abbrev  0x00002fb8      0x1bc build/obj/gpt_lld.o
 .debug_abbrev  0x00003174      0x206 build/obj/icu_lld.o
 .debug_abbrev  0x0000337a      0x2f8 build/obj/sdc_lld.o
 .debug_abbrev  0x00003672      0x172 build/obj/pal_lld.o
 .debug_abbrev  0x000037e4      0x1a0 build/obj/rtc_lld.o
 .debug_abbrev  0x00003984      0x257 build/obj/spi_lld.o
 .debug_abbrev  0x00003bdb      0x236 build/obj/serial_lld.o
 .debug_abbrev  0x00003e11      0x1b6 build/obj/board.o
 .debug_abbrev  0x00003fc7      0x155 build/obj/chprintf.o
 .debug_abbrev  0x0000411c      0x149 build/obj/chrtclib.o
 .debug_abbrev  0x00004265      0x117 build/obj/memstreams.o
 .debug_abbrev  0x0000437c      0x1cd build/obj/fatfs_diskio.o
 .debug_abbrev  0x00004549      0x1a1 build/obj/ff.o
 .debug_abbrev  0x000046ea      0x1af build/obj/decoder.o
 .debug_abbrev  0x00004899      0x1f6 build/obj/ltc.o
 .debug_abbrev  0x00004a8f      0x1f0 build/obj/timecode.o
 .debug_abbrev  0x00004c7f      0x18f build/obj/kb_debug.o
 .debug_abbrev  0x00004e0e       0x45 build/obj/glcdfont.o
 .debug_abbrev  0x00004e53      0x1ce build/obj/kb_adc.o
 .debug_abbrev  0x00005021      0x116 build/obj/kb_buttons.o
 .debug_abbrev  0x00005137      0x2f9 build/obj/kb_logger.o
 .debug_abbrev  0x00005430      0x229 build/obj/kb_screen.o
 .debug_abbrev  0x00005659      0x240 build/obj/kb_time.o
 .debug_abbrev  0x00005899      0x236 build/obj/main.o
 .debug_abbrev  0x00005acf      0x1dc build/obj/spiEEPROM.o
 .debug_abbrev  0x00005cab      0x257 build/obj/ST7565.o

.debug_aranges  0x00000000     0x1448
 .debug_aranges
                0x00000000       0x38 build/obj/crt0.o
 .debug_aranges
                0x00000038       0x20 build/obj/vectors.o
 .debug_aranges
                0x00000058       0x20 build/obj/chcore.o
 .debug_aranges
                0x00000078       0x50 build/obj/chcore_v7m.o
 .debug_aranges
                0x000000c8       0x30 build/obj/nvic.o
 .debug_aranges
                0x000000f8       0x30 build/obj/chsys.o
 .debug_aranges
                0x00000128       0x88 build/obj/chdebug.o
 .debug_aranges
                0x000001b0       0x38 build/obj/chvt.o
 .debug_aranges
                0x000001e8       0x78 build/obj/chschd.o
 .debug_aranges
                0x00000260       0x90 build/obj/chthreads.o
 .debug_aranges
                0x000002f0       0x28 build/obj/chregistry.o
 .debug_aranges
                0x00000318       0x70 build/obj/chmtx.o
 .debug_aranges
                0x00000388       0xa0 build/obj/chevents.o
 .debug_aranges
                0x00000428       0x80 build/obj/chqueues.o
 .debug_aranges
                0x000004a8       0x38 build/obj/chmemcore.o
 .debug_aranges
                0x000004e0       0x40 build/obj/chheap.o
 .debug_aranges
                0x00000520       0x30 build/obj/hal.o
 .debug_aranges
                0x00000550       0x70 build/obj/adc.o
 .debug_aranges
                0x000005c0       0x50 build/obj/ext.o
 .debug_aranges
                0x00000610       0x78 build/obj/gpt.o
 .debug_aranges
                0x00000688       0x48 build/obj/icu.o
 .debug_aranges
                0x000006d0       0x28 build/obj/mmcsd.o
 .debug_aranges
                0x000006f8       0x48 build/obj/rtc.o
 .debug_aranges
                0x00000740       0x80 build/obj/sdc.o
 .debug_aranges
                0x000007c0       0x88 build/obj/serial.o
 .debug_aranges
                0x00000848       0x98 build/obj/spi.o
 .debug_aranges
                0x000008e0       0xb0 build/obj/stm32_dma.o
 .debug_aranges
                0x00000990       0x30 build/obj/hal_lld.o
 .debug_aranges
                0x000009c0       0x70 build/obj/adc_lld.o
 .debug_aranges
                0x00000a30       0x98 build/obj/ext_lld_isr.o
 .debug_aranges
                0x00000ac8       0x40 build/obj/ext_lld.o
 .debug_aranges
                0x00000b08       0x58 build/obj/gpt_lld.o
 .debug_aranges
                0x00000b60       0x58 build/obj/icu_lld.o
 .debug_aranges
                0x00000bb8       0xc8 build/obj/sdc_lld.o
 .debug_aranges
                0x00000c80       0x30 build/obj/pal_lld.o
 .debug_aranges
                0x00000cb0       0x58 build/obj/rtc_lld.o
 .debug_aranges
                0x00000d08       0x78 build/obj/spi_lld.o
 .debug_aranges
                0x00000d80       0x70 build/obj/serial_lld.o
 .debug_aranges
                0x00000df0       0x38 build/obj/board.o
 .debug_aranges
                0x00000e28       0x30 build/obj/chprintf.o
 .debug_aranges
                0x00000e58       0x50 build/obj/chrtclib.o
 .debug_aranges
                0x00000ea8       0x40 build/obj/memstreams.o
 .debug_aranges
                0x00000ee8       0x48 build/obj/fatfs_diskio.o
 .debug_aranges
                0x00000f30      0x190 build/obj/ff.o
 .debug_aranges
                0x000010c0       0x38 build/obj/decoder.o
 .debug_aranges
                0x000010f8       0x70 build/obj/ltc.o
 .debug_aranges
                0x00001168       0x60 build/obj/timecode.o
 .debug_aranges
                0x000011c8       0x20 build/obj/kb_debug.o
 .debug_aranges
                0x000011e8       0x18 build/obj/glcdfont.o
 .debug_aranges
                0x00001200       0x30 build/obj/kb_adc.o
 .debug_aranges
                0x00001230       0x28 build/obj/kb_buttons.o
 .debug_aranges
                0x00001258       0x70 build/obj/kb_logger.o
 .debug_aranges
                0x000012c8       0x68 build/obj/kb_screen.o
 .debug_aranges
                0x00001330       0x30 build/obj/kb_time.o
 .debug_aranges
                0x00001360       0x38 build/obj/main.o
 .debug_aranges
                0x00001398       0x50 build/obj/spiEEPROM.o
 .debug_aranges
                0x000013e8       0x60 build/obj/ST7565.o

.debug_ranges   0x00000000     0x10e0
 .debug_ranges  0x00000000       0x28 build/obj/crt0.o
 .debug_ranges  0x00000028       0x10 build/obj/vectors.o
 .debug_ranges  0x00000038       0x10 build/obj/chcore.o
 .debug_ranges  0x00000048       0x40 build/obj/chcore_v7m.o
 .debug_ranges  0x00000088       0x20 build/obj/nvic.o
 .debug_ranges  0x000000a8       0x20 build/obj/chsys.o
 .debug_ranges  0x000000c8       0x78 build/obj/chdebug.o
 .debug_ranges  0x00000140       0x28 build/obj/chvt.o
 .debug_ranges  0x00000168       0x68 build/obj/chschd.o
 .debug_ranges  0x000001d0       0x80 build/obj/chthreads.o
 .debug_ranges  0x00000250       0x18 build/obj/chregistry.o
 .debug_ranges  0x00000268       0x60 build/obj/chmtx.o
 .debug_ranges  0x000002c8       0x90 build/obj/chevents.o
 .debug_ranges  0x00000358       0x70 build/obj/chqueues.o
 .debug_ranges  0x000003c8       0x28 build/obj/chmemcore.o
 .debug_ranges  0x000003f0       0x30 build/obj/chheap.o
 .debug_ranges  0x00000420       0x20 build/obj/hal.o
 .debug_ranges  0x00000440       0x60 build/obj/adc.o
 .debug_ranges  0x000004a0       0x40 build/obj/ext.o
 .debug_ranges  0x000004e0       0x68 build/obj/gpt.o
 .debug_ranges  0x00000548       0x38 build/obj/icu.o
 .debug_ranges  0x00000580       0x18 build/obj/mmcsd.o
 .debug_ranges  0x00000598       0x38 build/obj/rtc.o
 .debug_ranges  0x000005d0       0x88 build/obj/sdc.o
 .debug_ranges  0x00000658       0x78 build/obj/serial.o
 .debug_ranges  0x000006d0       0x88 build/obj/spi.o
 .debug_ranges  0x00000758       0xa0 build/obj/stm32_dma.o
 .debug_ranges  0x000007f8       0x20 build/obj/hal_lld.o
 .debug_ranges  0x00000818       0x60 build/obj/adc_lld.o
 .debug_ranges  0x00000878       0x88 build/obj/ext_lld_isr.o
 .debug_ranges  0x00000900       0x30 build/obj/ext_lld.o
 .debug_ranges  0x00000930       0x48 build/obj/gpt_lld.o
 .debug_ranges  0x00000978       0x48 build/obj/icu_lld.o
 .debug_ranges  0x000009c0       0xb8 build/obj/sdc_lld.o
 .debug_ranges  0x00000a78       0x20 build/obj/pal_lld.o
 .debug_ranges  0x00000a98       0x48 build/obj/rtc_lld.o
 .debug_ranges  0x00000ae0       0x68 build/obj/spi_lld.o
 .debug_ranges  0x00000b48       0x60 build/obj/serial_lld.o
 .debug_ranges  0x00000ba8       0x28 build/obj/board.o
 .debug_ranges  0x00000bd0       0x20 build/obj/chprintf.o
 .debug_ranges  0x00000bf0       0x40 build/obj/chrtclib.o
 .debug_ranges  0x00000c30       0x30 build/obj/memstreams.o
 .debug_ranges  0x00000c60       0x38 build/obj/fatfs_diskio.o
 .debug_ranges  0x00000c98      0x180 build/obj/ff.o
 .debug_ranges  0x00000e18       0x28 build/obj/decoder.o
 .debug_ranges  0x00000e40       0x60 build/obj/ltc.o
 .debug_ranges  0x00000ea0       0x50 build/obj/timecode.o
 .debug_ranges  0x00000ef0       0x10 build/obj/kb_debug.o
 .debug_ranges  0x00000f00       0x20 build/obj/kb_adc.o
 .debug_ranges  0x00000f20       0x18 build/obj/kb_buttons.o
 .debug_ranges  0x00000f38       0x60 build/obj/kb_logger.o
 .debug_ranges  0x00000f98       0x58 build/obj/kb_screen.o
 .debug_ranges  0x00000ff0       0x20 build/obj/kb_time.o
 .debug_ranges  0x00001010       0x28 build/obj/main.o
 .debug_ranges  0x00001038       0x40 build/obj/spiEEPROM.o
 .debug_ranges  0x00001078       0x68 build/obj/ST7565.o

.debug_line     0x00000000     0xad53
 .debug_line    0x00000000      0x169 build/obj/crt0.o
 .debug_line    0x00000169       0xf3 build/obj/vectors.o
 .debug_line    0x0000025c       0x60 build/obj/chcore.o
 .debug_line    0x000002bc      0x22d build/obj/chcore_v7m.o
 .debug_line    0x000004e9      0x122 build/obj/nvic.o
 .debug_line    0x0000060b      0x1d5 build/obj/chsys.o
 .debug_line    0x000007e0      0x2dd build/obj/chdebug.o