Archive member included because of file (symbol)

c:/chibistudio/tools/gnu tools arm embedded/4.7 2013q1/bin/../lib/gcc/arm-none-eabi/4.7.3/../../../../arm-none-eabi/lib/armv7e-m\libm.a(lib_a-s_ceil.o)
                              build/obj/decoder.o (ceil)
c:/chibistudio/tools/gnu tools arm embedded/4.7 2013q1/bin/../lib/gcc/arm-none-eabi/4.7.3/../../../../arm-none-eabi/lib/armv7e-m\libm.a(lib_a-s_rint.o)
                              build/obj/ltc.o (rint)
c:/chibistudio/tools/gnu tools arm embedded/4.7 2013q1/bin/../lib/gcc/arm-none-eabi/4.7.3/../../../../arm-none-eabi/lib/armv7e-m\libm.a(lib_a-w_log10.o)
                              build/obj/decoder.o (log10)
c:/chibistudio/tools/gnu tools arm embedded/4.7 2013q1/bin/../lib/gcc/arm-none-eabi/4.7.3/../../../../arm-none-eabi/lib/armv7e-m\libm.a(lib_a-e_log10.o)
                              c:/chibistudio/tools/gnu tools arm embedded/4.7 2013q1/bin/../lib/gcc/arm-none-eabi/4.7.3/../../../../arm-none-eabi/lib/armv7e-m\libm.a(lib_a-w_log10.o) (__ieee754_log10)
c:/chibistudio/tools/gnu tools arm embedded/4.7 2013q1/bin/../lib/gcc/arm-none-eabi/4.7.3/../../../../arm-none-eabi/lib/armv7e-m\libm.a(lib_a-s_fpclassify.o)
                              c:/chibistudio/tools/gnu tools arm embedded/4.7 2013q1/bin/../lib/gcc/arm-none-eabi/4.7.3/../../../../arm-none-eabi/lib/armv7e-m\libm.a(lib_a-w_log10.o) (__fpclassifyd)
c:/chibistudio/tools/gnu tools arm embedded/4.7 2013q1/bin/../lib/gcc/arm-none-eabi/4.7.3/../../../../arm-none-eabi/lib/armv7e-m\libm.a(lib_a-s_lib_ver.o)
                              c:/chibistudio/tools/gnu tools arm embedded/4.7 2013q1/bin/../lib/gcc/arm-none-eabi/4.7.3/../../../../arm-none-eabi/lib/armv7e-m\libm.a(lib_a-w_log10.o) (__fdlib_version)
c:/chibistudio/tools/gnu tools arm embedded/4.7 2013q1/bin/../lib/gcc/arm-none-eabi/4.7.3/../../../../arm-none-eabi/lib/armv7e-m\libm.a(lib_a-s_matherr.o)
                              c:/chibistudio/tools/gnu tools arm embedded/4.7 2013q1/bin/../lib/gcc/arm-none-eabi/4.7.3/../../../../arm-none-eabi/lib/armv7e-m\libm.a(lib_a-w_log10.o) (matherr)
c:/chibistudio/tools/gnu tools arm embedded/4.7 2013q1/bin/../lib/gcc/arm-none-eabi/4.7.3/../../../../arm-none-eabi/lib/armv7e-m\libm.a(lib_a-s_nan.o)
                              c:/chibistudio/tools/gnu tools arm embedded/4.7 2013q1/bin/../lib/gcc/arm-none-eabi/4.7.3/../../../../arm-none-eabi/lib/armv7e-m\libm.a(lib_a-w_log10.o) (nan)
c:/chibistudio/tools/gnu tools arm embedded/4.7 2013q1/bin/../lib/gcc/arm-none-eabi/4.7.3/../../../../arm-none-eabi/lib/armv7e-m\libm.a(lib_a-e_log.o)
                              c:/chibistudio/tools/gnu tools arm embedded/4.7 2013q1/bin/../lib/gcc/arm-none-eabi/4.7.3/../../../../arm-none-eabi/lib/armv7e-m\libm.a(lib_a-e_log10.o) (__ieee754_log)
c:/chibistudio/tools/gnu tools arm embedded/4.7 2013q1/bin/../lib/gcc/arm-none-eabi/4.7.3/armv7e-m\libgcc.a(_arm_addsubdf3.o)
                              build/obj/decoder.o (__aeabi_dsub)
c:/chibistudio/tools/gnu tools arm embedded/4.7 2013q1/bin/../lib/gcc/arm-none-eabi/4.7.3/armv7e-m\libgcc.a(_arm_muldivdf3.o)
                              build/obj/decoder.o (__aeabi_dmul)
c:/chibistudio/tools/gnu tools arm embedded/4.7 2013q1/bin/../lib/gcc/arm-none-eabi/4.7.3/armv7e-m\libgcc.a(_arm_cmpdf2.o)
                              c:/chibistudio/tools/gnu tools arm embedded/4.7 2013q1/bin/../lib/gcc/arm-none-eabi/4.7.3/../../../../arm-none-eabi/lib/armv7e-m\libm.a(lib_a-w_log10.o) (__aeabi_dcmpeq)
c:/chibistudio/tools/gnu tools arm embedded/4.7 2013q1/bin/../lib/gcc/arm-none-eabi/4.7.3/armv7e-m\libgcc.a(_arm_fixdfsi.o)
                              build/obj/decoder.o (__aeabi_d2iz)
c:/chibistudio/tools/gnu tools arm embedded/4.7 2013q1/bin/../lib/gcc/arm-none-eabi/4.7.3/armv7e-m\libgcc.a(_arm_truncdfsf2.o)
                              build/obj/decoder.o (__aeabi_d2f)
c:/chibistudio/tools/gnu tools arm embedded/4.7 2013q1/bin/../lib/gcc/arm-none-eabi/4.7.3/armv7e-m\libgcc.a(_fixdfdi.o)
                              build/obj/decoder.o (__aeabi_d2lz)
c:/chibistudio/tools/gnu tools arm embedded/4.7 2013q1/bin/../lib/gcc/arm-none-eabi/4.7.3/armv7e-m\libgcc.a(_fixunsdfdi.o)
                              c:/chibistudio/tools/gnu tools arm embedded/4.7 2013q1/bin/../lib/gcc/arm-none-eabi/4.7.3/armv7e-m\libgcc.a(_fixdfdi.o) (__aeabi_d2ulz)
c:/chibistudio/tools/gnu tools arm embedded/4.7 2013q1/bin/../lib/gcc/arm-none-eabi/4.7.3/armv7e-m\libgcc.a(_arm_fixunsdfsi.o)
                              c:/chibistudio/tools/gnu tools arm embedded/4.7 2013q1/bin/../lib/gcc/arm-none-eabi/4.7.3/armv7e-m\libgcc.a(_fixunsdfdi.o) (__aeabi_d2uiz)
c:/chibistudio/tools/gnu tools arm embedded/4.7 2013q1/bin/../lib/gcc/arm-none-eabi/4.7.3/../../../../arm-none-eabi/lib/armv7e-m\libc.a(lib_a-errno.o)
[...]
Memory Configuration

Name             Origin             Length             Attributes
flash            0x08000000         0x00100000
ram              0x20000000         0x0001c000
ethram           0x2001c000         0x00004000
ccmram           0x10000000         0x00010000
*default*        0x00000000         0xffffffff

Linker script and memory map

LOAD build/obj/crt0.o
LOAD build/obj/vectors.o
LOAD build/obj/chcore.o
LOAD build/obj/chcore_v7m.o
LOAD build/obj/nvic.o
LOAD build/obj/chsys.o
LOAD build/obj/chdebug.o
LOAD build/obj/chlists.o
LOAD build/obj/chvt.o
LOAD build/obj/chschd.o
LOAD build/obj/chthreads.o
LOAD build/obj/chdynamic.o
LOAD build/obj/chregistry.o
LOAD build/obj/chsem.o
LOAD build/obj/chmtx.o
LOAD build/obj/chcond.o
LOAD build/obj/chevents.o
LOAD build/obj/chmsg.o
LOAD build/obj/chmboxes.o
LOAD build/obj/chqueues.o
LOAD build/obj/chmemcore.o
LOAD build/obj/chheap.o
LOAD build/obj/chmempools.o
LOAD build/obj/hal.o
LOAD build/obj/adc.o
LOAD build/obj/can.o
LOAD build/obj/ext.o
LOAD build/obj/gpt.o
LOAD build/obj/i2c.o
LOAD build/obj/icu.o
LOAD build/obj/mac.o
LOAD build/obj/mmc_spi.o
LOAD build/obj/mmcsd.o
LOAD build/obj/pal.o
LOAD build/obj/pwm.o
LOAD build/obj/rtc.o
LOAD build/obj/sdc.o
LOAD build/obj/serial.o
LOAD build/obj/serial_usb.o
LOAD build/obj/spi.o
LOAD build/obj/tm.o
LOAD build/obj/uart.o
LOAD build/obj/usb.o
LOAD build/obj/stm32_dma.o
LOAD build/obj/hal_lld.o
LOAD build/obj/adc_lld.o
LOAD build/obj/ext_lld_isr.o
LOAD build/obj/can_lld.o
LOAD build/obj/ext_lld.o
LOAD build/obj/gpt_lld.o
LOAD build/obj/icu_lld.o
LOAD build/obj/mac_lld.o
LOAD build/obj/pwm_lld.o
LOAD build/obj/sdc_lld.o
LOAD build/obj/pal_lld.o
LOAD build/obj/i2c_lld.o
LOAD build/obj/usb_lld.o
LOAD build/obj/rtc_lld.o
LOAD build/obj/spi_lld.o
LOAD build/obj/serial_lld.o
LOAD build/obj/uart_lld.o
LOAD build/obj/board.o
LOAD build/obj/chprintf.o
LOAD build/obj/memstreams.o
LOAD build/obj/fatfsWrapper.o
LOAD build/obj/fatfs_diskio.o
LOAD build/obj/ff.o
LOAD build/obj/glcdfont.o
LOAD build/obj/kb_callbacks.o
LOAD build/obj/kb_logger.o
LOAD build/obj/kb_screen.o
LOAD build/obj/kb_time.o
LOAD build/obj/decoder.o
LOAD build/obj/ltc.o
LOAD build/obj/timecode.o
LOAD build/obj/main.o
LOAD build/obj/spiEEPROM.o
LOAD build/obj/ST7565.o
LOAD c:/chibistudio/tools/gnu tools arm embedded/4.7 2013q1/bin/../lib/gcc/arm-none-eabi/4.7.3/../../../../arm-none-eabi/lib/armv7e-m\libm.a
START GROUP
LOAD c:/chibistudio/tools/gnu tools arm embedded/4.7 2013q1/bin/../lib/gcc/arm-none-eabi/4.7.3/armv7e-m\libgcc.a
LOAD c:/chibistudio/tools/gnu tools arm embedded/4.7 2013q1/bin/../lib/gcc/arm-none-eabi/4.7.3/../../../../arm-none-eabi/lib/armv7e-m\libc.a
END GROUP
                0x00000400                __main_stack_size__ = 0x400
                0x00000400                __process_stack_size__ = 0x400
                0x20000000                __ram_start__ = ORIGIN (ram)
                0x0001c000                __ram_size__ = 0x1c000
                0x2001c000                __ram_end__ = (__ram_start__ + __ram_size__)
                0x00000000                . = 0x0
                0x00000000                _text = .

startup         0x08000000      0x188
 *(vectors)
 vectors        0x08000000      0x188 build/obj/vectors.o
                0x08000000                _vectors

constructors    0x08000188        0x0
                0x08000188                PROVIDE (__init_array_start, .)
 *(SORT(.init_array.*))
 *(.init_array)
                0x08000188                PROVIDE (__init_array_end, .)

destructors     0x08000188        0x0
                0x08000188                PROVIDE (__fini_array_start, .)
 *(.fini_array)
 *(SORT(.fini_array.*))
                0x08000188                PROVIDE (__fini_array_end, .)

.text           0x08000190     0xb574
 *(.text.startup.*)
 .text.startup.main
                0x08000190       0x30 build/obj/main.o
                0x08000190                main
 *(.text)
 .text          0x080001c0      0x370 c:/chibistudio/tools/gnu tools arm embedded/4.7 2013q1/bin/../lib/gcc/arm-none-eabi/4.7.3/armv7e-m\libgcc.a(_arm_addsubdf3.o)
                0x080001c0                __aeabi_drsub
                0x080001c8                __aeabi_dsub
                0x080001c8                __subdf3
                0x080001cc                __aeabi_dadd
                0x080001cc                __adddf3
                0x08000444                __floatunsidf
                0x08000444                __aeabi_ui2d
                0x08000464                __floatsidf
                0x08000464                __aeabi_i2d
                0x08000488                __aeabi_f2d
                0x08000488                __extendsfdf2
                0x080004c4                __floatundidf
                0x080004c4                __aeabi_ul2d
                0x080004d4                __floatdidf
                0x080004d4                __aeabi_l2d
 .text          0x08000530      0x424 c:/chibistudio/tools/gnu tools arm embedded/4.7 2013q1/bin/../lib/gcc/arm-none-eabi/4.7.3/armv7e-m\libgcc.a(_arm_muldivdf3.o)
                0x08000530                __aeabi_dmul
                0x08000530                __muldf3
                0x08000784                __divdf3
                0x08000784                __aeabi_ddiv
 *fill*         0x08000954        0xc 00
 .text          0x08000960      0x110 c:/chibistudio/tools/gnu tools arm embedded/4.7 2013q1/bin/../lib/gcc/arm-none-eabi/4.7.3/armv7e-m\libgcc.a(_arm_cmpdf2.o)
                0x08000960                __gtdf2
                0x08000960                __gedf2
                0x08000968                __ltdf2
                0x08000968                __ledf2
                0x08000970                __nedf2
                0x08000970                __eqdf2
                0x08000970                __cmpdf2
                0x080009ec                __aeabi_cdrcmple
                0x080009fc                __aeabi_cdcmpeq
                0x080009fc                __aeabi_cdcmple
                0x08000a0c                __aeabi_dcmpeq
                0x08000a20                __aeabi_dcmplt
                0x08000a34                __aeabi_dcmple
                0x08000a48                __aeabi_dcmpge
                0x08000a5c                __aeabi_dcmpgt
 .text          0x08000a70       0x50 c:/chibistudio/tools/gnu tools arm embedded/4.7 2013q1/bin/../lib/gcc/arm-none-eabi/4.7.3/armv7e-m\libgcc.a(_arm_fixdfsi.o)
                0x08000a70                __aeabi_d2iz
                0x08000a70                __fixdfsi
 .text          0x08000ac0       0xa0 c:/chibistudio/tools/gnu tools arm embedded/4.7 2013q1/bin/../lib/gcc/arm-none-eabi/4.7.3/armv7e-m\libgcc.a(_arm_truncdfsf2.o)
                0x08000ac0                __truncdfsf2
                0x08000ac0                __aeabi_d2f
 .text          0x08000b60       0x34 c:/chibistudio/tools/gnu tools arm embedded/4.7 2013q1/bin/../lib/gcc/arm-none-eabi/4.7.3/armv7e-m\libgcc.a(_fixdfdi.o)
                0x08000b60                __fixdfdi
                0x08000b60                __aeabi_d2lz
 *fill*         0x08000b94        0xc 00
 .text          0x08000ba0       0x44 c:/chibistudio/tools/gnu tools arm embedded/4.7 2013q1/bin/../lib/gcc/arm-none-eabi/4.7.3/armv7e-m\libgcc.a(_fixunsdfdi.o)
                0x08000ba0                __fixunsdfdi
                0x08000ba0                __aeabi_d2ulz
 *fill*         0x08000be4        0xc 00
 .text          0x08000bf0       0x40 c:/chibistudio/tools/gnu tools arm embedded/4.7 2013q1/bin/../lib/gcc/arm-none-eabi/4.7.3/armv7e-m\libgcc.a(_arm_fixunsdfsi.o)
                0x08000bf0                __aeabi_d2uiz
                0x08000bf0                __fixunsdfsi
 *(.text.*)
 .text.__late_init
                0x08000c30       0x10 build/obj/crt0.o
                0x08000c30                __late_init
 .text._default_exit
                0x08000c40       0x10 build/obj/crt0.o
                0x08000c40                _default_exit
 .text.ResetHandler
                0x08000c50      0x200 build/obj/crt0.o
                0x08000c50                ResetHandler
 .text._unhandled_exception
                0x08000e50       0x10 build/obj/vectors.o
                0x08000e50                NMIVector
                0x08000e50                Vector11C
                0x08000e50                Vector8C
                0x08000e50                VectorDC
                0x08000e50                Vector168
                0x08000e50                Vector110
                0x08000e50                VectorC8
                0x08000e50                Vector94
                0x08000e50                VectorA8
                0x08000e50                VectorB4
                0x08000e50                Vector160
                0x08000e50                VectorEC
                0x08000e50                UsageFaultVector
                0x08000e50                DebugMonitorVector
                0x08000e50                Vector40
                0x08000e50                VectorF8
                0x08000e50                Vector108
                0x08000e50                VectorBC
                0x08000e50                Vector148
                0x08000e50                PendSVVector
                0x08000e50                Vector118
                0x08000e50                VectorCC
                0x08000e50                Vector54
                0x08000e50                Vector98
                0x08000e50                Vector24
                0x08000e50                Vector178
                0x08000e50                BusFaultVector
                0x08000e50                VectorD0
                0x08000e50                Vector140
                0x08000e50                VectorE4
                0x08000e50                VectorC0
                0x08000e50                HardFaultVector
                0x08000e50                Vector134
                0x08000e50                VectorF0
                0x08000e50                Vector13C
                0x08000e50                Vector100
                0x08000e50                MemManageVector
                0x08000e50                VectorA0
                0x08000e50                VectorC4
                0x08000e50                Vector180
                0x08000e50                VectorB0
                0x08000e50                Vector90
                0x08000e50                Vector114
                0x08000e50                Vector164
                0x08000e50                Vector1C
                0x08000e50                Vector17C
                0x08000e50                Vector48
                0x08000e50                Vector16C
                0x08000e50                Vector144
                0x08000e50                Vector15C
                0x08000e50                _unhandled_exception
                0x08000e50                Vector184
                0x08000e50                Vector10C
                0x08000e50                Vector14C
                0x08000e50                Vector50
                0x08000e50                Vector28
                0x08000e50                VectorB8
                0x08000e50                Vector34
                0x08000e50                Vector20
                0x08000e50                Vector174
 .text.port_halt
                0x08000e60       0x10 build/obj/chcore.o
                0x08000e60                port_halt
 .text._port_switch_from_isr
                0x08000e70       0x10 build/obj/chcore_v7m.o
                0x08000e70                _port_switch_from_isr
 .text.SVCallVector
                0x08000e80       0x30 build/obj/chcore_v7m.o
                0x08000e80                SVCallVector
 .text._port_init
                0x08000eb0       0x40 build/obj/chcore_v7m.o
                0x08000eb0                _port_init
 .text._port_irq_epilogue
                0x08000ef0       0x90 build/obj/chcore_v7m.o
                0x08000ef0                _port_irq_epilogue
 .text.SysTickVector
                0x08000f80       0x30 build/obj/chcore_v7m.o
                0x08000f80                SysTickVector
 .text._port_switch
                0x08000fb0       0x20 build/obj/chcore_v7m.o
                0x08000fb0                _port_switch
 .text._port_thread_start
                0x08000fd0       0x20 build/obj/chcore_v7m.o
                0x08000fd0                _port_thread_start
 .text.nvicEnableVector
                0x08000ff0       0x50 build/obj/nvic.o
                0x08000ff0                nvicEnableVector
 .text.nvicSetSystemHandlerPriority
                0x08001040       0x30 build/obj/nvic.o
                0x08001040                nvicSetSystemHandlerPriority
 .text._idle_thread
                0x08001070       0x20 build/obj/chsys.o
                0x08001070                _idle_thread
 .text.chSysInit
                0x08001090       0x80 build/obj/chsys.o
                0x08001090                chSysInit
 .text.chSysTimerHandlerI
                0x08001110       0x70 build/obj/chsys.o
                0x08001110                chSysTimerHandlerI
 .text._trace_init
                0x08001180       0x20 build/obj/chdebug.o
                0x08001180                _trace_init
 .text.dbg_trace
                0x080011a0       0x40 build/obj/chdebug.o
                0x080011a0                dbg_trace
 .text.chDbgPanic
                0x080011e0       0x20 build/obj/chdebug.o
                0x080011e0                chDbgPanic
 .text.chDbgCheckClassS
                0x08001200       0x30 build/obj/chdebug.o
                0x08001200                chDbgCheckClassS
 .text.chDbgCheckClassI
                0x08001230       0x30 build/obj/chdebug.o
                0x08001230                chDbgCheckClassI
 .text.dbg_check_leave_isr
                0x08001260       0x40 build/obj/chdebug.o
                0x08001260                dbg_check_leave_isr
 .text.dbg_check_enter_isr
                0x080012a0       0x40 build/obj/chdebug.o
                0x080012a0                dbg_check_enter_isr
 .text.dbg_check_unlock_from_isr
                0x080012e0       0x30 build/obj/chdebug.o
                0x080012e0                dbg_check_unlock_from_isr
 .text.dbg_check_lock_from_isr
                0x08001310       0x30 build/obj/chdebug.o
                0x08001310                dbg_check_lock_from_isr
 .text.dbg_check_unlock
                0x08001340       0x30 build/obj/chdebug.o
                0x08001340                dbg_check_unlock
 .text.dbg_check_lock
                0x08001370       0x30 build/obj/chdebug.o
                0x08001370                dbg_check_lock
 .text.dbg_check_enable
                0x080013a0       0x20 build/obj/chdebug.o
                0x080013a0                dbg_check_enable
 .text._vt_init
                0x080013c0       0x20 build/obj/chvt.o
                0x080013c0                _vt_init
 .text.chVTSetI
                0x080013e0       0x60 build/obj/chvt.o
                0x080013e0                chVTSetI
 .text.chVTResetI
                0x08001440       0x50 build/obj/chvt.o
                0x08001440                chVTResetI
 .text._scheduler_init
                0x08001490       0x20 build/obj/chschd.o
                0x08001490                _scheduler_init
 .text.chSchReadyI
                0x080014b0       0x50 build/obj/chschd.o
                0x080014b0                chSchReadyI
 .text.wakeup   0x08001500       0x60 build/obj/chschd.o
 .text.chSchGoSleepS
                0x08001560       0x50 build/obj/chschd.o
                0x08001560                chSchGoSleepS
 .text.chSchGoSleepTimeoutS
                0x080015b0       0x50 build/obj/chschd.o
                0x080015b0                chSchGoSleepTimeoutS
 .text.chSchWakeupS
                0x08001600       0x60 build/obj/chschd.o
                0x08001600                chSchWakeupS
 .text.chSchDoRescheduleBehind
                0x08001660       0x50 build/obj/chschd.o
                0x08001660                chSchDoRescheduleBehind
 .text.chSchDoRescheduleAhead
                0x080016b0       0x60 build/obj/chschd.o
                0x080016b0                chSchDoRescheduleAhead
 .text.chSchDoReschedule
                0x08001710       0x20 build/obj/chschd.o
                0x08001710                chSchDoReschedule
 .text._thread_init
                0x08001730       0x60 build/obj/chthreads.o
                0x08001730                _thread_init
 .text.chThdCreateI
                0x08001790       0xa0 build/obj/chthreads.o
                0x08001790                chThdCreateI
 .text.chThdCreateStatic
                0x08001830       0xa0 build/obj/chthreads.o
                0x08001830                chThdCreateStatic
 .text.chThdSleep
                0x080018d0       0x30 build/obj/chthreads.o
                0x080018d0                chThdSleep
 .text.chThdSleepUntil
                0x08001900       0x30 build/obj/chthreads.o
                0x08001900                chThdSleepUntil
 .text.chThdExitS
                0x08001930       0x50 build/obj/chthreads.o
                0x08001930                chThdExitS
 .text.chThdExit
                0x08001980       0x20 build/obj/chthreads.o
                0x08001980                chThdExit
 .text.chMtxInit
                0x080019a0       0x20 build/obj/chmtx.o
                0x080019a0                chMtxInit
 .text.chEvtSignalI
                0x080019c0       0x50 build/obj/chevents.o
                0x080019c0                chEvtSignalI
 .text.chEvtBroadcastFlagsI
                0x08001a10       0x40 build/obj/chevents.o
                0x08001a10                chEvtBroadcastFlagsI
 .text.chMsgWait
                0x08001a50       0x50 build/obj/chmsg.o
                0x08001a50                chMsgWait
 .text.chMsgRelease
                0x08001aa0       0x40 build/obj/chmsg.o
                0x08001aa0                chMsgRelease
 .text.qwait    0x08001ae0       0x30 build/obj/chqueues.o
 .text.chIQInit
                0x08001b10       0x20 build/obj/chqueues.o
                0x08001b10                chIQInit
 .text.chIQPutI
                0x08001b30       0x60 build/obj/chqueues.o
                0x08001b30                chIQPutI
 .text.chIQGetTimeout
                0x08001b90       0x60 build/obj/chqueues.o
                0x08001b90                chIQGetTimeout
 .text.chIQReadTimeout
                0x08001bf0       0xa0 build/obj/chqueues.o
                0x08001bf0                chIQReadTimeout
 .text.chOQInit
                0x08001c90       0x20 build/obj/chqueues.o
                0x08001c90                chOQInit
 .text.chOQPutTimeout
                0x08001cb0       0x70 build/obj/chqueues.o
                0x08001cb0                chOQPutTimeout
 .text.chOQGetI
                0x08001d20       0x50 build/obj/chqueues.o
                0x08001d20                chOQGetI
 .text.chOQWriteTimeout
                0x08001d70       0xa0 build/obj/chqueues.o
                0x08001d70                chOQWriteTimeout
 .text._core_init
                0x08001e10       0x30 build/obj/chmemcore.o
                0x08001e10                _core_init
 .text.chCoreAllocI
                0x08001e40       0x30 build/obj/chmemcore.o
                0x08001e40                chCoreAllocI
 .text.chCoreAlloc
                0x08001e70       0x30 build/obj/chmemcore.o
                0x08001e70                chCoreAlloc
 .text._heap_init
                0x08001ea0       0x20 build/obj/chheap.o
                0x08001ea0                _heap_init
 .text.halInit  0x08001ec0       0x40 build/obj/hal.o
                0x08001ec0                halInit
 .text.adcInit  0x08001f00       0x10 build/obj/adc.o
                0x08001f00                adcInit
 .text.adcObjectInit
                0x08001f10       0x20 build/obj/adc.o
                0x08001f10                adcObjectInit
 .text.adcStart
                0x08001f30       0x50 build/obj/adc.o
                0x08001f30                adcStart
 .text.adcStartConversionI
                0x08001f80       0x60 build/obj/adc.o
                0x08001f80                adcStartConversionI
 .text.extInit  0x08001fe0       0x10 build/obj/ext.o
                0x08001fe0                extInit
 .text.extObjectInit
                0x08001ff0       0x10 build/obj/ext.o
                0x08001ff0                extObjectInit
 .text.gptInit  0x08002000       0x10 build/obj/gpt.o
                0x08002000                gptInit
 .text.gptObjectInit
                0x08002010       0x10 build/obj/gpt.o
                0x08002010                gptObjectInit
 .text.icuInit  0x08002020       0x10 build/obj/icu.o
                0x08002020                icuInit
 .text.icuObjectInit
                0x08002030       0x10 build/obj/icu.o
                0x08002030                icuObjectInit
 .text.icuStart
                0x08002040       0x50 build/obj/icu.o
                0x08002040                icuStart
 .text.icuEnable
                0x08002090       0x50 build/obj/icu.o
                0x08002090                icuEnable
 .text.mmcsd_get_slice
                0x080020e0       0x60 build/obj/mmcsd.o
 .text.mmcsdGetCapacity
                0x08002140       0x50 build/obj/mmcsd.o
                0x08002140                mmcsdGetCapacity
 .text.rtcInit  0x08002190       0x10 build/obj/rtc.o
                0x08002190                rtcInit
 .text.rtcGetTimeFat
                0x080021a0       0x20 build/obj/rtc.o
                0x080021a0                rtcGetTimeFat
 .text.sdcGetInfo
                0x080021c0       0x30 build/obj/sdc.o
                0x080021c0                sdcGetInfo
 .text.sdcConnect
                0x080021f0      0x270 build/obj/sdc.o
                0x080021f0                sdcConnect
 .text.sdcSync  0x08002460       0x30 build/obj/sdc.o
                0x08002460                sdcSync
 .text.sdcWrite
                0x08002490       0x60 build/obj/sdc.o
                0x08002490                sdcWrite
 .text.sdcRead  0x080024f0       0x60 build/obj/sdc.o
                0x080024f0                sdcRead
 .text._sdc_wait_for_transfer_state
                0x08002550       0x50 build/obj/sdc.o
                0x08002550                _sdc_wait_for_transfer_state
 .text.sdcDisconnect
                0x080025a0       0x80 build/obj/sdc.o
                0x080025a0                sdcDisconnect
 .text.sdcInit  0x08002620       0x10 build/obj/sdc.o
                0x08002620                sdcInit
 .text.sdcObjectInit
                0x08002630       0x20 build/obj/sdc.o
                0x08002630                sdcObjectInit
 .text.sdcStart
                0x08002650       0x50 build/obj/sdc.o
                0x08002650                sdcStart
 .text.readt    0x080026a0       0x10 build/obj/serial.o
 .text.read     0x080026b0       0x10 build/obj/serial.o
 .text.writet   0x080026c0       0x10 build/obj/serial.o
 .text.write    0x080026d0       0x10 build/obj/serial.o
 .text.gett     0x080026e0       0x10 build/obj/serial.o
 .text.get      0x080026f0       0x10 build/obj/serial.o
 .text.putt     0x08002700       0x10 build/obj/serial.o
 .text.put      0x08002710       0x10 build/obj/serial.o
 .text.sdInit   0x08002720       0x10 build/obj/serial.o
                0x08002720                sdInit
 .text.sdObjectInit
                0x08002730       0x50 build/obj/serial.o
                0x08002730                sdObjectInit
 .text.sdStart  0x08002780       0x50 build/obj/serial.o
                0x08002780                sdStart
 .text.sdIncomingDataI
                0x080027d0       0x50 build/obj/serial.o
                0x080027d0                sdIncomingDataI
 .text.spiInit  0x08002820       0x10 build/obj/spi.o
                0x08002820                spiInit
 .text.spiObjectInit
                0x08002830       0x10 build/obj/spi.o
                0x08002830                spiObjectInit
 .text.spiStart
                0x08002840       0x50 build/obj/spi.o
                0x08002840                spiStart
 .text.spiSelect
                0x08002890       0x40 build/obj/spi.o
                0x08002890                spiSelect
 .text.spiUnselect
                0x080028d0       0x40 build/obj/spi.o
                0x080028d0                spiUnselect
 .text.Vector6C
                0x08002910       0x40 build/obj/stm32_dma.o
                0x08002910                Vector6C
 .text.Vector70
                0x08002950       0x40 build/obj/stm32_dma.o
                0x08002950                Vector70
 .text.Vector74
                0x08002990       0x40 build/obj/stm32_dma.o
                0x08002990                Vector74
 .text.Vector78
                0x080029d0       0x40 build/obj/stm32_dma.o
                0x080029d0                Vector78
 .text.Vector7C
                0x08002a10       0x40 build/obj/stm32_dma.o
                0x08002a10                Vector7C
 .text.Vector80
                0x08002a50       0x40 build/obj/stm32_dma.o
                0x08002a50                Vector80
 .text.Vector84
                0x08002a90       0x40 build/obj/stm32_dma.o
                0x08002a90                Vector84
 .text.VectorFC
                0x08002ad0       0x40 build/obj/stm32_dma.o
                0x08002ad0                VectorFC
 .text.Vector120
                0x08002b10       0x40 build/obj/stm32_dma.o
                0x08002b10                Vector120
 .text.Vector124
                0x08002b50       0x40 build/obj/stm32_dma.o
                0x08002b50                Vector124
 .text.Vector128
                0x08002b90       0x40 build/obj/stm32_dma.o
                0x08002b90                Vector128
 .text.Vector12C
                0x08002bd0       0x40 build/obj/stm32_dma.o
                0x08002bd0                Vector12C
 .text.Vector130
                0x08002c10       0x40 build/obj/stm32_dma.o
                0x08002c10                Vector130
 .text.Vector150
                0x08002c50       0x40 build/obj/stm32_dma.o
                0x08002c50                Vector150
 .text.Vector154
                0x08002c90       0x40 build/obj/stm32_dma.o
                0x08002c90                Vector154
 .text.Vector158
                0x08002cd0       0x40 build/obj/stm32_dma.o
                0x08002cd0                Vector158
 .text.dmaInit  0x08002d10      0x140 build/obj/stm32_dma.o
                0x08002d10                dmaInit
 .text.dmaStreamAllocate
                0x08002e50       0xc0 build/obj/stm32_dma.o
                0x08002e50                dmaStreamAllocate
 .text.hal_lld_init
                0x08002f10       0xe0 build/obj/hal_lld.o
                0x08002f10                hal_lld_init
 .text.stm32_clock_init
                0x08002ff0      0x120 build/obj/hal_lld.o
                0x08002ff0                stm32_clock_init
 .text.adc_lld_init
                0x08003110       0x90 build/obj/adc_lld.o
                0x08003110                adc_lld_init
 .text.adc_lld_start
                0x080031a0      0x100 build/obj/adc_lld.o
                0x080031a0                adc_lld_start
 .text.adc_lld_start_conversion
                0x080032a0       0x80 build/obj/adc_lld.o
                0x080032a0                adc_lld_start_conversion
 .text.adc_lld_stop_conversion
                0x08003320       0x30 build/obj/adc_lld.o
                0x08003320                adc_lld_stop_conversion
 .text.adc_lld_serve_rx_interrupt
                0x08003350      0x110 build/obj/adc_lld.o
 .text.Vector88
                0x08003460      0x170 build/obj/adc_lld.o
                0x08003460                Vector88
 .text.adcSTM32EnableTSVREFE
                0x080035d0       0x20 build/obj/adc_lld.o
                0x080035d0                adcSTM32EnableTSVREFE
 .text.adcSTM32EnableVBATE
                0x080035f0       0x20 build/obj/adc_lld.o
                0x080035f0                adcSTM32EnableVBATE
 .text.Vector58
                0x08003610       0x30 build/obj/ext_lld_isr.o
                0x08003610                Vector58
 .text.Vector5C
                0x08003640       0x30 build/obj/ext_lld_isr.o
                0x08003640                Vector5C
 .text.Vector60
                0x08003670       0x30 build/obj/ext_lld_isr.o
                0x08003670                Vector60
 .text.Vector64
                0x080036a0       0x30 build/obj/ext_lld_isr.o
                0x080036a0                Vector64
 .text.Vector68
                0x080036d0       0x30 build/obj/ext_lld_isr.o
                0x080036d0                Vector68
 .text.Vector9C
                0x08003700       0x80 build/obj/ext_lld_isr.o
                0x08003700                Vector9C
 .text.VectorE0
                0x08003780       0x90 build/obj/ext_lld_isr.o
                0x08003780                VectorE0
 .text.Vector44
                0x08003810       0x40 build/obj/ext_lld_isr.o
                0x08003810                Vector44
 .text.VectorE8
                0x08003850       0x40 build/obj/ext_lld_isr.o
                0x08003850                VectorE8
 .text.Vector138
                0x08003890       0x40 build/obj/ext_lld_isr.o
                0x08003890                Vector138
 .text.Vector170
                0x080038d0       0x40 build/obj/ext_lld_isr.o
                0x080038d0                Vector170
 .text.Vector4C
                0x08003910       0x40 build/obj/ext_lld_isr.o
                0x08003910                Vector4C
 .text.ext_lld_init
                0x08003950       0x10 build/obj/ext_lld.o
                0x08003950                ext_lld_init
 .text.VectorF4
                0x08003960       0x40 build/obj/gpt_lld.o
                0x08003960                VectorF4
 .text.gpt_lld_init
                0x080039a0       0x20 build/obj/gpt_lld.o
                0x080039a0                gpt_lld_init
 .text.icu_lld_serve_interrupt.constprop.0
                0x080039c0       0x90 build/obj/icu_lld.o
 .text.VectorA4
                0x08003a50       0x20 build/obj/icu_lld.o
                0x08003a50                VectorA4
 .text.VectorAC
                0x08003a70       0x20 build/obj/icu_lld.o
                0x08003a70                VectorAC
 .text.icu_lld_init
                0x08003a90       0x20 build/obj/icu_lld.o
                0x08003a90                icu_lld_init
 .text.icu_lld_start
                0x08003ab0       0xf0 build/obj/icu_lld.o
                0x08003ab0                icu_lld_start
 .text.icu_lld_enable
                0x08003ba0       0x60 build/obj/icu_lld.o
                0x08003ba0                icu_lld_enable
 .text.sdc_lld_collect_errors
                0x08003c00       0x40 build/obj/sdc_lld.o
 .text.Vector104
                0x08003c40       0x50 build/obj/sdc_lld.o
                0x08003c40                Vector104
 .text.sdc_lld_init
                0x08003c90       0x30 build/obj/sdc_lld.o
                0x08003c90                sdc_lld_init
 .text.sdc_lld_start
                0x08003cc0       0x70 build/obj/sdc_lld.o
                0x08003cc0                sdc_lld_start
 .text.sdc_lld_start_clk
                0x08003d30       0x20 build/obj/sdc_lld.o
                0x08003d30                sdc_lld_start_clk
 .text.sdc_lld_set_data_clk
                0x08003d50       0x20 build/obj/sdc_lld.o
                0x08003d50                sdc_lld_set_data_clk
 .text.sdc_lld_stop_clk
                0x08003d70       0x10 build/obj/sdc_lld.o
                0x08003d70                sdc_lld_stop_clk
 .text.sdc_lld_set_bus_mode
                0x08003d80       0x30 build/obj/sdc_lld.o
                0x08003d80                sdc_lld_set_bus_mode
 .text.sdc_lld_send_cmd_none
                0x08003db0       0x30 build/obj/sdc_lld.o
                0x08003db0                sdc_lld_send_cmd_none
 .text.sdc_lld_send_cmd_short
                0x08003de0       0x40 build/obj/sdc_lld.o
                0x08003de0                sdc_lld_send_cmd_short
 .text.sdc_lld_send_cmd_short_crc
                0x08003e20       0x40 build/obj/sdc_lld.o
                0x08003e20                sdc_lld_send_cmd_short_crc
 .text.sdc_lld_wait_transaction_end
                0x08003e60       0xc0 build/obj/sdc_lld.o
 .text.sdc_lld_error_cleanup
                0x08003f20       0x80 build/obj/sdc_lld.o
 .text.sdc_lld_send_cmd_long_crc
                0x08003fa0       0x50 build/obj/sdc_lld.o
                0x08003fa0                sdc_lld_send_cmd_long_crc
 .text.sdc_lld_read_aligned
                0x08003ff0       0xd0 build/obj/sdc_lld.o
                0x08003ff0                sdc_lld_read_aligned
 .text.sdc_lld_write_aligned
                0x080040c0       0xe0 build/obj/sdc_lld.o
                0x080040c0                sdc_lld_write_aligned
 .text.sdc_lld_read
                0x080041a0       0xd0 build/obj/sdc_lld.o
                0x080041a0                sdc_lld_read
 .text.sdc_lld_write
                0x08004270       0xd0 build/obj/sdc_lld.o
                0x08004270                sdc_lld_write
 .text.sdc_lld_sync
                0x08004340       0x10 build/obj/sdc_lld.o
                0x08004340                sdc_lld_sync
 .text._pal_lld_init
                0x08004350      0x1b0 build/obj/pal_lld.o
                0x08004350                _pal_lld_init
 .text.rtc_lld_init
                0x08004500       0x50 build/obj/rtc_lld.o
                0x08004500                rtc_lld_init
 .text.rtc_lld_get_time
                0x08004550       0x40 build/obj/rtc_lld.o
                0x08004550                rtc_lld_get_time
 .text.rtc_lld_get_time_fat
                0x08004590       0xc0 build/obj/rtc_lld.o
                0x08004590                rtc_lld_get_time_fat
 .text.spi_lld_serve_rx_interrupt
                0x08004650       0x90 build/obj/spi_lld.o
 .text.spi_lld_serve_tx_interrupt
                0x080046e0       0x20 build/obj/spi_lld.o
 .text.spi_lld_init
                0x08004700       0x50 build/obj/spi_lld.o
                0x08004700                spi_lld_init
 .text.spi_lld_start
                0x08004750       0xd0 build/obj/spi_lld.o
                0x08004750                spi_lld_start
 .text.spi_lld_select
                0x08004820       0x20 build/obj/spi_lld.o
                0x08004820                spi_lld_select
 .text.spi_lld_unselect
                0x08004840       0x20 build/obj/spi_lld.o
                0x08004840                spi_lld_unselect
 .text.spi_lld_polled_exchange
                0x08004860       0x10 build/obj/spi_lld.o
                0x08004860                spi_lld_polled_exchange
 .text.notify1  0x08004870       0x20 build/obj/serial_lld.o
 .text.notify2  0x08004890       0x20 build/obj/serial_lld.o
 .text.serve_interrupt
                0x080048b0      0x160 build/obj/serial_lld.o
 .text.VectorD4
                0x08004a10       0x20 build/obj/serial_lld.o
                0x08004a10                VectorD4
 .text.VectorD8
                0x08004a30       0x20 build/obj/serial_lld.o
                0x08004a30                VectorD8
 .text.sd_lld_init
                0x08004a50       0x50 build/obj/serial_lld.o
                0x08004a50                sd_lld_init
 .text.sd_lld_start
                0x08004aa0       0xd0 build/obj/serial_lld.o
                0x08004aa0                sd_lld_start
 .text.__early_init
                0x08004b70       0x10 build/obj/board.o
                0x08004b70                __early_init
 .text.sdc_lld_is_card_inserted
                0x08004b80       0x10 build/obj/board.o
                0x08004b80                sdc_lld_is_card_inserted
 .text.sdc_lld_is_write_protected
                0x08004b90       0x10 build/obj/board.o
                0x08004b90                sdc_lld_is_write_protected
 .text.boardInit
                0x08004ba0       0x10 build/obj/board.o
                0x08004ba0                boardInit
 .text.long_to_string_with_divisor.constprop.0
                0x08004bb0       0x70 build/obj/chprintf.o
 .text.chprintf
                0x08004c20      0x3a0 build/obj/chprintf.o
                0x08004c20                chprintf
 .text.put      0x08004fc0       0x20 build/obj/memstreams.o
 .text.get      0x08004fe0       0x20 build/obj/memstreams.o
 .text.reads    0x08005000       0x30 build/obj/memstreams.o
 .text.writes   0x08005030       0x30 build/obj/memstreams.o
 .text.msObjectInit
                0x08005060       0x20 build/obj/memstreams.o
                0x08005060                msObjectInit
 .text.ThreadFatFSWorker
                0x08005080      0x130 build/obj/fatfsWrapper.o
 .text.wf_init  0x080051b0       0x30 build/obj/fatfsWrapper.o
                0x080051b0                wf_init
 .text.disk_initialize
                0x080051e0       0x30 build/obj/fatfs_diskio.o
                0x080051e0                disk_initialize
 .text.disk_status
                0x08005210       0x30 build/obj/fatfs_diskio.o
                0x08005210                disk_status
 .text.disk_read
                0x08005240       0x30 build/obj/fatfs_diskio.o
                0x08005240                disk_read
 .text.disk_write
                0x08005270       0x30 build/obj/fatfs_diskio.o
                0x08005270                disk_write
 .text.disk_ioctl
                0x080052a0       0x40 build/obj/fatfs_diskio.o
                0x080052a0                disk_ioctl
 .text.get_fattime
                0x080052e0       0x10 build/obj/fatfs_diskio.o
                0x080052e0                get_fattime
 .text.get_fileinfo
                0x080052f0      0x110 build/obj/ff.o
 .text.validate
                0x08005400       0x30 build/obj/ff.o
 .text.sync_window
                0x08005430       0x70 build/obj/ff.o
 .text.sync_fs  0x080054a0       0xd0 build/obj/ff.o
 .text.check_fs
                0x08005570       0x90 build/obj/ff.o
 .text.chk_mounted
                0x08005600      0x330 build/obj/ff.o
 .text.move_window
                0x08005930       0x30 build/obj/ff.o
 .text.get_fat  0x08005960       0xd0 build/obj/ff.o
                0x08005960                get_fat
 .text.dir_sdi  0x08005a30       0xa0 build/obj/ff.o
 .text.dir_remove
                0x08005ad0       0x30 build/obj/ff.o
 .text.put_fat  0x08005b00      0x110 build/obj/ff.o
                0x08005b00                put_fat
 .text.create_chain
                0x08005c10       0xa0 build/obj/ff.o
 .text.dir_next
                0x08005cb0      0x130 build/obj/ff.o
 .text.follow_path
                0x08005de0      0x270 build/obj/ff.o
 .text.dir_alloc.part.7.constprop.11
                0x08006050       0x30 build/obj/ff.o
 .text.dir_register
                0x08006080       0x70 build/obj/ff.o
 .text.remove_chain
                0x080060f0       0x60 build/obj/ff.o
 .text.f_mount  0x08006150       0x20 build/obj/ff.o
                0x08006150                f_mount
 .text.f_open   0x08006170      0x190 build/obj/ff.o
                0x08006170                f_open
 .text.f_read   0x08006300      0x1d0 build/obj/ff.o
                0x08006300                f_read
 .text.f_write  0x080064d0      0x260 build/obj/ff.o
                0x080064d0                f_write
 .text.f_sync   0x08006730       0xb0 build/obj/ff.o
                0x08006730                f_sync
 .text.f_close  0x080067e0       0x10 build/obj/ff.o
                0x080067e0                f_close
 .text.f_lseek  0x080067f0      0x190 build/obj/ff.o
                0x080067f0                f_lseek
 .text.f_stat   0x08006980       0x50 build/obj/ff.o
                0x08006980                f_stat
 .text.f_getfree
                0x080069d0      0x1f0 build/obj/ff.o
                0x080069d0                f_getfree
 .text.f_mkdir  0x08006bc0      0x260 build/obj/ff.o
                0x08006bc0                f_mkdir
 .text.f_utime  0x08006e20       0x60 build/obj/ff.o
                0x08006e20                f_utime
 .text.f_rename
                0x08006e80      0x170 build/obj/ff.o
                0x08006e80                f_rename
 .text.adc_trigger_cb
                0x08006ff0       0x50 build/obj/kb_callbacks.o
                0x08006ff0                adc_trigger_cb
 .text.adc_cb   0x08007040       0x30 build/obj/kb_callbacks.o
                0x08007040                adc_cb
 .text.thLogger
                0x08007070       0x70 build/obj/kb_logger.o
 .text.kuroBoxLogger
                0x080070e0       0x30 build/obj/kb_logger.o
                0x080070e0                kuroBoxLogger
 .text.thScreen
                0x08007110      0x170 build/obj/kb_screen.o
 .text.kuroBoxScreenInit
                0x08007280       0x70 build/obj/kb_screen.o
                0x08007280                kuroBoxScreenInit
 .text.kbs_setVoltage
                0x080072f0       0x10 build/obj/kb_screen.o
                0x080072f0                kbs_setVoltage
 .text.kbs_setLTC
                0x08007300       0x20 build/obj/kb_screen.o
                0x08007300                kbs_setLTC
 .text.kbs_setCounter
                0x08007320       0x10 build/obj/kb_screen.o
                0x08007320                kbs_setCounter
 .text.thTime   0x08007330       0x80 build/obj/kb_time.o
 .text.ltc_icu_period_cb
                0x080073b0      0x200 build/obj/kb_time.o
                0x080073b0                ltc_icu_period_cb
 .text.kuroBoxTimeInit
                0x080075b0       0x70 build/obj/kb_time.o
                0x080075b0                kuroBoxTimeInit
 .text.parse_ltc
                0x08007620     0x12a0 build/obj/decoder.o
 .text.decode_ltc
                0x080088c0      0x400 build/obj/decoder.o
                0x080088c0                decode_ltc
 .text.ltc_decoder_create
                0x08008cc0       0x80 build/obj/ltc.o
                0x08008cc0                ltc_decoder_create
 .text.ltc_decoder_write
                0x08008d40       0x10 build/obj/ltc.o
                0x08008d40                ltc_decoder_write
 .text.ltc_decoder_read
                0x08008d50       0x40 build/obj/ltc.o
                0x08008d50                ltc_decoder_read
 .text.ltc_frame_to_time
                0x08008d90      0x120 build/obj/timecode.o
                0x08008d90                ltc_frame_to_time
 .text.thBlinker
                0x08008eb0       0x50 build/obj/main.o
 .text.kuroBox_panic
                0x08008f00       0x30 build/obj/main.o
                0x08008f00                kuroBox_panic
 .text.kuroBoxInit
                0x08008f30      0x130 build/obj/main.o
                0x08008f30                kuroBoxInit
 .text.spiEepromStart
                0x08009060       0x10 build/obj/spiEEPROM.o
                0x08009060                spiEepromStart
 .text.st7565_display
                0x08009070      0x190 build/obj/ST7565.o
                0x08009070                st7565_display
 .text.st7565Start
                0x08009200      0x110 build/obj/ST7565.o
                0x08009200                st7565Start
 .text.st7565_clear
                0x08009310       0x50 build/obj/ST7565.o
                0x08009310                st7565_clear
 .text.st7565_drawchar
                0x08009360       0xb0 build/obj/ST7565.o
                0x08009360                st7565_drawchar
 .text.st7565_drawstring
                0x08009410       0x50 build/obj/ST7565.o
                0x08009410                st7565_drawstring
 .text.ceil     0x08009460      0x120 c:/chibistudio/tools/gnu tools arm embedded/4.7 2013q1/bin/../lib/gcc/arm-none-eabi/4.7.3/../../../../arm-none-eabi/lib/armv7e-m\libm.a(lib_a-s_ceil.o)
                0x08009460                ceil
 .text.log10    0x08009580       0xe4 c:/chibistudio/tools/gnu tools arm embedded/4.7 2013q1/bin/../lib/gcc/arm-none-eabi/4.7.3/../../../../arm-none-eabi/lib/armv7e-m\libm.a(lib_a-w_log10.o)
                0x08009580                log10
 *fill*         0x08009664        0xc 00
 .text.__ieee754_log10
                0x08009670      0x128 c:/chibistudio/tools/gnu tools arm embedded/4.7 2013q1/bin/../lib/gcc/arm-none-eabi/4.7.3/../../../../arm-none-eabi/lib/armv7e-m\libm.a(lib_a-e_log10.o)
                0x08009670                __ieee754_log10
 *fill*         0x08009798        0x8 00
 .text.__fpclassifyd
                0x080097a0       0x68 c:/chibistudio/tools/gnu tools arm embedded/4.7 2013q1/bin/../lib/gcc/arm-none-eabi/4.7.3/../../../../arm-none-eabi/lib/armv7e-m\libm.a(lib_a-s_fpclassify.o)
                0x080097a0                __fpclassifyd
 *fill*         0x08009808        0x8 00
 .text.matherr  0x08009810        0x4 c:/chibistudio/tools/gnu tools arm embedded/4.7 2013q1/bin/../lib/gcc/arm-none-eabi/4.7.3/../../../../arm-none-eabi/lib/armv7e-m\libm.a(lib_a-s_matherr.o)
                0x08009810                matherr
 *fill*         0x08009814        0xc 00
 .text.nan      0x08009820        0xc c:/chibistudio/tools/gnu tools arm embedded/4.7 2013q1/bin/../lib/gcc/arm-none-eabi/4.7.3/../../../../arm-none-eabi/lib/armv7e-m\libm.a(lib_a-s_nan.o)
                0x08009820                nan
 *fill*         0x0800982c        0x4 00
 .text.__ieee754_log
                0x08009830      0x3f8 c:/chibistudio/tools/gnu tools arm embedded/4.7 2013q1/bin/../lib/gcc/arm-none-eabi/4.7.3/../../../../arm-none-eabi/lib/armv7e-m\libm.a(lib_a-e_log.o)
                0x08009830                __ieee754_log
 *fill*         0x08009c28        0x8 00
 .text.__errno  0x08009c30        0xc c:/chibistudio/tools/gnu tools arm embedded/4.7 2013q1/bin/../lib/gcc/arm-none-eabi/4.7.3/../../../../arm-none-eabi/lib/armv7e-m\libc.a(lib_a-errno.o)
                0x08009c30                __errno
 *fill*         0x08009c3c        0x4 00
 .text.memcpy   0x08009c40      0x144 c:/chibistudio/tools/gnu tools arm embedded/4.7 2013q1/bin/../lib/gcc/arm-none-eabi/4.7.3/../../../../arm-none-eabi/lib/armv7e-m\libc.a(lib_a-memcpy.o)
                0x08009c40                memcpy
 *fill*         0x08009d84        0xc 00
 .text.memset   0x08009d90      0x12c c:/chibistudio/tools/gnu tools arm embedded/4.7 2013q1/bin/../lib/gcc/arm-none-eabi/4.7.3/../../../../arm-none-eabi/lib/armv7e-m\libc.a(lib_a-memset.o)
                0x08009d90                memset
 *fill*         0x08009ebc        0x4 00
 .text.strcpy   0x08009ec0       0xbc c:/chibistudio/tools/gnu tools arm embedded/4.7 2013q1/bin/../lib/gcc/arm-none-eabi/4.7.3/../../../../arm-none-eabi/lib/armv7e-m\libc.a(lib_a-strcpy.o)
                0x08009ec0                strcpy
 *(.rodata)
 *(.rodata.*)
 *fill*         0x08009f7c        0x4 00
 .rodata.str1.4
                0x08009f80        0x5 build/obj/chsys.o
                                  0x8 (size before relaxing)
 *fill*         0x08009f85        0xb 00
 .rodata.str1.4
                0x08009f90       0x55 build/obj/chdebug.o
                                 0x58 (size before relaxing)
 *fill*         0x08009fe5        0xb 00
 .rodata.str1.4
                0x08009ff0       0x31 build/obj/chvt.o
                                 0x34 (size before relaxing)
 *fill*         0x0800a021        0xf 00
 .rodata.str1.4
                0x0800a030       0x23 build/obj/chschd.o
                                 0x24 (size before relaxing)
 *fill*         0x0800a053        0xd 00
 .rodata.str1.4
                0x0800a060       0x94 build/obj/chthreads.o
 *fill*         0x0800a0f4        0xc 00
 .rodata.ch_debug
                0x0800a100       0x18 build/obj/chregistry.o
                0x0800a100                ch_debug
 *fill*         0x0800a118        0x8 00
 .rodata.str1.4
                0x0800a120       0xab build/obj/chmtx.o
                                 0xac (size before relaxing)
 *fill*         0x0800a1cb        0x5 00
 .rodata.str1.4
                0x0800a1d0       0x90 build/obj/chevents.o
 .rodata.str1.4
                0x0800a260       0x23 build/obj/chmsg.o
                                 0x24 (size before relaxing)
 *fill*         0x0800a283        0xd 00
 .rodata.str1.4
                0x0800a290       0x29 build/obj/chqueues.o
                                 0x2c (size before relaxing)
 *fill*         0x0800a2b9        0x7 00
 .rodata.str1.4
                0x0800a2c0      0x10e build/obj/adc.o
                                0x110 (size before relaxing)
 *fill*         0x0800a3ce        0x2 00
 .rodata.str1.4
                0x0800a3d0       0x7d build/obj/icu.o
                                 0x80 (size before relaxing)
 *fill*         0x0800a44d        0x3 00
 .rodata.str1.4
                0x0800a450       0x14 build/obj/mmcsd.o
 *fill*         0x0800a464        0xc 00
 .rodata.str1.4
                0x0800a470       0x40 build/obj/rtc.o
 .rodata.sdc_vmt
                0x0800a4b0       0x20 build/obj/sdc.o
 .rodata.str1.4
                0x0800a4d0      0x137 build/obj/sdc.o
                                0x138 (size before relaxing)
 *fill*         0x0800a607        0x9 00
 .rodata.str1.4
                0x0800a610       0x5f build/obj/serial.o
                                 0x60 (size before relaxing)
 *fill*         0x0800a66f        0x1 00
 .rodata.vmt    0x0800a670       0x20 build/obj/serial.o
 .rodata.str1.4
                0x0800a690      0x236 build/obj/spi.o
                                0x238 (size before relaxing)
 *fill*         0x0800a8c6        0xa 00
 .rodata.str1.4
                0x0800a8d0       0x47 build/obj/stm32_dma.o
                                 0x48 (size before relaxing)
 *fill*         0x0800a917        0x9 00
 .rodata._stm32_dma_streams
                0x0800a920       0xc0 build/obj/stm32_dma.o
                0x0800a920                _stm32_dma_streams
 .rodata.str1.4
                0x0800a9e0       0x3c build/obj/adc_lld.o
 *fill*         0x0800aa1c        0x4 00
 .rodata.str1.4
                0x0800aa20       0x14 build/obj/icu_lld.o
 *fill*         0x0800aa34        0xc 00
 .rodata.str1.4
                0x0800aa40       0x7d build/obj/sdc_lld.o
                                 0x80 (size before relaxing)
 *fill*         0x0800aabd        0x3 00
 .rodata.str1.4
                0x0800aac0       0x28 build/obj/spi_lld.o
 *fill*         0x0800aae8        0x8 00
 .rodata.default_config
                0x0800aaf0        0xc build/obj/serial_lld.o
 *fill*         0x0800aafc        0x4 00
 .rodata.pal_default_config
                0x0800ab00       0xfc build/obj/board.o
                0x0800ab00                pal_default_config
 *fill*         0x0800abfc        0x4 00
 .rodata.str1.4
                0x0800ac00        0x7 build/obj/chprintf.o
                                  0x8 (size before relaxing)
 *fill*         0x0800ac07        0x9 00
 .rodata.vmt    0x0800ac10       0x10 build/obj/memstreams.o
 .rodata.str1.4
                0x0800ac20        0xc build/obj/fatfsWrapper.o
 *fill*         0x0800ac2c        0x4 00
 .rodata.str1.4
                0x0800ac30       0x54 build/obj/ff.o
 *fill*         0x0800ac84        0xc 00
 .rodata.ExCvt  0x0800ac90       0x80 build/obj/ff.o
 .rodata.ST7565font
                0x0800ad10      0x4fc build/obj/glcdfont.o
                0x0800ad10                ST7565font
 *fill*         0x0800b20c        0x4 00
 .rodata.adc_grp_cfg
                0x0800b210       0x28 build/obj/kb_callbacks.o
 *fill*         0x0800b238        0x8 00
 .rodata.str1.4
                0x0800b240        0x7 build/obj/kb_logger.o
                                  0x8 (size before relaxing)
 *fill*         0x0800b247        0x9 00
 .rodata.str1.4
                0x0800b250       0x42 build/obj/kb_screen.o
                                 0x44 (size before relaxing)
 *fill*         0x0800b292        0xe 00
 .rodata.str1.4
                0x0800b2a0        0x5 build/obj/kb_time.o
                                  0x8 (size before relaxing)
 *fill*         0x0800b2a5        0xb 00
 .rodata.smpte_time_zones
                0x0800b2b0      0x198 build/obj/timecode.o
 *fill*         0x0800b448        0x8 00
 .rodata.str1.4
                0x0800b450        0x6 build/obj/timecode.o
                                  0x8 (size before relaxing)
 *fill*         0x0800b456        0xa 00
 .rodata.str1.4
                0x0800b460       0x3a build/obj/main.o
                                 0x3c (size before relaxing)
 *fill*         0x0800b49a        0x6 00
 .rodata.sdio_cfg
                0x0800b4a0        0x4 build/obj/main.o
 *fill*         0x0800b4a4        0xc 00
 .rodata.lcd_cfg
                0x0800b4b0       0x1c build/obj/main.o
 *fill*         0x0800b4cc        0x4 00
 .rodata.eeprom_cfg
                0x0800b4d0        0xc build/obj/main.o
 *fill*         0x0800b4dc        0x4 00
 .rodata.st7565_nanibox
                0x0800b4e0      0x200 build/obj/ST7565.o
 .rodata.pagemap
                0x0800b6e0        0x4 build/obj/ST7565.o
 *fill*         0x0800b6e4        0xc 00
 .rodata.str1.4
                0x0800b6f0        0x6 c:/chibistudio/tools/gnu tools arm embedded/4.7 2013q1/bin/../lib/gcc/arm-none-eabi/4.7.3/../../../../arm-none-eabi/lib/armv7e-m\libm.a(lib_a-w_log10.o)
                                  0xc (size before relaxing)
 *fill*         0x0800b6f6        0xa 00
 .rodata.str1.4
                0x0800b700        0x4 c:/chibistudio/tools/gnu tools arm embedded/4.7 2013q1/bin/../lib/gcc/arm-none-eabi/4.7.3/../../../../arm-none-eabi/lib/armv7e-m\libc.a(lib_a-impure.o)
 *(.glue_7t)
 .glue_7t       0x00000000        0x0 linker stubs
 *(.glue_7)
 .glue_7        0x00000000        0x0 linker stubs
 *(.gcc*)

.vfp11_veneer   0x0800b704        0x0
 .vfp11_veneer  0x00000000        0x0 linker stubs

.v4_bx          0x0800b704        0x0
 .v4_bx         0x00000000        0x0 linker stubs

.iplt           0x0800b704        0x0
 .iplt          0x00000000        0x0 build/obj/crt0.o

.rel.dyn        0x0800b704        0x0
 .rel.iplt      0x00000000        0x0 build/obj/crt0.o

.ARM.extab
 *(.ARM.extab* .gnu.linkonce.armextab.*)

.ARM.exidx      0x0800b704        0x0
                0x0800b704                PROVIDE (__exidx_start, .)
 *(.ARM.exidx* .gnu.linkonce.armexidx.*)
                0x0800b704                PROVIDE (__exidx_end, .)

.eh_frame_hdr
 *(.eh_frame_hdr)

.eh_frame
 *(.eh_frame)

.textalign      0x0800b704        0x4
                0x0800b708                . = ALIGN (0x8)
 *fill*         0x0800b704        0x4 00
                0x0800b708                _etext = .
                0x0800b708                _textdata = _etext

.stacks         0x20000000      0x800
                0x20000000                . = ALIGN (0x8)
                0x20000000                __main_stack_base__ = .
                0x20000400                . = (. + __main_stack_size__)
 *fill*         0x20000000      0x400 00
                0x20000400                . = ALIGN (0x8)
                0x20000400                __main_stack_end__ = .
                0x20000400                __process_stack_base__ = .
                0x20000400                __main_thread_stack_base__ = .
                0x20000800                . = (. + __process_stack_size__)
 *fill*         0x20000400      0x400 00
                0x20000800                . = ALIGN (0x8)
                0x20000800                __process_stack_end__ = .
                0x20000800                __main_thread_stack_end__ = .

.data           0x20000800      0x464 load address 0x0800b708
                0x20000800                . = ALIGN (0x4)
                0x20000800                PROVIDE (_data, .)
 *(.data)
                0x20000800                . = ALIGN (0x4)
 *(.data.*)
 .data.serial1_cfg
                0x20000800        0xc build/obj/main.o
 .data.serial2_cfg
                0x2000080c        0xc build/obj/main.o
 .data.ltc_icucfg
                0x20000818       0x18 build/obj/main.o
 .data.__fdlib_version
                0x20000830        0x1 c:/chibistudio/tools/gnu tools arm embedded/4.7 2013q1/bin/../lib/gcc/arm-none-eabi/4.7.3/../../../../arm-none-eabi/lib/armv7e-m\libm.a(lib_a-s_lib_ver.o)
                0x20000830                __fdlib_version
 *fill*         0x20000831        0x7 00
 .data.impure_data
                0x20000838      0x428 c:/chibistudio/tools/gnu tools arm embedded/4.7 2013q1/bin/../lib/gcc/arm-none-eabi/4.7.3/../../../../arm-none-eabi/lib/armv7e-m\libc.a(lib_a-impure.o)
 .data._impure_ptr
                0x20000c60        0x4 c:/chibistudio/tools/gnu tools arm embedded/4.7 2013q1/bin/../lib/gcc/arm-none-eabi/4.7.3/../../../../arm-none-eabi/lib/armv7e-m\libc.a(lib_a-impure.o)
                0x20000c60                _impure_ptr
                0x20000c64                . = ALIGN (0x4)
 *(.ramtext)
                0x20000c64                . = ALIGN (0x4)
                0x20000c64                PROVIDE (_edata, .)

.igot.plt       0x20000c64        0x0 load address 0x0800bb6c
 .igot.plt      0x00000000        0x0 build/obj/crt0.o

.bss            0x20000c68     0x57f8 load address 0x0800bb6c
                0x20000c68                . = ALIGN (0x4)
                0x20000c68                PROVIDE (_bss_start, .)
 *(.bss)
                0x20000c68                . = ALIGN (0x4)
 *(.bss.*)
 .bss.mainthread.4860
                0x20000c68       0x4c build/obj/chsys.o
 *fill*         0x20000cb4        0x4 00
 .bss._idle_thread_wa
                0x20000cb8      0x158 build/obj/chsys.o
                0x20000cb8                _idle_thread_wa
 .bss.dbg_isr_cnt
                0x20000e10        0x4 build/obj/chdebug.o
                0x20000e10                dbg_isr_cnt
 .bss.dbg_trace_buffer
                0x20000e14      0x408 build/obj/chdebug.o
                0x20000e14                dbg_trace_buffer
 .bss.dbg_lock_cnt
                0x2000121c        0x4 build/obj/chdebug.o
                0x2000121c                dbg_lock_cnt
 .bss.dbg_panic_msg
                0x20001220        0x4 build/obj/chdebug.o
                0x20001220                dbg_panic_msg
 .bss.vtlist    0x20001224       0x10 build/obj/chvt.o
                0x20001224                vtlist
 .bss.rlist     0x20001234       0x1c build/obj/chschd.o
                0x20001234                rlist
 .bss.endmem    0x20001250        0x4 build/obj/chmemcore.o
 .bss.nextmem   0x20001254        0x4 build/obj/chmemcore.o
 .bss.default_heap
                0x20001258       0x20 build/obj/chheap.o
 .bss.dma_isr_redir
                0x20001278       0x80 build/obj/stm32_dma.o
 .bss.dma_streams_mask
                0x200012f8        0x4 build/obj/stm32_dma.o
 .bss.ADCD1     0x200012fc       0x34 build/obj/adc_lld.o
                0x200012fc                ADCD1
 .bss.ADCD2     0x20001330       0x34 build/obj/adc_lld.o
                0x20001330                ADCD2
 .bss.ADCD3     0x20001364       0x34 build/obj/adc_lld.o
                0x20001364                ADCD3
 .bss.EXTD1     0x20001398        0x8 build/obj/ext_lld.o
                0x20001398                EXTD1
 .bss.GPTD14    0x200013a0       0x10 build/obj/gpt_lld.o
                0x200013a0                GPTD14
 .bss.ICUD1     0x200013b0       0x18 build/obj/icu_lld.o
                0x200013b0                ICUD1
 .bss.SDCD1     0x200013c8       0x4c build/obj/sdc_lld.o
                0x200013c8                SDCD1
 .bss.u         0x20001414      0x200 build/obj/sdc_lld.o
 .bss.RTCD1     0x20001614        0x4 build/obj/rtc_lld.o
                0x20001614                RTCD1
 .bss.dummytx   0x20001618        0x2 build/obj/spi_lld.o
 *fill*         0x2000161a        0x2 00
 .bss.SPID1     0x2000161c       0x30 build/obj/spi_lld.o
                0x2000161c                SPID1
 .bss.SD1       0x2000164c       0xd8 build/obj/serial_lld.o
                0x2000164c                SD1
 .bss.SD2       0x20001724       0xd8 build/obj/serial_lld.o
                0x20001724                SD2
 *fill*         0x200017fc        0x4 00
 .bss.waFatFSWorkerThread
                0x20001800      0x938 build/obj/fatfsWrapper.o
 .bss.workerThread
                0x20002138        0x4 build/obj/fatfsWrapper.o
 .bss.Fsid      0x2000213c        0x2 build/obj/ff.o
 *fill*         0x2000213e        0x2 00
 .bss.FatFs     0x20002140        0x4 build/obj/ff.o
 .bss.adc_samples
                0x20002144        0xc build/obj/kb_callbacks.o
 .bss.waLogger  0x20002150      0x1b8 build/obj/kb_logger.o
 .bss.counter   0x20002308        0x4 build/obj/kb_logger.o
                0x20002308                counter
 *fill*         0x2000230c        0x4 00
 .bss.waScreen  0x20002310      0x1b8 build/obj/kb_screen.o
 .bss.charbuf   0x200024c8       0x80 build/obj/kb_screen.o
 .bss.msb       0x20002548       0x14 build/obj/kb_screen.o
 .bss.screen    0x2000255c       0x30 build/obj/kb_screen.o
 *fill*         0x2000258c        0x4 00
 .bss.ltc_frame
                0x20002590      0x170 build/obj/kb_time.o
                0x20002590                ltc_frame
 .bss.ltc_buffer_pos
                0x20002700        0x4 build/obj/kb_time.o
                0x20002700                ltc_buffer_pos
 .bss.ltc_buffer
                0x20002704      0x800 build/obj/kb_time.o
                0x20002704                ltc_buffer
 .bss.ltc_smpte_time
                0x20002f04       0x10 build/obj/kb_time.o
                0x20002f04                ltc_smpte_time
 .bss.ltc_decoder
                0x20002f14        0x4 build/obj/kb_time.o
                0x20002f14                ltc_decoder
 .bss.which_ltc_buffer
                0x20002f18        0x4 build/obj/kb_time.o
                0x20002f18                which_ltc_buffer
 .bss.timeThread
                0x20002f1c        0x4 build/obj/kb_time.o
 .bss.waTime    0x20002f20      0x1b8 build/obj/kb_time.o
 .bss.LTCFrameExtInstances
                0x200030d8     0x2e00 build/obj/ltc.o
 .bss.LTCDecoderInstance
                0x20005ed8      0x198 build/obj/ltc.o
 .bss.global_state
                0x20006070        0x4 build/obj/main.o
 .bss.adc_trigger
                0x20006074       0x14 build/obj/main.o
 .bss.adc_cfg   0x20006088        0x4 build/obj/main.o
 .bss.lcd_buffer
                0x2000608c      0x200 build/obj/main.o
 *fill*         0x2000628c        0x4 00
 .bss.waBlinker
                0x20006290      0x1b8 build/obj/main.o
 .bss.spiEepromD1
                0x20006448        0x8 build/obj/spiEEPROM.o
                0x20006448                spiEepromD1
 .bss.ST7565D1  0x20006450        0xc build/obj/ST7565.o
                0x20006450                ST7565D1
 .bss.xUpdateMin
                0x2000645c        0x1 build/obj/ST7565.o
 .bss.xUpdateMax
                0x2000645d        0x1 build/obj/ST7565.o
 .bss.yUpdateMin
                0x2000645e        0x1 build/obj/ST7565.o
 .bss.yUpdateMax
                0x2000645f        0x1 build/obj/ST7565.o
                0x20006460                . = ALIGN (0x4)
 *(COMMON)
                0x20006460                . = ALIGN (0x4)
                0x20006460                PROVIDE (_bss_end, .)
                0x20006460                PROVIDE (end, .)
                0x20006460                _end = .
                0x20006460                __heap_base__ = _end
                0x2001c000                __heap_end__ = __ram_end__
OUTPUT(build/kuroBox.elf elf32-littlearm)

.debug_info     0x00000000    0x2b595
 .debug_info    0x00000000      0x2ac build/obj/crt0.o
 .debug_info    0x000002ac      0x1f0 build/obj/vectors.o
 .debug_info    0x0000049c       0x9a build/obj/chcore.o
 .debug_info    0x00000536      0xbc9 build/obj/chcore_v7m.o
 .debug_info    0x000010ff      0x455 build/obj/nvic.o
 .debug_info    0x00001554      0xa3d build/obj/chsys.o
 .debug_info    0x00001f91      0xa4b build/obj/chdebug.o
 .debug_info    0x000029dc      0x2ea build/obj/chvt.o
 .debug_info    0x00002cc6      0xc77 build/obj/chschd.o
 .debug_info    0x0000393d      0xfb6 build/obj/chthreads.o
 .debug_info    0x000048f3      0x811 build/obj/chregistry.o
 .debug_info    0x00005104      0xcaf build/obj/chmtx.o
 .debug_info    0x00005db3     0x1179 build/obj/chevents.o
 .debug_info    0x00006f2c      0x87b build/obj/chmsg.o
 .debug_info    0x000077a7      0xead build/obj/chqueues.o
 .debug_info    0x00008654      0x23b build/obj/chmemcore.o
 .debug_info    0x0000888f      0x890 build/obj/chheap.o
 .debug_info    0x0000911f      0x456 build/obj/hal.o
 .debug_info    0x00009575     0x119d build/obj/adc.o
 .debug_info    0x0000a712      0x63b build/obj/ext.o
 .debug_info    0x0000ad4d      0xa94 build/obj/gpt.o
 .debug_info    0x0000b7e1      0x810 build/obj/icu.o
 .debug_info    0x0000bff1      0x23a build/obj/mmcsd.o
 .debug_info    0x0000c22b      0x839 build/obj/rtc.o
 .debug_info    0x0000ca64     0x1848 build/obj/sdc.o
 .debug_info    0x0000e2ac     0x12d2 build/obj/serial.o
 .debug_info    0x0000f57e     0x174b build/obj/spi.o
 .debug_info    0x00010cc9      0xcaa build/obj/stm32_dma.o
 .debug_info    0x00011973      0x4e1 build/obj/hal_lld.o
 .debug_info    0x00011e54     0x15c1 build/obj/adc_lld.o
 .debug_info    0x00013415      0xbc2 build/obj/ext_lld_isr.o
 .debug_info    0x00013fd7      0x4a2 build/obj/ext_lld.o
 .debug_info    0x00014479      0xa9e build/obj/gpt_lld.o
 .debug_info    0x00014f17      0xbd0 build/obj/icu_lld.o
 .debug_info    0x00015ae7     0x1e8c build/obj/sdc_lld.o
 .debug_info    0x00017973      0x749 build/obj/pal_lld.o
 .debug_info    0x000180bc      0x6fb build/obj/rtc_lld.o
 .debug_info    0x000187b7     0x10e0 build/obj/spi_lld.o
 .debug_info    0x00019897     0x14c5 build/obj/serial_lld.o
 .debug_info    0x0001ad5c      0xbe0 build/obj/board.o
 .debug_info    0x0001b93c      0x558 build/obj/chprintf.o
 .debug_info    0x0001be94      0x3d7 build/obj/memstreams.o
 .debug_info    0x0001c26b     0x1692 build/obj/fatfsWrapper.o
 .debug_info    0x0001d8fd      0xfaf build/obj/fatfs_diskio.o
 .debug_info    0x0001e8ac     0x36cf build/obj/ff.o
 .debug_info    0x00021f7b       0x54 build/obj/glcdfont.o
 .debug_info    0x00021fcf      0xd15 build/obj/kb_callbacks.o
 .debug_info    0x00022ce4      0x7a1 build/obj/kb_logger.o
 .debug_info    0x00023485     0x12a6 build/obj/kb_screen.o
 .debug_info    0x0002472b     0x1146 build/obj/kb_time.o
 .debug_info    0x00025871      0x7cb build/obj/decoder.o
 .debug_info    0x0002603c      0x96e build/obj/ltc.o
 .debug_info    0x000269aa      0x8ba build/obj/timecode.o
 .debug_info    0x00027264     0x22ee build/obj/main.o
 .debug_info    0x00029552      0xe42 build/obj/spiEEPROM.o
 .debug_info    0x0002a394     0x1201 build/obj/ST7565.o

.debug_abbrev   0x00000000     0x80f4
 .debug_abbrev  0x00000000       0xf4 build/obj/crt0.o
 .debug_abbrev  0x000000f4       0xb1 build/obj/vectors.o
 .debug_abbrev  0x000001a5       0x44 build/obj/chcore.o
 .debug_abbrev  0x000001e9      0x20d build/obj/chcore_v7m.o
 .debug_abbrev  0x000003f6       0xf2 build/obj/nvic.o
 .debug_abbrev  0x000004e8      0x1ff build/obj/chsys.o
 .debug_abbrev  0x000006e7      0x22d build/obj/chdebug.o
 .debug_abbrev  0x00000914      0x18d build/obj/chvt.o
 .debug_abbrev  0x00000aa1      0x32e build/obj/chschd.o
 .debug_abbrev  0x00000dcf      0x37a build/obj/chthreads.o
 .debug_abbrev  0x00001149      0x1bc build/obj/chregistry.o
 .debug_abbrev  0x00001305      0x2d3 build/obj/chmtx.o
 .debug_abbrev  0x000015d8      0x30b build/obj/chevents.o
 .debug_abbrev  0x000018e3      0x221 build/obj/chmsg.o
 .debug_abbrev  0x00001b04      0x35f build/obj/chqueues.o
 .debug_abbrev  0x00001e63      0x12e build/obj/chmemcore.o
 .debug_abbrev  0x00001f91      0x21b build/obj/chheap.o
 .debug_abbrev  0x000021ac      0x1e4 build/obj/hal.o
 .debug_abbrev  0x00002390      0x2db build/obj/adc.o
 .debug_abbrev  0x0000266b      0x1ce build/obj/ext.o
 .debug_abbrev  0x00002839      0x24f build/obj/gpt.o
 .debug_abbrev  0x00002a88      0x20d build/obj/icu.o
 .debug_abbrev  0x00002c95      0x116 build/obj/mmcsd.o
 .debug_abbrev  0x00002dab      0x1ca build/obj/rtc.o
 .debug_abbrev  0x00002f75      0x399 build/obj/sdc.o
 .debug_abbrev  0x0000330e      0x2dc build/obj/serial.o
 .debug_abbrev  0x000035ea      0x2b5 build/obj/spi.o
 .debug_abbrev  0x0000389f      0x252 build/obj/stm32_dma.o
 .debug_abbrev  0x00003af1      0x12d build/obj/hal_lld.o
 .debug_abbrev  0x00003c1e      0x31e build/obj/adc_lld.o
 .debug_abbrev  0x00003f3c      0x208 build/obj/ext_lld_isr.o
 .debug_abbrev  0x00004144      0x1e9 build/obj/ext_lld.o
 .debug_abbrev  0x0000432d      0x2ae build/obj/gpt_lld.o
 .debug_abbrev  0x000045db      0x2c3 build/obj/icu_lld.o
 .debug_abbrev  0x0000489e      0x4d6 build/obj/sdc_lld.o
 .debug_abbrev  0x00004d74      0x1c6 build/obj/pal_lld.o
 .debug_abbrev  0x00004f3a      0x227 build/obj/rtc_lld.o
 .debug_abbrev  0x00005161      0x36f build/obj/spi_lld.o
 .debug_abbrev  0x000054d0      0x387 build/obj/serial_lld.o
 .debug_abbrev  0x00005857      0x1ca build/obj/board.o
 .debug_abbrev  0x00005a21      0x1d3 build/obj/chprintf.o
 .debug_abbrev  0x00005bf4      0x164 build/obj/memstreams.o
 .debug_abbrev  0x00005d58      0x2a2 build/obj/fatfsWrapper.o
 .debug_abbrev  0x00005ffa      0x21f build/obj/fatfs_diskio.o
 .debug_abbrev  0x00006219      0x338 build/obj/ff.o
 .debug_abbrev  0x00006551       0x45 build/obj/glcdfont.o
 .debug_abbrev  0x00006596      0x2e9 build/obj/kb_callbacks.o
 .debug_abbrev  0x0000687f      0x1c7 build/obj/kb_logger.o
 .debug_abbrev  0x00006a46      0x28a build/obj/kb_screen.o
 .debug_abbrev  0x00006cd0      0x31b build/obj/kb_time.o
 .debug_abbrev  0x00006feb      0x28a build/obj/decoder.o
 .debug_abbrev  0x00007275      0x2d7 build/obj/ltc.o
 .debug_abbrev  0x0000754c      0x30f build/obj/timecode.o
 .debug_abbrev  0x0000785b      0x2d7 build/obj/main.o
 .debug_abbrev  0x00007b32      0x263 build/obj/spiEEPROM.o
 .debug_abbrev  0x00007d95      0x35f build/obj/ST7565.o

.debug_loc      0x00000000    0x12946
 .debug_loc     0x00000000       0x20 build/obj/crt0.o
 .debug_loc     0x00000020      0x143 build/obj/chcore_v7m.o
 .debug_loc     0x00000163      0x1ca build/obj/nvic.o
 .debug_loc     0x0000032d       0xcc build/obj/chsys.o
 .debug_loc     0x000003f9      0x19d build/obj/chdebug.o
 .debug_loc     0x00000596      0x15e build/obj/chvt.o
 .debug_loc     0x000006f4      0x315 build/obj/chschd.o
 .debug_loc     0x00000a09      0x6b1 build/obj/chthreads.o
 .debug_loc     0x000010ba       0xc9 build/obj/chregistry.o
 .debug_loc     0x00001183      0x4f6 build/obj/chmtx.o
 .debug_loc     0x00001679      0x9d8 build/obj/chevents.o
 .debug_loc     0x00002051      0x228 build/obj/chmsg.o
 .debug_loc     0x00002279      0x939 build/obj/chqueues.o
 .debug_loc     0x00002bb2      0x10b build/obj/chmemcore.o
 .debug_loc     0x00002cbd      0x308 build/obj/chheap.o
 .debug_loc     0x00002fc5       0xa7 build/obj/hal.o
 .debug_loc     0x0000306c      0x504 build/obj/adc.o
 .debug_loc     0x00003570      0x33a build/obj/ext.o
 .debug_loc     0x000038aa      0x4a5 build/obj/gpt.o
 .debug_loc     0x00003d4f      0x21c build/obj/icu.o
 .debug_loc     0x00003f6b      0x26c build/obj/mmcsd.o
 .debug_loc     0x000041d7      0x311 build/obj/rtc.o
 .debug_loc     0x000044e8      0x70f build/obj/sdc.o
 .debug_loc     0x00004bf7      0x5aa build/obj/serial.o
 .debug_loc     0x000051a1      0x945 build/obj/spi.o
 .debug_loc     0x00005ae6      0x593 build/obj/stm32_dma.o
 .debug_loc     0x00006079       0x20 build/obj/hal_lld.o
 .debug_loc     0x00006099      0x4c7 build/obj/adc_lld.o
 .debug_loc     0x00006560      0x280 build/obj/ext_lld_isr.o
 .debug_loc     0x000067e0      0x1f6 build/obj/ext_lld.o
 .debug_loc     0x000069d6      0x188 build/obj/gpt_lld.o
 .debug_loc     0x00006b5e      0x198 build/obj/icu_lld.o
 .debug_loc     0x00006cf6      0xee4 build/obj/sdc_lld.o
 .debug_loc     0x00007bda      0x2e7 build/obj/pal_lld.o
 .debug_loc     0x00007ec1      0x452 build/obj/rtc_lld.o
 .debug_loc     0x00008313      0x4ad build/obj/spi_lld.o
 .debug_loc     0x000087c0      0x3e1 build/obj/serial_lld.o
 .debug_loc     0x00008ba1       0x42 build/obj/board.o
 .debug_loc     0x00008be3      0x792 build/obj/chprintf.o
 .debug_loc     0x00009375      0x27e build/obj/memstreams.o
 .debug_loc     0x000095f3      0x901 build/obj/fatfsWrapper.o
 .debug_loc     0x00009ef4      0x352 build/obj/fatfs_diskio.o
 .debug_loc     0x0000a246     0x5f81 build/obj/ff.o
 .debug_loc     0x000101c7      0x1bc build/obj/kb_callbacks.o
 .debug_loc     0x00010383       0x6d build/obj/kb_logger.o
 .debug_loc     0x000103f0       0xb7 build/obj/kb_screen.o
 .debug_loc     0x000104a7      0x21d build/obj/kb_time.o
 .debug_loc     0x000106c4      0x83b build/obj/decoder.o
 .debug_loc     0x00010eff      0x774 build/obj/ltc.o
 .debug_loc     0x00011673      0x9e5 build/obj/timecode.o
 .debug_loc     0x00012058       0xf4 build/obj/main.o
 .debug_loc     0x0001214c      0x27f build/obj/spiEEPROM.o
 .debug_loc     0x000123cb      0x57b build/obj/ST7565.o

.debug_aranges  0x00000000     0x12f8
 .debug_aranges
                0x00000000       0x38 build/obj/crt0.o
 .debug_aranges
                0x00000038       0x20 build/obj/vectors.o
 .debug_aranges
                0x00000058       0x20 build/obj/chcore.o
 .debug_aranges
                0x00000078       0x50 build/obj/chcore_v7m.o
 .debug_aranges
                0x000000c8       0x30 build/obj/nvic.o
 .debug_aranges
                0x000000f8       0x30 build/obj/chsys.o
 .debug_aranges
                0x00000128       0x88 build/obj/chdebug.o
 .debug_aranges
                0x000001b0       0x38 build/obj/chvt.o
 .debug_aranges
                0x000001e8       0x68 build/obj/chschd.o
 .debug_aranges
                0x00000250       0x80 build/obj/chthreads.o
 .debug_aranges
                0x000002d0       0x28 build/obj/chregistry.o
 .debug_aranges
                0x000002f8       0x58 build/obj/chmtx.o
 .debug_aranges
                0x00000350       0xa0 build/obj/chevents.o
 .debug_aranges
                0x000003f0       0x30 build/obj/chmsg.o
 .debug_aranges
                0x00000420       0x70 build/obj/chqueues.o
 .debug_aranges
                0x00000490       0x38 build/obj/chmemcore.o
 .debug_aranges
                0x000004c8       0x40 build/obj/chheap.o
 .debug_aranges
                0x00000508       0x30 build/obj/hal.o
 .debug_aranges
                0x00000538       0x70 build/obj/adc.o
 .debug_aranges
                0x000005a8       0x50 build/obj/ext.o
 .debug_aranges
                0x000005f8       0x78 build/obj/gpt.o
 .debug_aranges
                0x00000670       0x48 build/obj/icu.o
 .debug_aranges
                0x000006b8       0x28 build/obj/mmcsd.o
 .debug_aranges
                0x000006e0       0x48 build/obj/rtc.o
 .debug_aranges
                0x00000728       0x80 build/obj/sdc.o
 .debug_aranges
                0x000007a8       0x88 build/obj/serial.o
 .debug_aranges
                0x00000830       0x98 build/obj/spi.o
 .debug_aranges
                0x000008c8       0xb0 build/obj/stm32_dma.o
 .debug_aranges
                0x00000978       0x28 build/obj/hal_lld.o
 .debug_aranges
                0x000009a0       0x70 build/obj/adc_lld.o
 .debug_aranges
                0x00000a10       0x98 build/obj/ext_lld_isr.o
 .debug_aranges
                0x00000aa8       0x40 build/obj/ext_lld.o
 .debug_aranges
                0x00000ae8       0x50 build/obj/gpt_lld.o
 .debug_aranges
                0x00000b38       0x58 build/obj/icu_lld.o
 .debug_aranges
                0x00000b90       0xb8 build/obj/sdc_lld.o
 .debug_aranges
                0x00000c48       0x28 build/obj/pal_lld.o
 .debug_aranges
                0x00000c70       0x58 build/obj/rtc_lld.o
 .debug_aranges
                0x00000cc8       0x78 build/obj/spi_lld.o
 .debug_aranges
                0x00000d40       0x58 build/obj/serial_lld.o
 .debug_aranges
                0x00000d98       0x38 build/obj/board.o
 .debug_aranges
                0x00000dd0       0x28 build/obj/chprintf.o
 .debug_aranges
                0x00000df8       0x40 build/obj/memstreams.o
 .debug_aranges
                0x00000e38       0x88 build/obj/fatfsWrapper.o
 .debug_aranges
                0x00000ec0       0x48 build/obj/fatfs_diskio.o
 .debug_aranges
                0x00000f08      0x150 build/obj/ff.o
 .debug_aranges
                0x00001058       0x18 build/obj/glcdfont.o
 .debug_aranges
                0x00001070       0x30 build/obj/kb_callbacks.o
 .debug_aranges
                0x000010a0       0x28 build/obj/kb_logger.o
 .debug_aranges
                0x000010c8       0x40 build/obj/kb_screen.o
 .debug_aranges
                0x00001108       0x30 build/obj/kb_time.o
 .debug_aranges
                0x00001138       0x28 build/obj/decoder.o
 .debug_aranges
                0x00001160       0x70 build/obj/ltc.o
 .debug_aranges
                0x000011d0       0x50 build/obj/timecode.o
 .debug_aranges
                0x00001220       0x38 build/obj/main.o
 .debug_aranges
                0x00001258       0x50 build/obj/spiEEPROM.o
 .debug_aranges
                0x000012a8       0x50 build/obj/ST7565.o

.debug_ranges   0x00000000     0x2488
 .debug_ranges  0x00000000       0xe0 build/obj/crt0.o
 .debug_ranges  0x000000e0       0x10 build/obj/vectors.o
 .debug_ranges  0x000000f0       0x10 build/obj/chcore.o
 .debug_ranges  0x00000100       0x58 build/obj/chcore_v7m.o
 .debug_ranges  0x00000158       0x20 build/obj/nvic.o
 .debug_ranges  0x00000178       0x20 build/obj/chsys.o
 .debug_ranges  0x00000198       0x78 build/obj/chdebug.o
 .debug_ranges  0x00000210       0x28 build/obj/chvt.o
 .debug_ranges  0x00000238      0x1d8 build/obj/chschd.o
 .debug_ranges  0x00000410      0x110 build/obj/chthreads.o
 .debug_ranges  0x00000520       0x18 build/obj/chregistry.o
 .debug_ranges  0x00000538      0x228 build/obj/chmtx.o
 .debug_ranges  0x00000760       0xd8 build/obj/chevents.o
 .debug_ranges  0x00000838       0x68 build/obj/chmsg.o
 .debug_ranges  0x000008a0       0xc0 build/obj/chqueues.o
 .debug_ranges  0x00000960       0x40 build/obj/chmemcore.o
 .debug_ranges  0x000009a0       0x30 build/obj/chheap.o
 .debug_ranges  0x000009d0       0x50 build/obj/hal.o
 .debug_ranges  0x00000a20       0x78 build/obj/adc.o
 .debug_ranges  0x00000a98       0x40 build/obj/ext.o
 .debug_ranges  0x00000ad8       0x80 build/obj/gpt.o
 .debug_ranges  0x00000b58       0x38 build/obj/icu.o
 .debug_ranges  0x00000b90       0x30 build/obj/mmcsd.o
 .debug_ranges  0x00000bc0       0x38 build/obj/rtc.o
 .debug_ranges  0x00000bf8       0x88 build/obj/sdc.o
 .debug_ranges  0x00000c80       0x78 build/obj/serial.o
 .debug_ranges  0x00000cf8       0x88 build/obj/spi.o
 .debug_ranges  0x00000d80       0xa0 build/obj/stm32_dma.o
 .debug_ranges  0x00000e20       0x30 build/obj/hal_lld.o
 .debug_ranges  0x00000e50       0xa8 build/obj/adc_lld.o
 .debug_ranges  0x00000ef8       0x88 build/obj/ext_lld_isr.o
 .debug_ranges  0x00000f80       0x30 build/obj/ext_lld.o
 .debug_ranges  0x00000fb0       0x40 build/obj/gpt_lld.o
 .debug_ranges  0x00000ff0       0x48 build/obj/icu_lld.o
 .debug_ranges  0x00001038      0x1b0 build/obj/sdc_lld.o
 .debug_ranges  0x000011e8      0x168 build/obj/pal_lld.o
 .debug_ranges  0x00001350       0x60 build/obj/rtc_lld.o
 .debug_ranges  0x000013b0       0x98 build/obj/spi_lld.o
 .debug_ranges  0x00001448       0x90 build/obj/serial_lld.o
 .debug_ranges  0x000014d8       0x28 build/obj/board.o
 .debug_ranges  0x00001500       0x18 build/obj/chprintf.o
 .debug_ranges  0x00001518       0x30 build/obj/memstreams.o
 .debug_ranges  0x00001548      0x1a0 build/obj/fatfsWrapper.o
 .debug_ranges  0x000016e8       0x38 build/obj/fatfs_diskio.o
 .debug_ranges  0x00001720      0x678 build/obj/ff.o
 .debug_ranges  0x00001d98       0x80 build/obj/kb_callbacks.o
 .debug_ranges  0x00001e18       0x18 build/obj/kb_logger.o
 .debug_ranges  0x00001e30       0x30 build/obj/kb_screen.o
 .debug_ranges  0x00001e60       0x60 build/obj/kb_time.o
 .debug_ranges  0x00001ec0      0x280 build/obj/decoder.o
 .debug_ranges  0x00002140       0xb0 build/obj/ltc.o
 .debug_ranges  0x000021f0      0x158 build/obj/timecode.o
 .debug_ranges  0x00002348       0x28 build/obj/main.o
 .debug_ranges  0x00002370       0x40 build/obj/spiEEPROM.o
 .debug_ranges  0x000023b0       0xd8 build/obj/ST7565.o

.debug_line     0x00000000     0xbc0a
 .debug_line    0x00000000      0x17e build/obj/crt0.o
 .debug_line    0x0000017e       0xee build/obj/vectors.o
 .debug_line    0x0000026c       0x5b build/obj/chcore.o
 .debug_line    0x000002c7      0x24b build/obj/chcore_v7m.o
 .debug_line    0x00000512      0x12d build/obj/nvic.o
 .debug_line    0x0000063f      0x261 build/obj/chsys.o
 .debug_line    0x000008a0      0x2fe build/obj/chdebug.o
 .debug_line    0x00000b9e      0x1c7 build/obj/chvt.o
 .debug_line    0x00000d65      0x38f build/obj/chschd.o
 .debug_line    0x000010f4      0x41f build/obj/chthreads.o
 .debug_line    0x00001513      0x233 build/obj/chregistry.o
 .debug_line    0x00001746      0x3c1 build/obj/chmtx.o
 .debug_line    0x00001b07      0x3a0 build/obj/chevents.o
 .debug_line    0x00001ea7      0x1fc build/obj/chmsg.o
 .debug_line    0x000020a3      0x410 build/obj/chqueues.o
 .debug_line    0x000024b3      0x1c3 build/obj/chmemcore.o
 .debug_line    0x00002676      0x2f3 build/obj/chheap.o
 .debug_line    0x00002969      0x2c5 build/obj/hal.o
 .debug_line    0x00002c2e      0x425 build/obj/adc.o
 .debug_line    0x00003053      0x29c build/obj/ext.o
 .debug_line    0x000032ef      0x2ff build/obj/gpt.o
 .debug_line    0x000035ee      0x259 build/obj/icu.o
 .debug_line    0x00003847      0x18d build/obj/mmcsd.o
 .debug_line    0x000039d4      0x2b2 build/obj/rtc.o
 .debug_line    0x00003c86      0x4d2 build/obj/sdc.o
 .debug_line    0x00004158      0x422 build/obj/serial.o
 .debug_line    0x0000457a      0x5d1 build/obj/spi.o
 .debug_line    0x00004b4b      0x45c build/obj/stm32_dma.o
 .debug_line    0x00004fa7      0x216 build/obj/hal_lld.o
 .debug_line    0x000051bd      0x551 build/obj/adc_lld.o
 .debug_line    0x0000570e      0x3db build/obj/ext_lld_isr.o
 .debug_line    0x00005ae9      0x238 build/obj/ext_lld.o
 .debug_line    0x00005d21      0x2fd build/obj/gpt_lld.o
 .debug_line    0x0000601e      0x333 build/obj/icu_lld.o
 .debug_line    0x00006351      0x5c3 build/obj/sdc_lld.o
 .debug_line    0x00006914      0x216 build/obj/pal_lld.o
 .debug_line    0x00006b2a      0x330 build/obj/rtc_lld.o
 .debug_line    0x00006e5a      0x4d4 build/obj/spi_lld.o
 .debug_line    0x0000732e      0x412 build/obj/serial_lld.o
 .debug_line    0x00007740      0x2ac build/obj/board.o
 .debug_line    0x000079ec      0x339 build/obj/chprintf.o
 .debug_line    0x00007d25      0x1eb build/obj/memstreams.o
 .debug_line    0x00007f10      0x41d build/obj/fatfsWrapper.o
 .debug_line    0x0000832d      0x333 build/obj/fatfs_diskio.o
 .debug_line    0x00008660     0x1078 build/obj/ff.o
 .debug_line    0x000096d8       0x31 build/obj/glcdfont.o
 .debug_line    0x00009709      0x2d5 build/obj/kb_callbacks.o
 .debug_line    0x000099de      0x20c build/obj/kb_logger.o
 .debug_line    0x00009bea      0x3c7 build/obj/kb_screen.o
 .debug_line    0x00009fb1      0x351 build/obj/kb_time.o
 .debug_line    0x0000a302      0x698 build/obj/decoder.o
 .debug_line    0x0000a99a      0x28d build/obj/ltc.o
 .debug_line    0x0000ac27      0x328 build/obj/timecode.o
 .debug_line    0x0000af4f      0x512 build/obj/main.o
 .debug_line    0x0000b461      0x331 build/obj/spiEEPROM.o
 .debug_line    0x0000b792      0x478 build/obj/ST7565.o

.debug_str      0x00000000     0x4851
 .debug_str     0x00000000      0x1fa build/obj/crt0.o
                                0x239 (size before relaxing)
 .debug_str     0x000001fa      0x14d build/obj/vectors.o
                                0x264 (size before relaxing)
 .debug_str     0x00000347       0x35 build/obj/chcore.o
                                0x137 (size before relaxing)
 .debug_str     0x0000037c      0x3a6 build/obj/chcore_v7m.o
                                0x4d8 (size before relaxing)
 .debug_str     0x00000722       0xa6 build/obj/nvic.o
                                0x236 (size before relaxing)
 .debug_str     0x000007c8      0x242 build/obj/chsys.o
                                0x56a (size before relaxing)
 .debug_str     0x00000a0a      0x108 build/obj/chdebug.o
                                0x4ef (size before relaxing)
 .debug_str     0x00000b12       0x54 build/obj/chvt.o
                                0x1ef (size before relaxing)
 .debug_str     0x00000b66       0xdd build/obj/chschd.o
                                0x4a1 (size before relaxing)
 .debug_str     0x00000c43       0xf7 build/obj/chthreads.o
                                0x4fb (size before relaxing)
 .debug_str     0x00000d3a       0x4a build/obj/chregistry.o
                                0x451 (size before relaxing)
 .debug_str     0x00000d84       0x92 build/obj/chmtx.o
                                0x3f9 (size before relaxing)
 .debug_str     0x00000e16      0x1c1 build/obj/chevents.o
                                0x51d (size before relaxing)
 .debug_str     0x00000fd7       0x52 build/obj/chmsg.o
                                0x380 (size before relaxing)
 .debug_str     0x00001029      0x121 build/obj/chqueues.o
                                0x484 (size before relaxing)
 .debug_str     0x0000114a       0x78 build/obj/chmemcore.o
                                0x1d3 (size before relaxing)
 .debug_str     0x000011c2       0xb5 build/obj/chheap.o
                                0x398 (size before relaxing)
 .debug_str     0x00001277      0x1a1 build/obj/hal.o
                                0x2ce (size before relaxing)
 .debug_str     0x00001418      0x2f9 build/obj/adc.o
                                0x6a3 (size before relaxing)
 .debug_str     0x00001711      0x14e build/obj/ext.o
                                0x2bc (size before relaxing)
 .debug_str     0x0000185f      0x274 build/obj/gpt.o
                                0x3ee (size before relaxing)
 .debug_str     0x00001ad3      0x193 build/obj/icu.o
                                0x3d1 (size before relaxing)
 .debug_str     0x00001c66       0x63 build/obj/mmcsd.o
                                0x199 (size before relaxing)
 .debug_str     0x00001cc9      0x217 build/obj/rtc.o
                                0x377 (size before relaxing)
 .debug_str     0x00001ee0      0x3ad build/obj/sdc.o
                                0x748 (size before relaxing)
 .debug_str     0x0000228d      0x175 build/obj/serial.o
                                0x609 (size before relaxing)
 .debug_str     0x00002402      0x273 build/obj/spi.o
                                0x699 (size before relaxing)
 .debug_str     0x00002675      0x735 build/obj/stm32_dma.o
                                0x98e (size before relaxing)
 .debug_str     0x00002daa       0xbf build/obj/hal_lld.o
                                0x345 (size before relaxing)
 .debug_str     0x00002e69       0xe2 build/obj/adc_lld.o
                                0xcfb (size before relaxing)
 .debug_str     0x00002f4b      0x125 build/obj/ext_lld_isr.o
                                0x82a (size before relaxing)
 .debug_str     0x00003070       0x5b build/obj/ext_lld.o
                                0x2d0 (size before relaxing)
 .debug_str     0x000030cb       0x57 build/obj/gpt_lld.o
                                0x9bc (size before relaxing)
 .debug_str     0x00003122       0x6e build/obj/icu_lld.o
                                0xa2e (size before relaxing)
 .debug_str     0x00003190       0xe6 build/obj/sdc_lld.o
                                0xe86 (size before relaxing)
 .debug_str     0x00003276       0x7f build/obj/pal_lld.o
                                0x396 (size before relaxing)
 .debug_str     0x000032f5       0x89 build/obj/rtc_lld.o
                                0x3ac (size before relaxing)
 .debug_str     0x0000337e       0x99 build/obj/spi_lld.o
                                0x746 (size before relaxing)
 .debug_str     0x00003417       0x7e build/obj/serial_lld.o
                                0xbc6 (size before relaxing)
 .debug_str     0x00003495       0x44 build/obj/board.o
                                0x5d0 (size before relaxing)
 .debug_str     0x000034d9       0xe0 build/obj/chprintf.o
                                0x221 (size before relaxing)
 .debug_str     0x000035b9       0x5a build/obj/memstreams.o
                                0x19e (size before relaxing)
 .debug_str     0x00003613      0x475 build/obj/fatfsWrapper.o
                                0x852 (size before relaxing)
 .debug_str     0x00003a88       0xa9 build/obj/fatfs_diskio.o
                                0x6d7 (size before relaxing)
 .debug_str     0x00003b31      0x22b build/obj/ff.o
                                0x69a (size before relaxing)
 .debug_str     0x00003d5c       0x1c build/obj/glcdfont.o
                                 0x9d (size before relaxing)
 .debug_str     0x00003d78       0x67 build/obj/kb_callbacks.o
                                0x5e4 (size before relaxing)
 .debug_str     0x00003ddf       0x4d build/obj/kb_logger.o
                                0x3b9 (size before relaxing)
 .debug_str     0x00003e2c      0x122 build/obj/kb_screen.o
                                0x6e6 (size before relaxing)
 .debug_str     0x00003f4e      0x26f build/obj/kb_time.o
                                0x862 (size before relaxing)
 .debug_str     0x000041bd      0x1a3 build/obj/decoder.o
                                0x460 (size before relaxing)
 .debug_str     0x00004360      0x151 build/obj/ltc.o
                                0x564 (size before relaxing)
 .debug_str     0x000044b1      0x12e build/obj/timecode.o
                                0x416 (size before relaxing)
 .debug_str     0x000045df      0x10a build/obj/main.o
                                0xe5d (size before relaxing)
 .debug_str     0x000046e9       0x97 build/obj/spiEEPROM.o
                                0x5a0 (size before relaxing)
 .debug_str     0x00004780       0xd1 build/obj/ST7565.o
                                0x653 (size before relaxing)

.comment        0x00000000       0x70
 .comment       0x00000000       0x70 build/obj/crt0.o
                                 0x71 (size before relaxing)
 .comment       0x00000000       0x71 build/obj/vectors.o
 .comment       0x00000000       0x71 build/obj/chcore.o
 .comment       0x00000000       0x71 build/obj/chcore_v7m.o
 .comment       0x00000000       0x71 build/obj/nvic.o
 .comment       0x00000000       0x71 build/obj/chsys.o
 .comment       0x00000000       0x71 build/obj/chdebug.o
 .comment       0x00000000       0x71 build/obj/chvt.o
 .comment       0x00000000       0x71 build/obj/chschd.o
 .comment       0x00000000       0x71 build/obj/chthreads.o
 .comment       0x00000000       0x71 build/obj/chregistry.o
 .comment       0x00000000       0x71 build/obj/chmtx.o
 .comment       0x00000000       0x71 build/obj/chevents.o
 .comment       0x00000000       0x71 build/obj/chmsg.o
 .comment       0x00000000       0x71 build/obj/chqueues.o
 .comment       0x00000000       0x71 build/obj/chmemcore.o
 .comment       0x00000000       0x71 build/obj/chheap.o
 .comment       0x00000000       0x71 build/obj/hal.o
 .comment       0x00000000       0x71 build/obj/adc.o
 .comment       0x00000000       0x71 build/obj/ext.o
 .comment       0x00000000       0x71 build/obj/gpt.o
 .comment       0x00000000       0x71 build/obj/icu.o
 .comment       0x00000000       0x71 build/obj/mmcsd.o
 .comment       0x00000000       0x71 build/obj/rtc.o
 .comment       0x00000000       0x71 build/obj/sdc.o
 .comment       0x00000000       0x71 build/obj/serial.o
 .comment       0x00000000       0x71 build/obj/spi.o
 .comment       0x00000000       0x71 build/obj/stm32_dma.o
 .comment       0x00000000       0x71 build/obj/hal_lld.o
 .comment       0x00000000       0x71 build/obj/adc_lld.o
 .comment       0x00000000       0x71 build/obj/ext_lld_isr.o
 .comment       0x00000000       0x71 build/obj/ext_lld.o
 .comment       0x00000000       0x71 build/obj/gpt_lld.o
 .comment       0x00000000       0x71 build/obj/icu_lld.o
 .comment       0x00000000       0x71 build/obj/sdc_lld.o
 .comment       0x00000000       0x71 build/obj/pal_lld.o
 .comment       0x00000000       0x71 build/obj/rtc_lld.o
 .comment       0x00000000       0x71 build/obj/spi_lld.o
 .comment       0x00000000       0x71 build/obj/serial_lld.o
 .comment       0x00000000       0x71 build/obj/board.o
 .comment       0x00000000       0x71 build/obj/chprintf.o
 .comment       0x00000000       0x71 build/obj/memstreams.o
 .comment       0x00000000       0x71 build/obj/fatfsWrapper.o