Archive member included because of file (symbol)

c:/chibistudio/tools/gnu tools arm embedded/4.7 2013q1/bin/../lib/gcc/arm-none-eabi/4.7.3/../../../../arm-none-eabi/lib/armv7e-m\libm.a(lib_a-s_cos.o)
                              build/obj/kb_gps.o (cos)
c:/chibistudio/tools/gnu tools arm embedded/4.7 2013q1/bin/../lib/gcc/arm-none-eabi/4.7.3/../../../../arm-none-eabi/lib/armv7e-m\libm.a(lib_a-s_sin.o)
                              build/obj/kb_gps.o (sin)
c:/chibistudio/tools/gnu tools arm embedded/4.7 2013q1/bin/../lib/gcc/arm-none-eabi/4.7.3/../../../../arm-none-eabi/lib/armv7e-m\libm.a(lib_a-w_atan2.o)
                              build/obj/kb_gps.o (atan2)
c:/chibistudio/tools/gnu tools arm embedded/4.7 2013q1/bin/../lib/gcc/arm-none-eabi/4.7.3/../../../../arm-none-eabi/lib/armv7e-m\libm.a(lib_a-w_pow.o)
                              build/obj/kb_gps.o (pow)
c:/chibistudio/tools/gnu tools arm embedded/4.7 2013q1/bin/../lib/gcc/arm-none-eabi/4.7.3/../../../../arm-none-eabi/lib/armv7e-m\libm.a(lib_a-w_sqrt.o)
                              build/obj/kb_gps.o (sqrt)
c:/chibistudio/tools/gnu tools arm embedded/4.7 2013q1/bin/../lib/gcc/arm-none-eabi/4.7.3/../../../../arm-none-eabi/lib/armv7e-m\libm.a(lib_a-e_atan2.o)
                              c:/chibistudio/tools/gnu tools arm embedded/4.7 2013q1/bin/../lib/gcc/arm-none-eabi/4.7.3/../../../../arm-none-eabi/lib/armv7e-m\libm.a(lib_a-w_atan2.o) (__ieee754_atan2)
c:/chibistudio/tools/gnu tools arm embedded/4.7 2013q1/bin/../lib/gcc/arm-none-eabi/4.7.3/../../../../arm-none-eabi/lib/armv7e-m\libm.a(lib_a-e_pow.o)
                              c:/chibistudio/tools/gnu tools arm embedded/4.7 2013q1/bin/../lib/gcc/arm-none-eabi/4.7.3/../../../../arm-none-eabi/lib/armv7e-m\libm.a(lib_a-w_pow.o) (__ieee754_pow)
c:/chibistudio/tools/gnu tools arm embedded/4.7 2013q1/bin/../lib/gcc/arm-none-eabi/4.7.3/../../../../arm-none-eabi/lib/armv7e-m\libm.a(lib_a-e_rem_pio2.o)
                              c:/chibistudio/tools/gnu tools arm embedded/4.7 2013q1/bin/../lib/gcc/arm-none-eabi/4.7.3/../../../../arm-none-eabi/lib/armv7e-m\libm.a(lib_a-s_cos.o) (__ieee754_rem_pio2)
c:/chibistudio/tools/gnu tools arm embedded/4.7 2013q1/bin/../lib/gcc/arm-none-eabi/4.7.3/../../../../arm-none-eabi/lib/armv7e-m\libm.a(lib_a-e_sqrt.o)
                              c:/chibistudio/tools/gnu tools arm embedded/4.7 2013q1/bin/../lib/gcc/arm-none-eabi/4.7.3/../../../../arm-none-eabi/lib/armv7e-m\libm.a(lib_a-w_sqrt.o) (__ieee754_sqrt)
c:/chibistudio/tools/gnu tools arm embedded/4.7 2013q1/bin/../lib/gcc/arm-none-eabi/4.7.3/../../../../arm-none-eabi/lib/armv7e-m\libm.a(lib_a-k_cos.o)
                              c:/chibistudio/tools/gnu tools arm embedded/4.7 2013q1/bin/../lib/gcc/arm-none-eabi/4.7.3/../../../../arm-none-eabi/lib/armv7e-m\libm.a(lib_a-s_cos.o) (__kernel_cos)
c:/chibistudio/tools/gnu tools arm embedded/4.7 2013q1/bin/../lib/gcc/arm-none-eabi/4.7.3/../../../../arm-none-eabi/lib/armv7e-m\libm.a(lib_a-k_rem_pio2.o)
                              c:/chibistudio/tools/gnu tools arm embedded/4.7 2013q1/bin/../lib/gcc/arm-none-eabi/4.7.3/../../../../arm-none-eabi/lib/armv7e-m\libm.a(lib_a-e_rem_pio2.o) (__kernel_rem_pio2)
c:/chibistudio/tools/gnu tools arm embedded/4.7 2013q1/bin/../lib/gcc/arm-none-eabi/4.7.3/../../../../arm-none-eabi/lib/armv7e-m\libm.a(lib_a-k_sin.o)
                              c:/chibistudio/tools/gnu tools arm embedded/4.7 2013q1/bin/../lib/gcc/arm-none-eabi/4.7.3/../../../../arm-none-eabi/lib/armv7e-m\libm.a(lib_a-s_cos.o) (__kernel_sin)
c:/chibistudio/tools/gnu tools arm embedded/4.7 2013q1/bin/../lib/gcc/arm-none-eabi/4.7.3/../../../../arm-none-eabi/lib/armv7e-m\libm.a(lib_a-s_atan.o)
                              c:/chibistudio/tools/gnu tools arm embedded/4.7 2013q1/bin/../lib/gcc/arm-none-eabi/4.7.3/../../../../arm-none-eabi/lib/armv7e-m\libm.a(lib_a-e_atan2.o) (atan)
c:/chibistudio/tools/gnu tools arm embedded/4.7 2013q1/bin/../lib/gcc/arm-none-eabi/4.7.3/../../../../arm-none-eabi/lib/armv7e-m\libm.a(lib_a-s_fabs.o)
                              c:/chibistudio/tools/gnu tools arm embedded/4.7 2013q1/bin/../lib/gcc/arm-none-eabi/4.7.3/../../../../arm-none-eabi/lib/armv7e-m\libm.a(lib_a-e_atan2.o) (fabs)
c:/chibistudio/tools/gnu tools arm embedded/4.7 2013q1/bin/../lib/gcc/arm-none-eabi/4.7.3/../../../../arm-none-eabi/lib/armv7e-m\libm.a(lib_a-s_finite.o)
                              c:/chibistudio/tools/gnu tools arm embedded/4.7 2013q1/bin/../lib/gcc/arm-none-eabi/4.7.3/../../../../arm-none-eabi/lib/armv7e-m\libm.a(lib_a-w_pow.o) (finite)
c:/chibistudio/tools/gnu tools arm embedded/4.7 2013q1/bin/../lib/gcc/arm-none-eabi/4.7.3/../../../../arm-none-eabi/lib/armv7e-m\libm.a(lib_a-s_floor.o)
                              c:/chibistudio/tools/gnu tools arm embedded/4.7 2013q1/bin/../lib/gcc/arm-none-eabi/4.7.3/../../../../arm-none-eabi/lib/armv7e-m\libm.a(lib_a-k_rem_pio2.o) (floor)
[...]
Memory Configuration

Name             Origin             Length             Attributes
flash            0x08000000         0x00100000
ram              0x20000000         0x0001c000
ethram           0x2001c000         0x00004000
ccmram           0x10000000         0x00010000
*default*        0x00000000         0xffffffff

Linker script and memory map

LOAD build/obj/kb_debug_asm.o
LOAD build/obj/crt0.o
LOAD build/obj/vectors.o
LOAD build/obj/chcore.o
LOAD build/obj/chcore_v7m.o
LOAD build/obj/nvic.o
LOAD build/obj/chsys.o
LOAD build/obj/chdebug.o
LOAD build/obj/chlists.o
LOAD build/obj/chvt.o
LOAD build/obj/chschd.o
LOAD build/obj/chthreads.o
LOAD build/obj/chdynamic.o
LOAD build/obj/chregistry.o
LOAD build/obj/chsem.o
LOAD build/obj/chmtx.o
LOAD build/obj/chcond.o
LOAD build/obj/chevents.o
LOAD build/obj/chmsg.o
LOAD build/obj/chmboxes.o
LOAD build/obj/chqueues.o
LOAD build/obj/chmemcore.o
LOAD build/obj/chheap.o
LOAD build/obj/chmempools.o
LOAD build/obj/hal.o
LOAD build/obj/adc.o
LOAD build/obj/can.o
LOAD build/obj/ext.o
LOAD build/obj/gpt.o
LOAD build/obj/i2c.o
LOAD build/obj/icu.o
LOAD build/obj/mac.o
LOAD build/obj/mmc_spi.o
LOAD build/obj/mmcsd.o
LOAD build/obj/pal.o
LOAD build/obj/pwm.o
LOAD build/obj/rtc.o
LOAD build/obj/sdc.o
LOAD build/obj/serial.o
LOAD build/obj/serial_usb.o
LOAD build/obj/spi.o
LOAD build/obj/tm.o
LOAD build/obj/uart.o
LOAD build/obj/usb.o
LOAD build/obj/stm32_dma.o
LOAD build/obj/hal_lld.o
LOAD build/obj/adc_lld.o
LOAD build/obj/ext_lld_isr.o
LOAD build/obj/can_lld.o
LOAD build/obj/ext_lld.o
LOAD build/obj/gpt_lld.o
LOAD build/obj/icu_lld.o
LOAD build/obj/mac_lld.o
LOAD build/obj/pwm_lld.o
LOAD build/obj/sdc_lld.o
LOAD build/obj/pal_lld.o
LOAD build/obj/i2c_lld.o
LOAD build/obj/usb_lld.o
LOAD build/obj/rtc_lld.o
LOAD build/obj/spi_lld.o
LOAD build/obj/serial_lld.o
LOAD build/obj/uart_lld.o
LOAD build/obj/board.o
LOAD build/obj/chprintf.o
LOAD build/obj/chrtclib.o
LOAD build/obj/memstreams.o
LOAD build/obj/fatfs_diskio.o
LOAD build/obj/ff.o
LOAD build/obj/kb_debug.o
LOAD build/obj/glcdfont.o
LOAD build/obj/kb_adc.o
LOAD build/obj/kb_buttons.o
LOAD build/obj/kb_logger.o
LOAD build/obj/kb_screen.o
LOAD build/obj/kb_time.o
LOAD build/obj/kb_gps.o
LOAD build/obj/kb_util.o
LOAD build/obj/kb_vectornav.o
LOAD build/obj/kb_menu.o
LOAD build/obj/main.o
LOAD build/obj/spiEEPROM.o
LOAD build/obj/ST7565.o
LOAD c:/chibistudio/tools/gnu tools arm embedded/4.7 2013q1/bin/../lib/gcc/arm-none-eabi/4.7.3/../../../../arm-none-eabi/lib/armv7e-m\libm.a
START GROUP
LOAD c:/chibistudio/tools/gnu tools arm embedded/4.7 2013q1/bin/../lib/gcc/arm-none-eabi/4.7.3/armv7e-m\libgcc.a
LOAD c:/chibistudio/tools/gnu tools arm embedded/4.7 2013q1/bin/../lib/gcc/arm-none-eabi/4.7.3/../../../../arm-none-eabi/lib/armv7e-m\libc.a
END GROUP
                0x00000400                __main_stack_size__ = 0x400
                0x00000400                __process_stack_size__ = 0x400
                0x20000000                __ram_start__ = ORIGIN (ram)
                0x0001c000                __ram_size__ = 0x1c000
                0x2001c000                __ram_end__ = (__ram_start__ + __ram_size__)
                0x00000000                . = 0x0
                0x00000000                _text = .

startup         0x08000000      0x188
 *(vectors)
 vectors        0x08000000      0x188 build/obj/vectors.o
                0x08000000                _vectors

constructors    0x08000188        0x0
                0x08000188                PROVIDE (__init_array_start, .)
 *(SORT(.init_array.*))
 *(.init_array)
                0x08000188                PROVIDE (__init_array_end, .)

destructors     0x08000188        0x0
                0x08000188                PROVIDE (__fini_array_start, .)
 *(.fini_array)
 *(SORT(.fini_array.*))
                0x08000188                PROVIDE (__fini_array_end, .)

.text           0x08000190    0x14004
 *(.text.startup.*)
 *(.text)
 .text          0x08000190       0x12 build/obj/kb_debug_asm.o
                0x08000190                HardFaultVector
 *fill*         0x080001a2        0xe 00
 .text          0x080001b0      0x370 c:/chibistudio/tools/gnu tools arm embedded/4.7 2013q1/bin/../lib/gcc/arm-none-eabi/4.7.3/armv7e-m\libgcc.a(_arm_addsubdf3.o)
                0x080001b0                __aeabi_drsub
                0x080001b8                __aeabi_dsub
                0x080001b8                __subdf3
                0x080001bc                __aeabi_dadd
                0x080001bc                __adddf3
                0x08000434                __floatunsidf
                0x08000434                __aeabi_ui2d
                0x08000454                __floatsidf
                0x08000454                __aeabi_i2d
                0x08000478                __aeabi_f2d
                0x08000478                __extendsfdf2
                0x080004b4                __floatundidf
                0x080004b4                __aeabi_ul2d
                0x080004c4                __floatdidf
                0x080004c4                __aeabi_l2d
 .text          0x08000520      0x424 c:/chibistudio/tools/gnu tools arm embedded/4.7 2013q1/bin/../lib/gcc/arm-none-eabi/4.7.3/armv7e-m\libgcc.a(_arm_muldivdf3.o)
                0x08000520                __aeabi_dmul
                0x08000520                __muldf3
                0x08000774                __divdf3
                0x08000774                __aeabi_ddiv
 *fill*         0x08000944        0xc 00
 .text          0x08000950      0x110 c:/chibistudio/tools/gnu tools arm embedded/4.7 2013q1/bin/../lib/gcc/arm-none-eabi/4.7.3/armv7e-m\libgcc.a(_arm_cmpdf2.o)
                0x08000950                __gtdf2
                0x08000950                __gedf2
                0x08000958                __ltdf2
                0x08000958                __ledf2
                0x08000960                __nedf2
                0x08000960                __eqdf2
                0x08000960                __cmpdf2
                0x080009dc                __aeabi_cdrcmple
                0x080009ec                __aeabi_cdcmpeq
                0x080009ec                __aeabi_cdcmple
                0x080009fc                __aeabi_dcmpeq
                0x08000a10                __aeabi_dcmplt
                0x08000a24                __aeabi_dcmple
                0x08000a38                __aeabi_dcmpge
                0x08000a4c                __aeabi_dcmpgt
 .text          0x08000a60       0x50 c:/chibistudio/tools/gnu tools arm embedded/4.7 2013q1/bin/../lib/gcc/arm-none-eabi/4.7.3/armv7e-m\libgcc.a(_arm_fixdfsi.o)
                0x08000a60                __aeabi_d2iz
                0x08000a60                __fixdfsi
 .text          0x08000ab0       0xa0 c:/chibistudio/tools/gnu tools arm embedded/4.7 2013q1/bin/../lib/gcc/arm-none-eabi/4.7.3/armv7e-m\libgcc.a(_arm_truncdfsf2.o)
                0x08000ab0                __truncdfsf2
                0x08000ab0                __aeabi_d2f
 *(.text.*)
 .text.__late_init
                0x08000b50       0x10 build/obj/crt0.o
                0x08000b50                __late_init
 .text._default_exit
                0x08000b60       0x10 build/obj/crt0.o
                0x08000b60                _default_exit
 .text.ResetHandler
                0x08000b70      0x130 build/obj/crt0.o
                0x08000b70                ResetHandler
 .text._unhandled_exception
                0x08000ca0       0x10 build/obj/vectors.o
                0x08000ca0                NMIVector
                0x08000ca0                Vector11C
                0x08000ca0                Vector8C
                0x08000ca0                VectorDC
                0x08000ca0                Vector168
                0x08000ca0                Vector110
                0x08000ca0                VectorC8
                0x08000ca0                Vector94
                0x08000ca0                VectorA8
                0x08000ca0                VectorB4
                0x08000ca0                Vector160
                0x08000ca0                VectorEC
                0x08000ca0                UsageFaultVector
                0x08000ca0                DebugMonitorVector
                0x08000ca0                Vector40
                0x08000ca0                VectorF8
                0x08000ca0                Vector108
                0x08000ca0                VectorBC
                0x08000ca0                Vector148
                0x08000ca0                PendSVVector
                0x08000ca0                Vector118
                0x08000ca0                VectorCC
                0x08000ca0                Vector54
                0x08000ca0                Vector98
                0x08000ca0                Vector24
                0x08000ca0                Vector178
                0x08000ca0                BusFaultVector
                0x08000ca0                VectorD0
                0x08000ca0                Vector140
                0x08000ca0                VectorC0
                0x08000ca0                Vector134
                0x08000ca0                VectorF0
                0x08000ca0                Vector13C
                0x08000ca0                Vector100
                0x08000ca0                MemManageVector
                0x08000ca0                VectorA0
                0x08000ca0                VectorC4
                0x08000ca0                Vector180
                0x08000ca0                VectorB0
                0x08000ca0                Vector90
                0x08000ca0                Vector114
                0x08000ca0                Vector164
                0x08000ca0                Vector1C
                0x08000ca0                Vector17C
                0x08000ca0                Vector48
                0x08000ca0                Vector16C
                0x08000ca0                Vector144
                0x08000ca0                _unhandled_exception
                0x08000ca0                Vector184
                0x08000ca0                Vector10C
                0x08000ca0                Vector14C
                0x08000ca0                Vector50
                0x08000ca0                Vector28
                0x08000ca0                VectorB8
                0x08000ca0                Vector34
                0x08000ca0                Vector20
                0x08000ca0                Vector174
 .text.port_halt
                0x08000cb0       0x10 build/obj/chcore.o
                0x08000cb0                port_halt
 .text.SysTickVector
                0x08000cc0       0x30 build/obj/chcore_v7m.o
                0x08000cc0                SysTickVector
 .text.SVCallVector
                0x08000cf0       0x50 build/obj/chcore_v7m.o
                0x08000cf0                SVCallVector
 .text._port_init
                0x08000d40       0x50 build/obj/chcore_v7m.o
                0x08000d40                _port_init
 .text._port_irq_epilogue
                0x08000d90       0xf0 build/obj/chcore_v7m.o
                0x08000d90                _port_irq_epilogue
 .text._port_switch_from_isr
                0x08000e80       0x10 build/obj/chcore_v7m.o
                0x08000e80                _port_switch_from_isr
 .text._port_switch
                0x08000e90       0x20 build/obj/chcore_v7m.o
                0x08000e90                _port_switch
 .text._port_thread_start
                0x08000eb0       0x20 build/obj/chcore_v7m.o
                0x08000eb0                _port_thread_start
 .text.nvicEnableVector
                0x08000ed0       0xb0 build/obj/nvic.o
                0x08000ed0                nvicEnableVector
 .text.nvicDisableVector
                0x08000f80       0x80 build/obj/nvic.o
                0x08000f80                nvicDisableVector
 .text.nvicSetSystemHandlerPriority
                0x08001000       0x60 build/obj/nvic.o
                0x08001000                nvicSetSystemHandlerPriority
 .text._idle_thread
                0x08001060       0x20 build/obj/chsys.o
                0x08001060                _idle_thread
 .text.chSysInit
                0x08001080       0xb0 build/obj/chsys.o
                0x08001080                chSysInit
 .text.chSysTimerHandlerI
                0x08001130       0xf0 build/obj/chsys.o
                0x08001130                chSysTimerHandlerI
 .text.dbg_check_disable
                0x08001220       0x30 build/obj/chdebug.o
                0x08001220                dbg_check_disable
 .text.dbg_check_enable
                0x08001250       0x30 build/obj/chdebug.o
                0x08001250                dbg_check_enable
 .text.dbg_check_lock
                0x08001280       0x40 build/obj/chdebug.o
                0x08001280                dbg_check_lock
 .text.dbg_check_unlock
                0x080012c0       0x40 build/obj/chdebug.o
                0x080012c0                dbg_check_unlock
 .text.dbg_check_lock_from_isr
                0x08001300       0x40 build/obj/chdebug.o
                0x08001300                dbg_check_lock_from_isr
 .text.dbg_check_unlock_from_isr
                0x08001340       0x40 build/obj/chdebug.o
                0x08001340                dbg_check_unlock_from_isr
 .text.dbg_check_enter_isr
                0x08001380       0x60 build/obj/chdebug.o
                0x08001380                dbg_check_enter_isr
 .text.dbg_check_leave_isr
                0x080013e0       0x60 build/obj/chdebug.o
                0x080013e0                dbg_check_leave_isr
 .text.chDbgCheckClassI
                0x08001440       0x30 build/obj/chdebug.o
                0x08001440                chDbgCheckClassI
 .text.chDbgCheckClassS
                0x08001470       0x30 build/obj/chdebug.o
                0x08001470                chDbgCheckClassS
 .text._trace_init
                0x080014a0       0x20 build/obj/chdebug.o
                0x080014a0                _trace_init
 .text.dbg_trace
                0x080014c0       0xa0 build/obj/chdebug.o
                0x080014c0                dbg_trace
 .text.chDbgPanic
                0x08001560       0x30 build/obj/chdebug.o
                0x08001560                chDbgPanic
 .text._vt_init
                0x08001590       0x50 build/obj/chvt.o
                0x08001590                _vt_init
 .text.chVTSetI
                0x080015e0       0xb0 build/obj/chvt.o
                0x080015e0                chVTSetI
 .text.chVTResetI
                0x08001690       0x80 build/obj/chvt.o
                0x08001690                chVTResetI
 .text.fifo_remove
                0x08001710       0x30 build/obj/chschd.o
 .text.dequeue  0x08001740       0x20 build/obj/chschd.o
 .text._scheduler_init
                0x08001760       0x60 build/obj/chschd.o
                0x08001760                _scheduler_init
 .text.chSchReadyI
                0x080017c0       0x80 build/obj/chschd.o
                0x080017c0                chSchReadyI
 .text.chSchGoSleepS
                0x08001840       0x90 build/obj/chschd.o
                0x08001840                chSchGoSleepS
 .text.wakeup   0x080018d0       0xa0 build/obj/chschd.o
 .text.chSchGoSleepTimeoutS
                0x08001970       0x70 build/obj/chschd.o
                0x08001970                chSchGoSleepTimeoutS
 .text.chSchWakeupS
                0x080019e0       0x90 build/obj/chschd.o
                0x080019e0                chSchWakeupS
 .text.chSchRescheduleS
                0x08001a70       0x30 build/obj/chschd.o
                0x08001a70                chSchRescheduleS
 .text.chSchDoRescheduleBehind
                0x08001aa0       0x80 build/obj/chschd.o
                0x08001aa0                chSchDoRescheduleBehind
 .text.chSchDoRescheduleAhead
                0x08001b20       0xc0 build/obj/chschd.o
                0x08001b20                chSchDoRescheduleAhead
 .text.chSchDoReschedule
                0x08001be0       0x20 build/obj/chschd.o
                0x08001be0                chSchDoReschedule
 .text.list_insert
                0x08001c00       0x20 build/obj/chthreads.o
 .text.list_remove
                0x08001c20       0x20 build/obj/chthreads.o
 .text._thread_init
                0x08001c40       0xc0 build/obj/chthreads.o
                0x08001c40                _thread_init
 .text._thread_memfill
                0x08001d00       0x30 build/obj/chthreads.o
                0x08001d00                _thread_memfill
 .text.chThdCreateI
                0x08001d30       0x80 build/obj/chthreads.o
                0x08001d30                chThdCreateI
 .text.chThdCreateStatic
                0x08001db0       0x80 build/obj/chthreads.o
                0x08001db0                chThdCreateStatic
 .text.chThdTerminate
                0x08001e30       0x40 build/obj/chthreads.o
                0x08001e30                chThdTerminate
 .text.chThdSleep
                0x08001e70       0x40 build/obj/chthreads.o
                0x08001e70                chThdSleep
 .text.chThdSleepUntil
                0x08001eb0       0x50 build/obj/chthreads.o
                0x08001eb0                chThdSleepUntil
 .text.chThdExit
                0x08001f00       0x20 build/obj/chthreads.o
                0x08001f00                chThdExit
 .text.chThdExitS
                0x08001f20       0x80 build/obj/chthreads.o
                0x08001f20                chThdExitS
 .text.chThdWait
                0x08001fa0       0xa0 build/obj/chthreads.o
                0x08001fa0                chThdWait
 .text.chThdRelease
                0x08002040       0xc0 build/obj/chdynamic.o
                0x08002040                chThdRelease
 .text.queue_insert
                0x08002100       0x30 build/obj/chsem.o
 .text.fifo_remove
                0x08002130       0x30 build/obj/chsem.o
 .text.chSemInit
                0x08002160       0x40 build/obj/chsem.o
                0x08002160                chSemInit
 .text.chSemWait
                0x080021a0       0x30 build/obj/chsem.o
                0x080021a0                chSemWait
 .text.chSemWaitS
                0x080021d0       0xb0 build/obj/chsem.o
                0x080021d0                chSemWaitS
 .text.chSemSignal
                0x08002280       0x90 build/obj/chsem.o
                0x08002280                chSemSignal
 .text.prio_insert
                0x08002310       0x50 build/obj/chmtx.o
 .text.fifo_remove
                0x08002360       0x30 build/obj/chmtx.o
 .text.dequeue  0x08002390       0x20 build/obj/chmtx.o
 .text.chMtxInit
                0x080023b0       0x40 build/obj/chmtx.o
                0x080023b0                chMtxInit
 .text.chMtxLock
                0x080023f0       0x30 build/obj/chmtx.o
                0x080023f0                chMtxLock
 .text.chMtxLockS
                0x08002420      0x110 build/obj/chmtx.o
                0x08002420                chMtxLockS
 .text.chMtxUnlock
                0x08002530       0xf0 build/obj/chmtx.o
                0x08002530                chMtxUnlock
 .text.chEvtBroadcastFlagsI
                0x08002620       0x60 build/obj/chevents.o
                0x08002620                chEvtBroadcastFlagsI
 .text.chEvtSignalI
                0x08002680       0x70 build/obj/chevents.o
                0x08002680                chEvtSignalI
 .text.queue_insert
                0x080026f0       0x30 build/obj/chqueues.o
 .text.fifo_remove
                0x08002720       0x30 build/obj/chqueues.o
 .text.qwait    0x08002750       0x50 build/obj/chqueues.o
 .text.chIQInit
                0x080027a0       0x50 build/obj/chqueues.o
                0x080027a0                chIQInit
 .text.chIQResetI
                0x080027f0       0x50 build/obj/chqueues.o
                0x080027f0                chIQResetI
 .text.chIQPutI
                0x08002840       0xa0 build/obj/chqueues.o
                0x08002840                chIQPutI
 .text.chIQGetTimeout
                0x080028e0       0xa0 build/obj/chqueues.o
                0x080028e0                chIQGetTimeout
 .text.chIQReadTimeout
                0x08002980       0xe0 build/obj/chqueues.o
                0x08002980                chIQReadTimeout
 .text.chOQInit
                0x08002a60       0x50 build/obj/chqueues.o
                0x08002a60                chOQInit
 .text.chOQResetI
                0x08002ab0       0x60 build/obj/chqueues.o
                0x08002ab0                chOQResetI
 .text.chOQPutTimeout
                0x08002b10       0xa0 build/obj/chqueues.o
                0x08002b10                chOQPutTimeout
 .text.chOQGetI
                0x08002bb0       0xa0 build/obj/chqueues.o
                0x08002bb0                chOQGetI
 .text.chOQWriteTimeout
                0x08002c50       0xe0 build/obj/chqueues.o
                0x08002c50                chOQWriteTimeout
 .text._core_init
                0x08002d30       0x40 build/obj/chmemcore.o
                0x08002d30                _core_init
 .text.chCoreAlloc
                0x08002d70       0x30 build/obj/chmemcore.o
                0x08002d70                chCoreAlloc
 .text.chCoreAllocI
                0x08002da0       0x70 build/obj/chmemcore.o
                0x08002da0                chCoreAllocI
 .text._heap_init
                0x08002e10       0x40 build/obj/chheap.o
                0x08002e10                _heap_init
 .text.chHeapFree
                0x08002e50      0x110 build/obj/chheap.o
                0x08002e50                chHeapFree
 .text.chPoolFreeI
                0x08002f60       0x40 build/obj/chmempools.o
                0x08002f60                chPoolFreeI
 .text.chPoolFree
                0x08002fa0       0x30 build/obj/chmempools.o
                0x08002fa0                chPoolFree
 .text.halInit  0x08002fd0       0x40 build/obj/hal.o
                0x08002fd0                halInit
 .text.adcInit  0x08003010       0x10 build/obj/adc.o
                0x08003010                adcInit
 .text.adcObjectInit
                0x08003020       0x50 build/obj/adc.o
                0x08003020                adcObjectInit
 .text.adcStart
                0x08003070       0x70 build/obj/adc.o
                0x08003070                adcStart
 .text.adcStop  0x080030e0       0x60 build/obj/adc.o
                0x080030e0                adcStop
 .text.adcStartConversionI
                0x08003140       0x90 build/obj/adc.o
                0x08003140                adcStartConversionI
 .text.extInit  0x080031d0       0x10 build/obj/ext.o
                0x080031d0                extInit
 .text.extObjectInit
                0x080031e0       0x20 build/obj/ext.o
                0x080031e0                extObjectInit
 .text.extStart
                0x08003200       0x70 build/obj/ext.o
                0x08003200                extStart
 .text.extStop  0x08003270       0x60 build/obj/ext.o
                0x08003270                extStop
 .text.gptInit  0x080032d0       0x10 build/obj/gpt.o
                0x080032d0                gptInit
 .text.gptObjectInit
                0x080032e0       0x20 build/obj/gpt.o
                0x080032e0                gptObjectInit
 .text.gptStart
                0x08003300       0x70 build/obj/gpt.o
                0x08003300                gptStart
 .text.gptStop  0x08003370       0x60 build/obj/gpt.o
                0x08003370                gptStop
 .text.gptStartOneShotI
                0x080033d0       0x50 build/obj/gpt.o
                0x080033d0                gptStartOneShotI
 .text.icuInit  0x08003420       0x10 build/obj/icu.o
                0x08003420                icuInit
 .text.icuObjectInit
                0x08003430       0x20 build/obj/icu.o
                0x08003430                icuObjectInit
 .text.mmcsd_get_slice
                0x08003450       0xb0 build/obj/mmcsd.o
 .text.mmcsdGetCapacity
                0x08003500       0x90 build/obj/mmcsd.o
                0x08003500                mmcsdGetCapacity
 .text.rtcInit  0x08003590       0x10 build/obj/rtc.o
                0x08003590                rtcInit
 .text.rtcGetTime
                0x080035a0       0x50 build/obj/rtc.o
                0x080035a0                rtcGetTime
 .text.rtcGetTimeFat
                0x080035f0       0x30 build/obj/rtc.o
                0x080035f0                rtcGetTimeFat
 .text._sdc_wait_for_transfer_state
                0x08003620       0x70 build/obj/sdc.o
                0x08003620                _sdc_wait_for_transfer_state
 .text.sdcInit  0x08003690       0x10 build/obj/sdc.o
                0x08003690                sdcInit
 .text.sdcObjectInit
                0x080036a0       0x40 build/obj/sdc.o
                0x080036a0                sdcObjectInit
 .text.sdcStart
                0x080036e0       0x70 build/obj/sdc.o
                0x080036e0                sdcStart
 .text.sdcStop  0x08003750       0x60 build/obj/sdc.o
                0x08003750                sdcStop
 .text.sdcConnect
                0x080037b0      0x2b0 build/obj/sdc.o
                0x080037b0                sdcConnect
 .text.sdcDisconnect
                0x08003a60       0xb0 build/obj/sdc.o
                0x08003a60                sdcDisconnect
 .text.sdcRead  0x08003b10       0x90 build/obj/sdc.o
                0x08003b10                sdcRead
 .text.sdcWrite
                0x08003ba0       0x90 build/obj/sdc.o
                0x08003ba0                sdcWrite
 .text.sdcSync  0x08003c30       0x50 build/obj/sdc.o
                0x08003c30                sdcSync
 .text.sdcGetInfo
                0x08003c80       0x50 build/obj/sdc.o
                0x08003c80                sdcGetInfo
 .text.write    0x08003cd0       0x30 build/obj/serial.o
 .text.read     0x08003d00       0x30 build/obj/serial.o
 .text.put      0x08003d30       0x30 build/obj/serial.o
 .text.get      0x08003d60       0x20 build/obj/serial.o
 .text.putt     0x08003d80       0x30 build/obj/serial.o
 .text.gett     0x08003db0       0x20 build/obj/serial.o
 .text.writet   0x08003dd0       0x30 build/obj/serial.o
 .text.readt    0x08003e00       0x30 build/obj/serial.o
 .text.sdInit   0x08003e30       0x10 build/obj/serial.o
                0x08003e30                sdInit
 .text.sdObjectInit
                0x08003e40       0x70 build/obj/serial.o
                0x08003e40                sdObjectInit
 .text.sdStart  0x08003eb0       0x70 build/obj/serial.o
                0x08003eb0                sdStart
 .text.sdStop   0x08003f20       0x80 build/obj/serial.o
                0x08003f20                sdStop
 .text.sdIncomingDataI
                0x08003fa0       0x70 build/obj/serial.o
                0x08003fa0                sdIncomingDataI
 .text.spiInit  0x08004010       0x10 build/obj/spi.o
                0x08004010                spiInit
 .text.spiObjectInit
                0x08004020       0x30 build/obj/spi.o
                0x08004020                spiObjectInit
 .text.spiStart
                0x08004050       0x70 build/obj/spi.o
                0x08004050                spiStart
 .text.spiStop  0x080040c0       0x60 build/obj/spi.o
                0x080040c0                spiStop
 .text.spiSelect
                0x08004120       0x50 build/obj/spi.o
                0x08004120                spiSelect
 .text.spiUnselect
                0x08004170       0x50 build/obj/spi.o
                0x08004170                spiUnselect
 .text.Vector6C
                0x080041c0       0x60 build/obj/stm32_dma.o
                0x080041c0                Vector6C
 .text.Vector70
                0x08004220       0x60 build/obj/stm32_dma.o
                0x08004220                Vector70
 .text.Vector74
                0x08004280       0x60 build/obj/stm32_dma.o
                0x08004280                Vector74
 .text.Vector78
                0x080042e0       0x60 build/obj/stm32_dma.o
                0x080042e0                Vector78
 .text.Vector7C
                0x08004340       0x60 build/obj/stm32_dma.o
                0x08004340                Vector7C
 .text.Vector80
                0x080043a0       0x60 build/obj/stm32_dma.o
                0x080043a0                Vector80
 .text.Vector84
                0x08004400       0x60 build/obj/stm32_dma.o
                0x08004400                Vector84
 .text.VectorFC
                0x08004460       0x60 build/obj/stm32_dma.o
                0x08004460                VectorFC
 .text.Vector120
                0x080044c0       0x60 build/obj/stm32_dma.o
                0x080044c0                Vector120
 .text.Vector124
                0x08004520       0x60 build/obj/stm32_dma.o
                0x08004520                Vector124
 .text.Vector128
                0x08004580       0x60 build/obj/stm32_dma.o
                0x08004580                Vector128
 .text.Vector12C
                0x080045e0       0x60 build/obj/stm32_dma.o
                0x080045e0                Vector12C
 .text.Vector130
                0x08004640       0x60 build/obj/stm32_dma.o
                0x08004640                Vector130
 .text.Vector150
                0x080046a0       0x60 build/obj/stm32_dma.o
                0x080046a0                Vector150
 .text.Vector154
                0x08004700       0x60 build/obj/stm32_dma.o
                0x08004700                Vector154
 .text.Vector158
                0x08004760       0x60 build/obj/stm32_dma.o
                0x08004760                Vector158
 .text.dmaInit  0x080047c0       0xa0 build/obj/stm32_dma.o
                0x080047c0                dmaInit
 .text.dmaStreamAllocate
                0x08004860      0x150 build/obj/stm32_dma.o
                0x08004860                dmaStreamAllocate
 .text.dmaStreamRelease
                0x080049b0       0xd0 build/obj/stm32_dma.o
                0x080049b0                dmaStreamRelease
 .text.hal_lld_backup_domain_init
                0x08004a80       0xc0 build/obj/hal_lld.o
 .text.hal_lld_init
                0x08004b40      0x140 build/obj/hal_lld.o
                0x08004b40                hal_lld_init
 .text.stm32_clock_init
                0x08004c80      0x1f0 build/obj/hal_lld.o
                0x08004c80                stm32_clock_init
 .text.adc_lld_serve_rx_interrupt
                0x08004e70      0x210 build/obj/adc_lld.o
 .text.Vector88
                0x08005080      0x320 build/obj/adc_lld.o
                0x08005080                Vector88
 .text.adc_lld_init
                0x080053a0       0xd0 build/obj/adc_lld.o
                0x080053a0                adc_lld_init
 .text.adc_lld_start
                0x08005470      0x190 build/obj/adc_lld.o
                0x08005470                adc_lld_start
 .text.adc_lld_stop
                0x08005600       0xb0 build/obj/adc_lld.o
                0x08005600                adc_lld_stop
 .text.adc_lld_start_conversion
                0x080056b0      0x100 build/obj/adc_lld.o
                0x080056b0                adc_lld_start_conversion
 .text.adc_lld_stop_conversion
                0x080057b0       0x60 build/obj/adc_lld.o
                0x080057b0                adc_lld_stop_conversion
 .text.adcSTM32EnableTSVREFE
                0x08005810       0x20 build/obj/adc_lld.o
                0x08005810                adcSTM32EnableTSVREFE
 .text.adcSTM32EnableVBATE
                0x08005830       0x20 build/obj/adc_lld.o
                0x08005830                adcSTM32EnableVBATE
 .text.Vector58
                0x08005850       0x40 build/obj/ext_lld_isr.o
                0x08005850                Vector58
 .text.Vector5C
                0x08005890       0x40 build/obj/ext_lld_isr.o
                0x08005890                Vector5C
 .text.Vector60
                0x080058d0       0x40 build/obj/ext_lld_isr.o
                0x080058d0                Vector60
 .text.Vector64
                0x08005910       0x40 build/obj/ext_lld_isr.o
                0x08005910                Vector64
 .text.Vector68
                0x08005950       0x40 build/obj/ext_lld_isr.o
                0x08005950                Vector68
 .text.Vector9C
                0x08005990       0xf0 build/obj/ext_lld_isr.o
                0x08005990                Vector9C
 .text.VectorE0
                0x08005a80      0x110 build/obj/ext_lld_isr.o
                0x08005a80                VectorE0
 .text.Vector44
                0x08005b90       0x40 build/obj/ext_lld_isr.o
                0x08005b90                Vector44
 .text.VectorE4
                0x08005bd0       0x40 build/obj/ext_lld_isr.o
                0x08005bd0                VectorE4
 .text.VectorE8
                0x08005c10       0x40 build/obj/ext_lld_isr.o
                0x08005c10                VectorE8
 .text.Vector138
                0x08005c50       0x40 build/obj/ext_lld_isr.o
                0x08005c50                Vector138
 .text.Vector170
                0x08005c90       0x40 build/obj/ext_lld_isr.o
                0x08005c90                Vector170
 .text.Vector4C
                0x08005cd0       0x40 build/obj/ext_lld_isr.o
                0x08005cd0                Vector4C
 .text.ext_lld_exti_irq_enable
                0x08005d10       0xb0 build/obj/ext_lld_isr.o
                0x08005d10                ext_lld_exti_irq_enable
 .text.ext_lld_exti_irq_disable
                0x08005dc0       0x80 build/obj/ext_lld_isr.o
                0x08005dc0                ext_lld_exti_irq_disable
 .text.ext_lld_init
                0x08005e40       0x10 build/obj/ext_lld.o
                0x08005e40                ext_lld_init
 .text.ext_lld_start
                0x08005e50       0x50 build/obj/ext_lld.o
                0x08005e50                ext_lld_start
 .text.ext_lld_stop
                0x08005ea0       0x40 build/obj/ext_lld.o
                0x08005ea0                ext_lld_stop
 .text.ext_lld_channel_enable
                0x08005ee0      0x1d0 build/obj/ext_lld.o
                0x08005ee0                ext_lld_channel_enable
 .text.ext_lld_channel_disable
                0x080060b0       0xb0 build/obj/ext_lld.o
                0x080060b0                ext_lld_channel_disable
 .text.gpt_lld_serve_interrupt
                0x08006160       0x40 build/obj/gpt_lld.o
 .text.VectorF4
                0x080061a0       0x20 build/obj/gpt_lld.o
                0x080061a0                VectorF4
 .text.gpt_lld_init
                0x080061c0       0x30 build/obj/gpt_lld.o
                0x080061c0                gpt_lld_init
 .text.gpt_lld_start
                0x080061f0       0xe0 build/obj/gpt_lld.o
                0x080061f0                gpt_lld_start
 .text.gpt_lld_stop
                0x080062d0       0x60 build/obj/gpt_lld.o
                0x080062d0                gpt_lld_stop
 .text.gpt_lld_start_timer
                0x08006330       0x50 build/obj/gpt_lld.o
                0x08006330                gpt_lld_start_timer
 .text.gpt_lld_stop_timer
                0x08006380       0x30 build/obj/gpt_lld.o
                0x08006380                gpt_lld_stop_timer
 .text.icu_lld_serve_interrupt
                0x080063b0       0xf0 build/obj/icu_lld.o
 .text.VectorA4
                0x080064a0       0x20 build/obj/icu_lld.o
                0x080064a0                VectorA4
 .text.VectorAC
                0x080064c0       0x20 build/obj/icu_lld.o
                0x080064c0                VectorAC
 .text.icu_lld_init
                0x080064e0       0x30 build/obj/icu_lld.o
                0x080064e0                icu_lld_init
 .text.sdc_lld_prepare_read
                0x08006510       0x90 build/obj/sdc_lld.o
 .text.sdc_lld_prepare_write
                0x080065a0       0x90 build/obj/sdc_lld.o
 .text.sdc_lld_wait_transaction_end
                0x08006630      0x100 build/obj/sdc_lld.o
 .text.sdc_lld_collect_errors
                0x08006730       0xa0 build/obj/sdc_lld.o
 .text.sdc_lld_error_cleanup
                0x080067d0       0xc0 build/obj/sdc_lld.o
 .text.Vector104
                0x08006890       0x70 build/obj/sdc_lld.o
                0x08006890                Vector104
 .text.sdc_lld_init
                0x08006900       0x40 build/obj/sdc_lld.o
                0x08006900                sdc_lld_init
 .text.sdc_lld_start
                0x08006940       0xe0 build/obj/sdc_lld.o
                0x08006940                sdc_lld_start
 .text.sdc_lld_stop
                0x08006a20       0x80 build/obj/sdc_lld.o
                0x08006a20                sdc_lld_stop
 .text.sdc_lld_start_clk
                0x08006aa0       0x50 build/obj/sdc_lld.o
                0x08006aa0                sdc_lld_start_clk
 .text.sdc_lld_set_data_clk
                0x08006af0       0x20 build/obj/sdc_lld.o
                0x08006af0                sdc_lld_set_data_clk
 .text.sdc_lld_stop_clk
                0x08006b10       0x30 build/obj/sdc_lld.o
                0x08006b10                sdc_lld_stop_clk
 .text.sdc_lld_set_bus_mode
                0x08006b40       0x60 build/obj/sdc_lld.o
                0x08006b40                sdc_lld_set_bus_mode
 .text.sdc_lld_send_cmd_none
                0x08006ba0       0x50 build/obj/sdc_lld.o
                0x08006ba0                sdc_lld_send_cmd_none
 .text.sdc_lld_send_cmd_short
                0x08006bf0       0x90 build/obj/sdc_lld.o
                0x08006bf0                sdc_lld_send_cmd_short
 .text.sdc_lld_send_cmd_short_crc
                0x08006c80       0x90 build/obj/sdc_lld.o
                0x08006c80                sdc_lld_send_cmd_short_crc
 .text.sdc_lld_send_cmd_long_crc
                0x08006d10       0xd0 build/obj/sdc_lld.o
                0x08006d10                sdc_lld_send_cmd_long_crc
 .text.sdc_lld_read_aligned
                0x08006de0      0x110 build/obj/sdc_lld.o
                0x08006de0                sdc_lld_read_aligned
 .text.sdc_lld_write_aligned
                0x08006ef0      0x110 build/obj/sdc_lld.o
                0x08006ef0                sdc_lld_write_aligned
 .text.sdc_lld_read
                0x08007000       0xa0 build/obj/sdc_lld.o
                0x08007000                sdc_lld_read
 .text.sdc_lld_write
                0x080070a0       0xa0 build/obj/sdc_lld.o
                0x080070a0                sdc_lld_write
 .text.sdc_lld_sync
                0x08007140       0x10 build/obj/sdc_lld.o
                0x08007140                sdc_lld_sync
 .text.initgpio
                0x08007150       0x50 build/obj/pal_lld.o
 .text._pal_lld_init
                0x080071a0      0x100 build/obj/pal_lld.o
                0x080071a0                _pal_lld_init
 .text.rtc_lld_init
                0x080072a0       0xe0 build/obj/rtc_lld.o
                0x080072a0                rtc_lld_init
 .text.rtc_lld_get_time
                0x08007380       0x90 build/obj/rtc_lld.o
                0x08007380                rtc_lld_get_time
 .text.rtc_lld_get_time_fat
                0x08007410      0x190 build/obj/rtc_lld.o
                0x08007410                rtc_lld_get_time_fat
 .text.spi_lld_serve_rx_interrupt
                0x080075a0      0x100 build/obj/spi_lld.o
 .text.spi_lld_serve_tx_interrupt
                0x080076a0       0x30 build/obj/spi_lld.o
 .text.spi_lld_init
                0x080076d0       0xe0 build/obj/spi_lld.o
                0x080076d0                spi_lld_init
 .text.spi_lld_start
                0x080077b0      0x1d0 build/obj/spi_lld.o
                0x080077b0                spi_lld_start
 .text.spi_lld_stop
                0x08007980       0x90 build/obj/spi_lld.o
                0x08007980                spi_lld_stop
 .text.spi_lld_select
                0x08007a10       0x20 build/obj/spi_lld.o
                0x08007a10                spi_lld_select
 .text.spi_lld_unselect
                0x08007a30       0x20 build/obj/spi_lld.o
                0x08007a30                spi_lld_unselect
 .text.spi_lld_send
                0x08007a50       0x80 build/obj/spi_lld.o
                0x08007a50                spi_lld_send
 .text.spi_lld_receive
                0x08007ad0       0x80 build/obj/spi_lld.o
                0x08007ad0                spi_lld_receive
 .text.spi_lld_polled_exchange
                0x08007b50       0x40 build/obj/spi_lld.o
                0x08007b50                spi_lld_polled_exchange
 .text.usart_init
                0x08007b90       0xb0 build/obj/serial_lld.o
 .text.usart_deinit
                0x08007c40       0x20 build/obj/serial_lld.o
 .text.set_error
                0x08007c60       0x90 build/obj/serial_lld.o
 .text.serve_interrupt
                0x08007cf0      0x180 build/obj/serial_lld.o
 .text.notify1  0x08007e70       0x30 build/obj/serial_lld.o
 .text.notify2  0x08007ea0       0x30 build/obj/serial_lld.o
 .text.notify6  0x08007ed0       0x30 build/obj/serial_lld.o
 .text.VectorD4
                0x08007f00       0x20 build/obj/serial_lld.o
                0x08007f00                VectorD4
 .text.VectorD8
                0x08007f20       0x20 build/obj/serial_lld.o
                0x08007f20                VectorD8
 .text.Vector15C
                0x08007f40       0x20 build/obj/serial_lld.o
                0x08007f40                Vector15C
 .text.sd_lld_init
                0x08007f60       0x90 build/obj/serial_lld.o
                0x08007f60                sd_lld_init
 .text.sd_lld_start
                0x08007ff0       0xd0 build/obj/serial_lld.o
                0x08007ff0                sd_lld_start
 .text.sd_lld_stop
                0x080080c0       0xb0 build/obj/serial_lld.o
                0x080080c0                sd_lld_stop
 .text.__early_init
                0x08008170       0x10 build/obj/board.o
                0x08008170                __early_init
 .text.sdc_lld_is_card_inserted
                0x08008180       0x30 build/obj/board.o
                0x08008180                sdc_lld_is_card_inserted
 .text.sdc_lld_is_write_protected
                0x080081b0       0x30 build/obj/board.o
                0x080081b0                sdc_lld_is_write_protected
 .text.boardInit
                0x080081e0       0x10 build/obj/board.o
                0x080081e0                boardInit
 .text.long_to_string_with_divisor
                0x080081f0       0xc0 build/obj/chprintf.o
 .text.ltoa     0x080082b0       0x20 build/obj/chprintf.o
 .text.ftoa     0x080082d0       0xb0 build/obj/chprintf.o
 .text.chprintf
                0x08008380      0x520 build/obj/chprintf.o
                0x08008380                chprintf
 .text.stm32_rtc_bcd2tm
                0x080088a0      0x1f0 build/obj/chrtclib.o
 .text.rtcGetTimeTm
                0x08008a90       0x40 build/obj/chrtclib.o
                0x08008a90                rtcGetTimeTm
 .text.writes   0x08008ad0       0x60 build/obj/memstreams.o
 .text.reads    0x08008b30       0x60 build/obj/memstreams.o
 .text.put      0x08008b90       0x50 build/obj/memstreams.o
 .text.get      0x08008be0       0x40 build/obj/memstreams.o
 .text.msObjectInit
                0x08008c20       0x40 build/obj/memstreams.o
                0x08008c20                msObjectInit
 .text.disk_initialize
                0x08008c60       0x70 build/obj/fatfs_diskio.o
                0x08008c60                disk_initialize
 .text.disk_status
                0x08008cd0       0x70 build/obj/fatfs_diskio.o
                0x08008cd0                disk_status
 .text.disk_read
                0x08008d40       0x60 build/obj/fatfs_diskio.o
                0x08008d40                disk_read
 .text.disk_write
                0x08008da0       0x60 build/obj/fatfs_diskio.o
                0x08008da0                disk_write
 .text.disk_ioctl
                0x08008e00       0x80 build/obj/fatfs_diskio.o
                0x08008e00                disk_ioctl
 .text.get_fattime
                0x08008e80       0x20 build/obj/fatfs_diskio.o
                0x08008e80                get_fattime
 .text.mem_cpy  0x08008ea0       0x50 build/obj/ff.o
 .text.mem_set  0x08008ef0       0x40 build/obj/ff.o
 .text.mem_cmp  0x08008f30       0x70 build/obj/ff.o
 .text.chk_chr  0x08008fa0       0x30 build/obj/ff.o
 .text.sync_window
                0x08008fd0       0xa0 build/obj/ff.o
 .text.move_window
                0x08009070       0x60 build/obj/ff.o
 .text.sync_fs  0x080090d0      0x180 build/obj/ff.o
 .text.clust2sect
                0x08009250       0x40 build/obj/ff.o
                0x08009250                clust2sect
 .text.get_fat  0x08009290      0x1a0 build/obj/ff.o
                0x08009290                get_fat
 .text.put_fat  0x08009430      0x280 build/obj/ff.o
                0x08009430                put_fat
 .text.remove_chain
                0x080096b0       0xc0 build/obj/ff.o
 .text.create_chain
                0x08009770      0x130 build/obj/ff.o
 .text.dir_sdi  0x080098a0      0x130 build/obj/ff.o
 .text.dir_next
                0x080099d0      0x1f0 build/obj/ff.o
 .text.dir_alloc
                0x08009bc0       0xa0 build/obj/ff.o
 .text.ld_clust
                0x08009c60       0x60 build/obj/ff.o
 .text.st_clust
                0x08009cc0       0x60 build/obj/ff.o
 .text.dir_find
                0x08009d20       0xc0 build/obj/ff.o
 .text.dir_register
                0x08009de0       0x80 build/obj/ff.o
 .text.create_name
                0x08009e60      0x200 build/obj/ff.o
 .text.follow_path
                0x0800a060      0x100 build/obj/ff.o
 .text.check_fs
                0x0800a160       0xe0 build/obj/ff.o
 .text.chk_mounted
                0x0800a240      0x630 build/obj/ff.o
 .text.validate
                0x0800a870       0x60 build/obj/ff.o
 .text.f_mount  0x0800a8d0       0x70 build/obj/ff.o
                0x0800a8d0                f_mount
 .text.f_open   0x0800a940      0x2e0 build/obj/ff.o
                0x0800a940                f_open
 .text.f_write  0x0800ac20      0x360 build/obj/ff.o
                0x0800ac20                f_write
 .text.f_sync   0x0800af80      0x190 build/obj/ff.o
                0x0800af80                f_sync
 .text.f_close  0x0800b110       0x30 build/obj/ff.o
                0x0800b110                f_close
 .text.f_opendir
                0x0800b140       0xe0 build/obj/ff.o
                0x0800b140                f_opendir
 .text.f_getfree
                0x0800b220      0x1d0 build/obj/ff.o
                0x0800b220                f_getfree
 .text.f_mkdir  0x0800b3f0      0x290 build/obj/ff.o
                0x0800b3f0                f_mkdir
 .text.hard_fault_handler_c
                0x0800b680      0x170 build/obj/kb_debug.o
                0x0800b680                hard_fault_handler_c
 .text.adc_make_avg
                0x0800b7f0       0x60 build/obj/kb_adc.o
                0x0800b7f0                adc_make_avg
 .text.adc_cb   0x0800b850       0xa0 build/obj/kb_adc.o
                0x0800b850                adc_cb
 .text.adc_trigger_cb
                0x0800b8f0       0x60 build/obj/kb_adc.o
                0x0800b8f0                adc_trigger_cb
 .text.kuroBoxADCInit
                0x0800b950       0x50 build/obj/kb_adc.o
                0x0800b950                kuroBoxADCInit
 .text.kuroBoxADCStop
                0x0800b9a0       0x10 build/obj/kb_adc.o
                0x0800b9a0                kuroBoxADCStop
 .text.on_btn0  0x0800b9b0       0x30 build/obj/kb_buttons.o
 .text.on_btn1  0x0800b9e0       0x30 build/obj/kb_buttons.o
 .text.kuroBoxButtonsInit
                0x0800ba10       0x80 build/obj/kb_buttons.o
                0x0800ba10                kuroBoxButtonsInit
 .text.kuroBoxButtonsStop
                0x0800ba90       0x10 build/obj/kb_buttons.o
                0x0800ba90                kuroBoxButtonsStop
 .text.btn_0_exti_cb
                0x0800baa0       0x40 build/obj/kb_buttons.o
                0x0800baa0                btn_0_exti_cb
 .text.btn_1_exti_cb
                0x0800bae0       0x50 build/obj/kb_buttons.o
                0x0800bae0                btn_1_exti_cb
 .text.new_write_buffer_idx_to_fill
                0x0800bb30       0xa0 build/obj/kb_logger.o
 .text.return_write_buffer_idx_after_filling
                0x0800bbd0       0x70 build/obj/kb_logger.o
 .text.new_write_buffer_idx_to_write
                0x0800bc40       0x80 build/obj/kb_logger.o
 .text.return_write_buffer_idx_after_writing
                0x0800bcc0       0x70 build/obj/kb_logger.o
 .text.make_dirs
                0x0800bd30       0x40 build/obj/kb_logger.o
 .text.new_file
                0x0800bd70      0x120 build/obj/kb_logger.o
 .text.on_insert
                0x0800be90      0x1b0 build/obj/kb_logger.o
 .text.on_remove
                0x0800c040       0x40 build/obj/kb_logger.o
 .text.wait_for_sd
                0x0800c080       0xa0 build/obj/kb_logger.o
 .text.sd_card_status
                0x0800c120       0x70 build/obj/kb_logger.o
 .text.writing_run
                0x0800c190      0x1a0 build/obj/kb_logger.o
 .text.thWriter
                0x0800c330       0xf0 build/obj/kb_logger.o
 .text.thLogger
                0x0800c420      0x240 build/obj/kb_logger.o
 .text.kuroBoxLoggerInit
                0x0800c660       0xa0 build/obj/kb_logger.o
                0x0800c660                kuroBoxLoggerInit
 .text.kuroBoxLoggerStop
                0x0800c700       0x50 build/obj/kb_logger.o
                0x0800c700                kuroBoxLoggerStop
 .text.kbl_setLTC
                0x0800c750       0x20 build/obj/kb_logger.o
                0x0800c750                kbl_setLTC
 .text.kbl_incPPS
                0x0800c770       0x20 build/obj/kb_logger.o
                0x0800c770                kbl_incPPS
 .text.kbl_setGpsNavSol
                0x0800c790       0x50 build/obj/kb_logger.o
                0x0800c790                kbl_setGpsNavSol
 .text.thScreen
                0x0800c7e0      0x640 build/obj/kb_screen.o
 .text.kuroBoxScreenInit
                0x0800ce20       0x50 build/obj/kb_screen.o
                0x0800ce20                kuroBoxScreenInit
 .text.kuroBoxScreenStop
                0x0800ce70       0x30 build/obj/kb_screen.o
                0x0800ce70                kuroBoxScreenStop
 .text.kbs_setVoltage
                0x0800cea0       0x20 build/obj/kb_screen.o
                0x0800cea0                kbs_setVoltage
 .text.kbs_setTemperature
                0x0800cec0       0x20 build/obj/kb_screen.o
                0x0800cec0                kbs_setTemperature
 .text.kbs_setLTC
                0x0800cee0       0x20 build/obj/kb_screen.o
                0x0800cee0                kbs_setLTC
 .text.kbs_setWriteCount
                0x0800cf00       0x20 build/obj/kb_screen.o
                0x0800cf00                kbs_setWriteCount
 .text.kbs_setWriteErrors
                0x0800cf20       0x20 build/obj/kb_screen.o
                0x0800cf20                kbs_setWriteErrors
 .text.kbs_setSDCFree
                0x0800cf40       0x20 build/obj/kb_screen.o
                0x0800cf40                kbs_setSDCFree
 .text.kbs_setFName
                0x0800cf60       0x20 build/obj/kb_screen.o
                0x0800cf60                kbs_setFName
 .text.kbs_btn0
                0x0800cf80       0x20 build/obj/kb_screen.o
                0x0800cf80                kbs_btn0
 .text.kbs_btn1
                0x0800cfa0       0x20 build/obj/kb_screen.o
                0x0800cfa0                kbs_btn1
 .text.kbs_PPS  0x0800cfc0       0x20 build/obj/kb_screen.o
                0x0800cfc0                kbs_PPS
 .text.kbs_setGpsEcef
                0x0800cfe0       0x30 build/obj/kb_screen.o
                0x0800cfe0                kbs_setGpsEcef
 .text.kbs_setYPR
                0x0800d010       0x30 build/obj/kb_screen.o
                0x0800d010                kbs_setYPR
 .text.frame_to_time
                0x0800d040       0xc0 build/obj/kb_time.o
 .text.ltc_store
                0x0800d100      0x110 build/obj/kb_time.o
                0x0800d100                ltc_store
 .text.ltc_exti_cb
                0x0800d210       0xc0 build/obj/kb_time.o
                0x0800d210                ltc_exti_cb
 .text.kuroBoxTimeInit
                0x0800d2d0       0x20 build/obj/kb_time.o
                0x0800d2d0                kuroBoxTimeInit
 .text.kuroBoxTimeStop
                0x0800d2f0       0x10 build/obj/kb_time.o
                0x0800d2f0                kuroBoxTimeStop
 .text.ecef_to_lla
                0x0800d300      0x340 build/obj/kb_gps.o
                0x0800d300                ecef_to_lla
 .text.parse_and_store_nav_sol
                0x0800d640       0xb0 build/obj/kb_gps.o
 .text.thGps    0x0800d6f0      0x110 build/obj/kb_gps.o
 .text.gps_timepulse_exti_cb
                0x0800d800       0x30 build/obj/kb_gps.o
                0x0800d800                gps_timepulse_exti_cb
 .text.kuroBoxGPSInit
                0x0800d830       0x50 build/obj/kb_gps.o
                0x0800d830                kuroBoxGPSInit
 .text.kuroBoxGPSStop
                0x0800d880       0x40 build/obj/kb_gps.o
                0x0800d880                kuroBoxGPSStop
 .text.calc_checksum_8
                0x0800d8c0       0x60 build/obj/kb_util.o
                0x0800d8c0                calc_checksum_8
 .text.calc_checksum_16
                0x0800d920       0x80 build/obj/kb_util.o
                0x0800d920                calc_checksum_16
 .text.vectornav_dispatch_register
                0x0800d9a0       0x90 build/obj/kb_vectornav.o
                0x0800d9a0                vectornav_dispatch_register
 .text.vectornav_spi_end_cb
                0x0800da30       0xe0 build/obj/kb_vectornav.o
                0x0800da30                vectornav_spi_end_cb
 .text.vectornav_gpt_end_cb
                0x0800db10       0xb0 build/obj/kb_vectornav.o
                0x0800db10                vectornav_gpt_end_cb
 .text.vn_dr_int_exti_cb
                0x0800dbc0       0xc0 build/obj/kb_vectornav.o
                0x0800dbc0                vn_dr_int_exti_cb
 .text.kuroBoxVectorNavInit
                0x0800dc80       0x50 build/obj/kb_vectornav.o
                0x0800dc80                kuroBoxVectorNavInit
 .text.kuroBoxVectorNavStop
                0x0800dcd0       0x30 build/obj/kb_vectornav.o
                0x0800dcd0                kuroBoxVectorNavStop
 .text.mi_exit  0x0800dd00       0x20 build/obj/kb_menu.o
 .text.mi_serial1_pwr
                0x0800dd20       0x20 build/obj/kb_menu.o
 .text.mi_serial2_pwr
                0x0800dd40       0x20 build/obj/kb_menu.o
 .text.mi_led3  0x0800dd60       0x20 build/obj/kb_menu.o
 .text.mi_lcd_backlight
                0x0800dd80       0x20 build/obj/kb_menu.o
 .text.mi_standby
                0x0800dda0       0x20 build/obj/kb_menu.o
 .text.kbm_display
                0x0800ddc0      0x140 build/obj/kb_menu.o
                0x0800ddc0                kbm_display
 .text.kbm_btn0
                0x0800df00       0x80 build/obj/kb_menu.o
                0x0800df00                kbm_btn0
 .text.kbm_btn1
                0x0800df80       0xc0 build/obj/kb_menu.o
                0x0800df80                kbm_btn1
 .text.kuroBoxMenuInit
                0x0800e040       0x10 build/obj/kb_menu.o
                0x0800e040                kuroBoxMenuInit
 .text.kuroBoxMenuStop
                0x0800e050       0x10 build/obj/kb_menu.o
                0x0800e050                kuroBoxMenuStop
 .text.thBlinker
                0x0800e060       0x60 build/obj/main.o
 .text.kuroBox_panic
                0x0800e0c0       0x10 build/obj/main.o
                0x0800e0c0                kuroBox_panic
 .text.kuroBox_standby
                0x0800e0d0       0xd0 build/obj/main.o
 .text.kuroBoxInit
                0x0800e1a0      0x1f0 build/obj/main.o
                0x0800e1a0                kuroBoxInit
 .text.kuroBoxStop
                0x0800e390       0x80 build/obj/main.o
                0x0800e390                kuroBoxStop
 .text.main     0x0800e410       0x50 build/obj/main.o
                0x0800e410                main
 .text.spiEepromStart
                0x0800e460       0x20 build/obj/spiEEPROM.o
                0x0800e460                spiEepromStart
 .text.updateBoundingBox
                0x0800e480       0xa0 build/obj/ST7565.o
 .text.st7565Start
                0x0800e520      0x180 build/obj/ST7565.o
                0x0800e520                st7565Start
 .text.st7565_display
                0x0800e6a0      0x1d0 build/obj/ST7565.o
                0x0800e6a0                st7565_display
 .text.st7565_clear
                0x0800e870       0x30 build/obj/ST7565.o
                0x0800e870                st7565_clear
 .text.st7565_drawchar
                0x0800e8a0       0xb0 build/obj/ST7565.o
                0x0800e8a0                st7565_drawchar
 .text.st7565_drawstring
                0x0800e950       0xc0 build/obj/ST7565.o
                0x0800e950                st7565_drawstring
 .text.st7565_setpixel
                0x0800ea10      0x100 build/obj/ST7565.o
                0x0800ea10                st7565_setpixel
 .text.st7565_drawline
                0x0800eb10      0x1d0 build/obj/ST7565.o
                0x0800eb10                st7565_drawline
 .text.st7565_fillrect
                0x0800ece0       0xc0 build/obj/ST7565.o
                0x0800ece0                st7565_fillrect
 .text.cos      0x0800eda0       0x90 c:/chibistudio/tools/gnu tools arm embedded/4.7 2013q1/bin/../lib/gcc/arm-none-eabi/4.7.3/../../../../arm-none-eabi/lib/armv7e-m\libm.a(lib_a-s_cos.o)
                0x0800eda0                cos
 .text.sin      0x0800ee30       0x98 c:/chibistudio/tools/gnu tools arm embedded/4.7 2013q1/bin/../lib/gcc/arm-none-eabi/4.7.3/../../../../arm-none-eabi/lib/armv7e-m\libm.a(lib_a-s_sin.o)
                0x0800ee30                sin
 *fill*         0x0800eec8        0x8 00
 .text.atan2    0x0800eed0        0x4 c:/chibistudio/tools/gnu tools arm embedded/4.7 2013q1/bin/../lib/gcc/arm-none-eabi/4.7.3/../../../../arm-none-eabi/lib/armv7e-m\libm.a(lib_a-w_atan2.o)
                0x0800eed0                atan2
 *fill*         0x0800eed4        0xc 00
 .text.pow      0x0800eee0      0x310 c:/chibistudio/tools/gnu tools arm embedded/4.7 2013q1/bin/../lib/gcc/arm-none-eabi/4.7.3/../../../../arm-none-eabi/lib/armv7e-m\libm.a(lib_a-w_pow.o)
                0x0800eee0                pow
 .text.sqrt     0x0800f1f0       0xa8 c:/chibistudio/tools/gnu tools arm embedded/4.7 2013q1/bin/../lib/gcc/arm-none-eabi/4.7.3/../../../../arm-none-eabi/lib/armv7e-m\libm.a(lib_a-w_sqrt.o)
                0x0800f1f0                sqrt
 *fill*         0x0800f298        0x8 00
 .text.__ieee754_atan2
                0x0800f2a0      0x218 c:/chibistudio/tools/gnu tools arm embedded/4.7 2013q1/bin/../lib/gcc/arm-none-eabi/4.7.3/../../../../arm-none-eabi/lib/armv7e-m\libm.a(lib_a-e_atan2.o)
                0x0800f2a0                __ieee754_atan2
 *fill*         0x0800f4b8        0x8 00
 .text.__ieee754_pow
                0x0800f4c0      0xb20 c:/chibistudio/tools/gnu tools arm embedded/4.7 2013q1/bin/../lib/gcc/arm-none-eabi/4.7.3/../../../../arm-none-eabi/lib/armv7e-m\libm.a(lib_a-e_pow.o)
                0x0800f4c0                __ieee754_pow
 .text.__ieee754_rem_pio2
                0x0800ffe0      0x468 c:/chibistudio/tools/gnu tools arm embedded/4.7 2013q1/bin/../lib/gcc/arm-none-eabi/4.7.3/../../../../arm-none-eabi/lib/armv7e-m\libm.a(lib_a-e_rem_pio2.o)
                0x0800ffe0                __ieee754_rem_pio2
 *fill*         0x08010448        0x8 00
 .text.__ieee754_sqrt
                0x08010450      0x208 c:/chibistudio/tools/gnu tools arm embedded/4.7 2013q1/bin/../lib/gcc/arm-none-eabi/4.7.3/../../../../arm-none-eabi/lib/armv7e-m\libm.a(lib_a-e_sqrt.o)
                0x08010450                __ieee754_sqrt
 *fill*         0x08010658        0x8 00
 .text.__kernel_cos
                0x08010660      0x258 c:/chibistudio/tools/gnu tools arm embedded/4.7 2013q1/bin/../lib/gcc/arm-none-eabi/4.7.3/../../../../arm-none-eabi/lib/armv7e-m\libm.a(lib_a-k_cos.o)
                0x08010660                __kernel_cos
 *fill*         0x080108b8        0x8 00
 .text.__kernel_rem_pio2
                0x080108c0      0xdec c:/chibistudio/tools/gnu tools arm embedded/4.7 2013q1/bin/../lib/gcc/arm-none-eabi/4.7.3/../../../../arm-none-eabi/lib/armv7e-m\libm.a(lib_a-k_rem_pio2.o)
                0x080108c0                __kernel_rem_pio2
 *fill*         0x080116ac        0x4 00
 .text.__kernel_sin
                0x080116b0      0x170 c:/chibistudio/tools/gnu tools arm embedded/4.7 2013q1/bin/../lib/gcc/arm-none-eabi/4.7.3/../../../../arm-none-eabi/lib/armv7e-m\libm.a(lib_a-k_sin.o)
                0x080116b0                __kernel_sin
 .text.atan     0x08011820      0x368 c:/chibistudio/tools/gnu tools arm embedded/4.7 2013q1/bin/../lib/gcc/arm-none-eabi/4.7.3/../../../../arm-none-eabi/lib/armv7e-m\libm.a(lib_a-s_atan.o)
                0x08011820                atan
 *fill*         0x08011b88        0x8 00
 .text.fabs     0x08011b90        0x8 c:/chibistudio/tools/gnu tools arm embedded/4.7 2013q1/bin/../lib/gcc/arm-none-eabi/4.7.3/../../../../arm-none-eabi/lib/armv7e-m\libm.a(lib_a-s_fabs.o)
                0x08011b90                fabs
 *fill*         0x08011b98        0x8 00
 .text.finite   0x08011ba0        0xc c:/chibistudio/tools/gnu tools arm embedded/4.7 2013q1/bin/../lib/gcc/arm-none-eabi/4.7.3/../../../../arm-none-eabi/lib/armv7e-m\libm.a(lib_a-s_finite.o)
                0x08011ba0                finite
 *fill*         0x08011bac        0x4 00
 .text.floor    0x08011bb0      0x110 c:/chibistudio/tools/gnu tools arm embedded/4.7 2013q1/bin/../lib/gcc/arm-none-eabi/4.7.3/../../../../arm-none-eabi/lib/armv7e-m\libm.a(lib_a-s_floor.o)
                0x08011bb0                floor
 .text.__fpclassifyd
                0x08011cc0       0x68 c:/chibistudio/tools/gnu tools arm embedded/4.7 2013q1/bin/../lib/gcc/arm-none-eabi/4.7.3/../../../../arm-none-eabi/lib/armv7e-m\libm.a(lib_a-s_fpclassify.o)
                0x08011cc0                __fpclassifyd
 *fill*         0x08011d28        0x8 00
 .text.matherr  0x08011d30        0x4 c:/chibistudio/tools/gnu tools arm embedded/4.7 2013q1/bin/../lib/gcc/arm-none-eabi/4.7.3/../../../../arm-none-eabi/lib/armv7e-m\libm.a(lib_a-s_matherr.o)
                0x08011d30                matherr
 *fill*         0x08011d34        0xc 00
 .text.nan      0x08011d40        0xc c:/chibistudio/tools/gnu tools arm embedded/4.7 2013q1/bin/../lib/gcc/arm-none-eabi/4.7.3/../../../../arm-none-eabi/lib/armv7e-m\libm.a(lib_a-s_nan.o)
                0x08011d40                nan
 *fill*         0x08011d4c        0x4 00
 .text.rint     0x08011d50      0x128 c:/chibistudio/tools/gnu tools arm embedded/4.7 2013q1/bin/../lib/gcc/arm-none-eabi/4.7.3/../../../../arm-none-eabi/lib/armv7e-m\libm.a(lib_a-s_rint.o)
                0x08011d50                rint
 *fill*         0x08011e78        0x8 00
 .text.scalbn   0x08011e80      0x108 c:/chibistudio/tools/gnu tools arm embedded/4.7 2013q1/bin/../lib/gcc/arm-none-eabi/4.7.3/../../../../arm-none-eabi/lib/armv7e-m\libm.a(lib_a-s_scalbn.o)
                0x08011e80                scalbn
 *fill*         0x08011f88        0x8 00
 .text.copysign
                0x08011f90       0x18 c:/chibistudio/tools/gnu tools arm embedded/4.7 2013q1/bin/../lib/gcc/arm-none-eabi/4.7.3/../../../../arm-none-eabi/lib/armv7e-m\libm.a(lib_a-s_copysign.o)
                0x08011f90                copysign
 *fill*         0x08011fa8        0x8 00
 .text.__errno  0x08011fb0        0xc c:/chibistudio/tools/gnu tools arm embedded/4.7 2013q1/bin/../lib/gcc/arm-none-eabi/4.7.3/../../../../arm-none-eabi/lib/armv7e-m\libc.a(lib_a-errno.o)
                0x08011fb0                __errno
 *fill*         0x08011fbc        0x4 00
 .text.memcpy   0x08011fc0      0x144 c:/chibistudio/tools/gnu tools arm embedded/4.7 2013q1/bin/../lib/gcc/arm-none-eabi/4.7.3/../../../../arm-none-eabi/lib/armv7e-m\libc.a(lib_a-memcpy.o)
                0x08011fc0                memcpy
 *fill*         0x08012104        0xc 00
 .text.memset   0x08012110      0x12c c:/chibistudio/tools/gnu tools arm embedded/4.7 2013q1/bin/../lib/gcc/arm-none-eabi/4.7.3/../../../../arm-none-eabi/lib/armv7e-m\libc.a(lib_a-memset.o)
                0x08012110                memset
 *fill*         0x0801223c        0x4 00
 .text.strcpy   0x08012240       0xbc c:/chibistudio/tools/gnu tools arm embedded/4.7 2013q1/bin/../lib/gcc/arm-none-eabi/4.7.3/../../../../arm-none-eabi/lib/armv7e-m\libc.a(lib_a-strcpy.o)
                0x08012240                strcpy
 *(.rodata)
 *fill*         0x080122fc        0x4 00
 .rodata        0x08012300        0x8 build/obj/chsys.o
 *fill*         0x08012308        0x8 00
 .rodata        0x08012310       0x58 build/obj/chdebug.o
 *fill*         0x08012368        0x8 00
 .rodata        0x08012370       0x34 build/obj/chvt.o
 *fill*         0x080123a4        0xc 00
 .rodata        0x080123b0       0x24 build/obj/chschd.o
 *fill*         0x080123d4        0xc 00
 .rodata        0x080123e0       0x94 build/obj/chthreads.o
 *fill*         0x08012474        0xc 00
 .rodata        0x08012480       0x48 build/obj/chdynamic.o
 *fill*         0x080124c8        0x8 00
 .rodata        0x080124d0      0x148 build/obj/chsem.o
 *fill*         0x08012618        0x8 00
 .rodata        0x08012620       0xac build/obj/chmtx.o
 *fill*         0x080126cc        0x4 00
 .rodata        0x080126d0       0x90 build/obj/chevents.o
 .rodata        0x08012760       0x2c build/obj/chqueues.o
 *fill*         0x0801278c        0x4 00
 .rodata        0x08012790       0x34 build/obj/chheap.o
 *fill*         0x080127c4        0xc 00
 .rodata        0x080127d0       0x48 build/obj/chmempools.o
 *fill*         0x08012818        0x8 00
 .rodata        0x08012820      0x110 build/obj/adc.o
 .rodata        0x08012930       0xd0 build/obj/ext.o
 .rodata        0x08012a00      0x10c build/obj/gpt.o
 *fill*         0x08012b0c        0x4 00
 .rodata        0x08012b10       0x14 build/obj/mmcsd.o
 *fill*         0x08012b24        0xc 00
 .rodata        0x08012b30       0x40 build/obj/rtc.o
 .rodata        0x08012b70      0x138 build/obj/sdc.o
 *fill*         0x08012ca8        0x8 00
 .rodata        0x08012cb0       0x60 build/obj/serial.o
 .rodata        0x08012d10      0x238 build/obj/spi.o
 *fill*         0x08012f48        0x8 00
 .rodata        0x08012f50       0x48 build/obj/stm32_dma.o
 *fill*         0x08012f98        0x8 00
 .rodata        0x08012fa0       0x3c build/obj/adc_lld.o
 *fill*         0x08012fdc        0x4 00
 .rodata        0x08012fe0       0x14 build/obj/gpt_lld.o
 *fill*         0x08012ff4        0xc 00
 .rodata        0x08013000       0x80 build/obj/sdc_lld.o
 .rodata        0x08013080       0x50 build/obj/spi_lld.o
 .rodata        0x080130d0        0x8 build/obj/chprintf.o
 *fill*         0x080130d8        0x8 00
 .rodata        0x080130e0       0x54 build/obj/ff.o
 *fill*         0x08013134        0xc 00
 .rodata        0x08013140      0x114 build/obj/kb_debug.o
 *fill*         0x08013254        0xc 00
 .rodata        0x08013260       0xac build/obj/kb_logger.o
 *fill*         0x0801330c        0x4 00
 .rodata        0x08013310       0x78 build/obj/kb_screen.o
 *fill*         0x08013388        0x8 00
 .rodata        0x08013390        0x4 build/obj/kb_gps.o
 *fill*         0x08013394        0xc 00
 .rodata        0x080133a0       0x1c build/obj/kb_menu.o
 *fill*         0x080133bc        0x4 00
 .rodata        0x080133c0       0x2c build/obj/main.o
 *(.rodata.*)
 *fill*         0x080133ec        0x4 00
 .rodata.ch_debug
                0x080133f0       0x18 build/obj/chregistry.o
                0x080133f0                ch_debug
 *fill*         0x08013408        0x8 00
 .rodata.sdc_vmt
                0x08013410       0x20 build/obj/sdc.o
 .rodata.vmt    0x08013430       0x20 build/obj/serial.o
 .rodata._stm32_dma_streams
                0x08013450       0xc0 build/obj/stm32_dma.o
                0x08013450                _stm32_dma_streams
 .rodata.default_config
                0x08013510        0xc build/obj/serial_lld.o
 *fill*         0x0801351c        0x4 00
 .rodata.pal_default_config
                0x08013520       0xfc build/obj/board.o
                0x08013520                pal_default_config
 *fill*         0x0801361c        0x4 00
 .rodata.vmt    0x08013620       0x10 build/obj/memstreams.o
 .rodata.ExCvt  0x08013630       0x80 build/obj/ff.o
 .rodata.ST7565font
                0x080136b0      0x4fc build/obj/glcdfont.o
                0x080136b0                ST7565font
 *fill*         0x08013bac        0x4 00
 .rodata.adc_grp_cfg
                0x08013bb0       0x28 build/obj/kb_adc.o
 *fill*         0x08013bd8        0x8 00
 .rodata.default_vectornav_config
                0x08013be0       0x14 build/obj/kb_vectornav.o
 *fill*         0x08013bf4        0xc 00
 .rodata.sdio_cfg
                0x08013c00        0x4 build/obj/main.o
 *fill*         0x08013c04        0xc 00
 .rodata.eeprom_cfg
                0x08013c10        0xc build/obj/main.o
 *fill*         0x08013c1c        0x4 00
 .rodata.lcd_cfg
                0x08013c20       0x1c build/obj/main.o
 *fill*         0x08013c3c        0x4 00
 .rodata.extcfg
                0x08013c40       0xb8 build/obj/main.o
 *fill*         0x08013cf8        0x8 00
 .rodata.pagemap
                0x08013d00        0x4 build/obj/ST7565.o
 *fill*         0x08013d04        0xc 00
 .rodata.st7565_nanibox
                0x08013d10      0x200 build/obj/ST7565.o
 .rodata.str1.4
                0x08013f10        0x4 c:/chibistudio/tools/gnu tools arm embedded/4.7 2013q1/bin/../lib/gcc/arm-none-eabi/4.7.3/../../../../arm-none-eabi/lib/armv7e-m\libm.a(lib_a-w_pow.o)
 *fill*         0x08013f14        0xc 00
 .rodata.str1.4
                0x08013f20        0x5 c:/chibistudio/tools/gnu tools arm embedded/4.7 2013q1/bin/../lib/gcc/arm-none-eabi/4.7.3/../../../../arm-none-eabi/lib/armv7e-m\libm.a(lib_a-w_sqrt.o)
                                  0x8 (size before relaxing)
 *fill*         0x08013f25        0xb 00
 .rodata.dp_h   0x08013f30       0x10 c:/chibistudio/tools/gnu tools arm embedded/4.7 2013q1/bin/../lib/gcc/arm-none-eabi/4.7.3/../../../../arm-none-eabi/lib/armv7e-m\libm.a(lib_a-e_pow.o)
 .rodata.dp_l   0x08013f40       0x10 c:/chibistudio/tools/gnu tools arm embedded/4.7 2013q1/bin/../lib/gcc/arm-none-eabi/4.7.3/../../../../arm-none-eabi/lib/armv7e-m\libm.a(lib_a-e_pow.o)
 .rodata.bp     0x08013f50       0x10 c:/chibistudio/tools/gnu tools arm embedded/4.7 2013q1/bin/../lib/gcc/arm-none-eabi/4.7.3/../../../../arm-none-eabi/lib/armv7e-m\libm.a(lib_a-e_pow.o)
 .rodata.str1.4
                0x00000000        0x5 c:/chibistudio/tools/gnu tools arm embedded/4.7 2013q1/bin/../lib/gcc/arm-none-eabi/4.7.3/../../../../arm-none-eabi/lib/armv7e-m\libm.a(lib_a-e_pow.o)
                                  0x4 (size before relaxing)
 .rodata.npio2_hw
                0x08013f60       0x80 c:/chibistudio/tools/gnu tools arm embedded/4.7 2013q1/bin/../lib/gcc/arm-none-eabi/4.7.3/../../../../arm-none-eabi/lib/armv7e-m\libm.a(lib_a-e_rem_pio2.o)
 .rodata.two_over_pi
                0x08013fe0      0x108 c:/chibistudio/tools/gnu tools arm embedded/4.7 2013q1/bin/../lib/gcc/arm-none-eabi/4.7.3/../../../../arm-none-eabi/lib/armv7e-m\libm.a(lib_a-e_rem_pio2.o)
 *fill*         0x080140e8        0x8 00
 .rodata.init_jk
                0x080140f0       0x10 c:/chibistudio/tools/gnu tools arm embedded/4.7 2013q1/bin/../lib/gcc/arm-none-eabi/4.7.3/../../../../arm-none-eabi/lib/armv7e-m\libm.a(lib_a-k_rem_pio2.o)
 .rodata.PIo2   0x08014100       0x40 c:/chibistudio/tools/gnu tools arm embedded/4.7 2013q1/bin/../lib/gcc/arm-none-eabi/4.7.3/../../../../arm-none-eabi/lib/armv7e-m\libm.a(lib_a-k_rem_pio2.o)
 .rodata.atanlo
                0x08014140       0x20 c:/chibistudio/tools/gnu tools arm embedded/4.7 2013q1/bin/../lib/gcc/arm-none-eabi/4.7.3/../../../../arm-none-eabi/lib/armv7e-m\libm.a(lib_a-s_atan.o)
 .rodata.atanhi
                0x08014160       0x20 c:/chibistudio/tools/gnu tools arm embedded/4.7 2013q1/bin/../lib/gcc/arm-none-eabi/4.7.3/../../../../arm-none-eabi/lib/armv7e-m\libm.a(lib_a-s_atan.o)
 .rodata.TWO52  0x08014180       0x10 c:/chibistudio/tools/gnu tools arm embedded/4.7 2013q1/bin/../lib/gcc/arm-none-eabi/4.7.3/../../../../arm-none-eabi/lib/armv7e-m\libm.a(lib_a-s_rint.o)
 .rodata.str1.4
                0x08014190        0x4 c:/chibistudio/tools/gnu tools arm embedded/4.7 2013q1/bin/../lib/gcc/arm-none-eabi/4.7.3/../../../../arm-none-eabi/lib/armv7e-m\libc.a(lib_a-impure.o)
 *(.glue_7t)
 .glue_7t       0x00000000        0x0 linker stubs
 *(.glue_7)
 .glue_7        0x00000000        0x0 linker stubs
 *(.gcc*)

.vfp11_veneer   0x08014194        0x0
 .vfp11_veneer  0x00000000        0x0 linker stubs

.v4_bx          0x08014194        0x0
 .v4_bx         0x00000000        0x0 linker stubs

.iplt           0x08014194        0x0
 .iplt          0x00000000        0x0 build/obj/kb_debug_asm.o

.rel.dyn        0x08014194        0x0
 .rel.iplt      0x00000000        0x0 build/obj/kb_debug_asm.o

.ARM.extab
 *(.ARM.extab* .gnu.linkonce.armextab.*)

.ARM.exidx      0x08014194        0x0
                0x08014194                PROVIDE (__exidx_start, .)
 *(.ARM.exidx* .gnu.linkonce.armexidx.*)
                0x08014194                PROVIDE (__exidx_end, .)

.eh_frame_hdr
 *(.eh_frame_hdr)

.eh_frame
 *(.eh_frame)

.textalign      0x08014194        0x4
                0x08014198                . = ALIGN (0x8)
 *fill*         0x08014194        0x4 00
                0x08014198                _etext = .
                0x08014198                _textdata = _etext

.stacks         0x20000000      0x800
                0x20000000                . = ALIGN (0x8)
                0x20000000                __main_stack_base__ = .
                0x20000400                . = (. + __main_stack_size__)
 *fill*         0x20000000      0x400 00
                0x20000400                . = ALIGN (0x8)
                0x20000400                __main_stack_end__ = .
                0x20000400                __process_stack_base__ = .
                0x20000400                __main_thread_stack_base__ = .
                0x20000800                . = (. + __process_stack_size__)
 *fill*         0x20000400      0x400 00
                0x20000800                . = ALIGN (0x8)
                0x20000800                __process_stack_end__ = .
                0x20000800                __main_thread_stack_end__ = .

.data           0x20000800      0x564 load address 0x08014198
                0x20000800                . = ALIGN (0x4)
                0x20000800                PROVIDE (_data, .)
 *(.data)
                0x20000800                . = ALIGN (0x4)
 *(.data.*)
 .data.gps_cfg  0x20000800        0xc build/obj/kb_gps.o
 .data.current_item
                0x2000080c        0x2 build/obj/kb_menu.o
                0x2000080c                current_item
 *fill*         0x2000080e        0x2 00
 .data.menu_items
                0x20000810      0x108 build/obj/kb_menu.o
                0x20000810                menu_items
 .data.serial1_cfg
                0x20000918        0xc build/obj/main.o
 .data.serial2_cfg
                0x20000924        0xc build/obj/main.o
 .data.__fdlib_version
                0x20000930        0x1 c:/chibistudio/tools/gnu tools arm embedded/4.7 2013q1/bin/../lib/gcc/arm-none-eabi/4.7.3/../../../../arm-none-eabi/lib/armv7e-m\libm.a(lib_a-s_lib_ver.o)
                0x20000930                __fdlib_version
 *fill*         0x20000931        0x7 00
 .data.impure_data
                0x20000938      0x428 c:/chibistudio/tools/gnu tools arm embedded/4.7 2013q1/bin/../lib/gcc/arm-none-eabi/4.7.3/../../../../arm-none-eabi/lib/armv7e-m\libc.a(lib_a-impure.o)
 .data._impure_ptr
                0x20000d60        0x4 c:/chibistudio/tools/gnu tools arm embedded/4.7 2013q1/bin/../lib/gcc/arm-none-eabi/4.7.3/../../../../arm-none-eabi/lib/armv7e-m\libc.a(lib_a-impure.o)
                0x20000d60                _impure_ptr
                0x20000d64                . = ALIGN (0x4)
 *(.ramtext)
                0x20000d64                . = ALIGN (0x4)
                0x20000d64                PROVIDE (_edata, .)

.igot.plt       0x20000d64        0x0 load address 0x080146fc
 .igot.plt      0x00000000        0x0 build/obj/kb_debug_asm.o

.bss            0x20000d68    0x11670 load address 0x080146fc
                0x20000d68                . = ALIGN (0x4)
                0x20000d68                PROVIDE (_bss_start, .)
 *(.bss)
                0x20000d68                . = ALIGN (0x4)
 *(.bss.*)
 .bss._idle_thread_wa
                0x20000d68      0x158 build/obj/chsys.o
                0x20000d68                _idle_thread_wa
 .bss.mainthread.4860
                0x20000ec0       0x4c build/obj/chsys.o
 .bss.dbg_isr_cnt
                0x20000f0c        0x4 build/obj/chdebug.o
                0x20000f0c                dbg_isr_cnt
 .bss.dbg_lock_cnt
                0x20000f10        0x4 build/obj/chdebug.o
                0x20000f10                dbg_lock_cnt
 .bss.dbg_trace_buffer
                0x20000f14      0x408 build/obj/chdebug.o
                0x20000f14                dbg_trace_buffer
 .bss.dbg_panic_msg
                0x2000131c        0x4 build/obj/chdebug.o
                0x2000131c                dbg_panic_msg
 .bss.vtlist    0x20001320       0x10 build/obj/chvt.o
                0x20001320                vtlist
 .bss.rlist     0x20001330       0x1c build/obj/chschd.o
                0x20001330                rlist
 .bss.nextmem   0x2000134c        0x4 build/obj/chmemcore.o
 .bss.endmem    0x20001350        0x4 build/obj/chmemcore.o
 *fill*         0x20001354        0x4 00
 .bss.default_heap
                0x20001358       0x20 build/obj/chheap.o
 .bss.dma_streams_mask
                0x20001378        0x4 build/obj/stm32_dma.o
 .bss.dma_isr_redir
                0x2000137c       0x80 build/obj/stm32_dma.o
 .bss.ADCD1     0x200013fc       0x34 build/obj/adc_lld.o
                0x200013fc                ADCD1
 .bss.ADCD2     0x20001430       0x34 build/obj/adc_lld.o
                0x20001430                ADCD2
 .bss.ADCD3     0x20001464       0x34 build/obj/adc_lld.o
                0x20001464                ADCD3
 .bss.EXTD1     0x20001498        0x8 build/obj/ext_lld.o
                0x20001498                EXTD1
 .bss.GPTD14    0x200014a0       0x10 build/obj/gpt_lld.o
                0x200014a0                GPTD14
 .bss.ICUD1     0x200014b0       0x18 build/obj/icu_lld.o
                0x200014b0                ICUD1
 .bss.SDCD1     0x200014c8       0x4c build/obj/sdc_lld.o
                0x200014c8                SDCD1
 .bss.u         0x20001514      0x200 build/obj/sdc_lld.o
 .bss.RTCD1     0x20001714        0x4 build/obj/rtc_lld.o
                0x20001714                RTCD1
 .bss.SPID1     0x20001718       0x30 build/obj/spi_lld.o
                0x20001718                SPID1
 .bss.SPID2     0x20001748       0x30 build/obj/spi_lld.o
                0x20001748                SPID2
 .bss.dummytx   0x20001778        0x2 build/obj/spi_lld.o
 .bss.dummyrx   0x2000177a        0x2 build/obj/spi_lld.o
 .bss.SD1       0x2000177c       0xd8 build/obj/serial_lld.o
                0x2000177c                SD1
 .bss.SD2       0x20001854       0xd8 build/obj/serial_lld.o
                0x20001854                SD2
 .bss.SD6       0x2000192c       0xd8 build/obj/serial_lld.o
                0x2000192c                SD6
 .bss.FatFs     0x20001a04        0x4 build/obj/ff.o
 .bss.Fsid      0x20001a08        0x2 build/obj/ff.o
 *fill*         0x20001a0a        0x2 00
 .bss.adc_samples
                0x20001a0c        0xc build/obj/kb_adc.o
 .bss.adc_trigger
                0x20001a18       0x14 build/obj/kb_adc.o
 .bss.btn_0_pressed
                0x20001a2c        0x1 build/obj/kb_buttons.o
 .bss.btn_1_pressed
                0x20001a2d        0x1 build/obj/kb_buttons.o
 *fill*         0x20001a2e        0x2 00
 .bss.loggerThread
                0x20001a30        0x4 build/obj/kb_logger.o
 .bss.writerThread
                0x20001a34        0x4 build/obj/kb_logger.o
 .bss.writerThreadForSleep
                0x20001a38        0x4 build/obj/kb_logger.o
 .bss.sd_det_count
                0x20001a3c        0x1 build/obj/kb_logger.o
 .bss.logger_state
                0x20001a3d        0x1 build/obj/kb_logger.o
 .bss.fs_ready  0x20001a3e        0x1 build/obj/kb_logger.o
 .bss.fs_write_protected
                0x20001a3f        0x1 build/obj/kb_logger.o
 .bss.SDC_FS    0x20001a40      0x234 build/obj/kb_logger.o
 .bss.cardsize_MB
                0x20001c74        0x4 build/obj/kb_logger.o
                0x20001c74                cardsize_MB
 .bss.current_msg
                0x20001c78      0x200 build/obj/kb_logger.o
 .bss.write_buffer_semaphore
                0x20001e78        0xc build/obj/kb_logger.o
 .bss.write_buffers
                0x20001e84     0xc004 build/obj/kb_logger.o
 .bss.kbfile    0x2000de88      0x224 build/obj/kb_logger.o
                0x2000de88                kbfile
 *fill*         0x2000e0ac        0x4 00
 .bss.waWriter  0x2000e0b0     0x2138 build/obj/kb_logger.o
 .bss.waLogger  0x200101e8      0x538 build/obj/kb_logger.o
 .bss.screenThread
                0x20010720        0x4 build/obj/kb_screen.o
 .bss.screen    0x20010724       0x48 build/obj/kb_screen.o
 .bss.charbuf   0x2001076c       0x80 build/obj/kb_screen.o
 .bss.msb       0x200107ec       0x14 build/obj/kb_screen.o
 .bss.waScreen  0x20010800     0x1138 build/obj/kb_screen.o
 .bss.last_edge_time
                0x20011938        0x4 build/obj/kb_time.o
 .bss.was_last_edge_short
                0x2001193c        0x1 build/obj/kb_time.o
 *fill*         0x2001193d        0x3 00
 .bss.ltc_frame
                0x20011940        0xc build/obj/kb_time.o
 .bss.ltc_timecode
                0x2001194c        0x4 build/obj/kb_time.o
 .bss.ubx_nav_sol_buffer
                0x20011950       0x3c build/obj/kb_gps.o
                0x20011950                ubx_nav_sol_buffer
 .bss.ubx_nav_sol_idx
                0x2001198c        0x1 build/obj/kb_gps.o
                0x2001198c                ubx_nav_sol_idx
 *fill*         0x2001198d        0x3 00
 .bss.gpsThread
                0x20011990        0x4 build/obj/kb_gps.o
 *fill*         0x20011994        0x4 00
 .bss.waGps     0x20011998      0x1b8 build/obj/kb_gps.o
 .bss.VND1      0x20011b50        0xc build/obj/kb_vectornav.o
                0x20011b50                VND1
 .bss.async_vn_msg
                0x20011b5c      0x408 build/obj/kb_vectornav.o
 .bss.kuroBox_request_standby
                0x20011f64        0x1 build/obj/kb_menu.o
                0x20011f64                kuroBox_request_standby
 *fill*         0x20011f65        0x3 00
 .bss.charbuf   0x20011f68       0x80 build/obj/kb_menu.o
 .bss.msb       0x20011fe8       0x14 build/obj/kb_menu.o
 .bss.lcd_buffer
                0x20011ffc      0x200 build/obj/main.o
 .bss.global_state
                0x200121fc        0x4 build/obj/main.o
 .bss.adc_cfg   0x20012200        0x4 build/obj/main.o
 *fill*         0x20012204        0x4 00
 .bss.waBlinker
                0x20012208      0x1b8 build/obj/main.o
 .bss.spiEepromD1
                0x200123c0        0x8 build/obj/spiEEPROM.o
                0x200123c0                spiEepromD1
 .bss.ST7565D1  0x200123c8        0xc build/obj/ST7565.o
                0x200123c8                ST7565D1
 .bss.xUpdateMin
                0x200123d4        0x1 build/obj/ST7565.o
 .bss.xUpdateMax
                0x200123d5        0x1 build/obj/ST7565.o
 .bss.yUpdateMin
                0x200123d6        0x1 build/obj/ST7565.o
 .bss.yUpdateMax
                0x200123d7        0x1 build/obj/ST7565.o
                0x200123d8                . = ALIGN (0x4)
 *(COMMON)
                0x200123d8                . = ALIGN (0x4)
                0x200123d8                PROVIDE (_bss_end, .)
                0x200123d8                PROVIDE (end, .)
                0x200123d8                _end = .
                0x200123d8                __heap_base__ = _end
                0x2001c000                __heap_end__ = __ram_end__
OUTPUT(build/kuroBox.elf elf32-littlearm)

.ARM.attributes
                0x00000000       0x35
 .ARM.attributes
                0x00000000       0x21 build/obj/kb_debug_asm.o
 .ARM.attributes
                0x00000021       0x39 build/obj/crt0.o
 .ARM.attributes
                0x0000005a       0x39 build/obj/vectors.o
 .ARM.attributes
                0x00000093       0x39 build/obj/chcore.o
 .ARM.attributes
                0x000000cc       0x39 build/obj/chcore_v7m.o
 .ARM.attributes
                0x00000105       0x39 build/obj/nvic.o
 .ARM.attributes
                0x0000013e       0x39 build/obj/chsys.o
 .ARM.attributes
                0x00000177       0x39 build/obj/chdebug.o
 .ARM.attributes
                0x000001b0       0x39 build/obj/chvt.o
 .ARM.attributes
                0x000001e9       0x39 build/obj/chschd.o
 .ARM.attributes
                0x00000222       0x39 build/obj/chthreads.o
 .ARM.attributes
                0x0000025b       0x39 build/obj/chdynamic.o
 .ARM.attributes
                0x00000294       0x39 build/obj/chregistry.o
 .ARM.attributes
                0x000002cd       0x39 build/obj/chsem.o
 .ARM.attributes
                0x00000306       0x39 build/obj/chmtx.o
 .ARM.attributes
                0x0000033f       0x39 build/obj/chevents.o
 .ARM.attributes
                0x00000378       0x39 build/obj/chqueues.o
 .ARM.attributes
                0x000003b1       0x39 build/obj/chmemcore.o
 .ARM.attributes
                0x000003ea       0x39 build/obj/chheap.o
 .ARM.attributes
                0x00000423       0x39 build/obj/chmempools.o
 .ARM.attributes
                0x0000045c       0x39 build/obj/hal.o
 .ARM.attributes
                0x00000495       0x39 build/obj/adc.o
 .ARM.attributes
                0x000004ce       0x39 build/obj/ext.o
 .ARM.attributes
                0x00000507       0x39 build/obj/gpt.o
 .ARM.attributes
                0x00000540       0x39 build/obj/icu.o
 .ARM.attributes
                0x00000579       0x39 build/obj/mmcsd.o
 .ARM.attributes
                0x000005b2       0x39 build/obj/rtc.o
 .ARM.attributes
                0x000005eb       0x39 build/obj/sdc.o
 .ARM.attributes
                0x00000624       0x39 build/obj/serial.o
 .ARM.attributes
                0x0000065d       0x39 build/obj/spi.o
 .ARM.attributes
                0x00000696       0x39 build/obj/stm32_dma.o
 .ARM.attributes
                0x000006cf       0x39 build/obj/hal_lld.o
 .ARM.attributes
                0x00000708       0x39 build/obj/adc_lld.o
 .ARM.attributes
                0x00000741       0x39 build/obj/ext_lld_isr.o
 .ARM.attributes
                0x0000077a       0x39 build/obj/ext_lld.o
 .ARM.attributes
                0x000007b3       0x39 build/obj/gpt_lld.o
 .ARM.attributes
                0x000007ec       0x39 build/obj/icu_lld.o
 .ARM.attributes
                0x00000825       0x39 build/obj/sdc_lld.o
 .ARM.attributes
                0x0000085e       0x39 build/obj/pal_lld.o
 .ARM.attributes
                0x00000897       0x39 build/obj/rtc_lld.o
 .ARM.attributes
                0x000008d0       0x39 build/obj/spi_lld.o
 .ARM.attributes
                0x00000909       0x39 build/obj/serial_lld.o
 .ARM.attributes
                0x00000942       0x39 build/obj/board.o
 .ARM.attributes
                0x0000097b       0x39 build/obj/chprintf.o
 .ARM.attributes
                0x000009b4       0x39 build/obj/chrtclib.o
 .ARM.attributes
                0x000009ed       0x39 build/obj/memstreams.o
 .ARM.attributes
                0x00000a26       0x39 build/obj/fatfs_diskio.o
 .ARM.attributes
                0x00000a5f       0x39 build/obj/ff.o
 .ARM.attributes
                0x00000a98       0x39 build/obj/kb_debug.o
 .ARM.attributes
                0x00000ad1       0x39 build/obj/glcdfont.o
 .ARM.attributes
                0x00000b0a       0x39 build/obj/kb_adc.o
 .ARM.attributes
                0x00000b43       0x39 build/obj/kb_buttons.o
 .ARM.attributes
                0x00000b7c       0x39 build/obj/kb_logger.o
 .ARM.attributes
                0x00000bb5       0x39 build/obj/kb_screen.o
 .ARM.attributes
                0x00000bee       0x39 build/obj/kb_time.o
 .ARM.attributes
                0x00000c27       0x39 build/obj/kb_gps.o
 .ARM.attributes
                0x00000c60       0x39 build/obj/kb_util.o
 .ARM.attributes
                0x00000c99       0x39 build/obj/kb_vectornav.o
 .ARM.attributes
                0x00000cd2       0x39 build/obj/kb_menu.o
 .ARM.attributes
                0x00000d0b       0x39 build/obj/main.o
 .ARM.attributes
                0x00000d44       0x39 build/obj/spiEEPROM.o
 .ARM.attributes
                0x00000d7d       0x39 build/obj/ST7565.o
 .ARM.attributes
                0x00000db6       0x2e c:/chibistudio/tools/gnu tools arm embedded/4.7 2013q1/bin/../lib/gcc/arm-none-eabi/4.7.3/../../../../arm-none-eabi/lib/armv7e-m\libm.a(lib_a-s_cos.o)
 .ARM.attributes
                0x00000de4       0x2e c:/chibistudio/tools/gnu tools arm embedded/4.7 2013q1/bin/../lib/gcc/arm-none-eabi/4.7.3/../../../../arm-none-eabi/lib/armv7e-m\libm.a(lib_a-s_sin.o)
 .ARM.attributes
                0x00000e12       0x2e c:/chibistudio/tools/gnu tools arm embedded/4.7 2013q1/bin/../lib/gcc/arm-none-eabi/4.7.3/../../../../arm-none-eabi/lib/armv7e-m\libm.a(lib_a-w_atan2.o)
 .ARM.attributes
                0x00000e40       0x2e c:/chibistudio/tools/gnu tools arm embedded/4.7 2013q1/bin/../lib/gcc/arm-none-eabi/4.7.3/../../../../arm-none-eabi/lib/armv7e-m\libm.a(lib_a-w_pow.o)
 .ARM.attributes
                0x00000e6e       0x2e c:/chibistudio/tools/gnu tools arm embedded/4.7 2013q1/bin/../lib/gcc/arm-none-eabi/4.7.3/../../../../arm-none-eabi/lib/armv7e-m\libm.a(lib_a-w_sqrt.o)
 .ARM.attributes
                0x00000e9c       0x2e c:/chibistudio/tools/gnu tools arm embedded/4.7 2013q1/bin/../lib/gcc/arm-none-eabi/4.7.3/../../../../arm-none-eabi/lib/armv7e-m\libm.a(lib_a-e_atan2.o)
 .ARM.attributes
                0x00000eca       0x2e c:/chibistudio/tools/gnu tools arm embedded/4.7 2013q1/bin/../lib/gcc/arm-none-eabi/4.7.3/../../../../arm-none-eabi/lib/armv7e-m\libm.a(lib_a-e_pow.o)
 .ARM.attributes
                0x00000ef8       0x2e c:/chibistudio/tools/gnu tools arm embedded/4.7 2013q1/bin/../lib/gcc/arm-none-eabi/4.7.3/../../../../arm-none-eabi/lib/armv7e-m\libm.a(lib_a-e_rem_pio2.o)
 .ARM.attributes
                0x00000f26       0x2e c:/chibistudio/tools/gnu tools arm embedded/4.7 2013q1/bin/../lib/gcc/arm-none-eabi/4.7.3/../../../../arm-none-eabi/lib/armv7e-m\libm.a(lib_a-e_sqrt.o)
 .ARM.attributes
                0x00000f54       0x2e c:/chibistudio/tools/gnu tools arm embedded/4.7 2013q1/bin/../lib/gcc/arm-none-eabi/4.7.3/../../../../arm-none-eabi/lib/armv7e-m\libm.a(lib_a-k_cos.o)
 .ARM.attributes
                0x00000f82       0x2e c:/chibistudio/tools/gnu tools arm embedded/4.7 2013q1/bin/../lib/gcc/arm-none-eabi/4.7.3/../../../../arm-none-eabi/lib/armv7e-m\libm.a(lib_a-k_rem_pio2.o)
 .ARM.attributes
                0x00000fb0       0x2e c:/chibistudio/tools/gnu tools arm embedded/4.7 2013q1/bin/../lib/gcc/arm-none-eabi/4.7.3/../../../../arm-none-eabi/lib/armv7e-m\libm.a(lib_a-k_sin.o)
 .ARM.attributes
                0x00000fde       0x2e c:/chibistudio/tools/gnu tools arm embedded/4.7 2013q1/bin/../lib/gcc/arm-none-eabi/4.7.3/../../../../arm-none-eabi/lib/armv7e-m\libm.a(lib_a-s_atan.o)
 .ARM.attributes
                0x0000100c       0x2e c:/chibistudio/tools/gnu tools arm embedded/4.7 2013q1/bin/../lib/gcc/arm-none-eabi/4.7.3/../../../../arm-none-eabi/lib/armv7e-m\libm.a(lib_a-s_fabs.o)
 .ARM.attributes
                0x0000103a       0x2e c:/chibistudio/tools/gnu tools arm embedded/4.7 2013q1/bin/../lib/gcc/arm-none-eabi/4.7.3/../../../../arm-none-eabi/lib/armv7e-m\libm.a(lib_a-s_finite.o)
 .ARM.attributes
                0x00001068       0x2e c:/chibistudio/tools/gnu tools arm embedded/4.7 2013q1/bin/../lib/gcc/arm-none-eabi/4.7.3/../../../../arm-none-eabi/lib/armv7e-m\libm.a(lib_a-s_floor.o)
 .ARM.attributes
                0x00001096       0x2e c:/chibistudio/tools/gnu tools arm embedded/4.7 2013q1/bin/../lib/gcc/arm-none-eabi/4.7.3/../../../../arm-none-eabi/lib/armv7e-m\libm.a(lib_a-s_fpclassify.o)
 .ARM.attributes
                0x000010c4       0x2e c:/chibistudio/tools/gnu tools arm embedded/4.7 2013q1/bin/../lib/gcc/arm-none-eabi/4.7.3/../../../../arm-none-eabi/lib/armv7e-m\libm.a(lib_a-s_lib_ver.o)
 .ARM.attributes