Archive member included because of file (symbol)

c:/chibistudio/tools/gnu tools arm embedded/4.7 2013q1/bin/../lib/gcc/arm-none-eabi/4.7.3/../../../../arm-none-eabi/lib/armv7e-m\libm.a(lib_a-s_cos.o)
                              build/obj/kb_gps.o (cos)
c:/chibistudio/tools/gnu tools arm embedded/4.7 2013q1/bin/../lib/gcc/arm-none-eabi/4.7.3/../../../../arm-none-eabi/lib/armv7e-m\libm.a(lib_a-s_sin.o)
                              build/obj/kb_gps.o (sin)
c:/chibistudio/tools/gnu tools arm embedded/4.7 2013q1/bin/../lib/gcc/arm-none-eabi/4.7.3/../../../../arm-none-eabi/lib/armv7e-m\libm.a(lib_a-w_atan2.o)
                              build/obj/kb_gps.o (atan2)
c:/chibistudio/tools/gnu tools arm embedded/4.7 2013q1/bin/../lib/gcc/arm-none-eabi/4.7.3/../../../../arm-none-eabi/lib/armv7e-m\libm.a(lib_a-w_pow.o)
                              build/obj/kb_gps.o (pow)
c:/chibistudio/tools/gnu tools arm embedded/4.7 2013q1/bin/../lib/gcc/arm-none-eabi/4.7.3/../../../../arm-none-eabi/lib/armv7e-m\libm.a(lib_a-w_sqrt.o)
                              build/obj/kb_gps.o (sqrt)
c:/chibistudio/tools/gnu tools arm embedded/4.7 2013q1/bin/../lib/gcc/arm-none-eabi/4.7.3/../../../../arm-none-eabi/lib/armv7e-m\libm.a(lib_a-e_atan2.o)
                              c:/chibistudio/tools/gnu tools arm embedded/4.7 2013q1/bin/../lib/gcc/arm-none-eabi/4.7.3/../../../../arm-none-eabi/lib/armv7e-m\libm.a(lib_a-w_atan2.o) (__ieee754_atan2)
c:/chibistudio/tools/gnu tools arm embedded/4.7 2013q1/bin/../lib/gcc/arm-none-eabi/4.7.3/../../../../arm-none-eabi/lib/armv7e-m\libm.a(lib_a-e_pow.o)
                              c:/chibistudio/tools/gnu tools arm embedded/4.7 2013q1/bin/../lib/gcc/arm-none-eabi/4.7.3/../../../../arm-none-eabi/lib/armv7e-m\libm.a(lib_a-w_pow.o) (__ieee754_pow)
c:/chibistudio/tools/gnu tools arm embedded/4.7 2013q1/bin/../lib/gcc/arm-none-eabi/4.7.3/../../../../arm-none-eabi/lib/armv7e-m\libm.a(lib_a-e_rem_pio2.o)
                              c:/chibistudio/tools/gnu tools arm embedded/4.7 2013q1/bin/../lib/gcc/arm-none-eabi/4.7.3/../../../../arm-none-eabi/lib/armv7e-m\libm.a(lib_a-s_cos.o) (__ieee754_rem_pio2)
c:/chibistudio/tools/gnu tools arm embedded/4.7 2013q1/bin/../lib/gcc/arm-none-eabi/4.7.3/../../../../arm-none-eabi/lib/armv7e-m\libm.a(lib_a-e_sqrt.o)
                              c:/chibistudio/tools/gnu tools arm embedded/4.7 2013q1/bin/../lib/gcc/arm-none-eabi/4.7.3/../../../../arm-none-eabi/lib/armv7e-m\libm.a(lib_a-w_sqrt.o) (__ieee754_sqrt)
c:/chibistudio/tools/gnu tools arm embedded/4.7 2013q1/bin/../lib/gcc/arm-none-eabi/4.7.3/../../../../arm-none-eabi/lib/armv7e-m\libm.a(lib_a-k_cos.o)
                              c:/chibistudio/tools/gnu tools arm embedded/4.7 2013q1/bin/../lib/gcc/arm-none-eabi/4.7.3/../../../../arm-none-eabi/lib/armv7e-m\libm.a(lib_a-s_cos.o) (__kernel_cos)
c:/chibistudio/tools/gnu tools arm embedded/4.7 2013q1/bin/../lib/gcc/arm-none-eabi/4.7.3/../../../../arm-none-eabi/lib/armv7e-m\libm.a(lib_a-k_rem_pio2.o)
                              c:/chibistudio/tools/gnu tools arm embedded/4.7 2013q1/bin/../lib/gcc/arm-none-eabi/4.7.3/../../../../arm-none-eabi/lib/armv7e-m\libm.a(lib_a-e_rem_pio2.o) (__kernel_rem_pio2)
c:/chibistudio/tools/gnu tools arm embedded/4.7 2013q1/bin/../lib/gcc/arm-none-eabi/4.7.3/../../../../arm-none-eabi/lib/armv7e-m\libm.a(lib_a-k_sin.o)
                              c:/chibistudio/tools/gnu tools arm embedded/4.7 2013q1/bin/../lib/gcc/arm-none-eabi/4.7.3/../../../../arm-none-eabi/lib/armv7e-m\libm.a(lib_a-s_cos.o) (__kernel_sin)
c:/chibistudio/tools/gnu tools arm embedded/4.7 2013q1/bin/../lib/gcc/arm-none-eabi/4.7.3/../../../../arm-none-eabi/lib/armv7e-m\libm.a(lib_a-s_atan.o)
                              c:/chibistudio/tools/gnu tools arm embedded/4.7 2013q1/bin/../lib/gcc/arm-none-eabi/4.7.3/../../../../arm-none-eabi/lib/armv7e-m\libm.a(lib_a-e_atan2.o) (atan)
c:/chibistudio/tools/gnu tools arm embedded/4.7 2013q1/bin/../lib/gcc/arm-none-eabi/4.7.3/../../../../arm-none-eabi/lib/armv7e-m\libm.a(lib_a-s_fabs.o)
                              c:/chibistudio/tools/gnu tools arm embedded/4.7 2013q1/bin/../lib/gcc/arm-none-eabi/4.7.3/../../../../arm-none-eabi/lib/armv7e-m\libm.a(lib_a-e_atan2.o) (fabs)
c:/chibistudio/tools/gnu tools arm embedded/4.7 2013q1/bin/../lib/gcc/arm-none-eabi/4.7.3/../../../../arm-none-eabi/lib/armv7e-m\libm.a(lib_a-s_finite.o)
                              c:/chibistudio/tools/gnu tools arm embedded/4.7 2013q1/bin/../lib/gcc/arm-none-eabi/4.7.3/../../../../arm-none-eabi/lib/armv7e-m\libm.a(lib_a-w_pow.o) (finite)
c:/chibistudio/tools/gnu tools arm embedded/4.7 2013q1/bin/../lib/gcc/arm-none-eabi/4.7.3/../../../../arm-none-eabi/lib/armv7e-m\libm.a(lib_a-s_floor.o)
                              c:/chibistudio/tools/gnu tools arm embedded/4.7 2013q1/bin/../lib/gcc/arm-none-eabi/4.7.3/../../../../arm-none-eabi/lib/armv7e-m\libm.a(lib_a-k_rem_pio2.o) (floor)
[...]
Memory Configuration

Name             Origin             Length             Attributes
flash            0x08000000         0x00100000
ram              0x20000000         0x0001c000
ethram           0x2001c000         0x00004000
ccmram           0x10000000         0x00010000
*default*        0x00000000         0xffffffff

Linker script and memory map

LOAD build/obj/kb_debug_asm.o
LOAD build/obj/crt0.o
LOAD build/obj/vectors.o
LOAD build/obj/chcore.o
LOAD build/obj/chcore_v7m.o
LOAD build/obj/nvic.o
LOAD build/obj/chsys.o
LOAD build/obj/chdebug.o
LOAD build/obj/chlists.o
LOAD build/obj/chvt.o
LOAD build/obj/chschd.o
LOAD build/obj/chthreads.o
LOAD build/obj/chdynamic.o
LOAD build/obj/chregistry.o
LOAD build/obj/chsem.o
LOAD build/obj/chmtx.o
LOAD build/obj/chcond.o
LOAD build/obj/chevents.o
LOAD build/obj/chmsg.o
LOAD build/obj/chmboxes.o
LOAD build/obj/chqueues.o
LOAD build/obj/chmemcore.o
LOAD build/obj/chheap.o
LOAD build/obj/chmempools.o
LOAD build/obj/hal.o
LOAD build/obj/adc.o
LOAD build/obj/can.o
LOAD build/obj/dac.o
LOAD build/obj/ext.o
LOAD build/obj/gpt.o
LOAD build/obj/i2c.o
LOAD build/obj/icu.o
LOAD build/obj/mac.o
LOAD build/obj/mmc_spi.o
LOAD build/obj/mmcsd.o
LOAD build/obj/pal.o
LOAD build/obj/pwm.o
LOAD build/obj/rtc.o
LOAD build/obj/sdc.o
LOAD build/obj/serial.o
LOAD build/obj/serial_usb.o
LOAD build/obj/spi.o
LOAD build/obj/tm.o
LOAD build/obj/uart.o
LOAD build/obj/usb.o
LOAD build/obj/stm32_dma.o
LOAD build/obj/hal_lld.o
LOAD build/obj/adc_lld.o
LOAD build/obj/ext_lld_isr.o
LOAD build/obj/can_lld.o
LOAD build/obj/ext_lld.o
LOAD build/obj/gpt_lld.o
LOAD build/obj/icu_lld.o
LOAD build/obj/mac_lld.o
LOAD build/obj/pwm_lld.o
LOAD build/obj/sdc_lld.o
LOAD build/obj/pal_lld.o
LOAD build/obj/i2c_lld.o
LOAD build/obj/usb_lld.o
LOAD build/obj/rtc_lld.o
LOAD build/obj/spi_lld.o
LOAD build/obj/serial_lld.o
LOAD build/obj/uart_lld.o
LOAD build/obj/board.o
LOAD build/obj/chprintf.o
LOAD build/obj/chrtclib.o
LOAD build/obj/memstreams.o
LOAD build/obj/fatfs_diskio.o
LOAD build/obj/ff.o
LOAD build/obj/glcdfont.o
LOAD build/obj/kb_adc.o
LOAD build/obj/kb_buttons.o
LOAD build/obj/kb_config.o
LOAD build/obj/kb_debug.o
LOAD build/obj/kb_featureA.o
LOAD build/obj/kb_gpio.o
LOAD build/obj/kb_gps.o
LOAD build/obj/kb_menu.o
LOAD build/obj/kb_screen.o
LOAD build/obj/kb_serial.o
LOAD build/obj/kb_time.o
LOAD build/obj/kb_util.o
LOAD build/obj/kb_vectornav.o
LOAD build/obj/kb_writer.o
LOAD build/obj/main.o
LOAD build/obj/spiEEPROM.o
LOAD build/obj/ST7565.o
LOAD c:/chibistudio/tools/gnu tools arm embedded/4.7 2013q1/bin/../lib/gcc/arm-none-eabi/4.7.3/../../../../arm-none-eabi/lib/armv7e-m\libm.a
START GROUP
LOAD c:/chibistudio/tools/gnu tools arm embedded/4.7 2013q1/bin/../lib/gcc/arm-none-eabi/4.7.3/armv7e-m\libgcc.a
LOAD c:/chibistudio/tools/gnu tools arm embedded/4.7 2013q1/bin/../lib/gcc/arm-none-eabi/4.7.3/../../../../arm-none-eabi/lib/armv7e-m\libc.a
END GROUP
                0x00000400                __main_stack_size__ = 0x400
                0x00000400                __process_stack_size__ = 0x400
                0x20000000                __ram_start__ = ORIGIN (ram)
                0x0001c000                __ram_size__ = 0x1c000
                0x2001c000                __ram_end__ = (__ram_start__ + __ram_size__)
                0x00000000                . = 0x0
                0x00000000                _text = .

startup         0x08000000      0x188
 *(vectors)
 vectors        0x08000000      0x188 build/obj/vectors.o
                0x08000000                _vectors

constructors    0x08000188        0x0
                0x08000188                PROVIDE (__init_array_start, .)
 *(SORT(.init_array.*))
 *(.init_array)
                0x08000188                PROVIDE (__init_array_end, .)

destructors     0x08000188        0x0
                0x08000188                PROVIDE (__fini_array_start, .)
 *(.fini_array)
 *(SORT(.fini_array.*))
                0x08000188                PROVIDE (__fini_array_end, .)

.text           0x08000190    0x15c04
 *(.text.startup.*)
 *(.text)
 .text          0x08000190       0x12 build/obj/kb_debug_asm.o
                0x08000190                HardFaultVector
 *fill*         0x080001a2        0xe 00
 .text          0x080001b0      0x370 c:/chibistudio/tools/gnu tools arm embedded/4.7 2013q1/bin/../lib/gcc/arm-none-eabi/4.7.3/armv7e-m\libgcc.a(_arm_addsubdf3.o)
                0x080001b0                __aeabi_drsub
                0x080001b8                __aeabi_dsub
                0x080001b8                __subdf3
                0x080001bc                __aeabi_dadd
                0x080001bc                __adddf3
                0x08000434                __floatunsidf
                0x08000434                __aeabi_ui2d
                0x08000454                __floatsidf
                0x08000454                __aeabi_i2d
                0x08000478                __aeabi_f2d
                0x08000478                __extendsfdf2
                0x080004b4                __floatundidf
                0x080004b4                __aeabi_ul2d
                0x080004c4                __floatdidf
                0x080004c4                __aeabi_l2d
 .text          0x08000520      0x424 c:/chibistudio/tools/gnu tools arm embedded/4.7 2013q1/bin/../lib/gcc/arm-none-eabi/4.7.3/armv7e-m\libgcc.a(_arm_muldivdf3.o)
                0x08000520                __aeabi_dmul
                0x08000520                __muldf3
                0x08000774                __divdf3
                0x08000774                __aeabi_ddiv
 *fill*         0x08000944        0xc 00
 .text          0x08000950      0x110 c:/chibistudio/tools/gnu tools arm embedded/4.7 2013q1/bin/../lib/gcc/arm-none-eabi/4.7.3/armv7e-m\libgcc.a(_arm_cmpdf2.o)
                0x08000950                __gtdf2
                0x08000950                __gedf2
                0x08000958                __ltdf2
                0x08000958                __ledf2
                0x08000960                __nedf2
                0x08000960                __eqdf2
                0x08000960                __cmpdf2
                0x080009dc                __aeabi_cdrcmple
                0x080009ec                __aeabi_cdcmpeq
                0x080009ec                __aeabi_cdcmple
                0x080009fc                __aeabi_dcmpeq
                0x08000a10                __aeabi_dcmplt
                0x08000a24                __aeabi_dcmple
                0x08000a38                __aeabi_dcmpge
                0x08000a4c                __aeabi_dcmpgt
 .text          0x08000a60       0x50 c:/chibistudio/tools/gnu tools arm embedded/4.7 2013q1/bin/../lib/gcc/arm-none-eabi/4.7.3/armv7e-m\libgcc.a(_arm_fixdfsi.o)
                0x08000a60                __aeabi_d2iz
                0x08000a60                __fixdfsi
 .text          0x08000ab0       0xa0 c:/chibistudio/tools/gnu tools arm embedded/4.7 2013q1/bin/../lib/gcc/arm-none-eabi/4.7.3/armv7e-m\libgcc.a(_arm_truncdfsf2.o)
                0x08000ab0                __truncdfsf2
                0x08000ab0                __aeabi_d2f
 *(.text.*)
 .text.__late_init
                0x08000b50       0x10 build/obj/crt0.o
                0x08000b50                __late_init
 .text._default_exit
                0x08000b60       0x10 build/obj/crt0.o
                0x08000b60                _default_exit
 .text.ResetHandler
                0x08000b70      0x130 build/obj/crt0.o
                0x08000b70                ResetHandler
 .text._unhandled_exception
                0x08000ca0       0x10 build/obj/vectors.o
                0x08000ca0                NMIVector
                0x08000ca0                Vector11C
                0x08000ca0                Vector8C
                0x08000ca0                VectorDC
                0x08000ca0                Vector168
                0x08000ca0                Vector110
                0x08000ca0                VectorC8
                0x08000ca0                Vector94
                0x08000ca0                VectorA8
                0x08000ca0                VectorB4
                0x08000ca0                Vector160
                0x08000ca0                VectorEC
                0x08000ca0                UsageFaultVector
                0x08000ca0                DebugMonitorVector
                0x08000ca0                Vector40
                0x08000ca0                VectorF8
                0x08000ca0                Vector108
                0x08000ca0                VectorBC
                0x08000ca0                Vector148
                0x08000ca0                PendSVVector
                0x08000ca0                Vector118
                0x08000ca0                VectorCC
                0x08000ca0                Vector54
                0x08000ca0                Vector98
                0x08000ca0                Vector24
                0x08000ca0                Vector178
                0x08000ca0                BusFaultVector
                0x08000ca0                VectorD0
                0x08000ca0                Vector140
                0x08000ca0                VectorC0
                0x08000ca0                Vector134
                0x08000ca0                VectorF0
                0x08000ca0                Vector13C
                0x08000ca0                Vector100
                0x08000ca0                MemManageVector
                0x08000ca0                VectorA0
                0x08000ca0                VectorC4
                0x08000ca0                Vector180
                0x08000ca0                VectorB0
                0x08000ca0                Vector90
                0x08000ca0                Vector114
                0x08000ca0                Vector164
                0x08000ca0                Vector1C
                0x08000ca0                Vector17C
                0x08000ca0                Vector48
                0x08000ca0                Vector16C
                0x08000ca0                Vector144
                0x08000ca0                _unhandled_exception
                0x08000ca0                Vector184
                0x08000ca0                Vector10C
                0x08000ca0                Vector14C
                0x08000ca0                Vector50
                0x08000ca0                Vector28
                0x08000ca0                VectorB8
                0x08000ca0                Vector34
                0x08000ca0                Vector20
                0x08000ca0                Vector174
 .text.port_halt
                0x08000cb0       0x10 build/obj/chcore.o
                0x08000cb0                port_halt
 .text.SysTickVector
                0x08000cc0       0x30 build/obj/chcore_v7m.o
                0x08000cc0                SysTickVector
 .text.SVCallVector
                0x08000cf0       0x50 build/obj/chcore_v7m.o
                0x08000cf0                SVCallVector
 .text._port_init
                0x08000d40       0x50 build/obj/chcore_v7m.o
                0x08000d40                _port_init
 .text._port_irq_epilogue
                0x08000d90       0xf0 build/obj/chcore_v7m.o
                0x08000d90                _port_irq_epilogue
 .text._port_switch_from_isr
                0x08000e80       0x10 build/obj/chcore_v7m.o
                0x08000e80                _port_switch_from_isr
 .text._port_switch
                0x08000e90       0x20 build/obj/chcore_v7m.o
                0x08000e90                _port_switch
 .text._port_thread_start
                0x08000eb0       0x20 build/obj/chcore_v7m.o
                0x08000eb0                _port_thread_start
 .text.nvicEnableVector
                0x08000ed0       0xb0 build/obj/nvic.o
                0x08000ed0                nvicEnableVector
 .text.nvicDisableVector
                0x08000f80       0x80 build/obj/nvic.o
                0x08000f80                nvicDisableVector
 .text.nvicSetSystemHandlerPriority
                0x08001000       0x60 build/obj/nvic.o
                0x08001000                nvicSetSystemHandlerPriority
 .text._idle_thread
                0x08001060       0x20 build/obj/chsys.o
                0x08001060                _idle_thread
 .text.chSysInit
                0x08001080       0xb0 build/obj/chsys.o
                0x08001080                chSysInit
 .text.chSysTimerHandlerI
                0x08001130       0xf0 build/obj/chsys.o
                0x08001130                chSysTimerHandlerI
 .text.dbg_check_disable
                0x08001220       0x30 build/obj/chdebug.o
                0x08001220                dbg_check_disable
 .text.dbg_check_enable
                0x08001250       0x30 build/obj/chdebug.o
                0x08001250                dbg_check_enable
 .text.dbg_check_lock
                0x08001280       0x40 build/obj/chdebug.o
                0x08001280                dbg_check_lock
 .text.dbg_check_unlock
                0x080012c0       0x40 build/obj/chdebug.o
                0x080012c0                dbg_check_unlock
 .text.dbg_check_lock_from_isr
                0x08001300       0x40 build/obj/chdebug.o
                0x08001300                dbg_check_lock_from_isr
 .text.dbg_check_unlock_from_isr
                0x08001340       0x40 build/obj/chdebug.o
                0x08001340                dbg_check_unlock_from_isr
 .text.dbg_check_enter_isr
                0x08001380       0x60 build/obj/chdebug.o
                0x08001380                dbg_check_enter_isr
 .text.dbg_check_leave_isr
                0x080013e0       0x60 build/obj/chdebug.o
                0x080013e0                dbg_check_leave_isr
 .text.chDbgCheckClassI
                0x08001440       0x30 build/obj/chdebug.o
                0x08001440                chDbgCheckClassI
 .text.chDbgCheckClassS
                0x08001470       0x30 build/obj/chdebug.o
                0x08001470                chDbgCheckClassS
 .text._trace_init
                0x080014a0       0x20 build/obj/chdebug.o
                0x080014a0                _trace_init
 .text.dbg_trace
                0x080014c0       0xa0 build/obj/chdebug.o
                0x080014c0                dbg_trace
 .text.chDbgPanic
                0x08001560       0x30 build/obj/chdebug.o
                0x08001560                chDbgPanic
 .text._vt_init
                0x08001590       0x50 build/obj/chvt.o
                0x08001590                _vt_init
 .text.chVTSetI
                0x080015e0       0xb0 build/obj/chvt.o
                0x080015e0                chVTSetI
 .text.chVTResetI
                0x08001690       0x80 build/obj/chvt.o
                0x08001690                chVTResetI
 .text.fifo_remove
                0x08001710       0x30 build/obj/chschd.o
 .text.dequeue  0x08001740       0x20 build/obj/chschd.o
 .text._scheduler_init
                0x08001760       0x60 build/obj/chschd.o
                0x08001760                _scheduler_init
 .text.chSchReadyI
                0x080017c0       0x80 build/obj/chschd.o
                0x080017c0                chSchReadyI
 .text.chSchGoSleepS
                0x08001840       0x90 build/obj/chschd.o
                0x08001840                chSchGoSleepS
 .text.wakeup   0x080018d0       0xa0 build/obj/chschd.o
 .text.chSchGoSleepTimeoutS
                0x08001970       0x70 build/obj/chschd.o
                0x08001970                chSchGoSleepTimeoutS
 .text.chSchWakeupS
                0x080019e0       0x90 build/obj/chschd.o
                0x080019e0                chSchWakeupS
 .text.chSchRescheduleS
                0x08001a70       0x30 build/obj/chschd.o
                0x08001a70                chSchRescheduleS
 .text.chSchDoRescheduleBehind
                0x08001aa0       0x80 build/obj/chschd.o
                0x08001aa0                chSchDoRescheduleBehind
 .text.chSchDoRescheduleAhead
                0x08001b20       0xc0 build/obj/chschd.o
                0x08001b20                chSchDoRescheduleAhead
 .text.chSchDoReschedule
                0x08001be0       0x20 build/obj/chschd.o
                0x08001be0                chSchDoReschedule
 .text.list_insert
                0x08001c00       0x20 build/obj/chthreads.o
 .text.list_remove
                0x08001c20       0x20 build/obj/chthreads.o
 .text._thread_init
                0x08001c40       0xc0 build/obj/chthreads.o
                0x08001c40                _thread_init
 .text._thread_memfill
                0x08001d00       0x30 build/obj/chthreads.o
                0x08001d00                _thread_memfill
 .text.chThdCreateI
                0x08001d30       0x80 build/obj/chthreads.o
                0x08001d30                chThdCreateI
 .text.chThdCreateStatic
                0x08001db0       0x80 build/obj/chthreads.o
                0x08001db0                chThdCreateStatic
 .text.chThdTerminate
                0x08001e30       0x40 build/obj/chthreads.o
                0x08001e30                chThdTerminate
 .text.chThdSleep
                0x08001e70       0x40 build/obj/chthreads.o
                0x08001e70                chThdSleep
 .text.chThdSleepUntil
                0x08001eb0       0x50 build/obj/chthreads.o
                0x08001eb0                chThdSleepUntil
 .text.chThdExit
                0x08001f00       0x20 build/obj/chthreads.o
                0x08001f00                chThdExit
 .text.chThdExitS
                0x08001f20       0x80 build/obj/chthreads.o
                0x08001f20                chThdExitS
 .text.chThdWait
                0x08001fa0       0xa0 build/obj/chthreads.o
                0x08001fa0                chThdWait
 .text.chThdRelease
                0x08002040       0xc0 build/obj/chdynamic.o
                0x08002040                chThdRelease
 .text.queue_insert
                0x08002100       0x30 build/obj/chsem.o
 .text.fifo_remove
                0x08002130       0x30 build/obj/chsem.o
 .text.chSemInit
                0x08002160       0x40 build/obj/chsem.o
                0x08002160                chSemInit
 .text.chSemWait
                0x080021a0       0x30 build/obj/chsem.o
                0x080021a0                chSemWait
 .text.chSemWaitS
                0x080021d0       0xb0 build/obj/chsem.o
                0x080021d0                chSemWaitS
 .text.chSemWaitTimeoutS
                0x08002280       0xc0 build/obj/chsem.o
                0x08002280                chSemWaitTimeoutS
 .text.chSemSignal
                0x08002340       0x90 build/obj/chsem.o
                0x08002340                chSemSignal
 .text.chSemSignalI
                0x080023d0       0x80 build/obj/chsem.o
                0x080023d0                chSemSignalI
 .text.prio_insert
                0x08002450       0x50 build/obj/chmtx.o
 .text.fifo_remove
                0x080024a0       0x30 build/obj/chmtx.o
 .text.dequeue  0x080024d0       0x20 build/obj/chmtx.o
 .text.chMtxInit
                0x080024f0       0x40 build/obj/chmtx.o
                0x080024f0                chMtxInit
 .text.chMtxLock
                0x08002530       0x30 build/obj/chmtx.o
                0x08002530                chMtxLock
 .text.chMtxLockS
                0x08002560      0x110 build/obj/chmtx.o
                0x08002560                chMtxLockS
 .text.chMtxUnlock
                0x08002670       0xf0 build/obj/chmtx.o
                0x08002670                chMtxUnlock
 .text.chEvtBroadcastFlagsI
                0x08002760       0x60 build/obj/chevents.o
                0x08002760                chEvtBroadcastFlagsI
 .text.chEvtSignalI
                0x080027c0       0x70 build/obj/chevents.o
                0x080027c0                chEvtSignalI
 .text.chMBInit
                0x08002830       0x70 build/obj/chmboxes.o
                0x08002830                chMBInit
 .text.chMBPostI
                0x080028a0       0x80 build/obj/chmboxes.o
                0x080028a0                chMBPostI
 .text.chMBFetch
                0x08002920       0x40 build/obj/chmboxes.o
                0x08002920                chMBFetch
 .text.chMBFetchS
                0x08002960       0x80 build/obj/chmboxes.o
                0x08002960                chMBFetchS
 .text.queue_insert
                0x080029e0       0x30 build/obj/chqueues.o
 .text.fifo_remove
                0x08002a10       0x30 build/obj/chqueues.o
 .text.qwait    0x08002a40       0x50 build/obj/chqueues.o
 .text.chIQInit
                0x08002a90       0x50 build/obj/chqueues.o
                0x08002a90                chIQInit
 .text.chIQResetI
                0x08002ae0       0x50 build/obj/chqueues.o
                0x08002ae0                chIQResetI
 .text.chIQPutI
                0x08002b30       0xa0 build/obj/chqueues.o
                0x08002b30                chIQPutI
 .text.chIQGetTimeout
                0x08002bd0       0xa0 build/obj/chqueues.o
                0x08002bd0                chIQGetTimeout
 .text.chIQReadTimeout
                0x08002c70       0xe0 build/obj/chqueues.o
                0x08002c70                chIQReadTimeout
 .text.chOQInit
                0x08002d50       0x50 build/obj/chqueues.o
                0x08002d50                chOQInit
 .text.chOQResetI
                0x08002da0       0x60 build/obj/chqueues.o
                0x08002da0                chOQResetI
 .text.chOQPutTimeout
                0x08002e00       0xa0 build/obj/chqueues.o
                0x08002e00                chOQPutTimeout
 .text.chOQGetI
                0x08002ea0       0xa0 build/obj/chqueues.o
                0x08002ea0                chOQGetI
 .text.chOQWriteTimeout
                0x08002f40       0xe0 build/obj/chqueues.o
                0x08002f40                chOQWriteTimeout
 .text._core_init
                0x08003020       0x40 build/obj/chmemcore.o
                0x08003020                _core_init
 .text.chCoreAlloc
                0x08003060       0x30 build/obj/chmemcore.o
                0x08003060                chCoreAlloc
 .text.chCoreAllocI
                0x08003090       0x70 build/obj/chmemcore.o
                0x08003090                chCoreAllocI
 .text._heap_init
                0x08003100       0x40 build/obj/chheap.o
                0x08003100                _heap_init
 .text.chHeapFree
                0x08003140      0x110 build/obj/chheap.o
                0x08003140                chHeapFree
 .text.chPoolFreeI
                0x08003250       0x40 build/obj/chmempools.o
                0x08003250                chPoolFreeI
 .text.chPoolFree
                0x08003290       0x30 build/obj/chmempools.o
                0x08003290                chPoolFree
 .text.halInit  0x080032c0       0x40 build/obj/hal.o
                0x080032c0                halInit
 .text.adcInit  0x08003300       0x10 build/obj/adc.o
                0x08003300                adcInit
 .text.adcObjectInit
                0x08003310       0x50 build/obj/adc.o
                0x08003310                adcObjectInit
 .text.adcStart
                0x08003360       0x70 build/obj/adc.o
                0x08003360                adcStart
 .text.adcStop  0x080033d0       0x60 build/obj/adc.o
                0x080033d0                adcStop
 .text.adcStartConversionI
                0x08003430       0x90 build/obj/adc.o
                0x08003430                adcStartConversionI
 .text.adcStopConversion
                0x080034c0       0x90 build/obj/adc.o
                0x080034c0                adcStopConversion
 .text.extInit  0x08003550       0x10 build/obj/ext.o
                0x08003550                extInit
 .text.extObjectInit
                0x08003560       0x20 build/obj/ext.o
                0x08003560                extObjectInit
 .text.extStart
                0x08003580       0x70 build/obj/ext.o
                0x08003580                extStart
 .text.extStop  0x080035f0       0x60 build/obj/ext.o
                0x080035f0                extStop
 .text.gptInit  0x08003650       0x10 build/obj/gpt.o
                0x08003650                gptInit
 .text.gptObjectInit
                0x08003660       0x20 build/obj/gpt.o
                0x08003660                gptObjectInit
 .text.gptStart
                0x08003680       0x70 build/obj/gpt.o
                0x08003680                gptStart
 .text.gptStop  0x080036f0       0x60 build/obj/gpt.o
                0x080036f0                gptStop
 .text.gptStartOneShotI
                0x08003750       0x50 build/obj/gpt.o
                0x08003750                gptStartOneShotI
 .text.gptPolledDelay
                0x080037a0       0x40 build/obj/gpt.o
                0x080037a0                gptPolledDelay
 .text.icuInit  0x080037e0       0x10 build/obj/icu.o
                0x080037e0                icuInit
 .text.icuObjectInit
                0x080037f0       0x20 build/obj/icu.o
                0x080037f0                icuObjectInit
 .text.mmcsd_get_slice
                0x08003810       0xb0 build/obj/mmcsd.o
 .text.mmcsdGetCapacity
                0x080038c0       0x90 build/obj/mmcsd.o
                0x080038c0                mmcsdGetCapacity
 .text.rtcInit  0x08003950       0x10 build/obj/rtc.o
                0x08003950                rtcInit
 .text.rtcSetTime
                0x08003960       0x50 build/obj/rtc.o
                0x08003960                rtcSetTime
 .text.rtcGetTime
                0x080039b0       0x50 build/obj/rtc.o
                0x080039b0                rtcGetTime
 .text.rtcGetTimeFat
                0x08003a00       0x30 build/obj/rtc.o
                0x08003a00                rtcGetTimeFat
 .text._sdc_wait_for_transfer_state
                0x08003a30       0x70 build/obj/sdc.o
                0x08003a30                _sdc_wait_for_transfer_state
 .text.sdcInit  0x08003aa0       0x10 build/obj/sdc.o
                0x08003aa0                sdcInit
 .text.sdcObjectInit
                0x08003ab0       0x40 build/obj/sdc.o
                0x08003ab0                sdcObjectInit
 .text.sdcStart
                0x08003af0       0x70 build/obj/sdc.o
                0x08003af0                sdcStart
 .text.sdcStop  0x08003b60       0x60 build/obj/sdc.o
                0x08003b60                sdcStop
 .text.sdcConnect
                0x08003bc0      0x2b0 build/obj/sdc.o
                0x08003bc0                sdcConnect
 .text.sdcDisconnect
                0x08003e70       0xb0 build/obj/sdc.o
                0x08003e70                sdcDisconnect
 .text.sdcRead  0x08003f20       0x90 build/obj/sdc.o
                0x08003f20                sdcRead
 .text.sdcWrite
                0x08003fb0       0x90 build/obj/sdc.o
                0x08003fb0                sdcWrite
 .text.sdcSync  0x08004040       0x50 build/obj/sdc.o
                0x08004040                sdcSync
 .text.sdcGetInfo
                0x08004090       0x50 build/obj/sdc.o
                0x08004090                sdcGetInfo
 .text.write    0x080040e0       0x30 build/obj/serial.o
 .text.read     0x08004110       0x30 build/obj/serial.o
 .text.put      0x08004140       0x30 build/obj/serial.o
 .text.get      0x08004170       0x20 build/obj/serial.o
 .text.putt     0x08004190       0x30 build/obj/serial.o
 .text.gett     0x080041c0       0x20 build/obj/serial.o
 .text.writet   0x080041e0       0x30 build/obj/serial.o
 .text.readt    0x08004210       0x30 build/obj/serial.o
 .text.sdInit   0x08004240       0x10 build/obj/serial.o
                0x08004240                sdInit
 .text.sdObjectInit
                0x08004250       0x70 build/obj/serial.o
                0x08004250                sdObjectInit
 .text.sdStart  0x080042c0       0x70 build/obj/serial.o
                0x080042c0                sdStart
 .text.sdStop   0x08004330       0x80 build/obj/serial.o
                0x08004330                sdStop
 .text.sdIncomingDataI
                0x080043b0       0x70 build/obj/serial.o
                0x080043b0                sdIncomingDataI
 .text.spiInit  0x08004420       0x10 build/obj/spi.o
                0x08004420                spiInit
 .text.spiObjectInit
                0x08004430       0x30 build/obj/spi.o
                0x08004430                spiObjectInit
 .text.spiStart
                0x08004460       0x70 build/obj/spi.o
                0x08004460                spiStart
 .text.spiStop  0x080044d0       0x60 build/obj/spi.o
                0x080044d0                spiStop
 .text.spiSelect
                0x08004530       0x50 build/obj/spi.o
                0x08004530                spiSelect
 .text.spiUnselect
                0x08004580       0x50 build/obj/spi.o
                0x08004580                spiUnselect
 .text.Vector6C
                0x080045d0       0x60 build/obj/stm32_dma.o
                0x080045d0                Vector6C
 .text.Vector70
                0x08004630       0x60 build/obj/stm32_dma.o
                0x08004630                Vector70
 .text.Vector74
                0x08004690       0x60 build/obj/stm32_dma.o
                0x08004690                Vector74
 .text.Vector78
                0x080046f0       0x60 build/obj/stm32_dma.o
                0x080046f0                Vector78
 .text.Vector7C
                0x08004750       0x60 build/obj/stm32_dma.o
                0x08004750                Vector7C
 .text.Vector80
                0x080047b0       0x60 build/obj/stm32_dma.o
                0x080047b0                Vector80
 .text.Vector84
                0x08004810       0x60 build/obj/stm32_dma.o
                0x08004810                Vector84
 .text.VectorFC
                0x08004870       0x60 build/obj/stm32_dma.o
                0x08004870                VectorFC
 .text.Vector120
                0x080048d0       0x60 build/obj/stm32_dma.o
                0x080048d0                Vector120
 .text.Vector124
                0x08004930       0x60 build/obj/stm32_dma.o
                0x08004930                Vector124
 .text.Vector128
                0x08004990       0x60 build/obj/stm32_dma.o
                0x08004990                Vector128
 .text.Vector12C
                0x080049f0       0x60 build/obj/stm32_dma.o
                0x080049f0                Vector12C
 .text.Vector130
                0x08004a50       0x60 build/obj/stm32_dma.o
                0x08004a50                Vector130
 .text.Vector150
                0x08004ab0       0x60 build/obj/stm32_dma.o
                0x08004ab0                Vector150
 .text.Vector154
                0x08004b10       0x60 build/obj/stm32_dma.o
                0x08004b10                Vector154
 .text.Vector158
                0x08004b70       0x60 build/obj/stm32_dma.o
                0x08004b70                Vector158
 .text.dmaInit  0x08004bd0       0xa0 build/obj/stm32_dma.o
                0x08004bd0                dmaInit
 .text.dmaStreamAllocate
                0x08004c70      0x150 build/obj/stm32_dma.o
                0x08004c70                dmaStreamAllocate
 .text.dmaStreamRelease
                0x08004dc0       0xd0 build/obj/stm32_dma.o
                0x08004dc0                dmaStreamRelease
 .text.hal_lld_backup_domain_init
                0x08004e90       0xd0 build/obj/hal_lld.o
 .text.hal_lld_init
                0x08004f60      0x120 build/obj/hal_lld.o
                0x08004f60                hal_lld_init
 .text.stm32_clock_init
                0x08005080      0x1f0 build/obj/hal_lld.o
                0x08005080                stm32_clock_init
 .text.adc_lld_serve_rx_interrupt
                0x08005270      0x210 build/obj/adc_lld.o
 .text.Vector88
                0x08005480      0x320 build/obj/adc_lld.o
                0x08005480                Vector88
 .text.adc_lld_init
                0x080057a0       0xd0 build/obj/adc_lld.o
                0x080057a0                adc_lld_init
 .text.adc_lld_start
                0x08005870      0x190 build/obj/adc_lld.o
                0x08005870                adc_lld_start
 .text.adc_lld_stop
                0x08005a00       0xb0 build/obj/adc_lld.o
                0x08005a00                adc_lld_stop
 .text.adc_lld_start_conversion
                0x08005ab0      0x100 build/obj/adc_lld.o
                0x08005ab0                adc_lld_start_conversion
 .text.adc_lld_stop_conversion
                0x08005bb0       0x60 build/obj/adc_lld.o
                0x08005bb0                adc_lld_stop_conversion
 .text.adcSTM32EnableTSVREFE
                0x08005c10       0x20 build/obj/adc_lld.o
                0x08005c10                adcSTM32EnableTSVREFE
 .text.adcSTM32EnableVBATE
                0x08005c30       0x20 build/obj/adc_lld.o
                0x08005c30                adcSTM32EnableVBATE
 .text.Vector58
                0x08005c50       0x40 build/obj/ext_lld_isr.o
                0x08005c50                Vector58
 .text.Vector5C
                0x08005c90       0x40 build/obj/ext_lld_isr.o
                0x08005c90                Vector5C
 .text.Vector60
                0x08005cd0       0x40 build/obj/ext_lld_isr.o
                0x08005cd0                Vector60
 .text.Vector64
                0x08005d10       0x40 build/obj/ext_lld_isr.o
                0x08005d10                Vector64
 .text.Vector68
                0x08005d50       0x40 build/obj/ext_lld_isr.o
                0x08005d50                Vector68
 .text.Vector9C
                0x08005d90       0xf0 build/obj/ext_lld_isr.o
                0x08005d90                Vector9C
 .text.VectorE0
                0x08005e80      0x110 build/obj/ext_lld_isr.o
                0x08005e80                VectorE0
 .text.Vector44
                0x08005f90       0x40 build/obj/ext_lld_isr.o
                0x08005f90                Vector44
 .text.VectorE4
                0x08005fd0       0x40 build/obj/ext_lld_isr.o
                0x08005fd0                VectorE4
 .text.VectorE8
                0x08006010       0x40 build/obj/ext_lld_isr.o
                0x08006010                VectorE8
 .text.Vector138
                0x08006050       0x40 build/obj/ext_lld_isr.o
                0x08006050                Vector138
 .text.Vector170
                0x08006090       0x40 build/obj/ext_lld_isr.o
                0x08006090                Vector170
 .text.Vector4C
                0x080060d0       0x40 build/obj/ext_lld_isr.o
                0x080060d0                Vector4C
 .text.ext_lld_exti_irq_enable
                0x08006110       0xb0 build/obj/ext_lld_isr.o
                0x08006110                ext_lld_exti_irq_enable
 .text.ext_lld_exti_irq_disable
                0x080061c0       0x80 build/obj/ext_lld_isr.o
                0x080061c0                ext_lld_exti_irq_disable
 .text.ext_lld_init
                0x08006240       0x10 build/obj/ext_lld.o
                0x08006240                ext_lld_init
 .text.ext_lld_start
                0x08006250       0x50 build/obj/ext_lld.o
                0x08006250                ext_lld_start
 .text.ext_lld_stop
                0x080062a0       0x40 build/obj/ext_lld.o
                0x080062a0                ext_lld_stop
 .text.ext_lld_channel_enable
                0x080062e0      0x1d0 build/obj/ext_lld.o
                0x080062e0                ext_lld_channel_enable
 .text.ext_lld_channel_disable
                0x080064b0       0xb0 build/obj/ext_lld.o
                0x080064b0                ext_lld_channel_disable
 .text.gpt_lld_serve_interrupt
                0x08006560       0x40 build/obj/gpt_lld.o
 .text.VectorF4
                0x080065a0       0x20 build/obj/gpt_lld.o
                0x080065a0                VectorF4
 .text.gpt_lld_init
                0x080065c0       0x30 build/obj/gpt_lld.o
                0x080065c0                gpt_lld_init
 .text.gpt_lld_start
                0x080065f0       0xe0 build/obj/gpt_lld.o
                0x080065f0                gpt_lld_start
 .text.gpt_lld_stop
                0x080066d0       0x60 build/obj/gpt_lld.o
                0x080066d0                gpt_lld_stop
 .text.gpt_lld_start_timer
                0x08006730       0x50 build/obj/gpt_lld.o
                0x08006730                gpt_lld_start_timer
 .text.gpt_lld_stop_timer
                0x08006780       0x30 build/obj/gpt_lld.o
                0x08006780                gpt_lld_stop_timer
 .text.gpt_lld_polled_delay
                0x080067b0       0x50 build/obj/gpt_lld.o
                0x080067b0                gpt_lld_polled_delay
 .text.icu_lld_serve_interrupt
                0x08006800       0xf0 build/obj/icu_lld.o
 .text.VectorA4
                0x080068f0       0x20 build/obj/icu_lld.o
                0x080068f0                VectorA4
 .text.VectorAC
                0x08006910       0x20 build/obj/icu_lld.o
                0x08006910                VectorAC
 .text.icu_lld_init
                0x08006930       0x30 build/obj/icu_lld.o
                0x08006930                icu_lld_init
 .text.sdc_lld_prepare_read
                0x08006960       0x90 build/obj/sdc_lld.o
 .text.sdc_lld_prepare_write
                0x080069f0       0x90 build/obj/sdc_lld.o
 .text.sdc_lld_wait_transaction_end
                0x08006a80      0x100 build/obj/sdc_lld.o
 .text.sdc_lld_collect_errors
                0x08006b80       0xa0 build/obj/sdc_lld.o
 .text.sdc_lld_error_cleanup
                0x08006c20       0xc0 build/obj/sdc_lld.o
 .text.Vector104
                0x08006ce0       0x70 build/obj/sdc_lld.o
                0x08006ce0                Vector104
 .text.sdc_lld_init
                0x08006d50       0x40 build/obj/sdc_lld.o
                0x08006d50                sdc_lld_init
 .text.sdc_lld_start
                0x08006d90       0xe0 build/obj/sdc_lld.o
                0x08006d90                sdc_lld_start
 .text.sdc_lld_stop
                0x08006e70       0x80 build/obj/sdc_lld.o
                0x08006e70                sdc_lld_stop
 .text.sdc_lld_start_clk
                0x08006ef0       0x50 build/obj/sdc_lld.o
                0x08006ef0                sdc_lld_start_clk
 .text.sdc_lld_set_data_clk
                0x08006f40       0x20 build/obj/sdc_lld.o
                0x08006f40                sdc_lld_set_data_clk
 .text.sdc_lld_stop_clk
                0x08006f60       0x30 build/obj/sdc_lld.o
                0x08006f60                sdc_lld_stop_clk
 .text.sdc_lld_set_bus_mode
                0x08006f90       0x60 build/obj/sdc_lld.o
                0x08006f90                sdc_lld_set_bus_mode
 .text.sdc_lld_send_cmd_none
                0x08006ff0       0x50 build/obj/sdc_lld.o
                0x08006ff0                sdc_lld_send_cmd_none
 .text.sdc_lld_send_cmd_short
                0x08007040       0x90 build/obj/sdc_lld.o
                0x08007040                sdc_lld_send_cmd_short
 .text.sdc_lld_send_cmd_short_crc
                0x080070d0       0x90 build/obj/sdc_lld.o
                0x080070d0                sdc_lld_send_cmd_short_crc
 .text.sdc_lld_send_cmd_long_crc
                0x08007160       0xd0 build/obj/sdc_lld.o
                0x08007160                sdc_lld_send_cmd_long_crc
 .text.sdc_lld_read_aligned
                0x08007230      0x110 build/obj/sdc_lld.o
                0x08007230                sdc_lld_read_aligned
 .text.sdc_lld_write_aligned
                0x08007340      0x110 build/obj/sdc_lld.o
                0x08007340                sdc_lld_write_aligned
 .text.sdc_lld_read
                0x08007450       0xa0 build/obj/sdc_lld.o
                0x08007450                sdc_lld_read
 .text.sdc_lld_write
                0x080074f0       0xa0 build/obj/sdc_lld.o
                0x080074f0                sdc_lld_write
 .text.sdc_lld_sync
                0x08007590       0x10 build/obj/sdc_lld.o
                0x08007590                sdc_lld_sync
 .text.initgpio
                0x080075a0       0x50 build/obj/pal_lld.o
 .text._pal_lld_init
                0x080075f0      0x100 build/obj/pal_lld.o
                0x080075f0                _pal_lld_init
 .text.rtc_lld_init
                0x080076f0       0xe0 build/obj/rtc_lld.o
                0x080076f0                rtc_lld_init
 .text.rtc_lld_set_time
                0x080077d0       0xc0 build/obj/rtc_lld.o
                0x080077d0                rtc_lld_set_time
 .text.rtc_lld_get_time
                0x08007890       0x90 build/obj/rtc_lld.o
                0x08007890                rtc_lld_get_time
 .text.rtc_lld_get_time_fat
                0x08007920      0x190 build/obj/rtc_lld.o
                0x08007920                rtc_lld_get_time_fat
 .text.spi_lld_serve_rx_interrupt
                0x08007ab0      0x110 build/obj/spi_lld.o
 .text.spi_lld_serve_tx_interrupt
                0x08007bc0       0x30 build/obj/spi_lld.o
 .text.spi_lld_init
                0x08007bf0       0xe0 build/obj/spi_lld.o
                0x08007bf0                spi_lld_init
 .text.spi_lld_start
                0x08007cd0      0x1d0 build/obj/spi_lld.o
                0x08007cd0                spi_lld_start
 .text.spi_lld_stop
                0x08007ea0       0x90 build/obj/spi_lld.o
                0x08007ea0                spi_lld_stop
 .text.spi_lld_select
                0x08007f30       0x20 build/obj/spi_lld.o
                0x08007f30                spi_lld_select
 .text.spi_lld_unselect
                0x08007f50       0x20 build/obj/spi_lld.o
                0x08007f50                spi_lld_unselect
 .text.spi_lld_send
                0x08007f70       0x80 build/obj/spi_lld.o
                0x08007f70                spi_lld_send
 .text.spi_lld_receive
                0x08007ff0       0x80 build/obj/spi_lld.o
                0x08007ff0                spi_lld_receive
 .text.spi_lld_polled_exchange
                0x08008070       0x40 build/obj/spi_lld.o
                0x08008070                spi_lld_polled_exchange
 .text.usart_init
                0x080080b0       0xb0 build/obj/serial_lld.o
 .text.usart_deinit
                0x08008160       0x20 build/obj/serial_lld.o
 .text.set_error
                0x08008180       0x90 build/obj/serial_lld.o
 .text.serve_interrupt
                0x08008210      0x180 build/obj/serial_lld.o
 .text.notify1  0x08008390       0x30 build/obj/serial_lld.o
 .text.notify2  0x080083c0       0x30 build/obj/serial_lld.o
 .text.notify6  0x080083f0       0x30 build/obj/serial_lld.o
 .text.VectorD4
                0x08008420       0x20 build/obj/serial_lld.o
                0x08008420                VectorD4
 .text.VectorD8
                0x08008440       0x20 build/obj/serial_lld.o
                0x08008440                VectorD8
 .text.Vector15C
                0x08008460       0x20 build/obj/serial_lld.o
                0x08008460                Vector15C
 .text.sd_lld_init
                0x08008480       0x90 build/obj/serial_lld.o
                0x08008480                sd_lld_init
 .text.sd_lld_start
                0x08008510       0xd0 build/obj/serial_lld.o
                0x08008510                sd_lld_start
 .text.sd_lld_stop
                0x080085e0       0xb0 build/obj/serial_lld.o
                0x080085e0                sd_lld_stop
 .text.__early_init
                0x08008690       0x10 build/obj/board.o
                0x08008690                __early_init
 .text.sdc_lld_is_card_inserted
                0x080086a0       0x30 build/obj/board.o
                0x080086a0                sdc_lld_is_card_inserted
 .text.sdc_lld_is_write_protected
                0x080086d0       0x30 build/obj/board.o
                0x080086d0                sdc_lld_is_write_protected
 .text.boardInit
                0x08008700       0x10 build/obj/board.o
                0x08008700                boardInit
 .text.long_to_string_with_divisor
                0x08008710       0xc0 build/obj/chprintf.o
 .text.ltoa     0x080087d0       0x20 build/obj/chprintf.o
 .text.ftoa     0x080087f0       0xb0 build/obj/chprintf.o
 .text.chprintf
                0x080088a0      0x520 build/obj/chprintf.o
                0x080088a0                chprintf
 .text.stm32_rtc_bcd2tm
                0x08008dc0      0x1f0 build/obj/chrtclib.o
 .text.stm32_rtc_tm2bcd
                0x08008fb0      0x270 build/obj/chrtclib.o
 .text.rtcGetTimeTm
                0x08009220       0x40 build/obj/chrtclib.o
                0x08009220                rtcGetTimeTm
 .text.rtcSetTimeTm
                0x08009260       0x40 build/obj/chrtclib.o
                0x08009260                rtcSetTimeTm
 .text.writes   0x080092a0       0x60 build/obj/memstreams.o
 .text.reads    0x08009300       0x60 build/obj/memstreams.o
 .text.put      0x08009360       0x50 build/obj/memstreams.o
 .text.get      0x080093b0       0x40 build/obj/memstreams.o
 .text.msObjectInit
                0x080093f0       0x40 build/obj/memstreams.o
                0x080093f0                msObjectInit
 .text.disk_initialize
                0x08009430       0x70 build/obj/fatfs_diskio.o
                0x08009430                disk_initialize
 .text.disk_status
                0x080094a0       0x70 build/obj/fatfs_diskio.o
                0x080094a0                disk_status
 .text.disk_read
                0x08009510       0x60 build/obj/fatfs_diskio.o
                0x08009510                disk_read
 .text.disk_write
                0x08009570       0x60 build/obj/fatfs_diskio.o
                0x08009570                disk_write
 .text.disk_ioctl
                0x080095d0       0x80 build/obj/fatfs_diskio.o
                0x080095d0                disk_ioctl
 .text.get_fattime
                0x08009650       0x20 build/obj/fatfs_diskio.o
                0x08009650                get_fattime
 .text.mem_cpy  0x08009670       0x50 build/obj/ff.o
 .text.mem_set  0x080096c0       0x40 build/obj/ff.o
 .text.mem_cmp  0x08009700       0x70 build/obj/ff.o
 .text.chk_chr  0x08009770       0x30 build/obj/ff.o
 .text.sync_window
                0x080097a0       0xa0 build/obj/ff.o
 .text.move_window
                0x08009840       0x60 build/obj/ff.o
 .text.sync_fs  0x080098a0      0x180 build/obj/ff.o
 .text.clust2sect
                0x08009a20       0x40 build/obj/ff.o
                0x08009a20                clust2sect
 .text.get_fat  0x08009a60      0x1a0 build/obj/ff.o
                0x08009a60                get_fat
 .text.put_fat  0x08009c00      0x280 build/obj/ff.o
                0x08009c00                put_fat
 .text.remove_chain
                0x08009e80       0xc0 build/obj/ff.o
 .text.create_chain
                0x08009f40      0x130 build/obj/ff.o
 .text.dir_sdi  0x0800a070      0x130 build/obj/ff.o
 .text.dir_next
                0x0800a1a0      0x1f0 build/obj/ff.o
 .text.dir_alloc
                0x0800a390       0xa0 build/obj/ff.o
 .text.ld_clust
                0x0800a430       0x60 build/obj/ff.o
 .text.st_clust
                0x0800a490       0x60 build/obj/ff.o
 .text.dir_find
                0x0800a4f0       0xc0 build/obj/ff.o
 .text.dir_register
                0x0800a5b0       0x80 build/obj/ff.o
 .text.create_name
                0x0800a630      0x200 build/obj/ff.o
 .text.follow_path
                0x0800a830      0x100 build/obj/ff.o
 .text.check_fs
                0x0800a930       0xe0 build/obj/ff.o
 .text.chk_mounted
                0x0800aa10      0x630 build/obj/ff.o
 .text.validate
                0x0800b040       0x60 build/obj/ff.o
 .text.f_mount  0x0800b0a0       0x70 build/obj/ff.o
                0x0800b0a0                f_mount
 .text.f_open   0x0800b110      0x2e0 build/obj/ff.o
                0x0800b110                f_open
 .text.f_write  0x0800b3f0      0x360 build/obj/ff.o
                0x0800b3f0                f_write
 .text.f_sync   0x0800b750      0x190 build/obj/ff.o
                0x0800b750                f_sync
 .text.f_close  0x0800b8e0       0x30 build/obj/ff.o
                0x0800b8e0                f_close
 .text.f_opendir
                0x0800b910       0xe0 build/obj/ff.o
                0x0800b910                f_opendir
 .text.f_getfree
                0x0800b9f0      0x1d0 build/obj/ff.o
                0x0800b9f0                f_getfree
 .text.f_mkdir  0x0800bbc0      0x290 build/obj/ff.o
                0x0800bbc0                f_mkdir
 .text.adc_make_avg
                0x0800be50       0x60 build/obj/kb_adc.o
                0x0800be50                adc_make_avg
 .text.adc_cb   0x0800beb0       0xa0 build/obj/kb_adc.o
                0x0800beb0                adc_cb
 .text.adc_trigger_cb
                0x0800bf50       0x60 build/obj/kb_adc.o
                0x0800bf50                adc_trigger_cb
 .text.kuroBoxADCInit
                0x0800bfb0       0x60 build/obj/kb_adc.o
                0x0800bfb0                kuroBoxADCInit
 .text.kuroBoxADCStop
                0x0800c010       0x60 build/obj/kb_adc.o
                0x0800c010                kuroBoxADCStop
 .text.on_btn0  0x0800c070       0x30 build/obj/kb_buttons.o
 .text.on_btn1  0x0800c0a0       0x30 build/obj/kb_buttons.o
 .text.kuroBoxButtonsInit
                0x0800c0d0       0x50 build/obj/kb_buttons.o
                0x0800c0d0                kuroBoxButtonsInit
 .text.kuroBoxButtonsStop
                0x0800c120       0x10 build/obj/kb_buttons.o
                0x0800c120                kuroBoxButtonsStop
 .text.btn_0_exti_cb
                0x0800c130       0x60 build/obj/kb_buttons.o
                0x0800c130                btn_0_exti_cb
 .text.btn_1_exti_cb
                0x0800c190       0x60 build/obj/kb_buttons.o
                0x0800c190                btn_1_exti_cb
 .text.kbc_save
                0x0800c1f0       0xb0 build/obj/kb_config.o
                0x0800c1f0                kbc_save
 .text.kbc_load
                0x0800c2a0       0xc0 build/obj/kb_config.o
                0x0800c2a0                kbc_load
 .text.check_offset
                0x0800c360       0x30 build/obj/kb_config.o
 .text.calc_cs  0x0800c390       0x20 build/obj/kb_config.o
 .text.kbc_read
                0x0800c3b0       0x40 build/obj/kb_config.o
                0x0800c3b0                kbc_read
 .text.kbc_write
                0x0800c3f0       0x50 build/obj/kb_config.o
                0x0800c3f0                kbc_write
 .text.kuroBoxConfigInit
                0x0800c440       0x90 build/obj/kb_config.o
                0x0800c440                kuroBoxConfigInit
 .text.kuroBoxConfigStop
                0x0800c4d0       0x10 build/obj/kb_config.o
                0x0800c4d0                kuroBoxConfigStop
 .text.hard_fault_handler_c
                0x0800c4e0      0x170 build/obj/kb_debug.o
                0x0800c4e0                hard_fault_handler_c
 .text.thFeatureA
                0x0800c650      0x240 build/obj/kb_featureA.o
 .text.kbfa_getFeature
                0x0800c890       0x10 build/obj/kb_featureA.o
                0x0800c890                kbfa_getFeature
 .text.kbfa_setFeature
                0x0800c8a0       0x20 build/obj/kb_featureA.o
                0x0800c8a0                kbfa_setFeature
 .text.kbfa_changeFeature
                0x0800c8c0       0xb0 build/obj/kb_featureA.o
                0x0800c8c0                kbfa_changeFeature
 .text.kuroBoxFeatureAInit
                0x0800c970       0x40 build/obj/kb_featureA.o
                0x0800c970                kuroBoxFeatureAInit
 .text.kuroBoxFeatureAStop
                0x0800c9b0       0x30 build/obj/kb_featureA.o
                0x0800c9b0                kuroBoxFeatureAStop
 .text.ecef_to_lla
                0x0800c9e0      0x340 build/obj/kb_gps.o
                0x0800c9e0                ecef_to_lla
 .text.parse_and_store_nav_sol
                0x0800cd20       0xf0 build/obj/kb_gps.o
 .text.thGps    0x0800ce10      0x110 build/obj/kb_gps.o
 .text.gps_timepulse_exti_cb
                0x0800cf20       0x30 build/obj/kb_gps.o
                0x0800cf20                gps_timepulse_exti_cb
 .text.kuroBoxGPSInit
                0x0800cf50       0x50 build/obj/kb_gps.o
                0x0800cf50                kuroBoxGPSInit
 .text.kuroBoxGPSStop
                0x0800cfa0       0x40 build/obj/kb_gps.o
                0x0800cfa0                kuroBoxGPSStop
 .text.kbg_getUbxNavSol
                0x0800cfe0       0x10 build/obj/kb_gps.o
                0x0800cfe0                kbg_getUbxNavSol
 .text.mi_exit  0x0800cff0       0x20 build/obj/kb_menu.o
 .text.mi_featureA_change
                0x0800d010       0x10 build/obj/kb_menu.o
 .text.mi_featureA_getFeature
                0x0800d020       0x10 build/obj/kb_menu.o
 .text.mi_serial1_pwr
                0x0800d030       0x30 build/obj/kb_menu.o
 .text.mi_serial1_baud
                0x0800d060       0x20 build/obj/kb_menu.o
 .text.mi_serial1_getbaud
                0x0800d080       0x10 build/obj/kb_menu.o
 .text.mi_serial2_pwr
                0x0800d090       0x30 build/obj/kb_menu.o
 .text.mi_serial2_baud
                0x0800d0c0       0x20 build/obj/kb_menu.o
 .text.mi_serial2_getbaud
                0x0800d0e0       0x10 build/obj/kb_menu.o
 .text.mi_led3  0x0800d0f0       0x40 build/obj/kb_menu.o
 .text.mi_lcd_backlight
                0x0800d130       0x40 build/obj/kb_menu.o
 .text.mi_time_from_gps
                0x0800d170       0xe0 build/obj/kb_menu.o
 .text.mi_time_from_ltc
                0x0800d250       0x50 build/obj/kb_menu.o
 .text.mi_standby
                0x0800d2a0       0x20 build/obj/kb_menu.o
 .text.kbm_display
                0x0800d2c0      0x260 build/obj/kb_menu.o
                0x0800d2c0                kbm_display
 .text.kbm_btn0
                0x0800d520       0x30 build/obj/kb_menu.o
                0x0800d520                kbm_btn0
 .text.kbm_btn1
                0x0800d550       0x30 build/obj/kb_menu.o
                0x0800d550                kbm_btn1
 .text.kbm_btn0_dispatch
                0x0800d580       0x80 build/obj/kb_menu.o
 .text.kbm_btn1_dispatch
                0x0800d600       0xf0 build/obj/kb_menu.o
 .text.kuroBoxMenuInit
                0x0800d6f0       0x40 build/obj/kb_menu.o
                0x0800d6f0                kuroBoxMenuInit
 .text.kuroBoxMenuStop
                0x0800d730       0x10 build/obj/kb_menu.o
                0x0800d730                kuroBoxMenuStop
 .text.thScreen
                0x0800d740      0x620 build/obj/kb_screen.o
 .text.kuroBoxScreenInit
                0x0800dd60       0x50 build/obj/kb_screen.o
                0x0800dd60                kuroBoxScreenInit
 .text.kuroBoxScreenStop
                0x0800ddb0       0x40 build/obj/kb_screen.o
                0x0800ddb0                kuroBoxScreenStop
 .text.kbs_setVoltage
                0x0800ddf0       0x20 build/obj/kb_screen.o
                0x0800ddf0                kbs_setVoltage
 .text.kbs_setTemperature
                0x0800de10       0x20 build/obj/kb_screen.o
                0x0800de10                kbs_setTemperature
 .text.kbs_setLTC
                0x0800de30       0x20 build/obj/kb_screen.o
                0x0800de30                kbs_setLTC
 .text.kbs_setWriteCount
                0x0800de50       0x20 build/obj/kb_screen.o
                0x0800de50                kbs_setWriteCount
 .text.kbs_setWriteErrors
                0x0800de70       0x20 build/obj/kb_screen.o
                0x0800de70                kbs_setWriteErrors
 .text.kbs_setSDCFree
                0x0800de90       0x20 build/obj/kb_screen.o
                0x0800de90                kbs_setSDCFree
 .text.kbs_setFName
                0x0800deb0       0x20 build/obj/kb_screen.o
                0x0800deb0                kbs_setFName
 .text.kbs_btn0
                0x0800ded0       0x20 build/obj/kb_screen.o
                0x0800ded0                kbs_btn0
 .text.kbs_btn1
                0x0800def0       0x20 build/obj/kb_screen.o
                0x0800def0                kbs_btn1
 .text.kbs_PPS  0x0800df10       0x20 build/obj/kb_screen.o
                0x0800df10                kbs_PPS
 .text.kbs_setGpsEcef
                0x0800df30       0x30 build/obj/kb_screen.o
                0x0800df30                kbs_setGpsEcef
 .text.kbs_setYPR
                0x0800df60       0x30 build/obj/kb_screen.o
                0x0800df60                kbs_setYPR
 .text.kuroBoxSerialInit
                0x0800df90       0x80 build/obj/kb_serial.o
                0x0800df90                kuroBoxSerialInit
 .text.kuroBoxSerialStop
                0x0800e010       0x40 build/obj/kb_serial.o
                0x0800e010                kuroBoxSerialStop
 .text.kbse_setPower
                0x0800e050       0x70 build/obj/kb_serial.o
                0x0800e050                kbse_setPower
 .text.kbse_getPower
                0x0800e0c0       0x60 build/obj/kb_serial.o
                0x0800e0c0                kbse_getPower
 .text.kbse_getBaud
                0x0800e120       0x40 build/obj/kb_serial.o
                0x0800e120                kbse_getBaud
 .text.kbse_changeBaud
                0x0800e160      0x130 build/obj/kb_serial.o
                0x0800e160                kbse_changeBaud
 .text.kbse_setBaud
                0x0800e290       0xe0 build/obj/kb_serial.o
                0x0800e290                kbse_setBaud
 .text.frame_to_time
                0x0800e370       0xc0 build/obj/kb_time.o
 .text.ltc_store
                0x0800e430      0x110 build/obj/kb_time.o
 .text.ltc_exti_cb
                0x0800e540       0xc0 build/obj/kb_time.o
                0x0800e540                ltc_exti_cb
 .text.kbt_getLTC
                0x0800e600       0x10 build/obj/kb_time.o
                0x0800e600                kbt_getLTC
 .text.kuroBoxTimeInit
                0x0800e610       0x20 build/obj/kb_time.o
                0x0800e610                kuroBoxTimeInit
 .text.kuroBoxTimeStop
                0x0800e630       0x10 build/obj/kb_time.o
                0x0800e630                kuroBoxTimeStop
 .text.calc_checksum_16
                0x0800e640       0x80 build/obj/kb_util.o
                0x0800e640                calc_checksum_16
 .text.vectornav_dispatch_register
                0x0800e6c0       0xb0 build/obj/kb_vectornav.o
                0x0800e6c0                vectornav_dispatch_register
 .text.vectornav_spi_end_cb
                0x0800e770       0xe0 build/obj/kb_vectornav.o
                0x0800e770                vectornav_spi_end_cb
 .text.vectornav_gpt_end_cb
                0x0800e850       0xb0 build/obj/kb_vectornav.o
                0x0800e850                vectornav_gpt_end_cb
 .text.kbv_getYPR
                0x0800e900       0x50 build/obj/kb_vectornav.o
                0x0800e900                kbv_getYPR
 .text.vn_dr_int_exti_cb
                0x0800e950       0xc0 build/obj/kb_vectornav.o
                0x0800e950                vn_dr_int_exti_cb
 .text.kuroBoxVectorNavInit
                0x0800ea10       0xe0 build/obj/kb_vectornav.o
                0x0800ea10                kuroBoxVectorNavInit
 .text.kuroBoxVectorNavStop
                0x0800eaf0       0x30 build/obj/kb_vectornav.o
                0x0800eaf0                kuroBoxVectorNavStop
 .text.kbv_readRegister
                0x0800eb20      0x150 build/obj/kb_vectornav.o
                0x0800eb20                kbv_readRegister
 .text.new_write_buffer_idx_to_fill
                0x0800ec70       0xb0 build/obj/kb_writer.o
 .text.return_write_buffer_idx_after_filling
                0x0800ed20       0x70 build/obj/kb_writer.o
 .text.new_write_buffer_idx_to_write
                0x0800ed90       0x80 build/obj/kb_writer.o
 .text.return_write_buffer_idx_after_writing
                0x0800ee10       0x80 build/obj/kb_writer.o
 .text.flush_write_buffers
                0x0800ee90       0xb0 build/obj/kb_writer.o
 .text.make_dirs
                0x0800ef40       0x40 build/obj/kb_writer.o
 .text.new_file
                0x0800ef80      0x120 build/obj/kb_writer.o
 .text.on_insert
                0x0800f0a0      0x260 build/obj/kb_writer.o
 .text.on_remove
                0x0800f300       0x40 build/obj/kb_writer.o
 .text.wait_for_sd
                0x0800f340       0xa0 build/obj/kb_writer.o
 .text.sd_card_status
                0x0800f3e0       0x60 build/obj/kb_writer.o
 .text.writing_run
                0x0800f440      0x1b0 build/obj/kb_writer.o
 .text.thWriter
                0x0800f5f0      0x180 build/obj/kb_writer.o
 .text.thLogger
                0x0800f770      0x240 build/obj/kb_writer.o
 .text.kuroBoxWriterInit
                0x0800f9b0       0xa0 build/obj/kb_writer.o
                0x0800f9b0                kuroBoxWriterInit
 .text.kuroBoxWriterStop
                0x0800fa50       0xa0 build/obj/kb_writer.o
                0x0800fa50                kuroBoxWriterStop
 .text.kbw_setLTC
                0x0800faf0       0x30 build/obj/kb_writer.o
                0x0800faf0                kbw_setLTC
 .text.kbw_incPPS
                0x0800fb20       0x20 build/obj/kb_writer.o
                0x0800fb20                kbw_incPPS
 .text.kbw_setGpsNavSol
                0x0800fb40       0x50 build/obj/kb_writer.o
                0x0800fb40                kbw_setGpsNavSol
 .text.kbw_setVNav
                0x0800fb90       0x20 build/obj/kb_writer.o
                0x0800fb90                kbw_setVNav
 .text.kbw_header_vnav
                0x0800fbb0       0x40 build/obj/kb_writer.o
                0x0800fbb0                kbw_header_vnav
 .text.thBlinker
                0x0800fbf0       0x50 build/obj/main.o
 .text.kuroBox_panic
                0x0800fc40       0x10 build/obj/main.o
                0x0800fc40                kuroBox_panic
 .text.kuroBox_standby
                0x0800fc50       0x60 build/obj/main.o
 .text.kuroBoxInit
                0x0800fcb0      0x1d0 build/obj/main.o
                0x0800fcb0                kuroBoxInit
 .text.kuroBoxStop
                0x0800fe80       0xc0 build/obj/main.o
                0x0800fe80                kuroBoxStop
 .text.main     0x0800ff40       0x50 build/obj/main.o
                0x0800ff40                main
 .text.spiEepromStart
                0x0800ff90       0x20 build/obj/spiEEPROM.o
                0x0800ff90                spiEepromStart
 .text.updateBoundingBox
                0x0800ffb0       0xa0 build/obj/ST7565.o
 .text.st7565Start
                0x08010050      0x180 build/obj/ST7565.o
                0x08010050                st7565Start
 .text.st7565_display
                0x080101d0      0x1d0 build/obj/ST7565.o
                0x080101d0                st7565_display
 .text.st7565_clear
                0x080103a0       0x30 build/obj/ST7565.o
                0x080103a0                st7565_clear
 .text.st7565_drawchar
                0x080103d0       0xb0 build/obj/ST7565.o
                0x080103d0                st7565_drawchar
 .text.st7565_drawstring
                0x08010480       0xc0 build/obj/ST7565.o
                0x08010480                st7565_drawstring
 .text.st7565_setpixel
                0x08010540      0x100 build/obj/ST7565.o
                0x08010540                st7565_setpixel
 .text.st7565_drawline
                0x08010640      0x1d0 build/obj/ST7565.o
                0x08010640                st7565_drawline
 .text.st7565_fillrect
                0x08010810       0xc0 build/obj/ST7565.o
                0x08010810                st7565_fillrect
 .text.cos      0x080108d0       0x90 c:/chibistudio/tools/gnu tools arm embedded/4.7 2013q1/bin/../lib/gcc/arm-none-eabi/4.7.3/../../../../arm-none-eabi/lib/armv7e-m\libm.a(lib_a-s_cos.o)
                0x080108d0                cos
 .text.sin      0x08010960       0x98 c:/chibistudio/tools/gnu tools arm embedded/4.7 2013q1/bin/../lib/gcc/arm-none-eabi/4.7.3/../../../../arm-none-eabi/lib/armv7e-m\libm.a(lib_a-s_sin.o)
                0x08010960                sin
 *fill*         0x080109f8        0x8 00
 .text.atan2    0x08010a00        0x4 c:/chibistudio/tools/gnu tools arm embedded/4.7 2013q1/bin/../lib/gcc/arm-none-eabi/4.7.3/../../../../arm-none-eabi/lib/armv7e-m\libm.a(lib_a-w_atan2.o)
                0x08010a00                atan2
 *fill*         0x08010a04        0xc 00
 .text.pow      0x08010a10      0x310 c:/chibistudio/tools/gnu tools arm embedded/4.7 2013q1/bin/../lib/gcc/arm-none-eabi/4.7.3/../../../../arm-none-eabi/lib/armv7e-m\libm.a(lib_a-w_pow.o)
                0x08010a10                pow
 .text.sqrt     0x08010d20       0xa8 c:/chibistudio/tools/gnu tools arm embedded/4.7 2013q1/bin/../lib/gcc/arm-none-eabi/4.7.3/../../../../arm-none-eabi/lib/armv7e-m\libm.a(lib_a-w_sqrt.o)
                0x08010d20                sqrt
 *fill*         0x08010dc8        0x8 00
 .text.__ieee754_atan2
                0x08010dd0      0x218 c:/chibistudio/tools/gnu tools arm embedded/4.7 2013q1/bin/../lib/gcc/arm-none-eabi/4.7.3/../../../../arm-none-eabi/lib/armv7e-m\libm.a(lib_a-e_atan2.o)
                0x08010dd0                __ieee754_atan2
 *fill*         0x08010fe8        0x8 00
 .text.__ieee754_pow
                0x08010ff0      0xb20 c:/chibistudio/tools/gnu tools arm embedded/4.7 2013q1/bin/../lib/gcc/arm-none-eabi/4.7.3/../../../../arm-none-eabi/lib/armv7e-m\libm.a(lib_a-e_pow.o)
                0x08010ff0                __ieee754_pow
 .text.__ieee754_rem_pio2
                0x08011b10      0x468 c:/chibistudio/tools/gnu tools arm embedded/4.7 2013q1/bin/../lib/gcc/arm-none-eabi/4.7.3/../../../../arm-none-eabi/lib/armv7e-m\libm.a(lib_a-e_rem_pio2.o)
                0x08011b10                __ieee754_rem_pio2
 *fill*         0x08011f78        0x8 00
 .text.__ieee754_sqrt
                0x08011f80      0x208 c:/chibistudio/tools/gnu tools arm embedded/4.7 2013q1/bin/../lib/gcc/arm-none-eabi/4.7.3/../../../../arm-none-eabi/lib/armv7e-m\libm.a(lib_a-e_sqrt.o)
                0x08011f80                __ieee754_sqrt
 *fill*         0x08012188        0x8 00
 .text.__kernel_cos
                0x08012190      0x258 c:/chibistudio/tools/gnu tools arm embedded/4.7 2013q1/bin/../lib/gcc/arm-none-eabi/4.7.3/../../../../arm-none-eabi/lib/armv7e-m\libm.a(lib_a-k_cos.o)
                0x08012190                __kernel_cos
 *fill*         0x080123e8        0x8 00
 .text.__kernel_rem_pio2
                0x080123f0      0xdec c:/chibistudio/tools/gnu tools arm embedded/4.7 2013q1/bin/../lib/gcc/arm-none-eabi/4.7.3/../../../../arm-none-eabi/lib/armv7e-m\libm.a(lib_a-k_rem_pio2.o)
                0x080123f0                __kernel_rem_pio2
 *fill*         0x080131dc        0x4 00
 .text.__kernel_sin
                0x080131e0      0x170 c:/chibistudio/tools/gnu tools arm embedded/4.7 2013q1/bin/../lib/gcc/arm-none-eabi/4.7.3/../../../../arm-none-eabi/lib/armv7e-m\libm.a(lib_a-k_sin.o)
                0x080131e0                __kernel_sin
 .text.atan     0x08013350      0x368 c:/chibistudio/tools/gnu tools arm embedded/4.7 2013q1/bin/../lib/gcc/arm-none-eabi/4.7.3/../../../../arm-none-eabi/lib/armv7e-m\libm.a(lib_a-s_atan.o)
                0x08013350                atan
 *fill*         0x080136b8        0x8 00
 .text.fabs     0x080136c0        0x8 c:/chibistudio/tools/gnu tools arm embedded/4.7 2013q1/bin/../lib/gcc/arm-none-eabi/4.7.3/../../../../arm-none-eabi/lib/armv7e-m\libm.a(lib_a-s_fabs.o)
                0x080136c0                fabs
 *fill*         0x080136c8        0x8 00
 .text.finite   0x080136d0        0xc c:/chibistudio/tools/gnu tools arm embedded/4.7 2013q1/bin/../lib/gcc/arm-none-eabi/4.7.3/../../../../arm-none-eabi/lib/armv7e-m\libm.a(lib_a-s_finite.o)
                0x080136d0                finite
 *fill*         0x080136dc        0x4 00
 .text.floor    0x080136e0      0x110 c:/chibistudio/tools/gnu tools arm embedded/4.7 2013q1/bin/../lib/gcc/arm-none-eabi/4.7.3/../../../../arm-none-eabi/lib/armv7e-m\libm.a(lib_a-s_floor.o)
                0x080136e0                floor
 .text.__fpclassifyd
                0x080137f0       0x68 c:/chibistudio/tools/gnu tools arm embedded/4.7 2013q1/bin/../lib/gcc/arm-none-eabi/4.7.3/../../../../arm-none-eabi/lib/armv7e-m\libm.a(lib_a-s_fpclassify.o)
                0x080137f0                __fpclassifyd
 *fill*         0x08013858        0x8 00
 .text.matherr  0x08013860        0x4 c:/chibistudio/tools/gnu tools arm embedded/4.7 2013q1/bin/../lib/gcc/arm-none-eabi/4.7.3/../../../../arm-none-eabi/lib/armv7e-m\libm.a(lib_a-s_matherr.o)
                0x08013860                matherr
 *fill*         0x08013864        0xc 00
 .text.nan      0x08013870        0xc c:/chibistudio/tools/gnu tools arm embedded/4.7 2013q1/bin/../lib/gcc/arm-none-eabi/4.7.3/../../../../arm-none-eabi/lib/armv7e-m\libm.a(lib_a-s_nan.o)
                0x08013870                nan
 *fill*         0x0801387c        0x4 00
 .text.rint     0x08013880      0x128 c:/chibistudio/tools/gnu tools arm embedded/4.7 2013q1/bin/../lib/gcc/arm-none-eabi/4.7.3/../../../../arm-none-eabi/lib/armv7e-m\libm.a(lib_a-s_rint.o)
                0x08013880                rint
 *fill*         0x080139a8        0x8 00
 .text.scalbn   0x080139b0      0x108 c:/chibistudio/tools/gnu tools arm embedded/4.7 2013q1/bin/../lib/gcc/arm-none-eabi/4.7.3/../../../../arm-none-eabi/lib/armv7e-m\libm.a(lib_a-s_scalbn.o)
                0x080139b0                scalbn
 *fill*         0x08013ab8        0x8 00
 .text.copysign
                0x08013ac0       0x18 c:/chibistudio/tools/gnu tools arm embedded/4.7 2013q1/bin/../lib/gcc/arm-none-eabi/4.7.3/../../../../arm-none-eabi/lib/armv7e-m\libm.a(lib_a-s_copysign.o)
                0x08013ac0                copysign
 *fill*         0x08013ad8        0x8 00
 .text.__errno  0x08013ae0        0xc c:/chibistudio/tools/gnu tools arm embedded/4.7 2013q1/bin/../lib/gcc/arm-none-eabi/4.7.3/../../../../arm-none-eabi/lib/armv7e-m\libc.a(lib_a-errno.o)
                0x08013ae0                __errno
 *fill*         0x08013aec        0x4 00
 .text.memcpy   0x08013af0      0x144 c:/chibistudio/tools/gnu tools arm embedded/4.7 2013q1/bin/../lib/gcc/arm-none-eabi/4.7.3/../../../../arm-none-eabi/lib/armv7e-m\libc.a(lib_a-memcpy.o)
                0x08013af0                memcpy
 *fill*         0x08013c34        0xc 00
 .text.memset   0x08013c40      0x12c c:/chibistudio/tools/gnu tools arm embedded/4.7 2013q1/bin/../lib/gcc/arm-none-eabi/4.7.3/../../../../arm-none-eabi/lib/armv7e-m\libc.a(lib_a-memset.o)
                0x08013c40                memset
 *fill*         0x08013d6c        0x4 00
 .text.strcpy   0x08013d70       0xbc c:/chibistudio/tools/gnu tools arm embedded/4.7 2013q1/bin/../lib/gcc/arm-none-eabi/4.7.3/../../../../arm-none-eabi/lib/armv7e-m\libc.a(lib_a-strcpy.o)
                0x08013d70                strcpy
 *(.rodata)
 *fill*         0x08013e2c        0x4 00
 .rodata        0x08013e30        0x8 build/obj/chsys.o
 *fill*         0x08013e38        0x8 00
 .rodata        0x08013e40       0x58 build/obj/chdebug.o
 *fill*         0x08013e98        0x8 00
 .rodata        0x08013ea0       0x34 build/obj/chvt.o
 *fill*         0x08013ed4        0xc 00
 .rodata        0x08013ee0       0x24 build/obj/chschd.o
 *fill*         0x08013f04        0xc 00
 .rodata        0x08013f10       0x94 build/obj/chthreads.o
 *fill*         0x08013fa4        0xc 00
 .rodata        0x08013fb0       0x48 build/obj/chdynamic.o
 *fill*         0x08013ff8        0x8 00
 .rodata        0x08014000      0x148 build/obj/chsem.o
 *fill*         0x08014148        0x8 00
 .rodata        0x08014150       0xac build/obj/chmtx.o
 *fill*         0x080141fc        0x4 00
 .rodata        0x08014200       0x90 build/obj/chevents.o
 .rodata        0x08014290       0x88 build/obj/chmboxes.o
 *fill*         0x08014318        0x8 00
 .rodata        0x08014320       0x2c build/obj/chqueues.o
 *fill*         0x0801434c        0x4 00
 .rodata        0x08014350       0x34 build/obj/chheap.o
 *fill*         0x08014384        0xc 00
 .rodata        0x08014390       0x48 build/obj/chmempools.o
 *fill*         0x080143d8        0x8 00
 .rodata        0x080143e0      0x110 build/obj/adc.o
 .rodata        0x080144f0       0xd0 build/obj/ext.o
 .rodata        0x080145c0      0x10c build/obj/gpt.o
 *fill*         0x080146cc        0x4 00
 .rodata        0x080146d0       0x14 build/obj/mmcsd.o
 *fill*         0x080146e4        0xc 00
 .rodata        0x080146f0       0x40 build/obj/rtc.o
 .rodata        0x08014730      0x138 build/obj/sdc.o
 *fill*         0x08014868        0x8 00
 .rodata        0x08014870       0x60 build/obj/serial.o
 .rodata        0x080148d0      0x238 build/obj/spi.o
 *fill*         0x08014b08        0x8 00
 .rodata        0x08014b10       0x48 build/obj/stm32_dma.o
 *fill*         0x08014b58        0x8 00
 .rodata        0x08014b60       0x3c build/obj/adc_lld.o
 *fill*         0x08014b9c        0x4 00
 .rodata        0x08014ba0       0x14 build/obj/gpt_lld.o
 *fill*         0x08014bb4        0xc 00
 .rodata        0x08014bc0       0x80 build/obj/sdc_lld.o
 .rodata        0x08014c40       0x50 build/obj/spi_lld.o
 .rodata        0x08014c90        0x8 build/obj/chprintf.o
 *fill*         0x08014c98        0x8 00
 .rodata        0x08014ca0       0x54 build/obj/ff.o
 *fill*         0x08014cf4        0xc 00
 .rodata        0x08014d00      0x114 build/obj/kb_debug.o
 *fill*         0x08014e14        0xc 00
 .rodata        0x08014e20       0x34 build/obj/kb_featureA.o
 *fill*         0x08014e54        0xc 00
 .rodata        0x08014e60        0x4 build/obj/kb_gps.o
 *fill*         0x08014e64        0xc 00
 .rodata        0x08014e70       0x24 build/obj/kb_menu.o
 *fill*         0x08014e94        0xc 00
 .rodata        0x08014ea0       0x6c build/obj/kb_screen.o
 *fill*         0x08014f0c        0x4 00
 .rodata        0x08014f10       0xac build/obj/kb_writer.o
 *fill*         0x08014fbc        0x4 00
 .rodata        0x08014fc0       0x2c build/obj/main.o
 *(.rodata.*)
 *fill*         0x08014fec        0x4 00
 .rodata.ch_debug
                0x08014ff0       0x18 build/obj/chregistry.o
                0x08014ff0                ch_debug
 *fill*         0x08015008        0x8 00
 .rodata.sdc_vmt
                0x08015010       0x20 build/obj/sdc.o
 .rodata.vmt    0x08015030       0x20 build/obj/serial.o
 .rodata._stm32_dma_streams
                0x08015050       0xc0 build/obj/stm32_dma.o
                0x08015050                _stm32_dma_streams
 .rodata.default_config
                0x08015110        0xc build/obj/serial_lld.o
 *fill*         0x0801511c        0x4 00
 .rodata.pal_default_config
                0x08015120       0xfc build/obj/board.o
                0x08015120                pal_default_config
 *fill*         0x0801521c        0x4 00
 .rodata.vmt    0x08015220       0x10 build/obj/memstreams.o
 .rodata.ExCvt  0x08015230       0x80 build/obj/ff.o
 .rodata.ST7565font
                0x080152b0      0x4fc build/obj/glcdfont.o
                0x080152b0                ST7565font
 *fill*         0x080157ac        0x4 00
 .rodata.adc_grp_cfg
                0x080157b0       0x28 build/obj/kb_adc.o
 *fill*         0x080157d8        0x8 00
 .rodata.default_vectornav_config
                0x080157e0       0x14 build/obj/kb_vectornav.o
 *fill*         0x080157f4        0xc 00
 .rodata.sdio_cfg
                0x08015800        0x4 build/obj/main.o
 *fill*         0x08015804        0xc 00
 .rodata.eeprom_cfg
                0x08015810        0xc build/obj/main.o
 *fill*         0x0801581c        0x4 00
 .rodata.lcd_cfg
                0x08015820       0x1c build/obj/main.o
 *fill*         0x0801583c        0x4 00
 .rodata.extcfg
                0x08015840       0xb8 build/obj/main.o
 *fill*         0x080158f8        0x8 00
 .rodata.pagemap
                0x08015900        0x4 build/obj/ST7565.o
 *fill*         0x08015904        0xc 00
 .rodata.st7565_nanibox
                0x08015910      0x200 build/obj/ST7565.o
 .rodata.str1.4
                0x08015b10        0x4 c:/chibistudio/tools/gnu tools arm embedded/4.7 2013q1/bin/../lib/gcc/arm-none-eabi/4.7.3/../../../../arm-none-eabi/lib/armv7e-m\libm.a(lib_a-w_pow.o)
 *fill*         0x08015b14        0xc 00
 .rodata.str1.4
                0x08015b20        0x5 c:/chibistudio/tools/gnu tools arm embedded/4.7 2013q1/bin/../lib/gcc/arm-none-eabi/4.7.3/../../../../arm-none-eabi/lib/armv7e-m\libm.a(lib_a-w_sqrt.o)
                                  0x8 (size before relaxing)
 *fill*         0x08015b25        0xb 00
 .rodata.dp_h   0x08015b30       0x10 c:/chibistudio/tools/gnu tools arm embedded/4.7 2013q1/bin/../lib/gcc/arm-none-eabi/4.7.3/../../../../arm-none-eabi/lib/armv7e-m\libm.a(lib_a-e_pow.o)
 .rodata.dp_l   0x08015b40       0x10 c:/chibistudio/tools/gnu tools arm embedded/4.7 2013q1/bin/../lib/gcc/arm-none-eabi/4.7.3/../../../../arm-none-eabi/lib/armv7e-m\libm.a(lib_a-e_pow.o)
 .rodata.bp     0x08015b50       0x10 c:/chibistudio/tools/gnu tools arm embedded/4.7 2013q1/bin/../lib/gcc/arm-none-eabi/4.7.3/../../../../arm-none-eabi/lib/armv7e-m\libm.a(lib_a-e_pow.o)
 .rodata.str1.4
                0x00000000        0x5 c:/chibistudio/tools/gnu tools arm embedded/4.7 2013q1/bin/../lib/gcc/arm-none-eabi/4.7.3/../../../../arm-none-eabi/lib/armv7e-m\libm.a(lib_a-e_pow.o)
                                  0x4 (size before relaxing)
 .rodata.npio2_hw
                0x08015b60       0x80 c:/chibistudio/tools/gnu tools arm embedded/4.7 2013q1/bin/../lib/gcc/arm-none-eabi/4.7.3/../../../../arm-none-eabi/lib/armv7e-m\libm.a(lib_a-e_rem_pio2.o)
 .rodata.two_over_pi
                0x08015be0      0x108 c:/chibistudio/tools/gnu tools arm embedded/4.7 2013q1/bin/../lib/gcc/arm-none-eabi/4.7.3/../../../../arm-none-eabi/lib/armv7e-m\libm.a(lib_a-e_rem_pio2.o)
 *fill*         0x08015ce8        0x8 00
 .rodata.init_jk
                0x08015cf0       0x10 c:/chibistudio/tools/gnu tools arm embedded/4.7 2013q1/bin/../lib/gcc/arm-none-eabi/4.7.3/../../../../arm-none-eabi/lib/armv7e-m\libm.a(lib_a-k_rem_pio2.o)
 .rodata.PIo2   0x08015d00       0x40 c:/chibistudio/tools/gnu tools arm embedded/4.7 2013q1/bin/../lib/gcc/arm-none-eabi/4.7.3/../../../../arm-none-eabi/lib/armv7e-m\libm.a(lib_a-k_rem_pio2.o)
 .rodata.atanlo
                0x08015d40       0x20 c:/chibistudio/tools/gnu tools arm embedded/4.7 2013q1/bin/../lib/gcc/arm-none-eabi/4.7.3/../../../../arm-none-eabi/lib/armv7e-m\libm.a(lib_a-s_atan.o)
 .rodata.atanhi
                0x08015d60       0x20 c:/chibistudio/tools/gnu tools arm embedded/4.7 2013q1/bin/../lib/gcc/arm-none-eabi/4.7.3/../../../../arm-none-eabi/lib/armv7e-m\libm.a(lib_a-s_atan.o)
 .rodata.TWO52  0x08015d80       0x10 c:/chibistudio/tools/gnu tools arm embedded/4.7 2013q1/bin/../lib/gcc/arm-none-eabi/4.7.3/../../../../arm-none-eabi/lib/armv7e-m\libm.a(lib_a-s_rint.o)
 .rodata.str1.4
                0x08015d90        0x4 c:/chibistudio/tools/gnu tools arm embedded/4.7 2013q1/bin/../lib/gcc/arm-none-eabi/4.7.3/../../../../arm-none-eabi/lib/armv7e-m\libc.a(lib_a-impure.o)
 *(.glue_7t)
 .glue_7t       0x00000000        0x0 linker stubs
 *(.glue_7)
 .glue_7        0x00000000        0x0 linker stubs
 *(.gcc*)

.vfp11_veneer   0x08015d94        0x0
 .vfp11_veneer  0x00000000        0x0 linker stubs

.v4_bx          0x08015d94        0x0
 .v4_bx         0x00000000        0x0 linker stubs

.iplt           0x08015d94        0x0
 .iplt          0x00000000        0x0 build/obj/kb_debug_asm.o

.rel.dyn        0x08015d94        0x0
 .rel.iplt      0x00000000        0x0 build/obj/kb_debug_asm.o

.ARM.extab
 *(.ARM.extab* .gnu.linkonce.armextab.*)

.ARM.exidx      0x08015d94        0x0
                0x08015d94                PROVIDE (__exidx_start, .)
 *(.ARM.exidx* .gnu.linkonce.armexidx.*)
                0x08015d94                PROVIDE (__exidx_end, .)

.eh_frame_hdr
 *(.eh_frame_hdr)

.eh_frame
 *(.eh_frame)

.textalign      0x08015d94        0x4
                0x08015d98                . = ALIGN (0x8)
 *fill*         0x08015d94        0x4 00
                0x08015d98                _etext = .
                0x08015d98                _textdata = _etext

.stacks         0x20000000      0x800
                0x20000000                . = ALIGN (0x8)
                0x20000000                __main_stack_base__ = .
                0x20000400                . = (. + __main_stack_size__)
 *fill*         0x20000000      0x400 00
                0x20000400                . = ALIGN (0x8)
                0x20000400                __main_stack_end__ = .
                0x20000400                __process_stack_base__ = .
                0x20000400                __main_thread_stack_base__ = .
                0x20000800                . = (. + __process_stack_size__)
 *fill*         0x20000400      0x400 00
                0x20000800                . = ALIGN (0x8)
                0x20000800                __process_stack_end__ = .
                0x20000800                __main_thread_stack_end__ = .

.data           0x20000800      0x66c load address 0x08015d98
                0x20000800                . = ALIGN (0x4)
                0x20000800                PROVIDE (_data, .)
 *(.data)
                0x20000800                . = ALIGN (0x4)
 *(.data.*)
 .data.gps_cfg  0x20000800        0xc build/obj/kb_gps.o
 .data.current_item
                0x2000080c        0x2 build/obj/kb_menu.o
                0x2000080c                current_item
 *fill*         0x2000080e        0x2 00
 .data.menu_items
                0x20000810      0x210 build/obj/kb_menu.o
                0x20000810                menu_items
 .data.serial1_default_cfg
                0x20000a20        0xc build/obj/kb_serial.o
 .data.serial2_default_cfg
                0x20000a2c        0xc build/obj/kb_serial.o
 .data.__fdlib_version
                0x20000a38        0x1 c:/chibistudio/tools/gnu tools arm embedded/4.7 2013q1/bin/../lib/gcc/arm-none-eabi/4.7.3/../../../../arm-none-eabi/lib/armv7e-m\libm.a(lib_a-s_lib_ver.o)
                0x20000a38                __fdlib_version
 *fill*         0x20000a39        0x7 00
 .data.impure_data
                0x20000a40      0x428 c:/chibistudio/tools/gnu tools arm embedded/4.7 2013q1/bin/../lib/gcc/arm-none-eabi/4.7.3/../../../../arm-none-eabi/lib/armv7e-m\libc.a(lib_a-impure.o)
 .data._impure_ptr
                0x20000e68        0x4 c:/chibistudio/tools/gnu tools arm embedded/4.7 2013q1/bin/../lib/gcc/arm-none-eabi/4.7.3/../../../../arm-none-eabi/lib/armv7e-m\libc.a(lib_a-impure.o)
                0x20000e68                _impure_ptr
                0x20000e6c                . = ALIGN (0x4)
 *(.ramtext)
                0x20000e6c                . = ALIGN (0x4)
                0x20000e6c                PROVIDE (_edata, .)

.igot.plt       0x20000e6c        0x0 load address 0x08016404
 .igot.plt      0x00000000        0x0 build/obj/kb_debug_asm.o

.bss            0x20000e70    0x11c78 load address 0x08016404
                0x20000e70                . = ALIGN (0x4)
                0x20000e70                PROVIDE (_bss_start, .)
 *(.bss)
                0x20000e70                . = ALIGN (0x4)
 *(.bss.*)
 .bss._idle_thread_wa
                0x20000e70      0x158 build/obj/chsys.o
                0x20000e70                _idle_thread_wa
 .bss.mainthread.4860
                0x20000fc8       0x4c build/obj/chsys.o
 .bss.dbg_isr_cnt
                0x20001014        0x4 build/obj/chdebug.o
                0x20001014                dbg_isr_cnt
 .bss.dbg_lock_cnt
                0x20001018        0x4 build/obj/chdebug.o
                0x20001018                dbg_lock_cnt
 .bss.dbg_trace_buffer
                0x2000101c      0x408 build/obj/chdebug.o
                0x2000101c                dbg_trace_buffer
 .bss.dbg_panic_msg
                0x20001424        0x4 build/obj/chdebug.o
                0x20001424                dbg_panic_msg
 .bss.vtlist    0x20001428       0x10 build/obj/chvt.o
                0x20001428                vtlist
 .bss.rlist     0x20001438       0x1c build/obj/chschd.o
                0x20001438                rlist
 .bss.nextmem   0x20001454        0x4 build/obj/chmemcore.o
 .bss.endmem    0x20001458        0x4 build/obj/chmemcore.o
 *fill*         0x2000145c        0x4 00
 .bss.default_heap
                0x20001460       0x20 build/obj/chheap.o
 .bss.dma_streams_mask
                0x20001480        0x4 build/obj/stm32_dma.o
 .bss.dma_isr_redir
                0x20001484       0x80 build/obj/stm32_dma.o
 .bss.ADCD1     0x20001504       0x34 build/obj/adc_lld.o
                0x20001504                ADCD1
 .bss.ADCD2     0x20001538       0x34 build/obj/adc_lld.o
                0x20001538                ADCD2
 .bss.ADCD3     0x2000156c       0x34 build/obj/adc_lld.o
                0x2000156c                ADCD3
 .bss.EXTD1     0x200015a0        0x8 build/obj/ext_lld.o
                0x200015a0                EXTD1
 .bss.GPTD14    0x200015a8       0x10 build/obj/gpt_lld.o
                0x200015a8                GPTD14
 .bss.ICUD1     0x200015b8       0x18 build/obj/icu_lld.o
                0x200015b8                ICUD1
 .bss.SDCD1     0x200015d0       0x4c build/obj/sdc_lld.o
                0x200015d0                SDCD1
 .bss.u         0x2000161c      0x200 build/obj/sdc_lld.o
 .bss.RTCD1     0x2000181c        0x4 build/obj/rtc_lld.o
                0x2000181c                RTCD1
 .bss.SPID1     0x20001820       0x30 build/obj/spi_lld.o
                0x20001820                SPID1
 .bss.SPID2     0x20001850       0x30 build/obj/spi_lld.o
                0x20001850                SPID2
 .bss.dummytx   0x20001880        0x2 build/obj/spi_lld.o
 .bss.dummyrx   0x20001882        0x2 build/obj/spi_lld.o
 .bss.SD1       0x20001884       0xd8 build/obj/serial_lld.o
                0x20001884                SD1
 .bss.SD2       0x2000195c       0xd8 build/obj/serial_lld.o
                0x2000195c                SD2
 .bss.SD6       0x20001a34       0xd8 build/obj/serial_lld.o
                0x20001a34                SD6
 .bss.FatFs     0x20001b0c        0x4 build/obj/ff.o
 .bss.Fsid      0x20001b10        0x2 build/obj/ff.o
 *fill*         0x20001b12        0x2 00
 .bss.adc_samples
                0x20001b14        0xc build/obj/kb_adc.o
 .bss.adc_trigger
                0x20001b20       0x14 build/obj/kb_adc.o
 .bss.adc_cfg   0x20001b34        0x4 build/obj/kb_adc.o
 .bss.btn_0_pressed
                0x20001b38        0x1 build/obj/kb_buttons.o
 .bss.btn_1_pressed
                0x20001b39        0x1 build/obj/kb_buttons.o
 *fill*         0x20001b3a        0x2 00
 .bss.config    0x20001b3c       0x18 build/obj/kb_config.o
                0x20001b3c                config
 .bss.current_feature
                0x20001b54        0x4 build/obj/kb_featureA.o
 .bss.featureAThread
                0x20001b58        0x4 build/obj/kb_featureA.o
 *fill*         0x20001b5c        0x4 00
 .bss.waFeatureA
                0x20001b60      0x338 build/obj/kb_featureA.o
 .bss.ubx_nav_sol_buffer
                0x20001e98       0x3c build/obj/kb_gps.o
                0x20001e98                ubx_nav_sol_buffer
 .bss.ubx_nav_sol_idx
                0x20001ed4        0x1 build/obj/kb_gps.o
                0x20001ed4                ubx_nav_sol_idx
 *fill*         0x20001ed5        0x3 00
 .bss.ubx_nav_sol_valid
                0x20001ed8       0x3c build/obj/kb_gps.o
                0x20001ed8                ubx_nav_sol_valid
 .bss.gpsThread
                0x20001f14        0x4 build/obj/kb_gps.o
 .bss.waGps     0x20001f18      0x1b8 build/obj/kb_gps.o
 .bss.kuroBox_request_standby
                0x200020d0        0x1 build/obj/kb_menu.o
                0x200020d0                kuroBox_request_standby
 *fill*         0x200020d1        0x3 00
 .bss.btn_semaphore
                0x200020d4        0xc build/obj/kb_menu.o
 .bss.btn_msgs  0x200020e0       0x28 build/obj/kb_menu.o
 .bss.btn_mailbox
                0x20002108       0x28 build/obj/kb_menu.o
 .bss.charbuf   0x20002130       0x80 build/obj/kb_menu.o
 .bss.msb       0x200021b0       0x14 build/obj/kb_menu.o
 .bss.screenThread
                0x200021c4        0x4 build/obj/kb_screen.o
 .bss.screen    0x200021c8       0x48 build/obj/kb_screen.o
 .bss.charbuf   0x20002210       0x80 build/obj/kb_screen.o
 .bss.msb       0x20002290       0x14 build/obj/kb_screen.o
 *fill*         0x200022a4        0x4 00
 .bss.waScreen  0x200022a8     0x1138 build/obj/kb_screen.o
 .bss.serial1_cfg
                0x200033e0        0x4 build/obj/kb_serial.o
 .bss.serial2_cfg
                0x200033e4        0x4 build/obj/kb_serial.o
 .bss.last_edge_time
                0x200033e8        0x4 build/obj/kb_time.o
 .bss.was_last_edge_short
                0x200033ec        0x1 build/obj/kb_time.o
 *fill*         0x200033ed        0x3 00
 .bss.ltc_frame
                0x200033f0        0xc build/obj/kb_time.o
 .bss.ltc_timecode
                0x200033fc        0x4 build/obj/kb_time.o
 .bss.VND1      0x20003400        0xc build/obj/kb_vectornav.o
                0x20003400                VND1
 .bss.async_vn_msg
                0x2000340c      0x408 build/obj/kb_vectornav.o
 .bss.vnav_data
                0x20003814       0x10 build/obj/kb_vectornav.o
                0x20003814                vnav_data
 .bss.writer_header
                0x20003824      0x200 build/obj/kb_writer.o
 .bss.loggerThread
                0x20003a24        0x4 build/obj/kb_writer.o
 .bss.writerThread
                0x20003a28        0x4 build/obj/kb_writer.o
 .bss.writerThreadForSleep
                0x20003a2c        0x4 build/obj/kb_writer.o
 .bss.logger_state
                0x20003a30        0x1 build/obj/kb_writer.o
 .bss.fs_ready  0x20003a31        0x1 build/obj/kb_writer.o
 .bss.fs_write_protected
                0x20003a32        0x1 build/obj/kb_writer.o
 *fill*         0x20003a33        0x1 00
 .bss.SDC_FS    0x20003a34      0x234 build/obj/kb_writer.o
 .bss.cardsize_MB
                0x20003c68        0x4 build/obj/kb_writer.o
                0x20003c68                cardsize_MB
 .bss.current_msg
                0x20003c6c      0x200 build/obj/kb_writer.o
 .bss.write_buffer_semaphore
                0x20003e6c        0xc build/obj/kb_writer.o
 .bss.write_buffers
                0x20003e78     0xc004 build/obj/kb_writer.o
 .bss.kbfile    0x2000fe7c      0x224 build/obj/kb_writer.o
                0x2000fe7c                kbfile
 .bss.waWriter  0x200100a0     0x2138 build/obj/kb_writer.o
 .bss.waLogger  0x200121d8      0x538 build/obj/kb_writer.o
 .bss.lcd_buffer
                0x20012710      0x200 build/obj/main.o
 .bss.blinkerThread
                0x20012910        0x4 build/obj/main.o
 .bss.global_state
                0x20012914        0x4 build/obj/main.o
 .bss.waBlinker
                0x20012918      0x1b8 build/obj/main.o
 .bss.spiEepromD1
                0x20012ad0        0x8 build/obj/spiEEPROM.o
                0x20012ad0                spiEepromD1
 .bss.ST7565D1  0x20012ad8        0xc build/obj/ST7565.o
                0x20012ad8                ST7565D1
 .bss.xUpdateMin
                0x20012ae4        0x1 build/obj/ST7565.o
 .bss.xUpdateMax
                0x20012ae5        0x1 build/obj/ST7565.o
 .bss.yUpdateMin
                0x20012ae6        0x1 build/obj/ST7565.o
 .bss.yUpdateMax
                0x20012ae7        0x1 build/obj/ST7565.o
                0x20012ae8                . = ALIGN (0x4)
 *(COMMON)
                0x20012ae8                . = ALIGN (0x4)
                0x20012ae8                PROVIDE (_bss_end, .)
                0x20012ae8                PROVIDE (end, .)
                0x20012ae8                _end = .
                0x20012ae8                __heap_base__ = _end
                0x2001c000                __heap_end__ = __ram_end__
OUTPUT(build/kuroBox.elf elf32-littlearm)

.ARM.attributes
                0x00000000       0x35
 .ARM.attributes
                0x00000000       0x21 build/obj/kb_debug_asm.o
 .ARM.attributes
                0x00000021       0x39 build/obj/crt0.o
 .ARM.attributes
                0x0000005a       0x39 build/obj/vectors.o
 .ARM.attributes
                0x00000093       0x39 build/obj/chcore.o
 .ARM.attributes
                0x000000cc       0x39 build/obj/chcore_v7m.o
 .ARM.attributes
                0x00000105       0x39 build/obj/nvic.o
 .ARM.attributes
                0x0000013e       0x39 build/obj/chsys.o
 .ARM.attributes
                0x00000177       0x39 build/obj/chdebug.o
 .ARM.attributes
                0x000001b0       0x39 build/obj/chvt.o
 .ARM.attributes
                0x000001e9       0x39 build/obj/chschd.o
 .ARM.attributes
                0x00000222       0x39 build/obj/chthreads.o
 .ARM.attributes
                0x0000025b       0x39 build/obj/chdynamic.o
 .ARM.attributes
                0x00000294       0x39 build/obj/chregistry.o
 .ARM.attributes