Archive member included because of file (symbol)

c:/chibistudio/tools/gnu tools arm embedded/4.7 2013q1/bin/../lib/gcc/arm-none-eabi/4.7.3/../../../../arm-none-eabi/lib/armv7e-m\libm.a(lib_a-s_cos.o)
                              build/obj/kb_gps.o (cos)
c:/chibistudio/tools/gnu tools arm embedded/4.7 2013q1/bin/../lib/gcc/arm-none-eabi/4.7.3/../../../../arm-none-eabi/lib/armv7e-m\libm.a(lib_a-s_sin.o)
                              build/obj/kb_gps.o (sin)
c:/chibistudio/tools/gnu tools arm embedded/4.7 2013q1/bin/../lib/gcc/arm-none-eabi/4.7.3/../../../../arm-none-eabi/lib/armv7e-m\libm.a(lib_a-w_atan2.o)
                              build/obj/kb_gps.o (atan2)
c:/chibistudio/tools/gnu tools arm embedded/4.7 2013q1/bin/../lib/gcc/arm-none-eabi/4.7.3/../../../../arm-none-eabi/lib/armv7e-m\libm.a(lib_a-w_pow.o)
                              build/obj/kb_gps.o (pow)
c:/chibistudio/tools/gnu tools arm embedded/4.7 2013q1/bin/../lib/gcc/arm-none-eabi/4.7.3/../../../../arm-none-eabi/lib/armv7e-m\libm.a(lib_a-w_sqrt.o)
                              build/obj/kb_gps.o (sqrt)
c:/chibistudio/tools/gnu tools arm embedded/4.7 2013q1/bin/../lib/gcc/arm-none-eabi/4.7.3/../../../../arm-none-eabi/lib/armv7e-m\libm.a(lib_a-e_atan2.o)
                              c:/chibistudio/tools/gnu tools arm embedded/4.7 2013q1/bin/../lib/gcc/arm-none-eabi/4.7.3/../../../../arm-none-eabi/lib/armv7e-m\libm.a(lib_a-w_atan2.o) (__ieee754_atan2)
c:/chibistudio/tools/gnu tools arm embedded/4.7 2013q1/bin/../lib/gcc/arm-none-eabi/4.7.3/../../../../arm-none-eabi/lib/armv7e-m\libm.a(lib_a-e_pow.o)
                              c:/chibistudio/tools/gnu tools arm embedded/4.7 2013q1/bin/../lib/gcc/arm-none-eabi/4.7.3/../../../../arm-none-eabi/lib/armv7e-m\libm.a(lib_a-w_pow.o) (__ieee754_pow)
c:/chibistudio/tools/gnu tools arm embedded/4.7 2013q1/bin/../lib/gcc/arm-none-eabi/4.7.3/../../../../arm-none-eabi/lib/armv7e-m\libm.a(lib_a-e_rem_pio2.o)
                              c:/chibistudio/tools/gnu tools arm embedded/4.7 2013q1/bin/../lib/gcc/arm-none-eabi/4.7.3/../../../../arm-none-eabi/lib/armv7e-m\libm.a(lib_a-s_cos.o) (__ieee754_rem_pio2)
c:/chibistudio/tools/gnu tools arm embedded/4.7 2013q1/bin/../lib/gcc/arm-none-eabi/4.7.3/../../../../arm-none-eabi/lib/armv7e-m\libm.a(lib_a-e_sqrt.o)
                              c:/chibistudio/tools/gnu tools arm embedded/4.7 2013q1/bin/../lib/gcc/arm-none-eabi/4.7.3/../../../../arm-none-eabi/lib/armv7e-m\libm.a(lib_a-w_sqrt.o) (__ieee754_sqrt)
c:/chibistudio/tools/gnu tools arm embedded/4.7 2013q1/bin/../lib/gcc/arm-none-eabi/4.7.3/../../../../arm-none-eabi/lib/armv7e-m\libm.a(lib_a-k_cos.o)
                              c:/chibistudio/tools/gnu tools arm embedded/4.7 2013q1/bin/../lib/gcc/arm-none-eabi/4.7.3/../../../../arm-none-eabi/lib/armv7e-m\libm.a(lib_a-s_cos.o) (__kernel_cos)
c:/chibistudio/tools/gnu tools arm embedded/4.7 2013q1/bin/../lib/gcc/arm-none-eabi/4.7.3/../../../../arm-none-eabi/lib/armv7e-m\libm.a(lib_a-k_rem_pio2.o)
                              c:/chibistudio/tools/gnu tools arm embedded/4.7 2013q1/bin/../lib/gcc/arm-none-eabi/4.7.3/../../../../arm-none-eabi/lib/armv7e-m\libm.a(lib_a-e_rem_pio2.o) (__kernel_rem_pio2)
c:/chibistudio/tools/gnu tools arm embedded/4.7 2013q1/bin/../lib/gcc/arm-none-eabi/4.7.3/../../../../arm-none-eabi/lib/armv7e-m\libm.a(lib_a-k_sin.o)
                              c:/chibistudio/tools/gnu tools arm embedded/4.7 2013q1/bin/../lib/gcc/arm-none-eabi/4.7.3/../../../../arm-none-eabi/lib/armv7e-m\libm.a(lib_a-s_cos.o) (__kernel_sin)
c:/chibistudio/tools/gnu tools arm embedded/4.7 2013q1/bin/../lib/gcc/arm-none-eabi/4.7.3/../../../../arm-none-eabi/lib/armv7e-m\libm.a(lib_a-s_atan.o)
                              c:/chibistudio/tools/gnu tools arm embedded/4.7 2013q1/bin/../lib/gcc/arm-none-eabi/4.7.3/../../../../arm-none-eabi/lib/armv7e-m\libm.a(lib_a-e_atan2.o) (atan)
c:/chibistudio/tools/gnu tools arm embedded/4.7 2013q1/bin/../lib/gcc/arm-none-eabi/4.7.3/../../../../arm-none-eabi/lib/armv7e-m\libm.a(lib_a-s_fabs.o)
                              c:/chibistudio/tools/gnu tools arm embedded/4.7 2013q1/bin/../lib/gcc/arm-none-eabi/4.7.3/../../../../arm-none-eabi/lib/armv7e-m\libm.a(lib_a-e_atan2.o) (fabs)
c:/chibistudio/tools/gnu tools arm embedded/4.7 2013q1/bin/../lib/gcc/arm-none-eabi/4.7.3/../../../../arm-none-eabi/lib/armv7e-m\libm.a(lib_a-s_finite.o)
                              c:/chibistudio/tools/gnu tools arm embedded/4.7 2013q1/bin/../lib/gcc/arm-none-eabi/4.7.3/../../../../arm-none-eabi/lib/armv7e-m\libm.a(lib_a-w_pow.o) (finite)
c:/chibistudio/tools/gnu tools arm embedded/4.7 2013q1/bin/../lib/gcc/arm-none-eabi/4.7.3/../../../../arm-none-eabi/lib/armv7e-m\libm.a(lib_a-s_floor.o)
                              c:/chibistudio/tools/gnu tools arm embedded/4.7 2013q1/bin/../lib/gcc/arm-none-eabi/4.7.3/../../../../arm-none-eabi/lib/armv7e-m\libm.a(lib_a-k_rem_pio2.o) (floor)
[...]
Memory Configuration

Name             Origin             Length             Attributes
flash            0x08000000         0x00100000
ram              0x20000000         0x0001c000
ethram           0x2001c000         0x00004000
ccmram           0x10000000         0x00010000
*default*        0x00000000         0xffffffff

Linker script and memory map

LOAD build/obj/kb_debug_asm.o
LOAD build/obj/crt0.o
LOAD build/obj/vectors.o
LOAD build/obj/chcore.o
LOAD build/obj/chcore_v7m.o
LOAD build/obj/nvic.o
LOAD build/obj/chsys.o
LOAD build/obj/chdebug.o
LOAD build/obj/chlists.o
LOAD build/obj/chvt.o
LOAD build/obj/chschd.o
LOAD build/obj/chthreads.o
LOAD build/obj/chdynamic.o
LOAD build/obj/chregistry.o
LOAD build/obj/chsem.o
LOAD build/obj/chmtx.o
LOAD build/obj/chcond.o
LOAD build/obj/chevents.o
LOAD build/obj/chmsg.o
LOAD build/obj/chmboxes.o
LOAD build/obj/chqueues.o
LOAD build/obj/chmemcore.o
LOAD build/obj/chheap.o
LOAD build/obj/chmempools.o
LOAD build/obj/hal.o
LOAD build/obj/adc.o
LOAD build/obj/can.o
LOAD build/obj/ext.o
LOAD build/obj/gpt.o
LOAD build/obj/i2c.o
LOAD build/obj/icu.o
LOAD build/obj/mac.o
LOAD build/obj/mmc_spi.o
LOAD build/obj/mmcsd.o
LOAD build/obj/pal.o
LOAD build/obj/pwm.o
LOAD build/obj/rtc.o
LOAD build/obj/sdc.o
LOAD build/obj/serial.o
LOAD build/obj/serial_usb.o
LOAD build/obj/spi.o
LOAD build/obj/tm.o
LOAD build/obj/uart.o
LOAD build/obj/usb.o
LOAD build/obj/stm32_dma.o
LOAD build/obj/hal_lld.o
LOAD build/obj/adc_lld.o
LOAD build/obj/ext_lld_isr.o
LOAD build/obj/can_lld.o
LOAD build/obj/ext_lld.o
LOAD build/obj/gpt_lld.o
LOAD build/obj/icu_lld.o
LOAD build/obj/mac_lld.o
LOAD build/obj/pwm_lld.o
LOAD build/obj/sdc_lld.o
LOAD build/obj/pal_lld.o
LOAD build/obj/i2c_lld.o
LOAD build/obj/usb_lld.o
LOAD build/obj/rtc_lld.o
LOAD build/obj/spi_lld.o
LOAD build/obj/serial_lld.o
LOAD build/obj/uart_lld.o
LOAD build/obj/board.o
LOAD build/obj/chprintf.o
LOAD build/obj/chrtclib.o
LOAD build/obj/memstreams.o
LOAD build/obj/fatfs_diskio.o
LOAD build/obj/ff.o
LOAD build/obj/kb_debug.o
LOAD build/obj/glcdfont.o
LOAD build/obj/kb_adc.o
LOAD build/obj/kb_buttons.o
LOAD build/obj/kb_logger.o
LOAD build/obj/kb_screen.o
LOAD build/obj/kb_time.o
LOAD build/obj/kb_gps.o
LOAD build/obj/kb_util.o
LOAD build/obj/kb_vectornav.o
LOAD build/obj/main.o
LOAD build/obj/spiEEPROM.o
LOAD build/obj/ST7565.o
LOAD c:/chibistudio/tools/gnu tools arm embedded/4.7 2013q1/bin/../lib/gcc/arm-none-eabi/4.7.3/../../../../arm-none-eabi/lib/armv7e-m\libm.a
START GROUP
LOAD c:/chibistudio/tools/gnu tools arm embedded/4.7 2013q1/bin/../lib/gcc/arm-none-eabi/4.7.3/armv7e-m\libgcc.a
LOAD c:/chibistudio/tools/gnu tools arm embedded/4.7 2013q1/bin/../lib/gcc/arm-none-eabi/4.7.3/../../../../arm-none-eabi/lib/armv7e-m\libc.a
END GROUP
                0x00000400                __main_stack_size__ = 0x400
                0x00000400                __process_stack_size__ = 0x400
                0x20000000                __ram_start__ = ORIGIN (ram)
                0x0001c000                __ram_size__ = 0x1c000
                0x2001c000                __ram_end__ = (__ram_start__ + __ram_size__)
                0x00000000                . = 0x0
                0x00000000                _text = .

startup         0x08000000      0x188
 *(vectors)
 vectors        0x08000000      0x188 build/obj/vectors.o
                0x08000000                _vectors

constructors    0x08000188        0x0
                0x08000188                PROVIDE (__init_array_start, .)
 *(SORT(.init_array.*))
 *(.init_array)
                0x08000188                PROVIDE (__init_array_end, .)

destructors     0x08000188        0x0
                0x08000188                PROVIDE (__fini_array_start, .)
 *(.fini_array)
 *(SORT(.fini_array.*))
                0x08000188                PROVIDE (__fini_array_end, .)

.text           0x08000190    0x12984
 *(.text.startup.*)
 *(.text)
 .text          0x08000190       0x12 build/obj/kb_debug_asm.o
                0x08000190                HardFaultVector
 *fill*         0x080001a2        0xe 00
 .text          0x080001b0      0x370 c:/chibistudio/tools/gnu tools arm embedded/4.7 2013q1/bin/../lib/gcc/arm-none-eabi/4.7.3/armv7e-m\libgcc.a(_arm_addsubdf3.o)
                0x080001b0                __aeabi_drsub
                0x080001b8                __aeabi_dsub
                0x080001b8                __subdf3
                0x080001bc                __aeabi_dadd
                0x080001bc                __adddf3
                0x08000434                __floatunsidf
                0x08000434                __aeabi_ui2d
                0x08000454                __floatsidf
                0x08000454                __aeabi_i2d
                0x08000478                __aeabi_f2d
                0x08000478                __extendsfdf2
                0x080004b4                __floatundidf
                0x080004b4                __aeabi_ul2d
                0x080004c4                __floatdidf
                0x080004c4                __aeabi_l2d
 .text          0x08000520      0x424 c:/chibistudio/tools/gnu tools arm embedded/4.7 2013q1/bin/../lib/gcc/arm-none-eabi/4.7.3/armv7e-m\libgcc.a(_arm_muldivdf3.o)
                0x08000520                __aeabi_dmul
                0x08000520                __muldf3
                0x08000774                __divdf3
                0x08000774                __aeabi_ddiv
 *fill*         0x08000944        0xc 00
 .text          0x08000950      0x110 c:/chibistudio/tools/gnu tools arm embedded/4.7 2013q1/bin/../lib/gcc/arm-none-eabi/4.7.3/armv7e-m\libgcc.a(_arm_cmpdf2.o)
                0x08000950                __gtdf2
                0x08000950                __gedf2
                0x08000958                __ltdf2
                0x08000958                __ledf2
                0x08000960                __nedf2
                0x08000960                __eqdf2
                0x08000960                __cmpdf2
                0x080009dc                __aeabi_cdrcmple
                0x080009ec                __aeabi_cdcmpeq
                0x080009ec                __aeabi_cdcmple
                0x080009fc                __aeabi_dcmpeq
                0x08000a10                __aeabi_dcmplt
                0x08000a24                __aeabi_dcmple
                0x08000a38                __aeabi_dcmpge
                0x08000a4c                __aeabi_dcmpgt
 .text          0x08000a60       0x50 c:/chibistudio/tools/gnu tools arm embedded/4.7 2013q1/bin/../lib/gcc/arm-none-eabi/4.7.3/armv7e-m\libgcc.a(_arm_fixdfsi.o)
                0x08000a60                __aeabi_d2iz
                0x08000a60                __fixdfsi
 .text          0x08000ab0       0xa0 c:/chibistudio/tools/gnu tools arm embedded/4.7 2013q1/bin/../lib/gcc/arm-none-eabi/4.7.3/armv7e-m\libgcc.a(_arm_truncdfsf2.o)
                0x08000ab0                __truncdfsf2
                0x08000ab0                __aeabi_d2f
 *(.text.*)
 .text.__late_init
                0x08000b50       0x10 build/obj/crt0.o
                0x08000b50                __late_init
 .text._default_exit
                0x08000b60       0x10 build/obj/crt0.o
                0x08000b60                _default_exit
 .text.ResetHandler
                0x08000b70      0x130 build/obj/crt0.o
                0x08000b70                ResetHandler
 .text._unhandled_exception
                0x08000ca0       0x10 build/obj/vectors.o
                0x08000ca0                NMIVector
                0x08000ca0                Vector11C
                0x08000ca0                Vector8C
                0x08000ca0                VectorDC
                0x08000ca0                Vector168
                0x08000ca0                Vector110
                0x08000ca0                VectorC8
                0x08000ca0                Vector94
                0x08000ca0                VectorA8
                0x08000ca0                VectorB4
                0x08000ca0                Vector160
                0x08000ca0                VectorEC
                0x08000ca0                UsageFaultVector
                0x08000ca0                DebugMonitorVector
                0x08000ca0                Vector40
                0x08000ca0                VectorF8
                0x08000ca0                Vector108
                0x08000ca0                VectorBC
                0x08000ca0                Vector148
                0x08000ca0                PendSVVector
                0x08000ca0                Vector118
                0x08000ca0                VectorCC
                0x08000ca0                Vector54
                0x08000ca0                Vector98
                0x08000ca0                Vector24
                0x08000ca0                Vector178
                0x08000ca0                BusFaultVector
                0x08000ca0                VectorD0
                0x08000ca0                Vector140
                0x08000ca0                VectorC0
                0x08000ca0                Vector134
                0x08000ca0                VectorF0
                0x08000ca0                Vector13C
                0x08000ca0                Vector100
                0x08000ca0                MemManageVector
                0x08000ca0                VectorA0
                0x08000ca0                VectorC4
                0x08000ca0                Vector180
                0x08000ca0                VectorB0
                0x08000ca0                Vector90
                0x08000ca0                Vector114
                0x08000ca0                Vector164
                0x08000ca0                Vector1C
                0x08000ca0                Vector17C
                0x08000ca0                Vector48
                0x08000ca0                Vector16C
                0x08000ca0                Vector144
                0x08000ca0                _unhandled_exception
                0x08000ca0                Vector184
                0x08000ca0                Vector10C
                0x08000ca0                Vector14C
                0x08000ca0                Vector50
                0x08000ca0                Vector28
                0x08000ca0                VectorB8
                0x08000ca0                Vector34
                0x08000ca0                Vector20
                0x08000ca0                Vector174
 .text.port_halt
                0x08000cb0       0x10 build/obj/chcore.o
                0x08000cb0                port_halt
 .text.SysTickVector
                0x08000cc0       0x30 build/obj/chcore_v7m.o
                0x08000cc0                SysTickVector
 .text.SVCallVector
                0x08000cf0       0x50 build/obj/chcore_v7m.o
                0x08000cf0                SVCallVector
 .text._port_init
                0x08000d40       0x50 build/obj/chcore_v7m.o
                0x08000d40                _port_init
 .text._port_irq_epilogue
                0x08000d90       0xf0 build/obj/chcore_v7m.o
                0x08000d90                _port_irq_epilogue
 .text._port_switch_from_isr
                0x08000e80       0x10 build/obj/chcore_v7m.o
                0x08000e80                _port_switch_from_isr
 .text._port_switch
                0x08000e90       0x20 build/obj/chcore_v7m.o
                0x08000e90                _port_switch
 .text._port_thread_start
                0x08000eb0       0x20 build/obj/chcore_v7m.o
                0x08000eb0                _port_thread_start
 .text.nvicEnableVector
                0x08000ed0       0xb0 build/obj/nvic.o
                0x08000ed0                nvicEnableVector
 .text.nvicSetSystemHandlerPriority
                0x08000f80       0x60 build/obj/nvic.o
                0x08000f80                nvicSetSystemHandlerPriority
 .text._idle_thread
                0x08000fe0       0x20 build/obj/chsys.o
                0x08000fe0                _idle_thread
 .text.chSysInit
                0x08001000       0xb0 build/obj/chsys.o
                0x08001000                chSysInit
 .text.chSysTimerHandlerI
                0x080010b0       0xf0 build/obj/chsys.o
                0x080010b0                chSysTimerHandlerI
 .text.dbg_check_enable
                0x080011a0       0x30 build/obj/chdebug.o
                0x080011a0                dbg_check_enable
 .text.dbg_check_lock
                0x080011d0       0x40 build/obj/chdebug.o
                0x080011d0                dbg_check_lock
 .text.dbg_check_unlock
                0x08001210       0x40 build/obj/chdebug.o
                0x08001210                dbg_check_unlock
 .text.dbg_check_lock_from_isr
                0x08001250       0x40 build/obj/chdebug.o
                0x08001250                dbg_check_lock_from_isr
 .text.dbg_check_unlock_from_isr
                0x08001290       0x40 build/obj/chdebug.o
                0x08001290                dbg_check_unlock_from_isr
 .text.dbg_check_enter_isr
                0x080012d0       0x60 build/obj/chdebug.o
                0x080012d0                dbg_check_enter_isr
 .text.dbg_check_leave_isr
                0x08001330       0x60 build/obj/chdebug.o
                0x08001330                dbg_check_leave_isr
 .text.chDbgCheckClassI
                0x08001390       0x30 build/obj/chdebug.o
                0x08001390                chDbgCheckClassI
 .text.chDbgCheckClassS
                0x080013c0       0x30 build/obj/chdebug.o
                0x080013c0                chDbgCheckClassS
 .text._trace_init
                0x080013f0       0x20 build/obj/chdebug.o
                0x080013f0                _trace_init
 .text.dbg_trace
                0x08001410       0xa0 build/obj/chdebug.o
                0x08001410                dbg_trace
 .text.chDbgPanic
                0x080014b0       0x30 build/obj/chdebug.o
                0x080014b0                chDbgPanic
 .text._vt_init
                0x080014e0       0x50 build/obj/chvt.o
                0x080014e0                _vt_init
 .text.chVTSetI
                0x08001530       0xb0 build/obj/chvt.o
                0x08001530                chVTSetI
 .text.chVTResetI
                0x080015e0       0x80 build/obj/chvt.o
                0x080015e0                chVTResetI
 .text.fifo_remove
                0x08001660       0x30 build/obj/chschd.o
 .text.dequeue  0x08001690       0x20 build/obj/chschd.o
 .text._scheduler_init
                0x080016b0       0x60 build/obj/chschd.o
                0x080016b0                _scheduler_init
 .text.chSchReadyI
                0x08001710       0x80 build/obj/chschd.o
                0x08001710                chSchReadyI
 .text.chSchGoSleepS
                0x08001790       0x90 build/obj/chschd.o
                0x08001790                chSchGoSleepS
 .text.wakeup   0x08001820       0xa0 build/obj/chschd.o
 .text.chSchGoSleepTimeoutS
                0x080018c0       0x70 build/obj/chschd.o
                0x080018c0                chSchGoSleepTimeoutS
 .text.chSchWakeupS
                0x08001930       0x90 build/obj/chschd.o
                0x08001930                chSchWakeupS
 .text.chSchDoRescheduleBehind
                0x080019c0       0x80 build/obj/chschd.o
                0x080019c0                chSchDoRescheduleBehind
 .text.chSchDoRescheduleAhead
                0x08001a40       0xc0 build/obj/chschd.o
                0x08001a40                chSchDoRescheduleAhead
 .text.chSchDoReschedule
                0x08001b00       0x20 build/obj/chschd.o
                0x08001b00                chSchDoReschedule
 .text.list_remove
                0x08001b20       0x20 build/obj/chthreads.o
 .text._thread_init
                0x08001b40       0xc0 build/obj/chthreads.o
                0x08001b40                _thread_init
 .text._thread_memfill
                0x08001c00       0x30 build/obj/chthreads.o
                0x08001c00                _thread_memfill
 .text.chThdCreateI
                0x08001c30       0x80 build/obj/chthreads.o
                0x08001c30                chThdCreateI
 .text.chThdCreateStatic
                0x08001cb0       0x80 build/obj/chthreads.o
                0x08001cb0                chThdCreateStatic
 .text.chThdSleep
                0x08001d30       0x40 build/obj/chthreads.o
                0x08001d30                chThdSleep
 .text.chThdSleepUntil
                0x08001d70       0x50 build/obj/chthreads.o
                0x08001d70                chThdSleepUntil
 .text.chThdExit
                0x08001dc0       0x20 build/obj/chthreads.o
                0x08001dc0                chThdExit
 .text.chThdExitS
                0x08001de0       0x80 build/obj/chthreads.o
                0x08001de0                chThdExitS
 .text.queue_insert
                0x08001e60       0x30 build/obj/chsem.o
 .text.fifo_remove
                0x08001e90       0x30 build/obj/chsem.o
 .text.chSemInit
                0x08001ec0       0x40 build/obj/chsem.o
                0x08001ec0                chSemInit
 .text.chSemWait
                0x08001f00       0x30 build/obj/chsem.o
                0x08001f00                chSemWait
 .text.chSemWaitS
                0x08001f30       0xb0 build/obj/chsem.o
                0x08001f30                chSemWaitS
 .text.chSemSignal
                0x08001fe0       0x90 build/obj/chsem.o
                0x08001fe0                chSemSignal
 .text.chMtxInit
                0x08002070       0x40 build/obj/chmtx.o
                0x08002070                chMtxInit
 .text.chEvtBroadcastFlagsI
                0x080020b0       0x60 build/obj/chevents.o
                0x080020b0                chEvtBroadcastFlagsI
 .text.chEvtSignalI
                0x08002110       0x70 build/obj/chevents.o
                0x08002110                chEvtSignalI
 .text.queue_insert
                0x08002180       0x30 build/obj/chqueues.o
 .text.fifo_remove
                0x080021b0       0x30 build/obj/chqueues.o
 .text.qwait    0x080021e0       0x50 build/obj/chqueues.o
 .text.chIQInit
                0x08002230       0x50 build/obj/chqueues.o
                0x08002230                chIQInit
 .text.chIQPutI
                0x08002280       0xa0 build/obj/chqueues.o
                0x08002280                chIQPutI
 .text.chIQGetTimeout
                0x08002320       0xa0 build/obj/chqueues.o
                0x08002320                chIQGetTimeout
 .text.chIQReadTimeout
                0x080023c0       0xe0 build/obj/chqueues.o
                0x080023c0                chIQReadTimeout
 .text.chOQInit
                0x080024a0       0x50 build/obj/chqueues.o
                0x080024a0                chOQInit
 .text.chOQPutTimeout
                0x080024f0       0xa0 build/obj/chqueues.o
                0x080024f0                chOQPutTimeout
 .text.chOQGetI
                0x08002590       0xa0 build/obj/chqueues.o
                0x08002590                chOQGetI
 .text.chOQWriteTimeout
                0x08002630       0xe0 build/obj/chqueues.o
                0x08002630                chOQWriteTimeout
 .text._core_init
                0x08002710       0x40 build/obj/chmemcore.o
                0x08002710                _core_init
 .text.chCoreAlloc
                0x08002750       0x30 build/obj/chmemcore.o
                0x08002750                chCoreAlloc
 .text.chCoreAllocI
                0x08002780       0x70 build/obj/chmemcore.o
                0x08002780                chCoreAllocI
 .text._heap_init
                0x080027f0       0x40 build/obj/chheap.o
                0x080027f0                _heap_init
 .text.halInit  0x08002830       0x40 build/obj/hal.o
                0x08002830                halInit
 .text.adcInit  0x08002870       0x10 build/obj/adc.o
                0x08002870                adcInit
 .text.adcObjectInit
                0x08002880       0x50 build/obj/adc.o
                0x08002880                adcObjectInit
 .text.adcStart
                0x080028d0       0x70 build/obj/adc.o
                0x080028d0                adcStart
 .text.adcStartConversionI
                0x08002940       0x90 build/obj/adc.o
                0x08002940                adcStartConversionI
 .text.extInit  0x080029d0       0x10 build/obj/ext.o
                0x080029d0                extInit
 .text.extObjectInit
                0x080029e0       0x20 build/obj/ext.o
                0x080029e0                extObjectInit
 .text.extStart
                0x08002a00       0x70 build/obj/ext.o
                0x08002a00                extStart
 .text.gptInit  0x08002a70       0x10 build/obj/gpt.o
                0x08002a70                gptInit
 .text.gptObjectInit
                0x08002a80       0x20 build/obj/gpt.o
                0x08002a80                gptObjectInit
 .text.gptStart
                0x08002aa0       0x70 build/obj/gpt.o
                0x08002aa0                gptStart
 .text.gptStartOneShotI
                0x08002b10       0x50 build/obj/gpt.o
                0x08002b10                gptStartOneShotI
 .text.icuInit  0x08002b60       0x10 build/obj/icu.o
                0x08002b60                icuInit
 .text.icuObjectInit
                0x08002b70       0x20 build/obj/icu.o
                0x08002b70                icuObjectInit
 .text.mmcsd_get_slice
                0x08002b90       0xb0 build/obj/mmcsd.o
 .text.mmcsdGetCapacity
                0x08002c40       0x90 build/obj/mmcsd.o
                0x08002c40                mmcsdGetCapacity
 .text.rtcInit  0x08002cd0       0x10 build/obj/rtc.o
                0x08002cd0                rtcInit
 .text.rtcGetTime
                0x08002ce0       0x50 build/obj/rtc.o
                0x08002ce0                rtcGetTime
 .text.rtcGetTimeFat
                0x08002d30       0x30 build/obj/rtc.o
                0x08002d30                rtcGetTimeFat
 .text._sdc_wait_for_transfer_state
                0x08002d60       0x70 build/obj/sdc.o
                0x08002d60                _sdc_wait_for_transfer_state
 .text.sdcInit  0x08002dd0       0x10 build/obj/sdc.o
                0x08002dd0                sdcInit
 .text.sdcObjectInit
                0x08002de0       0x40 build/obj/sdc.o
                0x08002de0                sdcObjectInit
 .text.sdcStart
                0x08002e20       0x70 build/obj/sdc.o
                0x08002e20                sdcStart
 .text.sdcConnect
                0x08002e90      0x2b0 build/obj/sdc.o
                0x08002e90                sdcConnect
 .text.sdcDisconnect
                0x08003140       0xb0 build/obj/sdc.o
                0x08003140                sdcDisconnect
 .text.sdcRead  0x080031f0       0x90 build/obj/sdc.o
                0x080031f0                sdcRead
 .text.sdcWrite
                0x08003280       0x90 build/obj/sdc.o
                0x08003280                sdcWrite
 .text.sdcSync  0x08003310       0x50 build/obj/sdc.o
                0x08003310                sdcSync
 .text.sdcGetInfo
                0x08003360       0x50 build/obj/sdc.o
                0x08003360                sdcGetInfo
 .text.write    0x080033b0       0x30 build/obj/serial.o
 .text.read     0x080033e0       0x30 build/obj/serial.o
 .text.put      0x08003410       0x30 build/obj/serial.o
 .text.get      0x08003440       0x20 build/obj/serial.o
 .text.putt     0x08003460       0x30 build/obj/serial.o
 .text.gett     0x08003490       0x20 build/obj/serial.o
 .text.writet   0x080034b0       0x30 build/obj/serial.o
 .text.readt    0x080034e0       0x30 build/obj/serial.o
 .text.sdInit   0x08003510       0x10 build/obj/serial.o
                0x08003510                sdInit
 .text.sdObjectInit
                0x08003520       0x70 build/obj/serial.o
                0x08003520                sdObjectInit
 .text.sdStart  0x08003590       0x70 build/obj/serial.o
                0x08003590                sdStart
 .text.sdIncomingDataI
                0x08003600       0x70 build/obj/serial.o
                0x08003600                sdIncomingDataI
 .text.spiInit  0x08003670       0x10 build/obj/spi.o
                0x08003670                spiInit
 .text.spiObjectInit
                0x08003680       0x30 build/obj/spi.o
                0x08003680                spiObjectInit
 .text.spiStart
                0x080036b0       0x70 build/obj/spi.o
                0x080036b0                spiStart
 .text.spiSelect
                0x08003720       0x50 build/obj/spi.o
                0x08003720                spiSelect
 .text.spiUnselect
                0x08003770       0x50 build/obj/spi.o
                0x08003770                spiUnselect
 .text.Vector6C
                0x080037c0       0x60 build/obj/stm32_dma.o
                0x080037c0                Vector6C
 .text.Vector70
                0x08003820       0x60 build/obj/stm32_dma.o
                0x08003820                Vector70
 .text.Vector74
                0x08003880       0x60 build/obj/stm32_dma.o
                0x08003880                Vector74
 .text.Vector78
                0x080038e0       0x60 build/obj/stm32_dma.o
                0x080038e0                Vector78
 .text.Vector7C
                0x08003940       0x60 build/obj/stm32_dma.o
                0x08003940                Vector7C
 .text.Vector80
                0x080039a0       0x60 build/obj/stm32_dma.o
                0x080039a0                Vector80
 .text.Vector84
                0x08003a00       0x60 build/obj/stm32_dma.o
                0x08003a00                Vector84
 .text.VectorFC
                0x08003a60       0x60 build/obj/stm32_dma.o
                0x08003a60                VectorFC
 .text.Vector120
                0x08003ac0       0x60 build/obj/stm32_dma.o
                0x08003ac0                Vector120
 .text.Vector124
                0x08003b20       0x60 build/obj/stm32_dma.o
                0x08003b20                Vector124
 .text.Vector128
                0x08003b80       0x60 build/obj/stm32_dma.o
                0x08003b80                Vector128
 .text.Vector12C
                0x08003be0       0x60 build/obj/stm32_dma.o
                0x08003be0                Vector12C
 .text.Vector130
                0x08003c40       0x60 build/obj/stm32_dma.o
                0x08003c40                Vector130
 .text.Vector150
                0x08003ca0       0x60 build/obj/stm32_dma.o
                0x08003ca0                Vector150
 .text.Vector154
                0x08003d00       0x60 build/obj/stm32_dma.o
                0x08003d00                Vector154
 .text.Vector158
                0x08003d60       0x60 build/obj/stm32_dma.o
                0x08003d60                Vector158
 .text.dmaInit  0x08003dc0       0xa0 build/obj/stm32_dma.o
                0x08003dc0                dmaInit
 .text.dmaStreamAllocate
                0x08003e60      0x150 build/obj/stm32_dma.o
                0x08003e60                dmaStreamAllocate
 .text.hal_lld_backup_domain_init
                0x08003fb0       0xc0 build/obj/hal_lld.o
 .text.hal_lld_init
                0x08004070      0x140 build/obj/hal_lld.o
                0x08004070                hal_lld_init
 .text.stm32_clock_init
                0x080041b0      0x1f0 build/obj/hal_lld.o
                0x080041b0                stm32_clock_init
 .text.adc_lld_serve_rx_interrupt
                0x080043a0      0x210 build/obj/adc_lld.o
 .text.Vector88
                0x080045b0      0x320 build/obj/adc_lld.o
                0x080045b0                Vector88
 .text.adc_lld_init
                0x080048d0       0xd0 build/obj/adc_lld.o
                0x080048d0                adc_lld_init
 .text.adc_lld_start
                0x080049a0      0x190 build/obj/adc_lld.o
                0x080049a0                adc_lld_start
 .text.adc_lld_start_conversion
                0x08004b30      0x100 build/obj/adc_lld.o
                0x08004b30                adc_lld_start_conversion
 .text.adc_lld_stop_conversion
                0x08004c30       0x60 build/obj/adc_lld.o
                0x08004c30                adc_lld_stop_conversion
 .text.adcSTM32EnableTSVREFE
                0x08004c90       0x20 build/obj/adc_lld.o
                0x08004c90                adcSTM32EnableTSVREFE
 .text.adcSTM32EnableVBATE
                0x08004cb0       0x20 build/obj/adc_lld.o
                0x08004cb0                adcSTM32EnableVBATE
 .text.Vector58
                0x08004cd0       0x40 build/obj/ext_lld_isr.o
                0x08004cd0                Vector58
 .text.Vector5C
                0x08004d10       0x40 build/obj/ext_lld_isr.o
                0x08004d10                Vector5C
 .text.Vector60
                0x08004d50       0x40 build/obj/ext_lld_isr.o
                0x08004d50                Vector60
 .text.Vector64
                0x08004d90       0x40 build/obj/ext_lld_isr.o
                0x08004d90                Vector64
 .text.Vector68
                0x08004dd0       0x40 build/obj/ext_lld_isr.o
                0x08004dd0                Vector68
 .text.Vector9C
                0x08004e10       0xf0 build/obj/ext_lld_isr.o
                0x08004e10                Vector9C
 .text.VectorE0
                0x08004f00      0x110 build/obj/ext_lld_isr.o
                0x08004f00                VectorE0
 .text.Vector44
                0x08005010       0x40 build/obj/ext_lld_isr.o
                0x08005010                Vector44
 .text.VectorE4
                0x08005050       0x40 build/obj/ext_lld_isr.o
                0x08005050                VectorE4
 .text.VectorE8
                0x08005090       0x40 build/obj/ext_lld_isr.o
                0x08005090                VectorE8
 .text.Vector138
                0x080050d0       0x40 build/obj/ext_lld_isr.o
                0x080050d0                Vector138
 .text.Vector170
                0x08005110       0x40 build/obj/ext_lld_isr.o
                0x08005110                Vector170
 .text.Vector4C
                0x08005150       0x40 build/obj/ext_lld_isr.o
                0x08005150                Vector4C
 .text.ext_lld_exti_irq_enable
                0x08005190       0xb0 build/obj/ext_lld_isr.o
                0x08005190                ext_lld_exti_irq_enable
 .text.ext_lld_init
                0x08005240       0x10 build/obj/ext_lld.o
                0x08005240                ext_lld_init
 .text.ext_lld_start
                0x08005250       0x50 build/obj/ext_lld.o
                0x08005250                ext_lld_start
 .text.ext_lld_channel_enable
                0x080052a0      0x1d0 build/obj/ext_lld.o
                0x080052a0                ext_lld_channel_enable
 .text.ext_lld_channel_disable
                0x08005470       0xb0 build/obj/ext_lld.o
                0x08005470                ext_lld_channel_disable
 .text.gpt_lld_serve_interrupt
                0x08005520       0x40 build/obj/gpt_lld.o
 .text.VectorF4
                0x08005560       0x20 build/obj/gpt_lld.o
                0x08005560                VectorF4
 .text.gpt_lld_init
                0x08005580       0x30 build/obj/gpt_lld.o
                0x08005580                gpt_lld_init
 .text.gpt_lld_start
                0x080055b0       0xe0 build/obj/gpt_lld.o
                0x080055b0                gpt_lld_start
 .text.gpt_lld_start_timer
                0x08005690       0x50 build/obj/gpt_lld.o
                0x08005690                gpt_lld_start_timer
 .text.gpt_lld_stop_timer
                0x080056e0       0x30 build/obj/gpt_lld.o
                0x080056e0                gpt_lld_stop_timer
 .text.icu_lld_serve_interrupt
                0x08005710       0xf0 build/obj/icu_lld.o
 .text.VectorA4
                0x08005800       0x20 build/obj/icu_lld.o
                0x08005800                VectorA4
 .text.VectorAC
                0x08005820       0x20 build/obj/icu_lld.o
                0x08005820                VectorAC
 .text.icu_lld_init
                0x08005840       0x30 build/obj/icu_lld.o
                0x08005840                icu_lld_init
 .text.sdc_lld_prepare_read
                0x08005870       0x90 build/obj/sdc_lld.o
 .text.sdc_lld_prepare_write
                0x08005900       0x90 build/obj/sdc_lld.o
 .text.sdc_lld_wait_transaction_end
                0x08005990      0x100 build/obj/sdc_lld.o
 .text.sdc_lld_collect_errors
                0x08005a90       0xa0 build/obj/sdc_lld.o
 .text.sdc_lld_error_cleanup
                0x08005b30       0xc0 build/obj/sdc_lld.o
 .text.Vector104
                0x08005bf0       0x70 build/obj/sdc_lld.o
                0x08005bf0                Vector104
 .text.sdc_lld_init
                0x08005c60       0x40 build/obj/sdc_lld.o
                0x08005c60                sdc_lld_init
 .text.sdc_lld_start
                0x08005ca0       0xe0 build/obj/sdc_lld.o
                0x08005ca0                sdc_lld_start
 .text.sdc_lld_start_clk
                0x08005d80       0x50 build/obj/sdc_lld.o
                0x08005d80                sdc_lld_start_clk
 .text.sdc_lld_set_data_clk
                0x08005dd0       0x20 build/obj/sdc_lld.o
                0x08005dd0                sdc_lld_set_data_clk
 .text.sdc_lld_stop_clk
                0x08005df0       0x30 build/obj/sdc_lld.o
                0x08005df0                sdc_lld_stop_clk
 .text.sdc_lld_set_bus_mode
                0x08005e20       0x60 build/obj/sdc_lld.o
                0x08005e20                sdc_lld_set_bus_mode
 .text.sdc_lld_send_cmd_none
                0x08005e80       0x50 build/obj/sdc_lld.o
                0x08005e80                sdc_lld_send_cmd_none
 .text.sdc_lld_send_cmd_short
                0x08005ed0       0x90 build/obj/sdc_lld.o
                0x08005ed0                sdc_lld_send_cmd_short
 .text.sdc_lld_send_cmd_short_crc
                0x08005f60       0x90 build/obj/sdc_lld.o
                0x08005f60                sdc_lld_send_cmd_short_crc
 .text.sdc_lld_send_cmd_long_crc
                0x08005ff0       0xd0 build/obj/sdc_lld.o
                0x08005ff0                sdc_lld_send_cmd_long_crc
 .text.sdc_lld_read_aligned
                0x080060c0      0x110 build/obj/sdc_lld.o
                0x080060c0                sdc_lld_read_aligned
 .text.sdc_lld_write_aligned
                0x080061d0      0x110 build/obj/sdc_lld.o
                0x080061d0                sdc_lld_write_aligned
 .text.sdc_lld_read
                0x080062e0       0xa0 build/obj/sdc_lld.o
                0x080062e0                sdc_lld_read
 .text.sdc_lld_write
                0x08006380       0xa0 build/obj/sdc_lld.o
                0x08006380                sdc_lld_write
 .text.sdc_lld_sync
                0x08006420       0x10 build/obj/sdc_lld.o
                0x08006420                sdc_lld_sync
 .text.initgpio
                0x08006430       0x50 build/obj/pal_lld.o
 .text._pal_lld_init
                0x08006480      0x100 build/obj/pal_lld.o
                0x08006480                _pal_lld_init
 .text.rtc_lld_init
                0x08006580       0xe0 build/obj/rtc_lld.o
                0x08006580                rtc_lld_init
 .text.rtc_lld_get_time
                0x08006660       0x90 build/obj/rtc_lld.o
                0x08006660                rtc_lld_get_time
 .text.rtc_lld_get_time_fat
                0x080066f0      0x190 build/obj/rtc_lld.o
                0x080066f0                rtc_lld_get_time_fat
 .text.spi_lld_serve_rx_interrupt
                0x08006880      0x100 build/obj/spi_lld.o
 .text.spi_lld_serve_tx_interrupt
                0x08006980       0x30 build/obj/spi_lld.o
 .text.spi_lld_init
                0x080069b0       0xe0 build/obj/spi_lld.o
                0x080069b0                spi_lld_init
 .text.spi_lld_start
                0x08006a90      0x1d0 build/obj/spi_lld.o
                0x08006a90                spi_lld_start
 .text.spi_lld_select
                0x08006c60       0x20 build/obj/spi_lld.o
                0x08006c60                spi_lld_select
 .text.spi_lld_unselect
                0x08006c80       0x20 build/obj/spi_lld.o
                0x08006c80                spi_lld_unselect
 .text.spi_lld_send
                0x08006ca0       0x80 build/obj/spi_lld.o
                0x08006ca0                spi_lld_send
 .text.spi_lld_receive
                0x08006d20       0x80 build/obj/spi_lld.o
                0x08006d20                spi_lld_receive
 .text.spi_lld_polled_exchange
                0x08006da0       0x40 build/obj/spi_lld.o
                0x08006da0                spi_lld_polled_exchange
 .text.usart_init
                0x08006de0       0xb0 build/obj/serial_lld.o
 .text.set_error
                0x08006e90       0x90 build/obj/serial_lld.o
 .text.serve_interrupt
                0x08006f20      0x180 build/obj/serial_lld.o
 .text.notify1  0x080070a0       0x30 build/obj/serial_lld.o
 .text.notify2  0x080070d0       0x30 build/obj/serial_lld.o
 .text.notify6  0x08007100       0x30 build/obj/serial_lld.o
 .text.VectorD4
                0x08007130       0x20 build/obj/serial_lld.o
                0x08007130                VectorD4
 .text.VectorD8
                0x08007150       0x20 build/obj/serial_lld.o
                0x08007150                VectorD8
 .text.Vector15C
                0x08007170       0x20 build/obj/serial_lld.o
                0x08007170                Vector15C
 .text.sd_lld_init
                0x08007190       0x90 build/obj/serial_lld.o
                0x08007190                sd_lld_init
 .text.sd_lld_start
                0x08007220       0xd0 build/obj/serial_lld.o
                0x08007220                sd_lld_start
 .text.__early_init
                0x080072f0       0x10 build/obj/board.o
                0x080072f0                __early_init
 .text.sdc_lld_is_card_inserted
                0x08007300       0x30 build/obj/board.o
                0x08007300                sdc_lld_is_card_inserted
 .text.sdc_lld_is_write_protected
                0x08007330       0x30 build/obj/board.o
                0x08007330                sdc_lld_is_write_protected
 .text.boardInit
                0x08007360       0x10 build/obj/board.o
                0x08007360                boardInit
 .text.long_to_string_with_divisor
                0x08007370       0xc0 build/obj/chprintf.o
 .text.ltoa     0x08007430       0x20 build/obj/chprintf.o
 .text.ftoa     0x08007450       0xb0 build/obj/chprintf.o
 .text.chprintf
                0x08007500      0x520 build/obj/chprintf.o
                0x08007500                chprintf
 .text.stm32_rtc_bcd2tm
                0x08007a20      0x1f0 build/obj/chrtclib.o
 .text.rtcGetTimeTm
                0x08007c10       0x40 build/obj/chrtclib.o
                0x08007c10                rtcGetTimeTm
 .text.writes   0x08007c50       0x60 build/obj/memstreams.o
 .text.reads    0x08007cb0       0x60 build/obj/memstreams.o
 .text.put      0x08007d10       0x50 build/obj/memstreams.o
 .text.get      0x08007d60       0x40 build/obj/memstreams.o
 .text.msObjectInit
                0x08007da0       0x40 build/obj/memstreams.o
                0x08007da0                msObjectInit
 .text.disk_initialize
                0x08007de0       0x70 build/obj/fatfs_diskio.o
                0x08007de0                disk_initialize
 .text.disk_status
                0x08007e50       0x70 build/obj/fatfs_diskio.o
                0x08007e50                disk_status
 .text.disk_read
                0x08007ec0       0x60 build/obj/fatfs_diskio.o
                0x08007ec0                disk_read
 .text.disk_write
                0x08007f20       0x60 build/obj/fatfs_diskio.o
                0x08007f20                disk_write
 .text.disk_ioctl
                0x08007f80       0x80 build/obj/fatfs_diskio.o
                0x08007f80                disk_ioctl
 .text.get_fattime
                0x08008000       0x20 build/obj/fatfs_diskio.o
                0x08008000                get_fattime
 .text.mem_cpy  0x08008020       0x50 build/obj/ff.o
 .text.mem_set  0x08008070       0x40 build/obj/ff.o
 .text.mem_cmp  0x080080b0       0x70 build/obj/ff.o
 .text.chk_chr  0x08008120       0x30 build/obj/ff.o
 .text.sync_window
                0x08008150       0xa0 build/obj/ff.o
 .text.move_window
                0x080081f0       0x60 build/obj/ff.o
 .text.sync_fs  0x08008250      0x180 build/obj/ff.o
 .text.clust2sect
                0x080083d0       0x40 build/obj/ff.o
                0x080083d0                clust2sect
 .text.get_fat  0x08008410      0x1a0 build/obj/ff.o
                0x08008410                get_fat
 .text.put_fat  0x080085b0      0x280 build/obj/ff.o
                0x080085b0                put_fat
 .text.remove_chain
                0x08008830       0xc0 build/obj/ff.o
 .text.create_chain
                0x080088f0      0x130 build/obj/ff.o
 .text.dir_sdi  0x08008a20      0x130 build/obj/ff.o
 .text.dir_next
                0x08008b50      0x1f0 build/obj/ff.o
 .text.dir_alloc
                0x08008d40       0xa0 build/obj/ff.o
 .text.ld_clust
                0x08008de0       0x60 build/obj/ff.o
 .text.st_clust
                0x08008e40       0x60 build/obj/ff.o
 .text.dir_find
                0x08008ea0       0xc0 build/obj/ff.o
 .text.dir_register
                0x08008f60       0x80 build/obj/ff.o
 .text.create_name
                0x08008fe0      0x200 build/obj/ff.o
 .text.follow_path
                0x080091e0      0x100 build/obj/ff.o
 .text.check_fs
                0x080092e0       0xe0 build/obj/ff.o
 .text.chk_mounted
                0x080093c0      0x630 build/obj/ff.o
 .text.validate
                0x080099f0       0x60 build/obj/ff.o
 .text.f_mount  0x08009a50       0x70 build/obj/ff.o
                0x08009a50                f_mount
 .text.f_open   0x08009ac0      0x2e0 build/obj/ff.o
                0x08009ac0                f_open
 .text.f_write  0x08009da0      0x360 build/obj/ff.o
                0x08009da0                f_write
 .text.f_sync   0x0800a100      0x190 build/obj/ff.o
                0x0800a100                f_sync
 .text.f_opendir
                0x0800a290       0xe0 build/obj/ff.o
                0x0800a290                f_opendir
 .text.f_getfree
                0x0800a370      0x1d0 build/obj/ff.o
                0x0800a370                f_getfree
 .text.f_mkdir  0x0800a540      0x290 build/obj/ff.o
                0x0800a540                f_mkdir
 .text.hard_fault_handler_c
                0x0800a7d0      0x170 build/obj/kb_debug.o
                0x0800a7d0                hard_fault_handler_c
 .text.adc_make_avg
                0x0800a940       0x60 build/obj/kb_adc.o
                0x0800a940                adc_make_avg
 .text.adc_cb   0x0800a9a0       0xa0 build/obj/kb_adc.o
                0x0800a9a0                adc_cb
 .text.adc_trigger_cb
                0x0800aa40       0x60 build/obj/kb_adc.o
                0x0800aa40                adc_trigger_cb
 .text.kuroBoxADCInit
                0x0800aaa0       0x50 build/obj/kb_adc.o
                0x0800aaa0                kuroBoxADCInit
 .text.kuroBoxButtonsInit
                0x0800aaf0       0x80 build/obj/kb_buttons.o
                0x0800aaf0                kuroBoxButtonsInit
 .text.btn_0_exti_cb
                0x0800ab70       0x40 build/obj/kb_buttons.o
                0x0800ab70                btn_0_exti_cb
 .text.btn_1_exti_cb
                0x0800abb0       0x50 build/obj/kb_buttons.o
                0x0800abb0                btn_1_exti_cb
 .text.new_write_buffer_idx_to_fill
                0x0800ac00       0xa0 build/obj/kb_logger.o
 .text.return_write_buffer_idx_after_filling
                0x0800aca0       0x70 build/obj/kb_logger.o
 .text.new_write_buffer_idx_to_write
                0x0800ad10       0x80 build/obj/kb_logger.o
 .text.return_write_buffer_idx_after_writing
                0x0800ad90       0x70 build/obj/kb_logger.o
 .text.make_dirs
                0x0800ae00       0x40 build/obj/kb_logger.o
 .text.new_file
                0x0800ae40      0x120 build/obj/kb_logger.o
 .text.on_insert
                0x0800af60      0x1b0 build/obj/kb_logger.o
 .text.on_remove
                0x0800b110       0x40 build/obj/kb_logger.o
 .text.wait_for_sd
                0x0800b150       0x70 build/obj/kb_logger.o
 .text.sd_card_status
                0x0800b1c0       0x70 build/obj/kb_logger.o
 .text.writing_run
                0x0800b230      0x170 build/obj/kb_logger.o
 .text.thWriter
                0x0800b3a0       0xf0 build/obj/kb_logger.o
 .text.thLogger
                0x0800b490      0x240 build/obj/kb_logger.o
 .text.kuroBoxLoggerInit
                0x0800b6d0       0xa0 build/obj/kb_logger.o
                0x0800b6d0                kuroBoxLoggerInit
 .text.kbl_setLTC
                0x0800b770       0x20 build/obj/kb_logger.o
                0x0800b770                kbl_setLTC
 .text.kbl_incPPS
                0x0800b790       0x20 build/obj/kb_logger.o
                0x0800b790                kbl_incPPS
 .text.kbl_setGpsNavSol
                0x0800b7b0       0x50 build/obj/kb_logger.o
                0x0800b7b0                kbl_setGpsNavSol
 .text.thScreen
                0x0800b800      0x600 build/obj/kb_screen.o
 .text.kuroBoxScreenInit
                0x0800be00       0x50 build/obj/kb_screen.o
                0x0800be00                kuroBoxScreenInit
 .text.kbs_setVoltage
                0x0800be50       0x20 build/obj/kb_screen.o
                0x0800be50                kbs_setVoltage
 .text.kbs_setTemperature
                0x0800be70       0x20 build/obj/kb_screen.o
                0x0800be70                kbs_setTemperature
 .text.kbs_setLTC
                0x0800be90       0x20 build/obj/kb_screen.o
                0x0800be90                kbs_setLTC
 .text.kbs_setWriteCount
                0x0800beb0       0x20 build/obj/kb_screen.o
                0x0800beb0                kbs_setWriteCount
 .text.kbs_setWriteErrors
                0x0800bed0       0x20 build/obj/kb_screen.o
                0x0800bed0                kbs_setWriteErrors
 .text.kbs_setSDCFree
                0x0800bef0       0x20 build/obj/kb_screen.o
                0x0800bef0                kbs_setSDCFree
 .text.kbs_setFName
                0x0800bf10       0x20 build/obj/kb_screen.o
                0x0800bf10                kbs_setFName
 .text.kbs_setBtn0
                0x0800bf30       0x20 build/obj/kb_screen.o
                0x0800bf30                kbs_setBtn0
 .text.kbs_setBtn1
                0x0800bf50       0x20 build/obj/kb_screen.o
                0x0800bf50                kbs_setBtn1
 .text.kbs_PPS  0x0800bf70       0x20 build/obj/kb_screen.o
                0x0800bf70                kbs_PPS
 .text.kbs_setGpsEcef
                0x0800bf90       0x30 build/obj/kb_screen.o
                0x0800bf90                kbs_setGpsEcef
 .text.kbs_setYPR
                0x0800bfc0       0x30 build/obj/kb_screen.o
                0x0800bfc0                kbs_setYPR
 .text.frame_to_time
                0x0800bff0       0xc0 build/obj/kb_time.o
 .text.ltc_store
                0x0800c0b0      0x110 build/obj/kb_time.o
                0x0800c0b0                ltc_store
 .text.ltc_exti_cb
                0x0800c1c0       0xc0 build/obj/kb_time.o
                0x0800c1c0                ltc_exti_cb
 .text.kuroBoxTimeInit
                0x0800c280       0x20 build/obj/kb_time.o
                0x0800c280                kuroBoxTimeInit
 .text.ecef_to_lla
                0x0800c2a0      0x340 build/obj/kb_gps.o
                0x0800c2a0                ecef_to_lla
 .text.parse_and_store_nav_sol
                0x0800c5e0       0xb0 build/obj/kb_gps.o
 .text.thGps    0x0800c690      0x110 build/obj/kb_gps.o
 .text.gps_timepulse_exti_cb
                0x0800c7a0       0x30 build/obj/kb_gps.o
                0x0800c7a0                gps_timepulse_exti_cb
 .text.kuroBoxGPSInit
                0x0800c7d0       0x50 build/obj/kb_gps.o
                0x0800c7d0                kuroBoxGPSInit
 .text.calc_checksum_8
                0x0800c820       0x60 build/obj/kb_util.o
                0x0800c820                calc_checksum_8
 .text.calc_checksum_16
                0x0800c880       0x80 build/obj/kb_util.o
                0x0800c880                calc_checksum_16
 .text.vectornav_dispatch_register
                0x0800c900       0x90 build/obj/kb_vectornav.o
                0x0800c900                vectornav_dispatch_register
 .text.vectornav_spi_end_cb
                0x0800c990       0xe0 build/obj/kb_vectornav.o
                0x0800c990                vectornav_spi_end_cb
 .text.vectornav_gpt_end_cb
                0x0800ca70       0xb0 build/obj/kb_vectornav.o
                0x0800ca70                vectornav_gpt_end_cb
 .text.vn_dr_int_exti_cb
                0x0800cb20       0xc0 build/obj/kb_vectornav.o
                0x0800cb20                vn_dr_int_exti_cb
 .text.kuroBoxVectorNavInit
                0x0800cbe0       0x50 build/obj/kb_vectornav.o
                0x0800cbe0                kuroBoxVectorNavInit
 .text.thBlinker
                0x0800cc30       0x60 build/obj/main.o
 .text.kuroBox_panic
                0x0800cc90       0x10 build/obj/main.o
                0x0800cc90                kuroBox_panic
 .text.kuroBoxInit
                0x0800cca0      0x1f0 build/obj/main.o
                0x0800cca0                kuroBoxInit
 .text.main     0x0800ce90       0x50 build/obj/main.o
                0x0800ce90                main
 .text.spiEepromStart
                0x0800cee0       0x20 build/obj/spiEEPROM.o
                0x0800cee0                spiEepromStart
 .text.updateBoundingBox
                0x0800cf00       0xa0 build/obj/ST7565.o
 .text.st7565Start
                0x0800cfa0      0x180 build/obj/ST7565.o
                0x0800cfa0                st7565Start
 .text.st7565_display
                0x0800d120      0x1d0 build/obj/ST7565.o
                0x0800d120                st7565_display
 .text.st7565_clear
                0x0800d2f0       0x30 build/obj/ST7565.o
                0x0800d2f0                st7565_clear
 .text.st7565_drawchar
                0x0800d320       0xb0 build/obj/ST7565.o
                0x0800d320                st7565_drawchar
 .text.st7565_drawstring
                0x0800d3d0       0xc0 build/obj/ST7565.o
                0x0800d3d0                st7565_drawstring
 .text.st7565_setpixel
                0x0800d490      0x100 build/obj/ST7565.o
                0x0800d490                st7565_setpixel
 .text.st7565_drawline
                0x0800d590      0x1d0 build/obj/ST7565.o
                0x0800d590                st7565_drawline
 .text.st7565_fillrect
                0x0800d760       0xc0 build/obj/ST7565.o
                0x0800d760                st7565_fillrect
 .text.cos      0x0800d820       0x90 c:/chibistudio/tools/gnu tools arm embedded/4.7 2013q1/bin/../lib/gcc/arm-none-eabi/4.7.3/../../../../arm-none-eabi/lib/armv7e-m\libm.a(lib_a-s_cos.o)
                0x0800d820                cos
 .text.sin      0x0800d8b0       0x98 c:/chibistudio/tools/gnu tools arm embedded/4.7 2013q1/bin/../lib/gcc/arm-none-eabi/4.7.3/../../../../arm-none-eabi/lib/armv7e-m\libm.a(lib_a-s_sin.o)
                0x0800d8b0                sin
 *fill*         0x0800d948        0x8 00
 .text.atan2    0x0800d950        0x4 c:/chibistudio/tools/gnu tools arm embedded/4.7 2013q1/bin/../lib/gcc/arm-none-eabi/4.7.3/../../../../arm-none-eabi/lib/armv7e-m\libm.a(lib_a-w_atan2.o)
                0x0800d950                atan2
 *fill*         0x0800d954        0xc 00
 .text.pow      0x0800d960      0x310 c:/chibistudio/tools/gnu tools arm embedded/4.7 2013q1/bin/../lib/gcc/arm-none-eabi/4.7.3/../../../../arm-none-eabi/lib/armv7e-m\libm.a(lib_a-w_pow.o)
                0x0800d960                pow
 .text.sqrt     0x0800dc70       0xa8 c:/chibistudio/tools/gnu tools arm embedded/4.7 2013q1/bin/../lib/gcc/arm-none-eabi/4.7.3/../../../../arm-none-eabi/lib/armv7e-m\libm.a(lib_a-w_sqrt.o)
                0x0800dc70                sqrt
 *fill*         0x0800dd18        0x8 00
 .text.__ieee754_atan2
                0x0800dd20      0x218 c:/chibistudio/tools/gnu tools arm embedded/4.7 2013q1/bin/../lib/gcc/arm-none-eabi/4.7.3/../../../../arm-none-eabi/lib/armv7e-m\libm.a(lib_a-e_atan2.o)
                0x0800dd20                __ieee754_atan2
 *fill*         0x0800df38        0x8 00
 .text.__ieee754_pow
                0x0800df40      0xb20 c:/chibistudio/tools/gnu tools arm embedded/4.7 2013q1/bin/../lib/gcc/arm-none-eabi/4.7.3/../../../../arm-none-eabi/lib/armv7e-m\libm.a(lib_a-e_pow.o)
                0x0800df40                __ieee754_pow
 .text.__ieee754_rem_pio2
                0x0800ea60      0x468 c:/chibistudio/tools/gnu tools arm embedded/4.7 2013q1/bin/../lib/gcc/arm-none-eabi/4.7.3/../../../../arm-none-eabi/lib/armv7e-m\libm.a(lib_a-e_rem_pio2.o)
                0x0800ea60                __ieee754_rem_pio2
 *fill*         0x0800eec8        0x8 00
 .text.__ieee754_sqrt
                0x0800eed0      0x208 c:/chibistudio/tools/gnu tools arm embedded/4.7 2013q1/bin/../lib/gcc/arm-none-eabi/4.7.3/../../../../arm-none-eabi/lib/armv7e-m\libm.a(lib_a-e_sqrt.o)
                0x0800eed0                __ieee754_sqrt
 *fill*         0x0800f0d8        0x8 00
 .text.__kernel_cos
                0x0800f0e0      0x258 c:/chibistudio/tools/gnu tools arm embedded/4.7 2013q1/bin/../lib/gcc/arm-none-eabi/4.7.3/../../../../arm-none-eabi/lib/armv7e-m\libm.a(lib_a-k_cos.o)
                0x0800f0e0                __kernel_cos
 *fill*         0x0800f338        0x8 00
 .text.__kernel_rem_pio2
                0x0800f340      0xdec c:/chibistudio/tools/gnu tools arm embedded/4.7 2013q1/bin/../lib/gcc/arm-none-eabi/4.7.3/../../../../arm-none-eabi/lib/armv7e-m\libm.a(lib_a-k_rem_pio2.o)
                0x0800f340                __kernel_rem_pio2
 *fill*         0x0801012c        0x4 00
 .text.__kernel_sin
                0x08010130      0x170 c:/chibistudio/tools/gnu tools arm embedded/4.7 2013q1/bin/../lib/gcc/arm-none-eabi/4.7.3/../../../../arm-none-eabi/lib/armv7e-m\libm.a(lib_a-k_sin.o)
                0x08010130                __kernel_sin
 .text.atan     0x080102a0      0x368 c:/chibistudio/tools/gnu tools arm embedded/4.7 2013q1/bin/../lib/gcc/arm-none-eabi/4.7.3/../../../../arm-none-eabi/lib/armv7e-m\libm.a(lib_a-s_atan.o)
                0x080102a0                atan
 *fill*         0x08010608        0x8 00
 .text.fabs     0x08010610        0x8 c:/chibistudio/tools/gnu tools arm embedded/4.7 2013q1/bin/../lib/gcc/arm-none-eabi/4.7.3/../../../../arm-none-eabi/lib/armv7e-m\libm.a(lib_a-s_fabs.o)
                0x08010610                fabs
 *fill*         0x08010618        0x8 00
 .text.finite   0x08010620        0xc c:/chibistudio/tools/gnu tools arm embedded/4.7 2013q1/bin/../lib/gcc/arm-none-eabi/4.7.3/../../../../arm-none-eabi/lib/armv7e-m\libm.a(lib_a-s_finite.o)
                0x08010620                finite
 *fill*         0x0801062c        0x4 00
 .text.floor    0x08010630      0x110 c:/chibistudio/tools/gnu tools arm embedded/4.7 2013q1/bin/../lib/gcc/arm-none-eabi/4.7.3/../../../../arm-none-eabi/lib/armv7e-m\libm.a(lib_a-s_floor.o)
                0x08010630                floor
 .text.__fpclassifyd
                0x08010740       0x68 c:/chibistudio/tools/gnu tools arm embedded/4.7 2013q1/bin/../lib/gcc/arm-none-eabi/4.7.3/../../../../arm-none-eabi/lib/armv7e-m\libm.a(lib_a-s_fpclassify.o)
                0x08010740                __fpclassifyd
 *fill*         0x080107a8        0x8 00
 .text.matherr  0x080107b0        0x4 c:/chibistudio/tools/gnu tools arm embedded/4.7 2013q1/bin/../lib/gcc/arm-none-eabi/4.7.3/../../../../arm-none-eabi/lib/armv7e-m\libm.a(lib_a-s_matherr.o)
                0x080107b0                matherr
 *fill*         0x080107b4        0xc 00
 .text.nan      0x080107c0        0xc c:/chibistudio/tools/gnu tools arm embedded/4.7 2013q1/bin/../lib/gcc/arm-none-eabi/4.7.3/../../../../arm-none-eabi/lib/armv7e-m\libm.a(lib_a-s_nan.o)
                0x080107c0                nan
 *fill*         0x080107cc        0x4 00
 .text.rint     0x080107d0      0x128 c:/chibistudio/tools/gnu tools arm embedded/4.7 2013q1/bin/../lib/gcc/arm-none-eabi/4.7.3/../../../../arm-none-eabi/lib/armv7e-m\libm.a(lib_a-s_rint.o)
                0x080107d0                rint
 *fill*         0x080108f8        0x8 00
 .text.scalbn   0x08010900      0x108 c:/chibistudio/tools/gnu tools arm embedded/4.7 2013q1/bin/../lib/gcc/arm-none-eabi/4.7.3/../../../../arm-none-eabi/lib/armv7e-m\libm.a(lib_a-s_scalbn.o)
                0x08010900                scalbn
 *fill*         0x08010a08        0x8 00
 .text.copysign
                0x08010a10       0x18 c:/chibistudio/tools/gnu tools arm embedded/4.7 2013q1/bin/../lib/gcc/arm-none-eabi/4.7.3/../../../../arm-none-eabi/lib/armv7e-m\libm.a(lib_a-s_copysign.o)
                0x08010a10                copysign
 *fill*         0x08010a28        0x8 00
 .text.__errno  0x08010a30        0xc c:/chibistudio/tools/gnu tools arm embedded/4.7 2013q1/bin/../lib/gcc/arm-none-eabi/4.7.3/../../../../arm-none-eabi/lib/armv7e-m\libc.a(lib_a-errno.o)
                0x08010a30                __errno
 *fill*         0x08010a3c        0x4 00
 .text.memcpy   0x08010a40      0x144 c:/chibistudio/tools/gnu tools arm embedded/4.7 2013q1/bin/../lib/gcc/arm-none-eabi/4.7.3/../../../../arm-none-eabi/lib/armv7e-m\libc.a(lib_a-memcpy.o)
                0x08010a40                memcpy
 *fill*         0x08010b84        0xc 00
 .text.memset   0x08010b90      0x12c c:/chibistudio/tools/gnu tools arm embedded/4.7 2013q1/bin/../lib/gcc/arm-none-eabi/4.7.3/../../../../arm-none-eabi/lib/armv7e-m\libc.a(lib_a-memset.o)
                0x08010b90                memset
 *fill*         0x08010cbc        0x4 00
 .text.strcpy   0x08010cc0       0xbc c:/chibistudio/tools/gnu tools arm embedded/4.7 2013q1/bin/../lib/gcc/arm-none-eabi/4.7.3/../../../../arm-none-eabi/lib/armv7e-m\libc.a(lib_a-strcpy.o)
                0x08010cc0                strcpy
 *(.rodata)
 *fill*         0x08010d7c        0x4 00
 .rodata        0x08010d80        0x8 build/obj/chsys.o
 *fill*         0x08010d88        0x8 00
 .rodata        0x08010d90       0x58 build/obj/chdebug.o
 *fill*         0x08010de8        0x8 00
 .rodata        0x08010df0       0x34 build/obj/chvt.o
 *fill*         0x08010e24        0xc 00
 .rodata        0x08010e30       0x24 build/obj/chschd.o
 *fill*         0x08010e54        0xc 00
 .rodata        0x08010e60       0x94 build/obj/chthreads.o
 *fill*         0x08010ef4        0xc 00
 .rodata        0x08010f00      0x148 build/obj/chsem.o
 *fill*         0x08011048        0x8 00
 .rodata        0x08011050       0xac build/obj/chmtx.o
 *fill*         0x080110fc        0x4 00
 .rodata        0x08011100       0x90 build/obj/chevents.o
 .rodata        0x08011190       0x2c build/obj/chqueues.o
 *fill*         0x080111bc        0x4 00
 .rodata        0x080111c0      0x110 build/obj/adc.o
 .rodata        0x080112d0       0xd0 build/obj/ext.o
 .rodata        0x080113a0      0x10c build/obj/gpt.o
 *fill*         0x080114ac        0x4 00
 .rodata        0x080114b0       0x14 build/obj/mmcsd.o
 *fill*         0x080114c4        0xc 00
 .rodata        0x080114d0       0x40 build/obj/rtc.o
 .rodata        0x08011510      0x138 build/obj/sdc.o
 *fill*         0x08011648        0x8 00
 .rodata        0x08011650       0x60 build/obj/serial.o
 .rodata        0x080116b0      0x238 build/obj/spi.o
 *fill*         0x080118e8        0x8 00
 .rodata        0x080118f0       0x48 build/obj/stm32_dma.o
 *fill*         0x08011938        0x8 00
 .rodata        0x08011940       0x3c build/obj/adc_lld.o
 *fill*         0x0801197c        0x4 00
 .rodata        0x08011980       0x14 build/obj/gpt_lld.o
 *fill*         0x08011994        0xc 00
 .rodata        0x080119a0       0x80 build/obj/sdc_lld.o
 .rodata        0x08011a20       0x50 build/obj/spi_lld.o
 .rodata        0x08011a70        0x8 build/obj/chprintf.o
 *fill*         0x08011a78        0x8 00
 .rodata        0x08011a80       0x54 build/obj/ff.o
 *fill*         0x08011ad4        0xc 00
 .rodata        0x08011ae0      0x114 build/obj/kb_debug.o
 *fill*         0x08011bf4        0xc 00
 .rodata        0x08011c00       0xac build/obj/kb_logger.o
 *fill*         0x08011cac        0x4 00
 .rodata        0x08011cb0       0x6c build/obj/kb_screen.o
 *fill*         0x08011d1c        0x4 00
 .rodata        0x08011d20        0x4 build/obj/kb_gps.o
 *fill*         0x08011d24        0xc 00
 .rodata        0x08011d30       0x3c build/obj/main.o
 *(.rodata.*)
 *fill*         0x08011d6c        0x4 00
 .rodata.ch_debug
                0x08011d70       0x18 build/obj/chregistry.o
                0x08011d70                ch_debug
 *fill*         0x08011d88        0x8 00
 .rodata.sdc_vmt
                0x08011d90       0x20 build/obj/sdc.o
 .rodata.vmt    0x08011db0       0x20 build/obj/serial.o
 .rodata._stm32_dma_streams
                0x08011dd0       0xc0 build/obj/stm32_dma.o
                0x08011dd0                _stm32_dma_streams
 .rodata.default_config
                0x08011e90        0xc build/obj/serial_lld.o
 *fill*         0x08011e9c        0x4 00
 .rodata.pal_default_config
                0x08011ea0       0xfc build/obj/board.o
                0x08011ea0                pal_default_config
 *fill*         0x08011f9c        0x4 00
 .rodata.vmt    0x08011fa0       0x10 build/obj/memstreams.o
 .rodata.ExCvt  0x08011fb0       0x80 build/obj/ff.o
 .rodata.ST7565font
                0x08012030      0x4fc build/obj/glcdfont.o
                0x08012030                ST7565font
 *fill*         0x0801252c        0x4 00
 .rodata.adc_grp_cfg
                0x08012530       0x28 build/obj/kb_adc.o
 *fill*         0x08012558        0x8 00
 .rodata.default_vectornav_config
                0x08012560       0x14 build/obj/kb_vectornav.o
 *fill*         0x08012574        0xc 00
 .rodata.sdio_cfg
                0x08012580        0x4 build/obj/main.o
 *fill*         0x08012584        0xc 00
 .rodata.eeprom_cfg
                0x08012590        0xc build/obj/main.o
 *fill*         0x0801259c        0x4 00
 .rodata.lcd_cfg
                0x080125a0       0x1c build/obj/main.o
 *fill*         0x080125bc        0x4 00
 .rodata.extcfg
                0x080125c0       0xb8 build/obj/main.o
 *fill*         0x08012678        0x8 00
 .rodata.pagemap
                0x08012680        0x4 build/obj/ST7565.o
 *fill*         0x08012684        0xc 00
 .rodata.st7565_nanibox
                0x08012690      0x200 build/obj/ST7565.o
 .rodata.str1.4
                0x08012890        0x4 c:/chibistudio/tools/gnu tools arm embedded/4.7 2013q1/bin/../lib/gcc/arm-none-eabi/4.7.3/../../../../arm-none-eabi/lib/armv7e-m\libm.a(lib_a-w_pow.o)
 *fill*         0x08012894        0xc 00
 .rodata.str1.4
                0x080128a0        0x5 c:/chibistudio/tools/gnu tools arm embedded/4.7 2013q1/bin/../lib/gcc/arm-none-eabi/4.7.3/../../../../arm-none-eabi/lib/armv7e-m\libm.a(lib_a-w_sqrt.o)
                                  0x8 (size before relaxing)
 *fill*         0x080128a5        0xb 00
 .rodata.dp_h   0x080128b0       0x10 c:/chibistudio/tools/gnu tools arm embedded/4.7 2013q1/bin/../lib/gcc/arm-none-eabi/4.7.3/../../../../arm-none-eabi/lib/armv7e-m\libm.a(lib_a-e_pow.o)
 .rodata.dp_l   0x080128c0       0x10 c:/chibistudio/tools/gnu tools arm embedded/4.7 2013q1/bin/../lib/gcc/arm-none-eabi/4.7.3/../../../../arm-none-eabi/lib/armv7e-m\libm.a(lib_a-e_pow.o)
 .rodata.bp     0x080128d0       0x10 c:/chibistudio/tools/gnu tools arm embedded/4.7 2013q1/bin/../lib/gcc/arm-none-eabi/4.7.3/../../../../arm-none-eabi/lib/armv7e-m\libm.a(lib_a-e_pow.o)
 .rodata.str1.4
                0x00000000        0x5 c:/chibistudio/tools/gnu tools arm embedded/4.7 2013q1/bin/../lib/gcc/arm-none-eabi/4.7.3/../../../../arm-none-eabi/lib/armv7e-m\libm.a(lib_a-e_pow.o)
                                  0x4 (size before relaxing)
 .rodata.npio2_hw
                0x080128e0       0x80 c:/chibistudio/tools/gnu tools arm embedded/4.7 2013q1/bin/../lib/gcc/arm-none-eabi/4.7.3/../../../../arm-none-eabi/lib/armv7e-m\libm.a(lib_a-e_rem_pio2.o)
 .rodata.two_over_pi
                0x08012960      0x108 c:/chibistudio/tools/gnu tools arm embedded/4.7 2013q1/bin/../lib/gcc/arm-none-eabi/4.7.3/../../../../arm-none-eabi/lib/armv7e-m\libm.a(lib_a-e_rem_pio2.o)
 *fill*         0x08012a68        0x8 00
 .rodata.init_jk
                0x08012a70       0x10 c:/chibistudio/tools/gnu tools arm embedded/4.7 2013q1/bin/../lib/gcc/arm-none-eabi/4.7.3/../../../../arm-none-eabi/lib/armv7e-m\libm.a(lib_a-k_rem_pio2.o)
 .rodata.PIo2   0x08012a80       0x40 c:/chibistudio/tools/gnu tools arm embedded/4.7 2013q1/bin/../lib/gcc/arm-none-eabi/4.7.3/../../../../arm-none-eabi/lib/armv7e-m\libm.a(lib_a-k_rem_pio2.o)
 .rodata.atanlo
                0x08012ac0       0x20 c:/chibistudio/tools/gnu tools arm embedded/4.7 2013q1/bin/../lib/gcc/arm-none-eabi/4.7.3/../../../../arm-none-eabi/lib/armv7e-m\libm.a(lib_a-s_atan.o)
 .rodata.atanhi
                0x08012ae0       0x20 c:/chibistudio/tools/gnu tools arm embedded/4.7 2013q1/bin/../lib/gcc/arm-none-eabi/4.7.3/../../../../arm-none-eabi/lib/armv7e-m\libm.a(lib_a-s_atan.o)
 .rodata.TWO52  0x08012b00       0x10 c:/chibistudio/tools/gnu tools arm embedded/4.7 2013q1/bin/../lib/gcc/arm-none-eabi/4.7.3/../../../../arm-none-eabi/lib/armv7e-m\libm.a(lib_a-s_rint.o)
 .rodata.str1.4
                0x08012b10        0x4 c:/chibistudio/tools/gnu tools arm embedded/4.7 2013q1/bin/../lib/gcc/arm-none-eabi/4.7.3/../../../../arm-none-eabi/lib/armv7e-m\libc.a(lib_a-impure.o)
 *(.glue_7t)
 .glue_7t       0x00000000        0x0 linker stubs
 *(.glue_7)
 .glue_7        0x00000000        0x0 linker stubs
 *(.gcc*)

.vfp11_veneer   0x08012b14        0x0
 .vfp11_veneer  0x00000000        0x0 linker stubs

.v4_bx          0x08012b14        0x0
 .v4_bx         0x00000000        0x0 linker stubs

.iplt           0x08012b14        0x0
 .iplt          0x00000000        0x0 build/obj/kb_debug_asm.o

.rel.dyn        0x08012b14        0x0
 .rel.iplt      0x00000000        0x0 build/obj/kb_debug_asm.o

.ARM.extab
 *(.ARM.extab* .gnu.linkonce.armextab.*)

.ARM.exidx      0x08012b14        0x0
                0x08012b14                PROVIDE (__exidx_start, .)
 *(.ARM.exidx* .gnu.linkonce.armexidx.*)
                0x08012b14                PROVIDE (__exidx_end, .)

.eh_frame_hdr
 *(.eh_frame_hdr)

.eh_frame
 *(.eh_frame)

.textalign      0x08012b14        0x4
                0x08012b18                . = ALIGN (0x8)
 *fill*         0x08012b14        0x4 00
                0x08012b18                _etext = .
                0x08012b18                _textdata = _etext

.stacks         0x20000000      0x800
                0x20000000                . = ALIGN (0x8)
                0x20000000                __main_stack_base__ = .
                0x20000400                . = (. + __main_stack_size__)
 *fill*         0x20000000      0x400 00
                0x20000400                . = ALIGN (0x8)
                0x20000400                __main_stack_end__ = .
                0x20000400                __process_stack_base__ = .
                0x20000400                __main_thread_stack_base__ = .
                0x20000800                . = (. + __process_stack_size__)
 *fill*         0x20000400      0x400 00
                0x20000800                . = ALIGN (0x8)
                0x20000800                __process_stack_end__ = .
                0x20000800                __main_thread_stack_end__ = .

.data           0x20000800      0x454 load address 0x08012b18
                0x20000800                . = ALIGN (0x4)
                0x20000800                PROVIDE (_data, .)
 *(.data)
                0x20000800                . = ALIGN (0x4)
 *(.data.*)
 .data.gps_cfg  0x20000800        0xc build/obj/kb_gps.o
 .data.serial1_cfg
                0x2000080c        0xc build/obj/main.o
 .data.serial2_cfg
                0x20000818        0xc build/obj/main.o
 .data.__fdlib_version
                0x20000824        0x1 c:/chibistudio/tools/gnu tools arm embedded/4.7 2013q1/bin/../lib/gcc/arm-none-eabi/4.7.3/../../../../arm-none-eabi/lib/armv7e-m\libm.a(lib_a-s_lib_ver.o)
                0x20000824                __fdlib_version
 *fill*         0x20000825        0x3 00
 .data.impure_data
                0x20000828      0x428 c:/chibistudio/tools/gnu tools arm embedded/4.7 2013q1/bin/../lib/gcc/arm-none-eabi/4.7.3/../../../../arm-none-eabi/lib/armv7e-m\libc.a(lib_a-impure.o)
 .data._impure_ptr
                0x20000c50        0x4 c:/chibistudio/tools/gnu tools arm embedded/4.7 2013q1/bin/../lib/gcc/arm-none-eabi/4.7.3/../../../../arm-none-eabi/lib/armv7e-m\libc.a(lib_a-impure.o)
                0x20000c50                _impure_ptr
                0x20000c54                . = ALIGN (0x4)
 *(.ramtext)
                0x20000c54                . = ALIGN (0x4)
                0x20000c54                PROVIDE (_edata, .)

.igot.plt       0x20000c54        0x0 load address 0x08012f6c
 .igot.plt      0x00000000        0x0 build/obj/kb_debug_asm.o

.bss            0x20000c58    0x115c8 load address 0x08012f6c
                0x20000c58                . = ALIGN (0x4)
                0x20000c58                PROVIDE (_bss_start, .)
 *(.bss)
                0x20000c58                . = ALIGN (0x4)
 *(.bss.*)
 .bss._idle_thread_wa
                0x20000c58      0x158 build/obj/chsys.o
                0x20000c58                _idle_thread_wa
 .bss.mainthread.4860
                0x20000db0       0x4c build/obj/chsys.o
 .bss.dbg_isr_cnt
                0x20000dfc        0x4 build/obj/chdebug.o
                0x20000dfc                dbg_isr_cnt
 .bss.dbg_lock_cnt
                0x20000e00        0x4 build/obj/chdebug.o
                0x20000e00                dbg_lock_cnt
 .bss.dbg_trace_buffer
                0x20000e04      0x408 build/obj/chdebug.o
                0x20000e04                dbg_trace_buffer
 .bss.dbg_panic_msg
                0x2000120c        0x4 build/obj/chdebug.o
                0x2000120c                dbg_panic_msg
 .bss.vtlist    0x20001210       0x10 build/obj/chvt.o
                0x20001210                vtlist
 .bss.rlist     0x20001220       0x1c build/obj/chschd.o
                0x20001220                rlist
 .bss.nextmem   0x2000123c        0x4 build/obj/chmemcore.o
 .bss.endmem    0x20001240        0x4 build/obj/chmemcore.o
 *fill*         0x20001244        0x4 00
 .bss.default_heap
                0x20001248       0x20 build/obj/chheap.o
 .bss.dma_streams_mask
                0x20001268        0x4 build/obj/stm32_dma.o
 .bss.dma_isr_redir
                0x2000126c       0x80 build/obj/stm32_dma.o
 .bss.ADCD1     0x200012ec       0x34 build/obj/adc_lld.o
                0x200012ec                ADCD1
 .bss.ADCD2     0x20001320       0x34 build/obj/adc_lld.o
                0x20001320                ADCD2
 .bss.ADCD3     0x20001354       0x34 build/obj/adc_lld.o
                0x20001354                ADCD3
 .bss.EXTD1     0x20001388        0x8 build/obj/ext_lld.o
                0x20001388                EXTD1
 .bss.GPTD14    0x20001390       0x10 build/obj/gpt_lld.o
                0x20001390                GPTD14
 .bss.ICUD1     0x200013a0       0x18 build/obj/icu_lld.o
                0x200013a0                ICUD1
 .bss.SDCD1     0x200013b8       0x4c build/obj/sdc_lld.o
                0x200013b8                SDCD1
 .bss.u         0x20001404      0x200 build/obj/sdc_lld.o
 .bss.RTCD1     0x20001604        0x4 build/obj/rtc_lld.o
                0x20001604                RTCD1
 .bss.SPID1     0x20001608       0x30 build/obj/spi_lld.o
                0x20001608                SPID1
 .bss.SPID2     0x20001638       0x30 build/obj/spi_lld.o
                0x20001638                SPID2
 .bss.dummytx   0x20001668        0x2 build/obj/spi_lld.o
 .bss.dummyrx   0x2000166a        0x2 build/obj/spi_lld.o
 .bss.SD1       0x2000166c       0xd8 build/obj/serial_lld.o
                0x2000166c                SD1
 .bss.SD2       0x20001744       0xd8 build/obj/serial_lld.o
                0x20001744                SD2
 .bss.SD6       0x2000181c       0xd8 build/obj/serial_lld.o
                0x2000181c                SD6
 .bss.FatFs     0x200018f4        0x4 build/obj/ff.o
 .bss.Fsid      0x200018f8        0x2 build/obj/ff.o
 *fill*         0x200018fa        0x2 00
 .bss.adc_samples
                0x200018fc        0xc build/obj/kb_adc.o
 .bss.adc_trigger
                0x20001908       0x14 build/obj/kb_adc.o
 .bss.btn_0_state
                0x2000191c        0x1 build/obj/kb_buttons.o
 .bss.btn_1_state
                0x2000191d        0x1 build/obj/kb_buttons.o
 *fill*         0x2000191e        0x2 00
 .bss.loggerThread
                0x20001920        0x4 build/obj/kb_logger.o
 .bss.writerThread
                0x20001924        0x4 build/obj/kb_logger.o
 .bss.sd_det_count
                0x20001928        0x1 build/obj/kb_logger.o
 .bss.logger_state
                0x20001929        0x1 build/obj/kb_logger.o
 .bss.fs_ready  0x2000192a        0x1 build/obj/kb_logger.o
 .bss.fs_write_protected
                0x2000192b        0x1 build/obj/kb_logger.o
 .bss.SDC_FS    0x2000192c      0x234 build/obj/kb_logger.o
 .bss.cardsize_MB
                0x20001b60        0x4 build/obj/kb_logger.o
                0x20001b60                cardsize_MB
 .bss.current_msg
                0x20001b64      0x200 build/obj/kb_logger.o
 .bss.write_buffer_semaphore
                0x20001d64        0xc build/obj/kb_logger.o
 .bss.write_buffers
                0x20001d70     0xc004 build/obj/kb_logger.o
 .bss.kbfile    0x2000dd74      0x224 build/obj/kb_logger.o
                0x2000dd74                kbfile
 .bss.waWriter  0x2000df98     0x2138 build/obj/kb_logger.o
 .bss.waLogger  0x200100d0      0x538 build/obj/kb_logger.o
 .bss.screen    0x20010608       0x48 build/obj/kb_screen.o
 .bss.charbuf   0x20010650       0x80 build/obj/kb_screen.o
 .bss.msb       0x200106d0       0x14 build/obj/kb_screen.o
 *fill*         0x200106e4        0x4 00
 .bss.waScreen  0x200106e8     0x1138 build/obj/kb_screen.o
 .bss.last_edge_time
                0x20011820        0x4 build/obj/kb_time.o
 .bss.was_last_edge_short
                0x20011824        0x1 build/obj/kb_time.o
 *fill*         0x20011825        0x3 00
 .bss.ltc_frame
                0x20011828        0xc build/obj/kb_time.o
 .bss.ltc_timecode
                0x20011834        0x4 build/obj/kb_time.o
 .bss.ubx_nav_sol_buffer
                0x20011838       0x3c build/obj/kb_gps.o
                0x20011838                ubx_nav_sol_buffer
 .bss.ubx_nav_sol_idx
                0x20011874        0x1 build/obj/kb_gps.o
                0x20011874                ubx_nav_sol_idx
 *fill*         0x20011875        0x3 00
 .bss.waGps     0x20011878      0x1b8 build/obj/kb_gps.o
 .bss.VND1      0x20011a30        0xc build/obj/kb_vectornav.o
                0x20011a30                VND1
 .bss.async_vn_msg
                0x20011a3c      0x408 build/obj/kb_vectornav.o
 .bss.lcd_buffer
                0x20011e44      0x200 build/obj/main.o
 .bss.global_state
                0x20012044        0x4 build/obj/main.o
 .bss.adc_cfg   0x20012048        0x4 build/obj/main.o
 *fill*         0x2001204c        0x4 00
 .bss.waBlinker
                0x20012050      0x1b8 build/obj/main.o
 .bss.spiEepromD1
                0x20012208        0x8 build/obj/spiEEPROM.o
                0x20012208                spiEepromD1
 .bss.ST7565D1  0x20012210        0xc build/obj/ST7565.o
                0x20012210                ST7565D1
 .bss.xUpdateMin
                0x2001221c        0x1 build/obj/ST7565.o
 .bss.xUpdateMax
                0x2001221d        0x1 build/obj/ST7565.o
 .bss.yUpdateMin
                0x2001221e        0x1 build/obj/ST7565.o
 .bss.yUpdateMax
                0x2001221f        0x1 build/obj/ST7565.o
                0x20012220                . = ALIGN (0x4)
 *(COMMON)
                0x20012220                . = ALIGN (0x4)
                0x20012220                PROVIDE (_bss_end, .)
                0x20012220                PROVIDE (end, .)
                0x20012220                _end = .
                0x20012220                __heap_base__ = _end
                0x2001c000                __heap_end__ = __ram_end__
OUTPUT(build/kuroBox.elf elf32-littlearm)

.ARM.attributes
                0x00000000       0x35
 .ARM.attributes
                0x00000000       0x21 build/obj/kb_debug_asm.o
 .ARM.attributes
                0x00000021       0x39 build/obj/crt0.o
 .ARM.attributes
                0x0000005a       0x39 build/obj/vectors.o
 .ARM.attributes
                0x00000093       0x39 build/obj/chcore.o
 .ARM.attributes
                0x000000cc       0x39 build/obj/chcore_v7m.o
 .ARM.attributes
                0x00000105       0x39 build/obj/nvic.o
 .ARM.attributes
                0x0000013e       0x39 build/obj/chsys.o
 .ARM.attributes
                0x00000177       0x39 build/obj/chdebug.o
 .ARM.attributes
                0x000001b0       0x39 build/obj/chvt.o
 .ARM.attributes
                0x000001e9       0x39 build/obj/chschd.o
 .ARM.attributes
                0x00000222       0x39 build/obj/chthreads.o
 .ARM.attributes
                0x0000025b       0x39 build/obj/chregistry.o
 .ARM.attributes
                0x00000294       0x39 build/obj/chsem.o
 .ARM.attributes
                0x000002cd       0x39 build/obj/chmtx.o
 .ARM.attributes
                0x00000306       0x39 build/obj/chevents.o
 .ARM.attributes
                0x0000033f       0x39 build/obj/chqueues.o
 .ARM.attributes
                0x00000378       0x39 build/obj/chmemcore.o
 .ARM.attributes
                0x000003b1       0x39 build/obj/chheap.o
 .ARM.attributes
                0x000003ea       0x39 build/obj/hal.o
 .ARM.attributes
                0x00000423       0x39 build/obj/adc.o
 .ARM.attributes
                0x0000045c       0x39 build/obj/ext.o
 .ARM.attributes
                0x00000495       0x39 build/obj/gpt.o
 .ARM.attributes
                0x000004ce       0x39 build/obj/icu.o
 .ARM.attributes
                0x00000507       0x39 build/obj/mmcsd.o
 .ARM.attributes
                0x00000540       0x39 build/obj/rtc.o
 .ARM.attributes
                0x00000579       0x39 build/obj/sdc.o
 .ARM.attributes
                0x000005b2       0x39 build/obj/serial.o
 .ARM.attributes
                0x000005eb       0x39 build/obj/spi.o
 .ARM.attributes
                0x00000624       0x39 build/obj/stm32_dma.o
 .ARM.attributes
                0x0000065d       0x39 build/obj/hal_lld.o
 .ARM.attributes
                0x00000696       0x39 build/obj/adc_lld.o
 .ARM.attributes
                0x000006cf       0x39 build/obj/ext_lld_isr.o
 .ARM.attributes
                0x00000708       0x39 build/obj/ext_lld.o
 .ARM.attributes
                0x00000741       0x39 build/obj/gpt_lld.o
 .ARM.attributes
                0x0000077a       0x39 build/obj/icu_lld.o
 .ARM.attributes
                0x000007b3       0x39 build/obj/sdc_lld.o
 .ARM.attributes
                0x000007ec       0x39 build/obj/pal_lld.o
 .ARM.attributes
                0x00000825       0x39 build/obj/rtc_lld.o
 .ARM.attributes
                0x0000085e       0x39 build/obj/spi_lld.o
 .ARM.attributes
                0x00000897       0x39 build/obj/serial_lld.o
 .ARM.attributes
                0x000008d0       0x39 build/obj/board.o
 .ARM.attributes
                0x00000909       0x39 build/obj/chprintf.o
 .ARM.attributes
                0x00000942       0x39 build/obj/chrtclib.o
 .ARM.attributes
                0x0000097b       0x39 build/obj/memstreams.o
 .ARM.attributes
                0x000009b4       0x39 build/obj/fatfs_diskio.o
 .ARM.attributes
                0x000009ed       0x39 build/obj/ff.o
 .ARM.attributes
                0x00000a26       0x39 build/obj/kb_debug.o
 .ARM.attributes
                0x00000a5f       0x39 build/obj/glcdfont.o
 .ARM.attributes
                0x00000a98       0x39 build/obj/kb_adc.o
 .ARM.attributes
                0x00000ad1       0x39 build/obj/kb_buttons.o
 .ARM.attributes
                0x00000b0a       0x39 build/obj/kb_logger.o
 .ARM.attributes
                0x00000b43       0x39 build/obj/kb_screen.o
 .ARM.attributes
                0x00000b7c       0x39 build/obj/kb_time.o
 .ARM.attributes
                0x00000bb5       0x39 build/obj/kb_gps.o
 .ARM.attributes
                0x00000bee       0x39 build/obj/kb_util.o
 .ARM.attributes
                0x00000c27       0x39 build/obj/kb_vectornav.o
 .ARM.attributes
                0x00000c60       0x39 build/obj/main.o
 .ARM.attributes
                0x00000c99       0x39 build/obj/spiEEPROM.o
 .ARM.attributes
                0x00000cd2       0x39 build/obj/ST7565.o
 .ARM.attributes
                0x00000d0b       0x2e c:/chibistudio/tools/gnu tools arm embedded/4.7 2013q1/bin/../lib/gcc/arm-none-eabi/4.7.3/../../../../arm-none-eabi/lib/armv7e-m\libm.a(lib_a-s_cos.o)
 .ARM.attributes
                0x00000d39       0x2e c:/chibistudio/tools/gnu tools arm embedded/4.7 2013q1/bin/../lib/gcc/arm-none-eabi/4.7.3/../../../../arm-none-eabi/lib/armv7e-m\libm.a(lib_a-s_sin.o)
 .ARM.attributes
                0x00000d67       0x2e c:/chibistudio/tools/gnu tools arm embedded/4.7 2013q1/bin/../lib/gcc/arm-none-eabi/4.7.3/../../../../arm-none-eabi/lib/armv7e-m\libm.a(lib_a-w_atan2.o)
 .ARM.attributes
                0x00000d95       0x2e c:/chibistudio/tools/gnu tools arm embedded/4.7 2013q1/bin/../lib/gcc/arm-none-eabi/4.7.3/../../../../arm-none-eabi/lib/armv7e-m\libm.a(lib_a-w_pow.o)
 .ARM.attributes
                0x00000dc3       0x2e c:/chibistudio/tools/gnu tools arm embedded/4.7 2013q1/bin/../lib/gcc/arm-none-eabi/4.7.3/../../../../arm-none-eabi/lib/armv7e-m\libm.a(lib_a-w_sqrt.o)
 .ARM.attributes
                0x00000df1       0x2e c:/chibistudio/tools/gnu tools arm embedded/4.7 2013q1/bin/../lib/gcc/arm-none-eabi/4.7.3/../../../../arm-none-eabi/lib/armv7e-m\libm.a(lib_a-e_atan2.o)
 .ARM.attributes
                0x00000e1f       0x2e c:/chibistudio/tools/gnu tools arm embedded/4.7 2013q1/bin/../lib/gcc/arm-none-eabi/4.7.3/../../../../arm-none-eabi/lib/armv7e-m\libm.a(lib_a-e_pow.o)
 .ARM.attributes
                0x00000e4d       0x2e c:/chibistudio/tools/gnu tools arm embedded/4.7 2013q1/bin/../lib/gcc/arm-none-eabi/4.7.3/../../../../arm-none-eabi/lib/armv7e-m\libm.a(lib_a-e_rem_pio2.o)
 .ARM.attributes
                0x00000e7b       0x2e c:/chibistudio/tools/gnu tools arm embedded/4.7 2013q1/bin/../lib/gcc/arm-none-eabi/4.7.3/../../../../arm-none-eabi/lib/armv7e-m\libm.a(lib_a-e_sqrt.o)
 .ARM.attributes
                0x00000ea9       0x2e c:/chibistudio/tools/gnu tools arm embedded/4.7 2013q1/bin/../lib/gcc/arm-none-eabi/4.7.3/../../../../arm-none-eabi/lib/armv7e-m\libm.a(lib_a-k_cos.o)
 .ARM.attributes
                0x00000ed7       0x2e c:/chibistudio/tools/gnu tools arm embedded/4.7 2013q1/bin/../lib/gcc/arm-none-eabi/4.7.3/../../../../arm-none-eabi/lib/armv7e-m\libm.a(lib_a-k_rem_pio2.o)
 .ARM.attributes
                0x00000f05       0x2e c:/chibistudio/tools/gnu tools arm embedded/4.7 2013q1/bin/../lib/gcc/arm-none-eabi/4.7.3/../../../../arm-none-eabi/lib/armv7e-m\libm.a(lib_a-k_sin.o)
 .ARM.attributes
                0x00000f33       0x2e c:/chibistudio/tools/gnu tools arm embedded/4.7 2013q1/bin/../lib/gcc/arm-none-eabi/4.7.3/../../../../arm-none-eabi/lib/armv7e-m\libm.a(lib_a-s_atan.o)
 .ARM.attributes
                0x00000f61       0x2e c:/chibistudio/tools/gnu tools arm embedded/4.7 2013q1/bin/../lib/gcc/arm-none-eabi/4.7.3/../../../../arm-none-eabi/lib/armv7e-m\libm.a(lib_a-s_fabs.o)
 .ARM.attributes
                0x00000f8f       0x2e c:/chibistudio/tools/gnu tools arm embedded/4.7 2013q1/bin/../lib/gcc/arm-none-eabi/4.7.3/../../../../arm-none-eabi/lib/armv7e-m\libm.a(lib_a-s_finite.o)
 .ARM.attributes
                0x00000fbd       0x2e c:/chibistudio/tools/gnu tools arm embedded/4.7 2013q1/bin/../lib/gcc/arm-none-eabi/4.7.3/../../../../arm-none-eabi/lib/armv7e-m\libm.a(lib_a-s_floor.o)
 .ARM.attributes
                0x00000feb       0x2e c:/chibistudio/tools/gnu tools arm embedded/4.7 2013q1/bin/../lib/gcc/arm-none-eabi/4.7.3/../../../../arm-none-eabi/lib/armv7e-m\libm.a(lib_a-s_fpclassify.o)
 .ARM.attributes
                0x00001019       0x2e c:/chibistudio/tools/gnu tools arm embedded/4.7 2013q1/bin/../lib/gcc/arm-none-eabi/4.7.3/../../../../arm-none-eabi/lib/armv7e-m\libm.a(lib_a-s_lib_ver.o)
 .ARM.attributes
                0x00001047       0x2e c:/chibistudio/tools/gnu tools arm embedded/4.7 2013q1/bin/../lib/gcc/arm-none-eabi/4.7.3/../../../../arm-none-eabi/lib/armv7e-m\libm.a(lib_a-s_matherr.o)
 .ARM.attributes
                0x00001075       0x2e c:/chibistudio/tools/gnu tools arm embedded/4.7 2013q1/bin/../lib/gcc/arm-none-eabi/4.7.3/../../../../arm-none-eabi/lib/armv7e-m\libm.a(lib_a-s_nan.o)
 .ARM.attributes
                0x000010a3       0x2e c:/chibistudio/tools/gnu tools arm embedded/4.7 2013q1/bin/../lib/gcc/arm-none-eabi/4.7.3/../../../../arm-none-eabi/lib/armv7e-m\libm.a(lib_a-s_rint.o)
 .ARM.attributes
                0x000010d1       0x2e c:/chibistudio/tools/gnu tools arm embedded/4.7 2013q1/bin/../lib/gcc/arm-none-eabi/4.7.3/../../../../arm-none-eabi/lib/armv7e-m\libm.a(lib_a-s_scalbn.o)
 .ARM.attributes
                0x000010ff       0x2e c:/chibistudio/tools/gnu tools arm embedded/4.7 2013q1/bin/../lib/gcc/arm-none-eabi/4.7.3/../../../../arm-none-eabi/lib/armv7e-m\libm.a(lib_a-s_copysign.o)
 .ARM.attributes
                0x0000112d       0x1e c:/chibistudio/tools/gnu tools arm embedded/4.7 2013q1/bin/../lib/gcc/arm-none-eabi/4.7.3/armv7e-m\libgcc.a(_arm_addsubdf3.o)
 .ARM.attributes
                0x0000114b       0x1e c:/chibistudio/tools/gnu tools arm embedded/4.7 2013q1/bin/../lib/gcc/arm-none-eabi/4.7.3/armv7e-m\libgcc.a(_arm_muldivdf3.o)
 .ARM.attributes
                0x00001169       0x1e c:/chibistudio/tools/gnu tools arm embedded/4.7 2013q1/bin/../lib/gcc/arm-none-eabi/4.7.3/armv7e-m\libgcc.a(_arm_cmpdf2.o)
 .ARM.attributes
                0x00001187       0x1e c:/chibistudio/tools/gnu tools arm embedded/4.7 2013q1/bin/../lib/gcc/arm-none-eabi/4.7.3/armv7e-m\libgcc.a(_arm_fixdfsi.o)
 .ARM.attributes
                0x000011a5       0x1e c:/chibistudio/tools/gnu tools arm embedded/4.7 2013q1/bin/../lib/gcc/arm-none-eabi/4.7.3/armv7e-m\libgcc.a(_arm_truncdfsf2.o)
 .ARM.attributes
                0x000011c3       0x2e c:/chibistudio/tools/gnu tools arm embedded/4.7 2013q1/bin/../lib/gcc/arm-none-eabi/4.7.3/../../../../arm-none-eabi/lib/armv7e-m\libc.a(lib_a-errno.o)
 .ARM.attributes
                0x000011f1       0x2e c:/chibistudio/tools/gnu tools arm embedded/4.7 2013q1/bin/../lib/gcc/arm-none-eabi/4.7.3/../../../../arm-none-eabi/lib/armv7e-m\libc.a(lib_a-impure.o)
 .ARM.attributes
                0x0000121f       0x2e c:/chibistudio/tools/gnu tools arm embedded/4.7 2013q1/bin/../lib/gcc/arm-none-eabi/4.7.3/../../../../arm-none-eabi/lib/armv7e-m\libc.a(lib_a-memcpy.o)
 .ARM.attributes
                0x0000124d       0x2e c:/chibistudio/tools/gnu tools arm embedded/4.7 2013q1/bin/../lib/gcc/arm-none-eabi/4.7.3/../../../../arm-none-eabi/lib/armv7e-m\libc.a(lib_a-memset.o)
 .ARM.attributes
                0x0000127b       0x2e c:/chibistudio/tools/gnu tools arm embedded/4.7 2013q1/bin/../lib/gcc/arm-none-eabi/4.7.3/../../../../arm-none-eabi/lib/armv7e-m\libc.a(lib_a-strcpy.o)

.comment        0x00000000       0x70
 .comment       0x00000000       0x70 build/obj/crt0.o
                                 0x71 (size before relaxing)
 .comment       0x00000000       0x71 build/obj/vectors.o
 .comment       0x00000000       0x71 build/obj/chcore.o
 .comment       0x00000000       0x71 build/obj/chcore_v7m.o
 .comment       0x00000000       0x71 build/obj/nvic.o
 .comment       0x00000000       0x71 build/obj/chsys.o
 .comment       0x00000000       0x71 build/obj/chdebug.o
 .comment       0x00000000       0x71 build/obj/chvt.o
 .comment       0x00000000       0x71 build/obj/chschd.o
 .comment       0x00000000       0x71 build/obj/chthreads.o
 .comment       0x00000000       0x71 build/obj/chregistry.o
 .comment       0x00000000       0x71 build/obj/chsem.o
 .comment       0x00000000       0x71 build/obj/chmtx.o
 .comment       0x00000000       0x71 build/obj/chevents.o
 .comment       0x00000000       0x71 build/obj/chqueues.o
 .comment       0x00000000       0x71 build/obj/chmemcore.o
 .comment       0x00000000       0x71 build/obj/chheap.o
 .comment       0x00000000       0x71 build/obj/hal.o
 .comment       0x00000000       0x71 build/obj/adc.o
 .comment       0x00000000       0x71 build/obj/ext.o
 .comment       0x00000000       0x71 build/obj/gpt.o
 .comment       0x00000000       0x71 build/obj/icu.o
 .comment       0x00000000       0x71 build/obj/mmcsd.o
 .comment       0x00000000       0x71 build/obj/rtc.o
 .comment       0x00000000       0x71 build/obj/sdc.o
 .comment       0x00000000       0x71 build/obj/serial.o
 .comment       0x00000000       0x71 build/obj/spi.o
 .comment       0x00000000       0x71 build/obj/stm32_dma.o
 .comment       0x00000000       0x71 build/obj/hal_lld.o
 .comment       0x00000000       0x71 build/obj/adc_lld.o
 .comment       0x00000000       0x71 build/obj/ext_lld_isr.o
 .comment       0x00000000       0x71 build/obj/ext_lld.o
 .comment       0x00000000       0x71 build/obj/gpt_lld.o
 .comment       0x00000000       0x71 build/obj/icu_lld.o
 .comment       0x00000000       0x71 build/obj/sdc_lld.o
 .comment       0x00000000       0x71 build/obj/pal_lld.o
 .comment       0x00000000       0x71 build/obj/rtc_lld.o
 .comment       0x00000000       0x71 build/obj/spi_lld.o
 .comment       0x00000000       0x71 build/obj/serial_lld.o
 .comment       0x00000000       0x71 build/obj/board.o
 .comment       0x00000000       0x71 build/obj/chprintf.o
 .comment       0x00000000       0x71 build/obj/chrtclib.o
 .comment       0x00000000       0x71 build/obj/memstreams.o
 .comment       0x00000000       0x71 build/obj/fatfs_diskio.o
 .comment       0x00000000       0x71 build/obj/ff.o
 .comment       0x00000000       0x71 build/obj/kb_debug.o
 .comment       0x00000000       0x71 build/obj/glcdfont.o
 .comment       0x00000000       0x71 build/obj/kb_adc.o
 .comment       0x00000000       0x71 build/obj/kb_buttons.o
 .comment       0x00000000       0x71 build/obj/kb_logger.o
 .comment       0x00000000       0x71 build/obj/kb_screen.o
 .comment       0x00000000       0x71 build/obj/kb_time.o
 .comment       0x00000000       0x71 build/obj/kb_gps.o
 .comment       0x00000000       0x71 build/obj/kb_util.o
 .comment       0x00000000       0x71 build/obj/kb_vectornav.o
 .comment       0x00000000       0x71 build/obj/main.o
 .comment       0x00000000       0x71 build/obj/spiEEPROM.o
 .comment       0x00000000       0x71 build/obj/ST7565.o

.debug_info     0x00000000    0x247f0
 .debug_info    0x00000000      0x2a3 build/obj/crt0.o
 .debug_info    0x000002a3      0x1f0 build/obj/vectors.o
 .debug_info    0x00000493       0x9a build/obj/chcore.o
 .debug_info    0x0000052d      0xa98 build/obj/chcore_v7m.o
 .debug_info    0x00000fc5      0x44d build/obj/nvic.o
 .debug_info    0x00001412      0x8c0 build/obj/chsys.o
 .debug_info    0x00001cd2      0x8fe build/obj/chdebug.o
 .debug_info    0x000025d0      0x272 build/obj/chvt.o
 .debug_info    0x00002842      0x92a build/obj/chschd.o
 .debug_info    0x0000316c      0xb9b build/obj/chthreads.o
 .debug_info    0x00003d07      0x77d build/obj/chregistry.o
 .debug_info    0x00004484      0x9f5 build/obj/chsem.o
 .debug_info    0x00004e79      0x92f build/obj/chmtx.o
 .debug_info    0x000057a8      0xdd6 build/obj/chevents.o
 .debug_info    0x0000657e      0xbad build/obj/chqueues.o
 .debug_info    0x0000712b      0x1e6 build/obj/chmemcore.o
 .debug_info    0x00007311      0x75f build/obj/chheap.o
 .debug_info    0x00007a70      0x325 build/obj/hal.o
 .debug_info    0x00007d95      0xdba build/obj/adc.o
 .debug_info    0x00008b4f      0x3e0 build/obj/ext.o
 .debug_info    0x00008f2f      0x729 build/obj/gpt.o
 .debug_info    0x00009658      0x611 build/obj/icu.o
 .debug_info    0x00009c69      0x18f build/obj/mmcsd.o
 .debug_info    0x00009df8      0x609 build/obj/rtc.o
 .debug_info    0x0000a401      0xea7 build/obj/sdc.o
 .debug_info    0x0000b2a8      0xdb2 build/obj/serial.o
 .debug_info    0x0000c05a      0xfc7 build/obj/spi.o
 .debug_info    0x0000d021      0xa1c build/obj/stm32_dma.o
 .debug_info    0x0000da3d      0x4c2 build/obj/hal_lld.o