Archive member included because of file (symbol)

c:/chibistudio/tools/gnu tools arm embedded/4.7 2013q1/bin/../lib/gcc/arm-none-eabi/4.7.3/../../../../arm-none-eabi/lib/armv7e-m\libm.a(lib_a-s_cos.o)
                              build/obj/kb_gps.o (cos)
c:/chibistudio/tools/gnu tools arm embedded/4.7 2013q1/bin/../lib/gcc/arm-none-eabi/4.7.3/../../../../arm-none-eabi/lib/armv7e-m\libm.a(lib_a-s_sin.o)
                              build/obj/kb_gps.o (sin)
c:/chibistudio/tools/gnu tools arm embedded/4.7 2013q1/bin/../lib/gcc/arm-none-eabi/4.7.3/../../../../arm-none-eabi/lib/armv7e-m\libm.a(lib_a-w_atan2.o)
                              build/obj/kb_gps.o (atan2)
c:/chibistudio/tools/gnu tools arm embedded/4.7 2013q1/bin/../lib/gcc/arm-none-eabi/4.7.3/../../../../arm-none-eabi/lib/armv7e-m\libm.a(lib_a-w_pow.o)
                              build/obj/kb_gps.o (pow)
c:/chibistudio/tools/gnu tools arm embedded/4.7 2013q1/bin/../lib/gcc/arm-none-eabi/4.7.3/../../../../arm-none-eabi/lib/armv7e-m\libm.a(lib_a-w_sqrt.o)
                              build/obj/kb_gps.o (sqrt)
c:/chibistudio/tools/gnu tools arm embedded/4.7 2013q1/bin/../lib/gcc/arm-none-eabi/4.7.3/../../../../arm-none-eabi/lib/armv7e-m\libm.a(lib_a-e_atan2.o)
                              c:/chibistudio/tools/gnu tools arm embedded/4.7 2013q1/bin/../lib/gcc/arm-none-eabi/4.7.3/../../../../arm-none-eabi/lib/armv7e-m\libm.a(lib_a-w_atan2.o) (__ieee754_atan2)
c:/chibistudio/tools/gnu tools arm embedded/4.7 2013q1/bin/../lib/gcc/arm-none-eabi/4.7.3/../../../../arm-none-eabi/lib/armv7e-m\libm.a(lib_a-e_pow.o)
                              c:/chibistudio/tools/gnu tools arm embedded/4.7 2013q1/bin/../lib/gcc/arm-none-eabi/4.7.3/../../../../arm-none-eabi/lib/armv7e-m\libm.a(lib_a-w_pow.o) (__ieee754_pow)
c:/chibistudio/tools/gnu tools arm embedded/4.7 2013q1/bin/../lib/gcc/arm-none-eabi/4.7.3/../../../../arm-none-eabi/lib/armv7e-m\libm.a(lib_a-e_rem_pio2.o)
                              c:/chibistudio/tools/gnu tools arm embedded/4.7 2013q1/bin/../lib/gcc/arm-none-eabi/4.7.3/../../../../arm-none-eabi/lib/armv7e-m\libm.a(lib_a-s_cos.o) (__ieee754_rem_pio2)
c:/chibistudio/tools/gnu tools arm embedded/4.7 2013q1/bin/../lib/gcc/arm-none-eabi/4.7.3/../../../../arm-none-eabi/lib/armv7e-m\libm.a(lib_a-e_sqrt.o)
                              c:/chibistudio/tools/gnu tools arm embedded/4.7 2013q1/bin/../lib/gcc/arm-none-eabi/4.7.3/../../../../arm-none-eabi/lib/armv7e-m\libm.a(lib_a-w_sqrt.o) (__ieee754_sqrt)
c:/chibistudio/tools/gnu tools arm embedded/4.7 2013q1/bin/../lib/gcc/arm-none-eabi/4.7.3/../../../../arm-none-eabi/lib/armv7e-m\libm.a(lib_a-k_cos.o)
                              c:/chibistudio/tools/gnu tools arm embedded/4.7 2013q1/bin/../lib/gcc/arm-none-eabi/4.7.3/../../../../arm-none-eabi/lib/armv7e-m\libm.a(lib_a-s_cos.o) (__kernel_cos)
c:/chibistudio/tools/gnu tools arm embedded/4.7 2013q1/bin/../lib/gcc/arm-none-eabi/4.7.3/../../../../arm-none-eabi/lib/armv7e-m\libm.a(lib_a-k_rem_pio2.o)
                              c:/chibistudio/tools/gnu tools arm embedded/4.7 2013q1/bin/../lib/gcc/arm-none-eabi/4.7.3/../../../../arm-none-eabi/lib/armv7e-m\libm.a(lib_a-e_rem_pio2.o) (__kernel_rem_pio2)
c:/chibistudio/tools/gnu tools arm embedded/4.7 2013q1/bin/../lib/gcc/arm-none-eabi/4.7.3/../../../../arm-none-eabi/lib/armv7e-m\libm.a(lib_a-k_sin.o)
                              c:/chibistudio/tools/gnu tools arm embedded/4.7 2013q1/bin/../lib/gcc/arm-none-eabi/4.7.3/../../../../arm-none-eabi/lib/armv7e-m\libm.a(lib_a-s_cos.o) (__kernel_sin)
c:/chibistudio/tools/gnu tools arm embedded/4.7 2013q1/bin/../lib/gcc/arm-none-eabi/4.7.3/../../../../arm-none-eabi/lib/armv7e-m\libm.a(lib_a-s_atan.o)
                              c:/chibistudio/tools/gnu tools arm embedded/4.7 2013q1/bin/../lib/gcc/arm-none-eabi/4.7.3/../../../../arm-none-eabi/lib/armv7e-m\libm.a(lib_a-e_atan2.o) (atan)
c:/chibistudio/tools/gnu tools arm embedded/4.7 2013q1/bin/../lib/gcc/arm-none-eabi/4.7.3/../../../../arm-none-eabi/lib/armv7e-m\libm.a(lib_a-s_fabs.o)
                              c:/chibistudio/tools/gnu tools arm embedded/4.7 2013q1/bin/../lib/gcc/arm-none-eabi/4.7.3/../../../../arm-none-eabi/lib/armv7e-m\libm.a(lib_a-e_atan2.o) (fabs)
c:/chibistudio/tools/gnu tools arm embedded/4.7 2013q1/bin/../lib/gcc/arm-none-eabi/4.7.3/../../../../arm-none-eabi/lib/armv7e-m\libm.a(lib_a-s_finite.o)
                              c:/chibistudio/tools/gnu tools arm embedded/4.7 2013q1/bin/../lib/gcc/arm-none-eabi/4.7.3/../../../../arm-none-eabi/lib/armv7e-m\libm.a(lib_a-w_pow.o) (finite)
c:/chibistudio/tools/gnu tools arm embedded/4.7 2013q1/bin/../lib/gcc/arm-none-eabi/4.7.3/../../../../arm-none-eabi/lib/armv7e-m\libm.a(lib_a-s_floor.o)
                              c:/chibistudio/tools/gnu tools arm embedded/4.7 2013q1/bin/../lib/gcc/arm-none-eabi/4.7.3/../../../../arm-none-eabi/lib/armv7e-m\libm.a(lib_a-k_rem_pio2.o) (floor)
[...]
Memory Configuration

Name             Origin             Length             Attributes
flash            0x08000000         0x00100000
ram              0x20000000         0x0001c000
ethram           0x2001c000         0x00004000
ccmram           0x10000000         0x00010000
*default*        0x00000000         0xffffffff

Linker script and memory map

LOAD build/obj/kb_debug_asm.o
LOAD build/obj/crt0.o
LOAD build/obj/vectors.o
LOAD build/obj/chcore.o
LOAD build/obj/chcore_v7m.o
LOAD build/obj/nvic.o
LOAD build/obj/chsys.o
LOAD build/obj/chdebug.o
LOAD build/obj/chlists.o
LOAD build/obj/chvt.o
LOAD build/obj/chschd.o
LOAD build/obj/chthreads.o
LOAD build/obj/chdynamic.o
LOAD build/obj/chregistry.o
LOAD build/obj/chsem.o
LOAD build/obj/chmtx.o
LOAD build/obj/chcond.o
LOAD build/obj/chevents.o
LOAD build/obj/chmsg.o
LOAD build/obj/chmboxes.o
LOAD build/obj/chqueues.o
LOAD build/obj/chmemcore.o
LOAD build/obj/chheap.o
LOAD build/obj/chmempools.o
LOAD build/obj/hal.o
LOAD build/obj/adc.o
LOAD build/obj/can.o
LOAD build/obj/dac.o
LOAD build/obj/ext.o
LOAD build/obj/gpt.o
LOAD build/obj/i2c.o
LOAD build/obj/icu.o
LOAD build/obj/mac.o
LOAD build/obj/mmc_spi.o
LOAD build/obj/mmcsd.o
LOAD build/obj/pal.o
LOAD build/obj/pwm.o
LOAD build/obj/rtc.o
LOAD build/obj/sdc.o
LOAD build/obj/serial.o
LOAD build/obj/serial_usb.o
LOAD build/obj/spi.o
LOAD build/obj/tm.o
LOAD build/obj/uart.o
LOAD build/obj/usb.o
LOAD build/obj/stm32_dma.o
LOAD build/obj/hal_lld.o
LOAD build/obj/adc_lld.o
LOAD build/obj/ext_lld_isr.o
LOAD build/obj/can_lld.o
LOAD build/obj/ext_lld.o
LOAD build/obj/gpt_lld.o
LOAD build/obj/icu_lld.o
LOAD build/obj/mac_lld.o
LOAD build/obj/pwm_lld.o
LOAD build/obj/sdc_lld.o
LOAD build/obj/pal_lld.o
LOAD build/obj/i2c_lld.o
LOAD build/obj/usb_lld.o
LOAD build/obj/rtc_lld.o
LOAD build/obj/spi_lld.o
LOAD build/obj/serial_lld.o
LOAD build/obj/uart_lld.o
LOAD build/obj/board.o
LOAD build/obj/chprintf.o
LOAD build/obj/chrtclib.o
LOAD build/obj/memstreams.o
LOAD build/obj/fatfs_diskio.o
LOAD build/obj/ff.o
LOAD build/obj/glcdfont.o
LOAD build/obj/kb_adc.o
LOAD build/obj/kb_buttons.o
LOAD build/obj/kb_config.o
LOAD build/obj/kb_debug.o
LOAD build/obj/kb_featureA.o
LOAD build/obj/kb_gpio.o
LOAD build/obj/kb_gps.o
LOAD build/obj/kb_logger.o
LOAD build/obj/kb_menu.o
LOAD build/obj/kb_screen.o
LOAD build/obj/kb_serial.o
LOAD build/obj/kb_time.o
LOAD build/obj/kb_util.o
LOAD build/obj/kb_vectornav.o
LOAD build/obj/main.o
LOAD build/obj/spiEEPROM.o
LOAD build/obj/ST7565.o
LOAD c:/chibistudio/tools/gnu tools arm embedded/4.7 2013q1/bin/../lib/gcc/arm-none-eabi/4.7.3/../../../../arm-none-eabi/lib/armv7e-m\libm.a
START GROUP
LOAD c:/chibistudio/tools/gnu tools arm embedded/4.7 2013q1/bin/../lib/gcc/arm-none-eabi/4.7.3/armv7e-m\libgcc.a
LOAD c:/chibistudio/tools/gnu tools arm embedded/4.7 2013q1/bin/../lib/gcc/arm-none-eabi/4.7.3/../../../../arm-none-eabi/lib/armv7e-m\libc.a
END GROUP
                0x00000400                __main_stack_size__ = 0x400
                0x00000400                __process_stack_size__ = 0x400
                0x20000000                __ram_start__ = ORIGIN (ram)
                0x0001c000                __ram_size__ = 0x1c000
                0x2001c000                __ram_end__ = (__ram_start__ + __ram_size__)
                0x00000000                . = 0x0
                0x00000000                _text = .

startup         0x08000000      0x188
 *(vectors)
 vectors        0x08000000      0x188 build/obj/vectors.o
                0x08000000                _vectors

constructors    0x08000188        0x0
                0x08000188                PROVIDE (__init_array_start, .)
 *(SORT(.init_array.*))
 *(.init_array)
                0x08000188                PROVIDE (__init_array_end, .)

destructors     0x08000188        0x0
                0x08000188                PROVIDE (__fini_array_start, .)
 *(.fini_array)
 *(SORT(.fini_array.*))
                0x08000188                PROVIDE (__fini_array_end, .)

.text           0x08000190    0x150f4
 *(.text.startup.*)
 *(.text)
 .text          0x08000190       0x12 build/obj/kb_debug_asm.o
                0x08000190                HardFaultVector
 *fill*         0x080001a2        0xe 00
 .text          0x080001b0      0x370 c:/chibistudio/tools/gnu tools arm embedded/4.7 2013q1/bin/../lib/gcc/arm-none-eabi/4.7.3/armv7e-m\libgcc.a(_arm_addsubdf3.o)
                0x080001b0                __aeabi_drsub
                0x080001b8                __aeabi_dsub
                0x080001b8                __subdf3
                0x080001bc                __aeabi_dadd
                0x080001bc                __adddf3
                0x08000434                __floatunsidf
                0x08000434                __aeabi_ui2d
                0x08000454                __floatsidf
                0x08000454                __aeabi_i2d
                0x08000478                __aeabi_f2d
                0x08000478                __extendsfdf2
                0x080004b4                __floatundidf
                0x080004b4                __aeabi_ul2d
                0x080004c4                __floatdidf
                0x080004c4                __aeabi_l2d
 .text          0x08000520      0x424 c:/chibistudio/tools/gnu tools arm embedded/4.7 2013q1/bin/../lib/gcc/arm-none-eabi/4.7.3/armv7e-m\libgcc.a(_arm_muldivdf3.o)
                0x08000520                __aeabi_dmul
                0x08000520                __muldf3
                0x08000774                __divdf3
                0x08000774                __aeabi_ddiv
 *fill*         0x08000944        0xc 00
 .text          0x08000950      0x110 c:/chibistudio/tools/gnu tools arm embedded/4.7 2013q1/bin/../lib/gcc/arm-none-eabi/4.7.3/armv7e-m\libgcc.a(_arm_cmpdf2.o)
                0x08000950                __gtdf2
                0x08000950                __gedf2
                0x08000958                __ltdf2
                0x08000958                __ledf2
                0x08000960                __nedf2
                0x08000960                __eqdf2
                0x08000960                __cmpdf2
                0x080009dc                __aeabi_cdrcmple
                0x080009ec                __aeabi_cdcmpeq
                0x080009ec                __aeabi_cdcmple
                0x080009fc                __aeabi_dcmpeq
                0x08000a10                __aeabi_dcmplt
                0x08000a24                __aeabi_dcmple
                0x08000a38                __aeabi_dcmpge
                0x08000a4c                __aeabi_dcmpgt
 .text          0x08000a60       0x50 c:/chibistudio/tools/gnu tools arm embedded/4.7 2013q1/bin/../lib/gcc/arm-none-eabi/4.7.3/armv7e-m\libgcc.a(_arm_fixdfsi.o)
                0x08000a60                __aeabi_d2iz
                0x08000a60                __fixdfsi
 .text          0x08000ab0       0xa0 c:/chibistudio/tools/gnu tools arm embedded/4.7 2013q1/bin/../lib/gcc/arm-none-eabi/4.7.3/armv7e-m\libgcc.a(_arm_truncdfsf2.o)
                0x08000ab0                __truncdfsf2
                0x08000ab0                __aeabi_d2f
 *(.text.*)
 .text.__late_init
                0x08000b50       0x10 build/obj/crt0.o
                0x08000b50                __late_init
 .text._default_exit
                0x08000b60       0x10 build/obj/crt0.o
                0x08000b60                _default_exit
 .text.ResetHandler
                0x08000b70      0x130 build/obj/crt0.o
                0x08000b70                ResetHandler
 .text._unhandled_exception
                0x08000ca0       0x10 build/obj/vectors.o
                0x08000ca0                NMIVector
                0x08000ca0                Vector11C
                0x08000ca0                Vector8C
                0x08000ca0                VectorDC
                0x08000ca0                Vector168
                0x08000ca0                Vector110
                0x08000ca0                VectorC8
                0x08000ca0                Vector94
                0x08000ca0                VectorA8
                0x08000ca0                VectorB4
                0x08000ca0                Vector160
                0x08000ca0                VectorEC
                0x08000ca0                UsageFaultVector
                0x08000ca0                DebugMonitorVector
                0x08000ca0                Vector40
                0x08000ca0                VectorF8
                0x08000ca0                Vector108
                0x08000ca0                VectorBC
                0x08000ca0                Vector148
                0x08000ca0                PendSVVector
                0x08000ca0                Vector118
                0x08000ca0                VectorCC
                0x08000ca0                Vector54
                0x08000ca0                Vector98
                0x08000ca0                Vector24
                0x08000ca0                Vector178
                0x08000ca0                BusFaultVector
                0x08000ca0                VectorD0
                0x08000ca0                Vector140
                0x08000ca0                VectorC0
                0x08000ca0                Vector134
                0x08000ca0                VectorF0
                0x08000ca0                Vector13C
                0x08000ca0                Vector100
                0x08000ca0                MemManageVector
                0x08000ca0                VectorA0
                0x08000ca0                VectorC4
                0x08000ca0                Vector180
                0x08000ca0                VectorB0
                0x08000ca0                Vector90
                0x08000ca0                Vector114
                0x08000ca0                Vector164
                0x08000ca0                Vector1C
                0x08000ca0                Vector17C
                0x08000ca0                Vector48
                0x08000ca0                Vector16C
                0x08000ca0                Vector144
                0x08000ca0                _unhandled_exception
                0x08000ca0                Vector184
                0x08000ca0                Vector10C
                0x08000ca0                Vector14C
                0x08000ca0                Vector50
                0x08000ca0                Vector28
                0x08000ca0                VectorB8
                0x08000ca0                Vector34
                0x08000ca0                Vector20
                0x08000ca0                Vector174
 .text.port_halt
                0x08000cb0       0x10 build/obj/chcore.o
                0x08000cb0                port_halt
 .text.SysTickVector
                0x08000cc0       0x30 build/obj/chcore_v7m.o
                0x08000cc0                SysTickVector
 .text.SVCallVector
                0x08000cf0       0x50 build/obj/chcore_v7m.o
                0x08000cf0                SVCallVector
 .text._port_init
                0x08000d40       0x50 build/obj/chcore_v7m.o
                0x08000d40                _port_init
 .text._port_irq_epilogue
                0x08000d90       0xf0 build/obj/chcore_v7m.o
                0x08000d90                _port_irq_epilogue
 .text._port_switch_from_isr
                0x08000e80       0x10 build/obj/chcore_v7m.o
                0x08000e80                _port_switch_from_isr
 .text._port_switch
                0x08000e90       0x20 build/obj/chcore_v7m.o
                0x08000e90                _port_switch
 .text._port_thread_start
                0x08000eb0       0x20 build/obj/chcore_v7m.o
                0x08000eb0                _port_thread_start
 .text.nvicEnableVector
                0x08000ed0       0xb0 build/obj/nvic.o
                0x08000ed0                nvicEnableVector
 .text.nvicDisableVector
                0x08000f80       0x80 build/obj/nvic.o
                0x08000f80                nvicDisableVector
 .text.nvicSetSystemHandlerPriority
                0x08001000       0x60 build/obj/nvic.o
                0x08001000                nvicSetSystemHandlerPriority
 .text._idle_thread
                0x08001060       0x20 build/obj/chsys.o
                0x08001060                _idle_thread
 .text.chSysInit
                0x08001080       0xb0 build/obj/chsys.o
                0x08001080                chSysInit
 .text.chSysTimerHandlerI
                0x08001130       0xf0 build/obj/chsys.o
                0x08001130                chSysTimerHandlerI
 .text.dbg_check_disable
                0x08001220       0x30 build/obj/chdebug.o
                0x08001220                dbg_check_disable
 .text.dbg_check_enable
                0x08001250       0x30 build/obj/chdebug.o
                0x08001250                dbg_check_enable
 .text.dbg_check_lock
                0x08001280       0x40 build/obj/chdebug.o
                0x08001280                dbg_check_lock
 .text.dbg_check_unlock
                0x080012c0       0x40 build/obj/chdebug.o
                0x080012c0                dbg_check_unlock
 .text.dbg_check_lock_from_isr
                0x08001300       0x40 build/obj/chdebug.o
                0x08001300                dbg_check_lock_from_isr
 .text.dbg_check_unlock_from_isr
                0x08001340       0x40 build/obj/chdebug.o
                0x08001340                dbg_check_unlock_from_isr
 .text.dbg_check_enter_isr
                0x08001380       0x60 build/obj/chdebug.o
                0x08001380                dbg_check_enter_isr
 .text.dbg_check_leave_isr
                0x080013e0       0x60 build/obj/chdebug.o
                0x080013e0                dbg_check_leave_isr
 .text.chDbgCheckClassI
                0x08001440       0x30 build/obj/chdebug.o
                0x08001440                chDbgCheckClassI
 .text.chDbgCheckClassS
                0x08001470       0x30 build/obj/chdebug.o
                0x08001470                chDbgCheckClassS
 .text._trace_init
                0x080014a0       0x20 build/obj/chdebug.o
                0x080014a0                _trace_init
 .text.dbg_trace
                0x080014c0       0xa0 build/obj/chdebug.o
                0x080014c0                dbg_trace
 .text.chDbgPanic
                0x08001560       0x30 build/obj/chdebug.o
                0x08001560                chDbgPanic
 .text._vt_init
                0x08001590       0x50 build/obj/chvt.o
                0x08001590                _vt_init
 .text.chVTSetI
                0x080015e0       0xb0 build/obj/chvt.o
                0x080015e0                chVTSetI
 .text.chVTResetI
                0x08001690       0x80 build/obj/chvt.o
                0x08001690                chVTResetI
 .text.fifo_remove
                0x08001710       0x30 build/obj/chschd.o
 .text.dequeue  0x08001740       0x20 build/obj/chschd.o
 .text._scheduler_init
                0x08001760       0x60 build/obj/chschd.o
                0x08001760                _scheduler_init
 .text.chSchReadyI
                0x080017c0       0x80 build/obj/chschd.o
                0x080017c0                chSchReadyI
 .text.chSchGoSleepS
                0x08001840       0x90 build/obj/chschd.o
                0x08001840                chSchGoSleepS
 .text.wakeup   0x080018d0       0xa0 build/obj/chschd.o
 .text.chSchGoSleepTimeoutS
                0x08001970       0x70 build/obj/chschd.o
                0x08001970                chSchGoSleepTimeoutS
 .text.chSchWakeupS
                0x080019e0       0x90 build/obj/chschd.o
                0x080019e0                chSchWakeupS
 .text.chSchRescheduleS
                0x08001a70       0x30 build/obj/chschd.o
                0x08001a70                chSchRescheduleS
 .text.chSchDoRescheduleBehind
                0x08001aa0       0x80 build/obj/chschd.o
                0x08001aa0                chSchDoRescheduleBehind
 .text.chSchDoRescheduleAhead
                0x08001b20       0xc0 build/obj/chschd.o
                0x08001b20                chSchDoRescheduleAhead
 .text.chSchDoReschedule
                0x08001be0       0x20 build/obj/chschd.o
                0x08001be0                chSchDoReschedule
 .text.list_insert
                0x08001c00       0x20 build/obj/chthreads.o
 .text.list_remove
                0x08001c20       0x20 build/obj/chthreads.o
 .text._thread_init
                0x08001c40       0xc0 build/obj/chthreads.o
                0x08001c40                _thread_init
 .text._thread_memfill
                0x08001d00       0x30 build/obj/chthreads.o
                0x08001d00                _thread_memfill
 .text.chThdCreateI
                0x08001d30       0x80 build/obj/chthreads.o
                0x08001d30                chThdCreateI
 .text.chThdCreateStatic
                0x08001db0       0x80 build/obj/chthreads.o
                0x08001db0                chThdCreateStatic
 .text.chThdTerminate
                0x08001e30       0x40 build/obj/chthreads.o
                0x08001e30                chThdTerminate
 .text.chThdSleep
                0x08001e70       0x40 build/obj/chthreads.o
                0x08001e70                chThdSleep
 .text.chThdSleepUntil
                0x08001eb0       0x50 build/obj/chthreads.o
                0x08001eb0                chThdSleepUntil
 .text.chThdExit
                0x08001f00       0x20 build/obj/chthreads.o
                0x08001f00                chThdExit
 .text.chThdExitS
                0x08001f20       0x80 build/obj/chthreads.o
                0x08001f20                chThdExitS
 .text.chThdWait
                0x08001fa0       0xa0 build/obj/chthreads.o
                0x08001fa0                chThdWait
 .text.chThdRelease
                0x08002040       0xc0 build/obj/chdynamic.o
                0x08002040                chThdRelease
 .text.queue_insert
                0x08002100       0x30 build/obj/chsem.o
 .text.fifo_remove
                0x08002130       0x30 build/obj/chsem.o
 .text.chSemInit
                0x08002160       0x40 build/obj/chsem.o
                0x08002160                chSemInit
 .text.chSemWait
                0x080021a0       0x30 build/obj/chsem.o
                0x080021a0                chSemWait
 .text.chSemWaitS
                0x080021d0       0xb0 build/obj/chsem.o
                0x080021d0                chSemWaitS
 .text.chSemWaitTimeoutS
                0x08002280       0xc0 build/obj/chsem.o
                0x08002280                chSemWaitTimeoutS
 .text.chSemSignal
                0x08002340       0x90 build/obj/chsem.o
                0x08002340                chSemSignal
 .text.chSemSignalI
                0x080023d0       0x80 build/obj/chsem.o
                0x080023d0                chSemSignalI
 .text.prio_insert
                0x08002450       0x50 build/obj/chmtx.o
 .text.fifo_remove
                0x080024a0       0x30 build/obj/chmtx.o
 .text.dequeue  0x080024d0       0x20 build/obj/chmtx.o
 .text.chMtxInit
                0x080024f0       0x40 build/obj/chmtx.o
                0x080024f0                chMtxInit
 .text.chMtxLock
                0x08002530       0x30 build/obj/chmtx.o
                0x08002530                chMtxLock
 .text.chMtxLockS
                0x08002560      0x110 build/obj/chmtx.o
                0x08002560                chMtxLockS
 .text.chMtxUnlock
                0x08002670       0xf0 build/obj/chmtx.o
                0x08002670                chMtxUnlock
 .text.chEvtBroadcastFlagsI
                0x08002760       0x60 build/obj/chevents.o
                0x08002760                chEvtBroadcastFlagsI
 .text.chEvtSignalI
                0x080027c0       0x70 build/obj/chevents.o
                0x080027c0                chEvtSignalI
 .text.chMBInit
                0x08002830       0x70 build/obj/chmboxes.o
                0x08002830                chMBInit
 .text.chMBPostI
                0x080028a0       0x80 build/obj/chmboxes.o
                0x080028a0                chMBPostI
 .text.chMBFetch
                0x08002920       0x40 build/obj/chmboxes.o
                0x08002920                chMBFetch
 .text.chMBFetchS
                0x08002960       0x80 build/obj/chmboxes.o
                0x08002960                chMBFetchS
 .text.queue_insert
                0x080029e0       0x30 build/obj/chqueues.o
 .text.fifo_remove
                0x08002a10       0x30 build/obj/chqueues.o
 .text.qwait    0x08002a40       0x50 build/obj/chqueues.o
 .text.chIQInit
                0x08002a90       0x50 build/obj/chqueues.o
                0x08002a90                chIQInit
 .text.chIQResetI
                0x08002ae0       0x50 build/obj/chqueues.o
                0x08002ae0                chIQResetI
 .text.chIQPutI
                0x08002b30       0xa0 build/obj/chqueues.o
                0x08002b30                chIQPutI
 .text.chIQGetTimeout
                0x08002bd0       0xa0 build/obj/chqueues.o
                0x08002bd0                chIQGetTimeout
 .text.chIQReadTimeout
                0x08002c70       0xe0 build/obj/chqueues.o
                0x08002c70                chIQReadTimeout
 .text.chOQInit
                0x08002d50       0x50 build/obj/chqueues.o
                0x08002d50                chOQInit
 .text.chOQResetI
                0x08002da0       0x60 build/obj/chqueues.o
                0x08002da0                chOQResetI
 .text.chOQPutTimeout
                0x08002e00       0xa0 build/obj/chqueues.o
                0x08002e00                chOQPutTimeout
 .text.chOQGetI
                0x08002ea0       0xa0 build/obj/chqueues.o
                0x08002ea0                chOQGetI
 .text.chOQWriteTimeout
                0x08002f40       0xe0 build/obj/chqueues.o
                0x08002f40                chOQWriteTimeout
 .text._core_init
                0x08003020       0x40 build/obj/chmemcore.o
                0x08003020                _core_init
 .text.chCoreAlloc
                0x08003060       0x30 build/obj/chmemcore.o
                0x08003060                chCoreAlloc
 .text.chCoreAllocI
                0x08003090       0x70 build/obj/chmemcore.o
                0x08003090                chCoreAllocI
 .text._heap_init
                0x08003100       0x40 build/obj/chheap.o
                0x08003100                _heap_init
 .text.chHeapFree
                0x08003140      0x110 build/obj/chheap.o
                0x08003140                chHeapFree
 .text.chPoolFreeI
                0x08003250       0x40 build/obj/chmempools.o
                0x08003250                chPoolFreeI
 .text.chPoolFree
                0x08003290       0x30 build/obj/chmempools.o
                0x08003290                chPoolFree
 .text.halInit  0x080032c0       0x40 build/obj/hal.o
                0x080032c0                halInit
 .text.adcInit  0x08003300       0x10 build/obj/adc.o
                0x08003300                adcInit
 .text.adcObjectInit
                0x08003310       0x50 build/obj/adc.o
                0x08003310                adcObjectInit
 .text.adcStart
                0x08003360       0x70 build/obj/adc.o
                0x08003360                adcStart
 .text.adcStop  0x080033d0       0x60 build/obj/adc.o
                0x080033d0                adcStop
 .text.adcStartConversionI
                0x08003430       0x90 build/obj/adc.o
                0x08003430                adcStartConversionI
 .text.extInit  0x080034c0       0x10 build/obj/ext.o
                0x080034c0                extInit
 .text.extObjectInit
                0x080034d0       0x20 build/obj/ext.o
                0x080034d0                extObjectInit
 .text.extStart
                0x080034f0       0x70 build/obj/ext.o
                0x080034f0                extStart
 .text.extStop  0x08003560       0x60 build/obj/ext.o
                0x08003560                extStop
 .text.gptInit  0x080035c0       0x10 build/obj/gpt.o
                0x080035c0                gptInit
 .text.gptObjectInit
                0x080035d0       0x20 build/obj/gpt.o
                0x080035d0                gptObjectInit
 .text.gptStart
                0x080035f0       0x70 build/obj/gpt.o
                0x080035f0                gptStart
 .text.gptStop  0x08003660       0x60 build/obj/gpt.o
                0x08003660                gptStop
 .text.gptStartOneShotI
                0x080036c0       0x50 build/obj/gpt.o
                0x080036c0                gptStartOneShotI
 .text.icuInit  0x08003710       0x10 build/obj/icu.o
                0x08003710                icuInit
 .text.icuObjectInit
                0x08003720       0x20 build/obj/icu.o
                0x08003720                icuObjectInit
 .text.mmcsd_get_slice
                0x08003740       0xb0 build/obj/mmcsd.o
 .text.mmcsdGetCapacity
                0x080037f0       0x90 build/obj/mmcsd.o
                0x080037f0                mmcsdGetCapacity
 .text.rtcInit  0x08003880       0x10 build/obj/rtc.o
                0x08003880                rtcInit
 .text.rtcGetTime
                0x08003890       0x50 build/obj/rtc.o
                0x08003890                rtcGetTime
 .text.rtcGetTimeFat
                0x080038e0       0x30 build/obj/rtc.o
                0x080038e0                rtcGetTimeFat
 .text._sdc_wait_for_transfer_state
                0x08003910       0x70 build/obj/sdc.o
                0x08003910                _sdc_wait_for_transfer_state
 .text.sdcInit  0x08003980       0x10 build/obj/sdc.o
                0x08003980                sdcInit
 .text.sdcObjectInit
                0x08003990       0x40 build/obj/sdc.o
                0x08003990                sdcObjectInit
 .text.sdcStart
                0x080039d0       0x70 build/obj/sdc.o
                0x080039d0                sdcStart
 .text.sdcStop  0x08003a40       0x60 build/obj/sdc.o
                0x08003a40                sdcStop
 .text.sdcConnect
                0x08003aa0      0x2b0 build/obj/sdc.o
                0x08003aa0                sdcConnect
 .text.sdcDisconnect
                0x08003d50       0xb0 build/obj/sdc.o
                0x08003d50                sdcDisconnect
 .text.sdcRead  0x08003e00       0x90 build/obj/sdc.o
                0x08003e00                sdcRead
 .text.sdcWrite
                0x08003e90       0x90 build/obj/sdc.o
                0x08003e90                sdcWrite
 .text.sdcSync  0x08003f20       0x50 build/obj/sdc.o
                0x08003f20                sdcSync
 .text.sdcGetInfo
                0x08003f70       0x50 build/obj/sdc.o
                0x08003f70                sdcGetInfo
 .text.write    0x08003fc0       0x30 build/obj/serial.o
 .text.read     0x08003ff0       0x30 build/obj/serial.o
 .text.put      0x08004020       0x30 build/obj/serial.o
 .text.get      0x08004050       0x20 build/obj/serial.o
 .text.putt     0x08004070       0x30 build/obj/serial.o
 .text.gett     0x080040a0       0x20 build/obj/serial.o
 .text.writet   0x080040c0       0x30 build/obj/serial.o
 .text.readt    0x080040f0       0x30 build/obj/serial.o
 .text.sdInit   0x08004120       0x10 build/obj/serial.o
                0x08004120                sdInit
 .text.sdObjectInit
                0x08004130       0x70 build/obj/serial.o
                0x08004130                sdObjectInit
 .text.sdStart  0x080041a0       0x70 build/obj/serial.o
                0x080041a0                sdStart
 .text.sdStop   0x08004210       0x80 build/obj/serial.o
                0x08004210                sdStop
 .text.sdIncomingDataI
                0x08004290       0x70 build/obj/serial.o
                0x08004290                sdIncomingDataI
 .text.spiInit  0x08004300       0x10 build/obj/spi.o
                0x08004300                spiInit
 .text.spiObjectInit
                0x08004310       0x30 build/obj/spi.o
                0x08004310                spiObjectInit
 .text.spiStart
                0x08004340       0x70 build/obj/spi.o
                0x08004340                spiStart
 .text.spiStop  0x080043b0       0x60 build/obj/spi.o
                0x080043b0                spiStop
 .text.spiSelect
                0x08004410       0x50 build/obj/spi.o
                0x08004410                spiSelect
 .text.spiUnselect
                0x08004460       0x50 build/obj/spi.o
                0x08004460                spiUnselect
 .text.Vector6C
                0x080044b0       0x60 build/obj/stm32_dma.o
                0x080044b0                Vector6C
 .text.Vector70
                0x08004510       0x60 build/obj/stm32_dma.o
                0x08004510                Vector70
 .text.Vector74
                0x08004570       0x60 build/obj/stm32_dma.o
                0x08004570                Vector74
 .text.Vector78
                0x080045d0       0x60 build/obj/stm32_dma.o
                0x080045d0                Vector78
 .text.Vector7C
                0x08004630       0x60 build/obj/stm32_dma.o
                0x08004630                Vector7C
 .text.Vector80
                0x08004690       0x60 build/obj/stm32_dma.o
                0x08004690                Vector80
 .text.Vector84
                0x080046f0       0x60 build/obj/stm32_dma.o
                0x080046f0                Vector84
 .text.VectorFC
                0x08004750       0x60 build/obj/stm32_dma.o
                0x08004750                VectorFC
 .text.Vector120
                0x080047b0       0x60 build/obj/stm32_dma.o
                0x080047b0                Vector120
 .text.Vector124
                0x08004810       0x60 build/obj/stm32_dma.o
                0x08004810                Vector124
 .text.Vector128
                0x08004870       0x60 build/obj/stm32_dma.o
                0x08004870                Vector128
 .text.Vector12C
                0x080048d0       0x60 build/obj/stm32_dma.o
                0x080048d0                Vector12C
 .text.Vector130
                0x08004930       0x60 build/obj/stm32_dma.o
                0x08004930                Vector130
 .text.Vector150
                0x08004990       0x60 build/obj/stm32_dma.o
                0x08004990                Vector150
 .text.Vector154
                0x080049f0       0x60 build/obj/stm32_dma.o
                0x080049f0                Vector154
 .text.Vector158
                0x08004a50       0x60 build/obj/stm32_dma.o
                0x08004a50                Vector158
 .text.dmaInit  0x08004ab0       0xa0 build/obj/stm32_dma.o
                0x08004ab0                dmaInit
 .text.dmaStreamAllocate
                0x08004b50      0x150 build/obj/stm32_dma.o
                0x08004b50                dmaStreamAllocate
 .text.dmaStreamRelease
                0x08004ca0       0xd0 build/obj/stm32_dma.o
                0x08004ca0                dmaStreamRelease
 .text.hal_lld_backup_domain_init
                0x08004d70       0xd0 build/obj/hal_lld.o
 .text.hal_lld_init
                0x08004e40      0x120 build/obj/hal_lld.o
                0x08004e40                hal_lld_init
 .text.stm32_clock_init
                0x08004f60      0x1f0 build/obj/hal_lld.o
                0x08004f60                stm32_clock_init
 .text.adc_lld_serve_rx_interrupt
                0x08005150      0x210 build/obj/adc_lld.o
 .text.Vector88
                0x08005360      0x320 build/obj/adc_lld.o
                0x08005360                Vector88
 .text.adc_lld_init
                0x08005680       0xd0 build/obj/adc_lld.o
                0x08005680                adc_lld_init
 .text.adc_lld_start
                0x08005750      0x190 build/obj/adc_lld.o
                0x08005750                adc_lld_start
 .text.adc_lld_stop
                0x080058e0       0xb0 build/obj/adc_lld.o
                0x080058e0                adc_lld_stop
 .text.adc_lld_start_conversion
                0x08005990      0x100 build/obj/adc_lld.o
                0x08005990                adc_lld_start_conversion
 .text.adc_lld_stop_conversion
                0x08005a90       0x60 build/obj/adc_lld.o
                0x08005a90                adc_lld_stop_conversion
 .text.adcSTM32EnableTSVREFE
                0x08005af0       0x20 build/obj/adc_lld.o
                0x08005af0                adcSTM32EnableTSVREFE
 .text.adcSTM32EnableVBATE
                0x08005b10       0x20 build/obj/adc_lld.o
                0x08005b10                adcSTM32EnableVBATE
 .text.Vector58
                0x08005b30       0x40 build/obj/ext_lld_isr.o
                0x08005b30                Vector58
 .text.Vector5C
                0x08005b70       0x40 build/obj/ext_lld_isr.o
                0x08005b70                Vector5C
 .text.Vector60
                0x08005bb0       0x40 build/obj/ext_lld_isr.o
                0x08005bb0                Vector60
 .text.Vector64
                0x08005bf0       0x40 build/obj/ext_lld_isr.o
                0x08005bf0                Vector64
 .text.Vector68
                0x08005c30       0x40 build/obj/ext_lld_isr.o
                0x08005c30                Vector68
 .text.Vector9C
                0x08005c70       0xf0 build/obj/ext_lld_isr.o
                0x08005c70                Vector9C
 .text.VectorE0
                0x08005d60      0x110 build/obj/ext_lld_isr.o
                0x08005d60                VectorE0
 .text.Vector44
                0x08005e70       0x40 build/obj/ext_lld_isr.o
                0x08005e70                Vector44
 .text.VectorE4
                0x08005eb0       0x40 build/obj/ext_lld_isr.o
                0x08005eb0                VectorE4
 .text.VectorE8
                0x08005ef0       0x40 build/obj/ext_lld_isr.o
                0x08005ef0                VectorE8
 .text.Vector138
                0x08005f30       0x40 build/obj/ext_lld_isr.o
                0x08005f30                Vector138
 .text.Vector170
                0x08005f70       0x40 build/obj/ext_lld_isr.o
                0x08005f70                Vector170
 .text.Vector4C
                0x08005fb0       0x40 build/obj/ext_lld_isr.o
                0x08005fb0                Vector4C
 .text.ext_lld_exti_irq_enable
                0x08005ff0       0xb0 build/obj/ext_lld_isr.o
                0x08005ff0                ext_lld_exti_irq_enable
 .text.ext_lld_exti_irq_disable
                0x080060a0       0x80 build/obj/ext_lld_isr.o
                0x080060a0                ext_lld_exti_irq_disable
 .text.ext_lld_init
                0x08006120       0x10 build/obj/ext_lld.o
                0x08006120                ext_lld_init
 .text.ext_lld_start
                0x08006130       0x50 build/obj/ext_lld.o
                0x08006130                ext_lld_start
 .text.ext_lld_stop
                0x08006180       0x40 build/obj/ext_lld.o
                0x08006180                ext_lld_stop
 .text.ext_lld_channel_enable
                0x080061c0      0x1d0 build/obj/ext_lld.o
                0x080061c0                ext_lld_channel_enable
 .text.ext_lld_channel_disable
                0x08006390       0xb0 build/obj/ext_lld.o
                0x08006390                ext_lld_channel_disable
 .text.gpt_lld_serve_interrupt
                0x08006440       0x40 build/obj/gpt_lld.o
 .text.VectorF4
                0x08006480       0x20 build/obj/gpt_lld.o
                0x08006480                VectorF4
 .text.gpt_lld_init
                0x080064a0       0x30 build/obj/gpt_lld.o
                0x080064a0                gpt_lld_init
 .text.gpt_lld_start
                0x080064d0       0xe0 build/obj/gpt_lld.o
                0x080064d0                gpt_lld_start
 .text.gpt_lld_stop
                0x080065b0       0x60 build/obj/gpt_lld.o
                0x080065b0                gpt_lld_stop
 .text.gpt_lld_start_timer
                0x08006610       0x50 build/obj/gpt_lld.o
                0x08006610                gpt_lld_start_timer
 .text.gpt_lld_stop_timer
                0x08006660       0x30 build/obj/gpt_lld.o
                0x08006660                gpt_lld_stop_timer
 .text.icu_lld_serve_interrupt
                0x08006690       0xf0 build/obj/icu_lld.o
 .text.VectorA4
                0x08006780       0x20 build/obj/icu_lld.o
                0x08006780                VectorA4
 .text.VectorAC
                0x080067a0       0x20 build/obj/icu_lld.o
                0x080067a0                VectorAC
 .text.icu_lld_init
                0x080067c0       0x30 build/obj/icu_lld.o
                0x080067c0                icu_lld_init
 .text.sdc_lld_prepare_read
                0x080067f0       0x90 build/obj/sdc_lld.o
 .text.sdc_lld_prepare_write
                0x08006880       0x90 build/obj/sdc_lld.o
 .text.sdc_lld_wait_transaction_end
                0x08006910      0x100 build/obj/sdc_lld.o
 .text.sdc_lld_collect_errors
                0x08006a10       0xa0 build/obj/sdc_lld.o
 .text.sdc_lld_error_cleanup
                0x08006ab0       0xc0 build/obj/sdc_lld.o
 .text.Vector104
                0x08006b70       0x70 build/obj/sdc_lld.o
                0x08006b70                Vector104
 .text.sdc_lld_init
                0x08006be0       0x40 build/obj/sdc_lld.o
                0x08006be0                sdc_lld_init
 .text.sdc_lld_start
                0x08006c20       0xe0 build/obj/sdc_lld.o
                0x08006c20                sdc_lld_start
 .text.sdc_lld_stop
                0x08006d00       0x80 build/obj/sdc_lld.o
                0x08006d00                sdc_lld_stop
 .text.sdc_lld_start_clk
                0x08006d80       0x50 build/obj/sdc_lld.o
                0x08006d80                sdc_lld_start_clk
 .text.sdc_lld_set_data_clk
                0x08006dd0       0x20 build/obj/sdc_lld.o
                0x08006dd0                sdc_lld_set_data_clk
 .text.sdc_lld_stop_clk
                0x08006df0       0x30 build/obj/sdc_lld.o
                0x08006df0                sdc_lld_stop_clk
 .text.sdc_lld_set_bus_mode
                0x08006e20       0x60 build/obj/sdc_lld.o
                0x08006e20                sdc_lld_set_bus_mode
 .text.sdc_lld_send_cmd_none
                0x08006e80       0x50 build/obj/sdc_lld.o
                0x08006e80                sdc_lld_send_cmd_none
 .text.sdc_lld_send_cmd_short
                0x08006ed0       0x90 build/obj/sdc_lld.o
                0x08006ed0                sdc_lld_send_cmd_short
 .text.sdc_lld_send_cmd_short_crc
                0x08006f60       0x90 build/obj/sdc_lld.o
                0x08006f60                sdc_lld_send_cmd_short_crc
 .text.sdc_lld_send_cmd_long_crc
                0x08006ff0       0xd0 build/obj/sdc_lld.o
                0x08006ff0                sdc_lld_send_cmd_long_crc
 .text.sdc_lld_read_aligned
                0x080070c0      0x110 build/obj/sdc_lld.o
                0x080070c0                sdc_lld_read_aligned
 .text.sdc_lld_write_aligned
                0x080071d0      0x110 build/obj/sdc_lld.o
                0x080071d0                sdc_lld_write_aligned
 .text.sdc_lld_read
                0x080072e0       0xa0 build/obj/sdc_lld.o
                0x080072e0                sdc_lld_read
 .text.sdc_lld_write
                0x08007380       0xa0 build/obj/sdc_lld.o
                0x08007380                sdc_lld_write
 .text.sdc_lld_sync
                0x08007420       0x10 build/obj/sdc_lld.o
                0x08007420                sdc_lld_sync
 .text.initgpio
                0x08007430       0x50 build/obj/pal_lld.o
 .text._pal_lld_init
                0x08007480      0x100 build/obj/pal_lld.o
                0x08007480                _pal_lld_init
 .text.rtc_lld_init
                0x08007580       0xe0 build/obj/rtc_lld.o
                0x08007580                rtc_lld_init
 .text.rtc_lld_get_time
                0x08007660       0x90 build/obj/rtc_lld.o
                0x08007660                rtc_lld_get_time
 .text.rtc_lld_get_time_fat
                0x080076f0      0x190 build/obj/rtc_lld.o
                0x080076f0                rtc_lld_get_time_fat
 .text.spi_lld_serve_rx_interrupt
                0x08007880      0x110 build/obj/spi_lld.o
 .text.spi_lld_serve_tx_interrupt
                0x08007990       0x30 build/obj/spi_lld.o
 .text.spi_lld_init
                0x080079c0       0xe0 build/obj/spi_lld.o
                0x080079c0                spi_lld_init
 .text.spi_lld_start
                0x08007aa0      0x1d0 build/obj/spi_lld.o
                0x08007aa0                spi_lld_start
 .text.spi_lld_stop
                0x08007c70       0x90 build/obj/spi_lld.o
                0x08007c70                spi_lld_stop
 .text.spi_lld_select
                0x08007d00       0x20 build/obj/spi_lld.o
                0x08007d00                spi_lld_select
 .text.spi_lld_unselect
                0x08007d20       0x20 build/obj/spi_lld.o
                0x08007d20                spi_lld_unselect
 .text.spi_lld_send
                0x08007d40       0x80 build/obj/spi_lld.o
                0x08007d40                spi_lld_send
 .text.spi_lld_receive
                0x08007dc0       0x80 build/obj/spi_lld.o
                0x08007dc0                spi_lld_receive
 .text.spi_lld_polled_exchange
                0x08007e40       0x40 build/obj/spi_lld.o
                0x08007e40                spi_lld_polled_exchange
 .text.usart_init
                0x08007e80       0xb0 build/obj/serial_lld.o
 .text.usart_deinit
                0x08007f30       0x20 build/obj/serial_lld.o
 .text.set_error
                0x08007f50       0x90 build/obj/serial_lld.o
 .text.serve_interrupt
                0x08007fe0      0x180 build/obj/serial_lld.o
 .text.notify1  0x08008160       0x30 build/obj/serial_lld.o
 .text.notify2  0x08008190       0x30 build/obj/serial_lld.o
 .text.notify6  0x080081c0       0x30 build/obj/serial_lld.o
 .text.VectorD4
                0x080081f0       0x20 build/obj/serial_lld.o
                0x080081f0                VectorD4
 .text.VectorD8
                0x08008210       0x20 build/obj/serial_lld.o
                0x08008210                VectorD8
 .text.Vector15C
                0x08008230       0x20 build/obj/serial_lld.o
                0x08008230                Vector15C
 .text.sd_lld_init
                0x08008250       0x90 build/obj/serial_lld.o
                0x08008250                sd_lld_init
 .text.sd_lld_start
                0x080082e0       0xd0 build/obj/serial_lld.o
                0x080082e0                sd_lld_start
 .text.sd_lld_stop
                0x080083b0       0xb0 build/obj/serial_lld.o
                0x080083b0                sd_lld_stop
 .text.__early_init
                0x08008460       0x10 build/obj/board.o
                0x08008460                __early_init
 .text.sdc_lld_is_card_inserted
                0x08008470       0x30 build/obj/board.o
                0x08008470                sdc_lld_is_card_inserted
 .text.sdc_lld_is_write_protected
                0x080084a0       0x30 build/obj/board.o
                0x080084a0                sdc_lld_is_write_protected
 .text.boardInit
                0x080084d0       0x10 build/obj/board.o
                0x080084d0                boardInit
 .text.long_to_string_with_divisor
                0x080084e0       0xc0 build/obj/chprintf.o
 .text.ltoa     0x080085a0       0x20 build/obj/chprintf.o
 .text.ftoa     0x080085c0       0xb0 build/obj/chprintf.o
 .text.chprintf
                0x08008670      0x520 build/obj/chprintf.o
                0x08008670                chprintf
 .text.stm32_rtc_bcd2tm
                0x08008b90      0x1f0 build/obj/chrtclib.o
 .text.rtcGetTimeTm
                0x08008d80       0x40 build/obj/chrtclib.o
                0x08008d80                rtcGetTimeTm
 .text.writes   0x08008dc0       0x60 build/obj/memstreams.o
 .text.reads    0x08008e20       0x60 build/obj/memstreams.o
 .text.put      0x08008e80       0x50 build/obj/memstreams.o
 .text.get      0x08008ed0       0x40 build/obj/memstreams.o
 .text.msObjectInit
                0x08008f10       0x40 build/obj/memstreams.o
                0x08008f10                msObjectInit
 .text.disk_initialize
                0x08008f50       0x70 build/obj/fatfs_diskio.o
                0x08008f50                disk_initialize
 .text.disk_status
                0x08008fc0       0x70 build/obj/fatfs_diskio.o
                0x08008fc0                disk_status
 .text.disk_read
                0x08009030       0x60 build/obj/fatfs_diskio.o
                0x08009030                disk_read
 .text.disk_write
                0x08009090       0x60 build/obj/fatfs_diskio.o
                0x08009090                disk_write
 .text.disk_ioctl
                0x080090f0       0x80 build/obj/fatfs_diskio.o
                0x080090f0                disk_ioctl
 .text.get_fattime
                0x08009170       0x20 build/obj/fatfs_diskio.o
                0x08009170                get_fattime
 .text.mem_cpy  0x08009190       0x50 build/obj/ff.o
 .text.mem_set  0x080091e0       0x40 build/obj/ff.o
 .text.mem_cmp  0x08009220       0x70 build/obj/ff.o
 .text.chk_chr  0x08009290       0x30 build/obj/ff.o
 .text.sync_window
                0x080092c0       0xa0 build/obj/ff.o
 .text.move_window
                0x08009360       0x60 build/obj/ff.o
 .text.sync_fs  0x080093c0      0x180 build/obj/ff.o
 .text.clust2sect
                0x08009540       0x40 build/obj/ff.o
                0x08009540                clust2sect
 .text.get_fat  0x08009580      0x1a0 build/obj/ff.o
                0x08009580                get_fat
 .text.put_fat  0x08009720      0x280 build/obj/ff.o
                0x08009720                put_fat
 .text.remove_chain
                0x080099a0       0xc0 build/obj/ff.o
 .text.create_chain
                0x08009a60      0x130 build/obj/ff.o
 .text.dir_sdi  0x08009b90      0x130 build/obj/ff.o
 .text.dir_next
                0x08009cc0      0x1f0 build/obj/ff.o
 .text.dir_alloc
                0x08009eb0       0xa0 build/obj/ff.o
 .text.ld_clust
                0x08009f50       0x60 build/obj/ff.o
 .text.st_clust
                0x08009fb0       0x60 build/obj/ff.o
 .text.dir_find
                0x0800a010       0xc0 build/obj/ff.o
 .text.dir_register
                0x0800a0d0       0x80 build/obj/ff.o
 .text.create_name
                0x0800a150      0x200 build/obj/ff.o
 .text.follow_path
                0x0800a350      0x100 build/obj/ff.o
 .text.check_fs
                0x0800a450       0xe0 build/obj/ff.o
 .text.chk_mounted
                0x0800a530      0x630 build/obj/ff.o
 .text.validate
                0x0800ab60       0x60 build/obj/ff.o
 .text.f_mount  0x0800abc0       0x70 build/obj/ff.o
                0x0800abc0                f_mount
 .text.f_open   0x0800ac30      0x2e0 build/obj/ff.o
                0x0800ac30                f_open
 .text.f_write  0x0800af10      0x360 build/obj/ff.o
                0x0800af10                f_write
 .text.f_sync   0x0800b270      0x190 build/obj/ff.o
                0x0800b270                f_sync
 .text.f_close  0x0800b400       0x30 build/obj/ff.o
                0x0800b400                f_close
 .text.f_opendir
                0x0800b430       0xe0 build/obj/ff.o
                0x0800b430                f_opendir
 .text.f_getfree
                0x0800b510      0x1d0 build/obj/ff.o
                0x0800b510                f_getfree
 .text.f_mkdir  0x0800b6e0      0x290 build/obj/ff.o
                0x0800b6e0                f_mkdir
 .text.adc_make_avg
                0x0800b970       0x60 build/obj/kb_adc.o
                0x0800b970                adc_make_avg
 .text.adc_cb   0x0800b9d0       0xa0 build/obj/kb_adc.o
                0x0800b9d0                adc_cb
 .text.adc_trigger_cb
                0x0800ba70       0x60 build/obj/kb_adc.o
                0x0800ba70                adc_trigger_cb
 .text.kuroBoxADCInit
                0x0800bad0       0x50 build/obj/kb_adc.o
                0x0800bad0                kuroBoxADCInit
 .text.kuroBoxADCStop
                0x0800bb20       0x10 build/obj/kb_adc.o
                0x0800bb20                kuroBoxADCStop
 .text.on_btn0  0x0800bb30       0x30 build/obj/kb_buttons.o
 .text.on_btn1  0x0800bb60       0x30 build/obj/kb_buttons.o
 .text.kuroBoxButtonsInit
                0x0800bb90       0x50 build/obj/kb_buttons.o
                0x0800bb90                kuroBoxButtonsInit
 .text.kuroBoxButtonsStop
                0x0800bbe0       0x10 build/obj/kb_buttons.o
                0x0800bbe0                kuroBoxButtonsStop
 .text.btn_0_exti_cb
                0x0800bbf0       0x60 build/obj/kb_buttons.o
                0x0800bbf0                btn_0_exti_cb
 .text.btn_1_exti_cb
                0x0800bc50       0x60 build/obj/kb_buttons.o
                0x0800bc50                btn_1_exti_cb
 .text.kbc_save
                0x0800bcb0       0xb0 build/obj/kb_config.o
                0x0800bcb0                kbc_save
 .text.kbc_load
                0x0800bd60       0xc0 build/obj/kb_config.o
                0x0800bd60                kbc_load
 .text.check_offset
                0x0800be20       0x30 build/obj/kb_config.o
 .text.calc_cs  0x0800be50       0x20 build/obj/kb_config.o
 .text.kbc_read
                0x0800be70       0x40 build/obj/kb_config.o
                0x0800be70                kbc_read
 .text.kbc_write
                0x0800beb0       0x50 build/obj/kb_config.o
                0x0800beb0                kbc_write
 .text.kuroBoxConfigInit
                0x0800bf00       0x90 build/obj/kb_config.o
                0x0800bf00                kuroBoxConfigInit
 .text.kuroBoxConfigStop
                0x0800bf90       0x10 build/obj/kb_config.o
                0x0800bf90                kuroBoxConfigStop
 .text.hard_fault_handler_c
                0x0800bfa0      0x170 build/obj/kb_debug.o
                0x0800bfa0                hard_fault_handler_c
 .text.thFeatureA
                0x0800c110      0x1d0 build/obj/kb_featureA.o
 .text.kbfa_getFeature
                0x0800c2e0       0x10 build/obj/kb_featureA.o
                0x0800c2e0                kbfa_getFeature
 .text.kbfa_setFeature
                0x0800c2f0       0x20 build/obj/kb_featureA.o
                0x0800c2f0                kbfa_setFeature
 .text.kbfa_changeFeature
                0x0800c310       0x90 build/obj/kb_featureA.o
                0x0800c310                kbfa_changeFeature
 .text.kuroBoxFeatureAInit
                0x0800c3a0       0x40 build/obj/kb_featureA.o
                0x0800c3a0                kuroBoxFeatureAInit
 .text.kuroBoxFeatureAStop
                0x0800c3e0       0x30 build/obj/kb_featureA.o
                0x0800c3e0                kuroBoxFeatureAStop
 .text.ecef_to_lla
                0x0800c410      0x340 build/obj/kb_gps.o
                0x0800c410                ecef_to_lla
 .text.parse_and_store_nav_sol
                0x0800c750       0xb0 build/obj/kb_gps.o
 .text.thGps    0x0800c800      0x110 build/obj/kb_gps.o
 .text.gps_timepulse_exti_cb
                0x0800c910       0x30 build/obj/kb_gps.o
                0x0800c910                gps_timepulse_exti_cb
 .text.kuroBoxGPSInit
                0x0800c940       0x50 build/obj/kb_gps.o
                0x0800c940                kuroBoxGPSInit
 .text.kuroBoxGPSStop
                0x0800c990       0x40 build/obj/kb_gps.o
                0x0800c990                kuroBoxGPSStop
 .text.new_write_buffer_idx_to_fill
                0x0800c9d0       0xa0 build/obj/kb_logger.o
 .text.return_write_buffer_idx_after_filling
                0x0800ca70       0x70 build/obj/kb_logger.o
 .text.new_write_buffer_idx_to_write
                0x0800cae0       0x80 build/obj/kb_logger.o
 .text.return_write_buffer_idx_after_writing
                0x0800cb60       0x70 build/obj/kb_logger.o
 .text.make_dirs
                0x0800cbd0       0x40 build/obj/kb_logger.o
 .text.new_file
                0x0800cc10      0x120 build/obj/kb_logger.o
 .text.on_insert
                0x0800cd30      0x1b0 build/obj/kb_logger.o
 .text.on_remove
                0x0800cee0       0x40 build/obj/kb_logger.o
 .text.wait_for_sd
                0x0800cf20       0xa0 build/obj/kb_logger.o
 .text.sd_card_status
                0x0800cfc0       0x70 build/obj/kb_logger.o
 .text.writing_run
                0x0800d030      0x1a0 build/obj/kb_logger.o
 .text.thWriter
                0x0800d1d0       0xf0 build/obj/kb_logger.o
 .text.thLogger
                0x0800d2c0      0x240 build/obj/kb_logger.o
 .text.kuroBoxLoggerInit
                0x0800d500       0xa0 build/obj/kb_logger.o
                0x0800d500                kuroBoxLoggerInit
 .text.kuroBoxLoggerStop
                0x0800d5a0       0xa0 build/obj/kb_logger.o
                0x0800d5a0                kuroBoxLoggerStop
 .text.kbl_setLTC
                0x0800d640       0x20 build/obj/kb_logger.o
                0x0800d640                kbl_setLTC
 .text.kbl_incPPS
                0x0800d660       0x20 build/obj/kb_logger.o
                0x0800d660                kbl_incPPS
 .text.kbl_setGpsNavSol
                0x0800d680       0x50 build/obj/kb_logger.o
                0x0800d680                kbl_setGpsNavSol
 .text.mi_exit  0x0800d6d0       0x20 build/obj/kb_menu.o
 .text.mi_featureA_change
                0x0800d6f0       0x10 build/obj/kb_menu.o
 .text.mi_featureA_getFeature
                0x0800d700       0x10 build/obj/kb_menu.o
 .text.mi_serial1_pwr
                0x0800d710       0x30 build/obj/kb_menu.o
 .text.mi_serial1_baud
                0x0800d740       0x20 build/obj/kb_menu.o
 .text.mi_serial1_getbaud
                0x0800d760       0x10 build/obj/kb_menu.o
 .text.mi_serial2_pwr
                0x0800d770       0x30 build/obj/kb_menu.o
 .text.mi_serial2_baud
                0x0800d7a0       0x20 build/obj/kb_menu.o
 .text.mi_serial2_getbaud
                0x0800d7c0       0x10 build/obj/kb_menu.o
 .text.mi_led3  0x0800d7d0       0x40 build/obj/kb_menu.o
 .text.mi_lcd_backlight
                0x0800d810       0x40 build/obj/kb_menu.o
 .text.mi_standby
                0x0800d850       0x20 build/obj/kb_menu.o
 .text.kbm_display
                0x0800d870      0x260 build/obj/kb_menu.o
                0x0800d870                kbm_display
 .text.kbm_btn0
                0x0800dad0       0x30 build/obj/kb_menu.o
                0x0800dad0                kbm_btn0
 .text.kbm_btn1
                0x0800db00       0x30 build/obj/kb_menu.o
                0x0800db00                kbm_btn1
 .text.kbm_btn0_dispatch
                0x0800db30       0x80 build/obj/kb_menu.o
 .text.kbm_btn1_dispatch
                0x0800dbb0       0xf0 build/obj/kb_menu.o
 .text.kuroBoxMenuInit
                0x0800dca0       0x40 build/obj/kb_menu.o
                0x0800dca0                kuroBoxMenuInit
 .text.kuroBoxMenuStop
                0x0800dce0       0x10 build/obj/kb_menu.o
                0x0800dce0                kuroBoxMenuStop
 .text.thScreen
                0x0800dcf0      0x620 build/obj/kb_screen.o
 .text.kuroBoxScreenInit
                0x0800e310       0x50 build/obj/kb_screen.o
                0x0800e310                kuroBoxScreenInit
 .text.kuroBoxScreenStop
                0x0800e360       0x40 build/obj/kb_screen.o
                0x0800e360                kuroBoxScreenStop
 .text.kbs_setVoltage
                0x0800e3a0       0x20 build/obj/kb_screen.o
                0x0800e3a0                kbs_setVoltage
 .text.kbs_setTemperature
                0x0800e3c0       0x20 build/obj/kb_screen.o
                0x0800e3c0                kbs_setTemperature
 .text.kbs_setLTC
                0x0800e3e0       0x20 build/obj/kb_screen.o
                0x0800e3e0                kbs_setLTC
 .text.kbs_setWriteCount
                0x0800e400       0x20 build/obj/kb_screen.o
                0x0800e400                kbs_setWriteCount
 .text.kbs_setWriteErrors
                0x0800e420       0x20 build/obj/kb_screen.o
                0x0800e420                kbs_setWriteErrors
 .text.kbs_setSDCFree
                0x0800e440       0x20 build/obj/kb_screen.o
                0x0800e440                kbs_setSDCFree
 .text.kbs_setFName
                0x0800e460       0x20 build/obj/kb_screen.o
                0x0800e460                kbs_setFName
 .text.kbs_btn0
                0x0800e480       0x20 build/obj/kb_screen.o
                0x0800e480                kbs_btn0
 .text.kbs_btn1
                0x0800e4a0       0x20 build/obj/kb_screen.o
                0x0800e4a0                kbs_btn1
 .text.kbs_PPS  0x0800e4c0       0x20 build/obj/kb_screen.o
                0x0800e4c0                kbs_PPS
 .text.kbs_setGpsEcef
                0x0800e4e0       0x30 build/obj/kb_screen.o
                0x0800e4e0                kbs_setGpsEcef
 .text.kbs_setYPR
                0x0800e510       0x30 build/obj/kb_screen.o
                0x0800e510                kbs_setYPR
 .text.kuroBoxSerialInit
                0x0800e540       0x80 build/obj/kb_serial.o
                0x0800e540                kuroBoxSerialInit
 .text.kuroBoxSerialStop
                0x0800e5c0       0x40 build/obj/kb_serial.o
                0x0800e5c0                kuroBoxSerialStop
 .text.kbse_setPower
                0x0800e600       0x70 build/obj/kb_serial.o
                0x0800e600                kbse_setPower
 .text.kbse_getPower
                0x0800e670       0x60 build/obj/kb_serial.o
                0x0800e670                kbse_getPower
 .text.kbse_getBaud
                0x0800e6d0       0x40 build/obj/kb_serial.o
                0x0800e6d0                kbse_getBaud
 .text.kbse_changeBaud
                0x0800e710      0x130 build/obj/kb_serial.o
                0x0800e710                kbse_changeBaud
 .text.kbse_setBaud
                0x0800e840       0xe0 build/obj/kb_serial.o
                0x0800e840                kbse_setBaud
 .text.frame_to_time
                0x0800e920       0xc0 build/obj/kb_time.o
 .text.ltc_store
                0x0800e9e0      0x110 build/obj/kb_time.o
 .text.ltc_exti_cb
                0x0800eaf0       0xc0 build/obj/kb_time.o
                0x0800eaf0                ltc_exti_cb
 .text.kbt_getLTC
                0x0800ebb0       0x20 build/obj/kb_time.o
                0x0800ebb0                kbt_getLTC
 .text.kuroBoxTimeInit
                0x0800ebd0       0x20 build/obj/kb_time.o
                0x0800ebd0                kuroBoxTimeInit
 .text.kuroBoxTimeStop
                0x0800ebf0       0x10 build/obj/kb_time.o
                0x0800ebf0                kuroBoxTimeStop
 .text.calc_checksum_8
                0x0800ec00       0x60 build/obj/kb_util.o
                0x0800ec00                calc_checksum_8
 .text.calc_checksum_16
                0x0800ec60       0x80 build/obj/kb_util.o
                0x0800ec60                calc_checksum_16
 .text.vectornav_dispatch_register
                0x0800ece0       0xa0 build/obj/kb_vectornav.o
                0x0800ece0                vectornav_dispatch_register
 .text.vectornav_spi_end_cb
                0x0800ed80       0xe0 build/obj/kb_vectornav.o
                0x0800ed80                vectornav_spi_end_cb
 .text.vectornav_gpt_end_cb
                0x0800ee60       0xb0 build/obj/kb_vectornav.o
                0x0800ee60                vectornav_gpt_end_cb
 .text.kbv_getYPR
                0x0800ef10       0x50 build/obj/kb_vectornav.o
                0x0800ef10                kbv_getYPR
 .text.vn_dr_int_exti_cb
                0x0800ef60       0xc0 build/obj/kb_vectornav.o
                0x0800ef60                vn_dr_int_exti_cb
 .text.kuroBoxVectorNavInit
                0x0800f020       0x50 build/obj/kb_vectornav.o
                0x0800f020                kuroBoxVectorNavInit
 .text.kuroBoxVectorNavStop
                0x0800f070       0x30 build/obj/kb_vectornav.o
                0x0800f070                kuroBoxVectorNavStop
 .text.thBlinker
                0x0800f0a0       0x60 build/obj/main.o
 .text.kuroBox_panic
                0x0800f100       0x10 build/obj/main.o
                0x0800f100                kuroBox_panic
 .text.kuroBox_standby
                0x0800f110       0x60 build/obj/main.o
 .text.kuroBoxInit
                0x0800f170      0x1f0 build/obj/main.o
                0x0800f170                kuroBoxInit
 .text.kuroBoxStop
                0x0800f360       0xd0 build/obj/main.o
                0x0800f360                kuroBoxStop
 .text.main     0x0800f430       0x50 build/obj/main.o
                0x0800f430                main
 .text.spiEepromStart
                0x0800f480       0x20 build/obj/spiEEPROM.o
                0x0800f480                spiEepromStart
 .text.updateBoundingBox
                0x0800f4a0       0xa0 build/obj/ST7565.o
 .text.st7565Start
                0x0800f540      0x180 build/obj/ST7565.o
                0x0800f540                st7565Start
 .text.st7565_display
                0x0800f6c0      0x1d0 build/obj/ST7565.o
                0x0800f6c0                st7565_display
 .text.st7565_clear
                0x0800f890       0x30 build/obj/ST7565.o
                0x0800f890                st7565_clear
 .text.st7565_drawchar
                0x0800f8c0       0xb0 build/obj/ST7565.o
                0x0800f8c0                st7565_drawchar
 .text.st7565_drawstring
                0x0800f970       0xc0 build/obj/ST7565.o
                0x0800f970                st7565_drawstring
 .text.st7565_setpixel
                0x0800fa30      0x100 build/obj/ST7565.o
                0x0800fa30                st7565_setpixel
 .text.st7565_drawline
                0x0800fb30      0x1d0 build/obj/ST7565.o
                0x0800fb30                st7565_drawline
 .text.st7565_fillrect
                0x0800fd00       0xc0 build/obj/ST7565.o
                0x0800fd00                st7565_fillrect
 .text.cos      0x0800fdc0       0x90 c:/chibistudio/tools/gnu tools arm embedded/4.7 2013q1/bin/../lib/gcc/arm-none-eabi/4.7.3/../../../../arm-none-eabi/lib/armv7e-m\libm.a(lib_a-s_cos.o)
                0x0800fdc0                cos
 .text.sin      0x0800fe50       0x98 c:/chibistudio/tools/gnu tools arm embedded/4.7 2013q1/bin/../lib/gcc/arm-none-eabi/4.7.3/../../../../arm-none-eabi/lib/armv7e-m\libm.a(lib_a-s_sin.o)
                0x0800fe50                sin
 *fill*         0x0800fee8        0x8 00
 .text.atan2    0x0800fef0        0x4 c:/chibistudio/tools/gnu tools arm embedded/4.7 2013q1/bin/../lib/gcc/arm-none-eabi/4.7.3/../../../../arm-none-eabi/lib/armv7e-m\libm.a(lib_a-w_atan2.o)
                0x0800fef0                atan2
 *fill*         0x0800fef4        0xc 00
 .text.pow      0x0800ff00      0x310 c:/chibistudio/tools/gnu tools arm embedded/4.7 2013q1/bin/../lib/gcc/arm-none-eabi/4.7.3/../../../../arm-none-eabi/lib/armv7e-m\libm.a(lib_a-w_pow.o)
                0x0800ff00                pow
 .text.sqrt     0x08010210       0xa8 c:/chibistudio/tools/gnu tools arm embedded/4.7 2013q1/bin/../lib/gcc/arm-none-eabi/4.7.3/../../../../arm-none-eabi/lib/armv7e-m\libm.a(lib_a-w_sqrt.o)
                0x08010210                sqrt
 *fill*         0x080102b8        0x8 00
 .text.__ieee754_atan2
                0x080102c0      0x218 c:/chibistudio/tools/gnu tools arm embedded/4.7 2013q1/bin/../lib/gcc/arm-none-eabi/4.7.3/../../../../arm-none-eabi/lib/armv7e-m\libm.a(lib_a-e_atan2.o)
                0x080102c0                __ieee754_atan2
 *fill*         0x080104d8        0x8 00
 .text.__ieee754_pow
                0x080104e0      0xb20 c:/chibistudio/tools/gnu tools arm embedded/4.7 2013q1/bin/../lib/gcc/arm-none-eabi/4.7.3/../../../../arm-none-eabi/lib/armv7e-m\libm.a(lib_a-e_pow.o)
                0x080104e0                __ieee754_pow
 .text.__ieee754_rem_pio2
                0x08011000      0x468 c:/chibistudio/tools/gnu tools arm embedded/4.7 2013q1/bin/../lib/gcc/arm-none-eabi/4.7.3/../../../../arm-none-eabi/lib/armv7e-m\libm.a(lib_a-e_rem_pio2.o)
                0x08011000                __ieee754_rem_pio2
 *fill*         0x08011468        0x8 00
 .text.__ieee754_sqrt
                0x08011470      0x208 c:/chibistudio/tools/gnu tools arm embedded/4.7 2013q1/bin/../lib/gcc/arm-none-eabi/4.7.3/../../../../arm-none-eabi/lib/armv7e-m\libm.a(lib_a-e_sqrt.o)
                0x08011470                __ieee754_sqrt
 *fill*         0x08011678        0x8 00
 .text.__kernel_cos
                0x08011680      0x258 c:/chibistudio/tools/gnu tools arm embedded/4.7 2013q1/bin/../lib/gcc/arm-none-eabi/4.7.3/../../../../arm-none-eabi/lib/armv7e-m\libm.a(lib_a-k_cos.o)
                0x08011680                __kernel_cos
 *fill*         0x080118d8        0x8 00
 .text.__kernel_rem_pio2
                0x080118e0      0xdec c:/chibistudio/tools/gnu tools arm embedded/4.7 2013q1/bin/../lib/gcc/arm-none-eabi/4.7.3/../../../../arm-none-eabi/lib/armv7e-m\libm.a(lib_a-k_rem_pio2.o)
                0x080118e0                __kernel_rem_pio2
 *fill*         0x080126cc        0x4 00
 .text.__kernel_sin
                0x080126d0      0x170 c:/chibistudio/tools/gnu tools arm embedded/4.7 2013q1/bin/../lib/gcc/arm-none-eabi/4.7.3/../../../../arm-none-eabi/lib/armv7e-m\libm.a(lib_a-k_sin.o)
                0x080126d0                __kernel_sin
 .text.atan     0x08012840      0x368 c:/chibistudio/tools/gnu tools arm embedded/4.7 2013q1/bin/../lib/gcc/arm-none-eabi/4.7.3/../../../../arm-none-eabi/lib/armv7e-m\libm.a(lib_a-s_atan.o)
                0x08012840                atan
 *fill*         0x08012ba8        0x8 00
 .text.fabs     0x08012bb0        0x8 c:/chibistudio/tools/gnu tools arm embedded/4.7 2013q1/bin/../lib/gcc/arm-none-eabi/4.7.3/../../../../arm-none-eabi/lib/armv7e-m\libm.a(lib_a-s_fabs.o)
                0x08012bb0                fabs
 *fill*         0x08012bb8        0x8 00
 .text.finite   0x08012bc0        0xc c:/chibistudio/tools/gnu tools arm embedded/4.7 2013q1/bin/../lib/gcc/arm-none-eabi/4.7.3/../../../../arm-none-eabi/lib/armv7e-m\libm.a(lib_a-s_finite.o)
                0x08012bc0                finite
 *fill*         0x08012bcc        0x4 00
 .text.floor    0x08012bd0      0x110 c:/chibistudio/tools/gnu tools arm embedded/4.7 2013q1/bin/../lib/gcc/arm-none-eabi/4.7.3/../../../../arm-none-eabi/lib/armv7e-m\libm.a(lib_a-s_floor.o)
                0x08012bd0                floor
 .text.__fpclassifyd
                0x08012ce0       0x68 c:/chibistudio/tools/gnu tools arm embedded/4.7 2013q1/bin/../lib/gcc/arm-none-eabi/4.7.3/../../../../arm-none-eabi/lib/armv7e-m\libm.a(lib_a-s_fpclassify.o)
                0x08012ce0                __fpclassifyd
 *fill*         0x08012d48        0x8 00
 .text.matherr  0x08012d50        0x4 c:/chibistudio/tools/gnu tools arm embedded/4.7 2013q1/bin/../lib/gcc/arm-none-eabi/4.7.3/../../../../arm-none-eabi/lib/armv7e-m\libm.a(lib_a-s_matherr.o)
                0x08012d50                matherr
 *fill*         0x08012d54        0xc 00
 .text.nan      0x08012d60        0xc c:/chibistudio/tools/gnu tools arm embedded/4.7 2013q1/bin/../lib/gcc/arm-none-eabi/4.7.3/../../../../arm-none-eabi/lib/armv7e-m\libm.a(lib_a-s_nan.o)
                0x08012d60                nan
 *fill*         0x08012d6c        0x4 00
 .text.rint     0x08012d70      0x128 c:/chibistudio/tools/gnu tools arm embedded/4.7 2013q1/bin/../lib/gcc/arm-none-eabi/4.7.3/../../../../arm-none-eabi/lib/armv7e-m\libm.a(lib_a-s_rint.o)
                0x08012d70                rint
 *fill*         0x08012e98        0x8 00
 .text.scalbn   0x08012ea0      0x108 c:/chibistudio/tools/gnu tools arm embedded/4.7 2013q1/bin/../lib/gcc/arm-none-eabi/4.7.3/../../../../arm-none-eabi/lib/armv7e-m\libm.a(lib_a-s_scalbn.o)
                0x08012ea0                scalbn
 *fill*         0x08012fa8        0x8 00
 .text.copysign
                0x08012fb0       0x18 c:/chibistudio/tools/gnu tools arm embedded/4.7 2013q1/bin/../lib/gcc/arm-none-eabi/4.7.3/../../../../arm-none-eabi/lib/armv7e-m\libm.a(lib_a-s_copysign.o)
                0x08012fb0                copysign
 *fill*         0x08012fc8        0x8 00
 .text.__errno  0x08012fd0        0xc c:/chibistudio/tools/gnu tools arm embedded/4.7 2013q1/bin/../lib/gcc/arm-none-eabi/4.7.3/../../../../arm-none-eabi/lib/armv7e-m\libc.a(lib_a-errno.o)
                0x08012fd0                __errno
 *fill*         0x08012fdc        0x4 00
 .text.memcpy   0x08012fe0      0x144 c:/chibistudio/tools/gnu tools arm embedded/4.7 2013q1/bin/../lib/gcc/arm-none-eabi/4.7.3/../../../../arm-none-eabi/lib/armv7e-m\libc.a(lib_a-memcpy.o)
                0x08012fe0                memcpy
 *fill*         0x08013124        0xc 00
 .text.memset   0x08013130      0x12c c:/chibistudio/tools/gnu tools arm embedded/4.7 2013q1/bin/../lib/gcc/arm-none-eabi/4.7.3/../../../../arm-none-eabi/lib/armv7e-m\libc.a(lib_a-memset.o)
                0x08013130                memset
 *fill*         0x0801325c        0x4 00
 .text.strcpy   0x08013260       0xbc c:/chibistudio/tools/gnu tools arm embedded/4.7 2013q1/bin/../lib/gcc/arm-none-eabi/4.7.3/../../../../arm-none-eabi/lib/armv7e-m\libc.a(lib_a-strcpy.o)
                0x08013260                strcpy
 *(.rodata)
 *fill*         0x0801331c        0x4 00
 .rodata        0x08013320        0x8 build/obj/chsys.o
 *fill*         0x08013328        0x8 00
 .rodata        0x08013330       0x58 build/obj/chdebug.o
 *fill*         0x08013388        0x8 00
 .rodata        0x08013390       0x34 build/obj/chvt.o
 *fill*         0x080133c4        0xc 00
 .rodata        0x080133d0       0x24 build/obj/chschd.o
 *fill*         0x080133f4        0xc 00
 .rodata        0x08013400       0x94 build/obj/chthreads.o
 *fill*         0x08013494        0xc 00
 .rodata        0x080134a0       0x48 build/obj/chdynamic.o
 *fill*         0x080134e8        0x8 00
 .rodata        0x080134f0      0x148 build/obj/chsem.o
 *fill*         0x08013638        0x8 00
 .rodata        0x08013640       0xac build/obj/chmtx.o
 *fill*         0x080136ec        0x4 00
 .rodata        0x080136f0       0x90 build/obj/chevents.o
 .rodata        0x08013780       0x88 build/obj/chmboxes.o
 *fill*         0x08013808        0x8 00
 .rodata        0x08013810       0x2c build/obj/chqueues.o
 *fill*         0x0801383c        0x4 00
 .rodata        0x08013840       0x34 build/obj/chheap.o
 *fill*         0x08013874        0xc 00
 .rodata        0x08013880       0x48 build/obj/chmempools.o
 *fill*         0x080138c8        0x8 00
 .rodata        0x080138d0      0x110 build/obj/adc.o
 .rodata        0x080139e0       0xd0 build/obj/ext.o
 .rodata        0x08013ab0      0x10c build/obj/gpt.o
 *fill*         0x08013bbc        0x4 00
 .rodata        0x08013bc0       0x14 build/obj/mmcsd.o
 *fill*         0x08013bd4        0xc 00
 .rodata        0x08013be0       0x40 build/obj/rtc.o
 .rodata        0x08013c20      0x138 build/obj/sdc.o
 *fill*         0x08013d58        0x8 00
 .rodata        0x08013d60       0x60 build/obj/serial.o
 .rodata        0x08013dc0      0x238 build/obj/spi.o
 *fill*         0x08013ff8        0x8 00
 .rodata        0x08014000       0x48 build/obj/stm32_dma.o
 *fill*         0x08014048        0x8 00
 .rodata        0x08014050       0x3c build/obj/adc_lld.o
 *fill*         0x0801408c        0x4 00
 .rodata        0x08014090       0x14 build/obj/gpt_lld.o
 *fill*         0x080140a4        0xc 00
 .rodata        0x080140b0       0x80 build/obj/sdc_lld.o
 .rodata        0x08014130       0x50 build/obj/spi_lld.o
 .rodata        0x08014180        0x8 build/obj/chprintf.o
 *fill*         0x08014188        0x8 00
 .rodata        0x08014190       0x54 build/obj/ff.o
 *fill*         0x080141e4        0xc 00
 .rodata        0x080141f0      0x114 build/obj/kb_debug.o
 *fill*         0x08014304        0xc 00
 .rodata        0x08014310       0x34 build/obj/kb_featureA.o
 *fill*         0x08014344        0xc 00
 .rodata        0x08014350        0x4 build/obj/kb_gps.o
 *fill*         0x08014354        0xc 00
 .rodata        0x08014360       0xac build/obj/kb_logger.o
 *fill*         0x0801440c        0x4 00
 .rodata        0x08014410       0x24 build/obj/kb_menu.o
 *fill*         0x08014434        0xc 00
 .rodata        0x08014440       0x6c build/obj/kb_screen.o
 *fill*         0x080144ac        0x4 00
 .rodata        0x080144b0       0x2c build/obj/main.o
 *(.rodata.*)
 *fill*         0x080144dc        0x4 00
 .rodata.ch_debug
                0x080144e0       0x18 build/obj/chregistry.o
                0x080144e0                ch_debug
 *fill*         0x080144f8        0x8 00
 .rodata.sdc_vmt
                0x08014500       0x20 build/obj/sdc.o
 .rodata.vmt    0x08014520       0x20 build/obj/serial.o
 .rodata._stm32_dma_streams
                0x08014540       0xc0 build/obj/stm32_dma.o
                0x08014540                _stm32_dma_streams
 .rodata.default_config
                0x08014600        0xc build/obj/serial_lld.o
 *fill*         0x0801460c        0x4 00
 .rodata.pal_default_config
                0x08014610       0xfc build/obj/board.o
                0x08014610                pal_default_config
 *fill*         0x0801470c        0x4 00
 .rodata.vmt    0x08014710       0x10 build/obj/memstreams.o
 .rodata.ExCvt  0x08014720       0x80 build/obj/ff.o
 .rodata.ST7565font
                0x080147a0      0x4fc build/obj/glcdfont.o
                0x080147a0                ST7565font
 *fill*         0x08014c9c        0x4 00
 .rodata.adc_grp_cfg
                0x08014ca0       0x28 build/obj/kb_adc.o
 *fill*         0x08014cc8        0x8 00
 .rodata.default_vectornav_config
                0x08014cd0       0x14 build/obj/kb_vectornav.o
 *fill*         0x08014ce4        0xc 00
 .rodata.sdio_cfg
                0x08014cf0        0x4 build/obj/main.o
 *fill*         0x08014cf4        0xc 00
 .rodata.eeprom_cfg
                0x08014d00        0xc build/obj/main.o
 *fill*         0x08014d0c        0x4 00
 .rodata.lcd_cfg
                0x08014d10       0x1c build/obj/main.o
 *fill*         0x08014d2c        0x4 00
 .rodata.extcfg
                0x08014d30       0xb8 build/obj/main.o
 *fill*         0x08014de8        0x8 00
 .rodata.pagemap
                0x08014df0        0x4 build/obj/ST7565.o
 *fill*         0x08014df4        0xc 00
 .rodata.st7565_nanibox
                0x08014e00      0x200 build/obj/ST7565.o
 .rodata.str1.4
                0x08015000        0x4 c:/chibistudio/tools/gnu tools arm embedded/4.7 2013q1/bin/../lib/gcc/arm-none-eabi/4.7.3/../../../../arm-none-eabi/lib/armv7e-m\libm.a(lib_a-w_pow.o)
 *fill*         0x08015004        0xc 00
 .rodata.str1.4
                0x08015010        0x5 c:/chibistudio/tools/gnu tools arm embedded/4.7 2013q1/bin/../lib/gcc/arm-none-eabi/4.7.3/../../../../arm-none-eabi/lib/armv7e-m\libm.a(lib_a-w_sqrt.o)
                                  0x8 (size before relaxing)
 *fill*         0x08015015        0xb 00
 .rodata.dp_h   0x08015020       0x10 c:/chibistudio/tools/gnu tools arm embedded/4.7 2013q1/bin/../lib/gcc/arm-none-eabi/4.7.3/../../../../arm-none-eabi/lib/armv7e-m\libm.a(lib_a-e_pow.o)
 .rodata.dp_l   0x08015030       0x10 c:/chibistudio/tools/gnu tools arm embedded/4.7 2013q1/bin/../lib/gcc/arm-none-eabi/4.7.3/../../../../arm-none-eabi/lib/armv7e-m\libm.a(lib_a-e_pow.o)
 .rodata.bp     0x08015040       0x10 c:/chibistudio/tools/gnu tools arm embedded/4.7 2013q1/bin/../lib/gcc/arm-none-eabi/4.7.3/../../../../arm-none-eabi/lib/armv7e-m\libm.a(lib_a-e_pow.o)
 .rodata.str1.4
                0x00000000        0x5 c:/chibistudio/tools/gnu tools arm embedded/4.7 2013q1/bin/../lib/gcc/arm-none-eabi/4.7.3/../../../../arm-none-eabi/lib/armv7e-m\libm.a(lib_a-e_pow.o)
                                  0x4 (size before relaxing)
 .rodata.npio2_hw
                0x08015050       0x80 c:/chibistudio/tools/gnu tools arm embedded/4.7 2013q1/bin/../lib/gcc/arm-none-eabi/4.7.3/../../../../arm-none-eabi/lib/armv7e-m\libm.a(lib_a-e_rem_pio2.o)
 .rodata.two_over_pi
                0x080150d0      0x108 c:/chibistudio/tools/gnu tools arm embedded/4.7 2013q1/bin/../lib/gcc/arm-none-eabi/4.7.3/../../../../arm-none-eabi/lib/armv7e-m\libm.a(lib_a-e_rem_pio2.o)
 *fill*         0x080151d8        0x8 00
 .rodata.init_jk
                0x080151e0       0x10 c:/chibistudio/tools/gnu tools arm embedded/4.7 2013q1/bin/../lib/gcc/arm-none-eabi/4.7.3/../../../../arm-none-eabi/lib/armv7e-m\libm.a(lib_a-k_rem_pio2.o)
 .rodata.PIo2   0x080151f0       0x40 c:/chibistudio/tools/gnu tools arm embedded/4.7 2013q1/bin/../lib/gcc/arm-none-eabi/4.7.3/../../../../arm-none-eabi/lib/armv7e-m\libm.a(lib_a-k_rem_pio2.o)
 .rodata.atanlo
                0x08015230       0x20 c:/chibistudio/tools/gnu tools arm embedded/4.7 2013q1/bin/../lib/gcc/arm-none-eabi/4.7.3/../../../../arm-none-eabi/lib/armv7e-m\libm.a(lib_a-s_atan.o)
 .rodata.atanhi
                0x08015250       0x20 c:/chibistudio/tools/gnu tools arm embedded/4.7 2013q1/bin/../lib/gcc/arm-none-eabi/4.7.3/../../../../arm-none-eabi/lib/armv7e-m\libm.a(lib_a-s_atan.o)
 .rodata.TWO52  0x08015270       0x10 c:/chibistudio/tools/gnu tools arm embedded/4.7 2013q1/bin/../lib/gcc/arm-none-eabi/4.7.3/../../../../arm-none-eabi/lib/armv7e-m\libm.a(lib_a-s_rint.o)
 .rodata.str1.4
                0x08015280        0x4 c:/chibistudio/tools/gnu tools arm embedded/4.7 2013q1/bin/../lib/gcc/arm-none-eabi/4.7.3/../../../../arm-none-eabi/lib/armv7e-m\libc.a(lib_a-impure.o)
 *(.glue_7t)
 .glue_7t       0x00000000        0x0 linker stubs
 *(.glue_7)
 .glue_7        0x00000000        0x0 linker stubs
 *(.gcc*)

.vfp11_veneer   0x08015284        0x0
 .vfp11_veneer  0x00000000        0x0 linker stubs

.v4_bx          0x08015284        0x0
 .v4_bx         0x00000000        0x0 linker stubs

.iplt           0x08015284        0x0
 .iplt          0x00000000        0x0 build/obj/kb_debug_asm.o

.rel.dyn        0x08015284        0x0
 .rel.iplt      0x00000000        0x0 build/obj/kb_debug_asm.o

.ARM.extab
 *(.ARM.extab* .gnu.linkonce.armextab.*)

.ARM.exidx      0x08015284        0x0
                0x08015284                PROVIDE (__exidx_start, .)
 *(.ARM.exidx* .gnu.linkonce.armexidx.*)
                0x08015284                PROVIDE (__exidx_end, .)

.eh_frame_hdr
 *(.eh_frame_hdr)

.eh_frame
 *(.eh_frame)

.textalign      0x08015284        0x4
                0x08015288                . = ALIGN (0x8)
 *fill*         0x08015284        0x4 00
                0x08015288                _etext = .
                0x08015288                _textdata = _etext

.stacks         0x20000000      0x800
                0x20000000                . = ALIGN (0x8)
                0x20000000                __main_stack_base__ = .
                0x20000400                . = (. + __main_stack_size__)
 *fill*         0x20000000      0x400 00
                0x20000400                . = ALIGN (0x8)
                0x20000400                __main_stack_end__ = .
                0x20000400                __process_stack_base__ = .
                0x20000400                __main_thread_stack_base__ = .
                0x20000800                . = (. + __process_stack_size__)
 *fill*         0x20000400      0x400 00
                0x20000800                . = ALIGN (0x8)
                0x20000800                __process_stack_end__ = .
                0x20000800                __main_thread_stack_end__ = .

.data           0x20000800      0x60c load address 0x08015288
                0x20000800                . = ALIGN (0x4)
                0x20000800                PROVIDE (_data, .)
 *(.data)
                0x20000800                . = ALIGN (0x4)
 *(.data.*)
 .data.gps_cfg  0x20000800        0xc build/obj/kb_gps.o
 .data.current_item
                0x2000080c        0x2 build/obj/kb_menu.o
                0x2000080c                current_item
 *fill*         0x2000080e        0x2 00
 .data.menu_items
                0x20000810      0x1b0 build/obj/kb_menu.o
                0x20000810                menu_items
 .data.serial1_default_cfg
                0x200009c0        0xc build/obj/kb_serial.o
 .data.serial2_default_cfg
                0x200009cc        0xc build/obj/kb_serial.o
 .data.__fdlib_version
                0x200009d8        0x1 c:/chibistudio/tools/gnu tools arm embedded/4.7 2013q1/bin/../lib/gcc/arm-none-eabi/4.7.3/../../../../arm-none-eabi/lib/armv7e-m\libm.a(lib_a-s_lib_ver.o)
                0x200009d8                __fdlib_version
 *fill*         0x200009d9        0x7 00
 .data.impure_data
                0x200009e0      0x428 c:/chibistudio/tools/gnu tools arm embedded/4.7 2013q1/bin/../lib/gcc/arm-none-eabi/4.7.3/../../../../arm-none-eabi/lib/armv7e-m\libc.a(lib_a-impure.o)
 .data._impure_ptr
                0x20000e08        0x4 c:/chibistudio/tools/gnu tools arm embedded/4.7 2013q1/bin/../lib/gcc/arm-none-eabi/4.7.3/../../../../arm-none-eabi/lib/armv7e-m\libc.a(lib_a-impure.o)
                0x20000e08                _impure_ptr
                0x20000e0c                . = ALIGN (0x4)
 *(.ramtext)
                0x20000e0c                . = ALIGN (0x4)
                0x20000e0c                PROVIDE (_edata, .)

.igot.plt       0x20000e0c        0x0 load address 0x08015894
 .igot.plt      0x00000000        0x0 build/obj/kb_debug_asm.o

.bss            0x20000e10    0x11a40 load address 0x08015894
                0x20000e10                . = ALIGN (0x4)
                0x20000e10                PROVIDE (_bss_start, .)
 *(.bss)
                0x20000e10                . = ALIGN (0x4)
 *(.bss.*)
 .bss._idle_thread_wa
                0x20000e10      0x158 build/obj/chsys.o
                0x20000e10                _idle_thread_wa
 .bss.mainthread.4860
                0x20000f68       0x4c build/obj/chsys.o
 .bss.dbg_isr_cnt
                0x20000fb4        0x4 build/obj/chdebug.o
                0x20000fb4                dbg_isr_cnt
 .bss.dbg_lock_cnt
                0x20000fb8        0x4 build/obj/chdebug.o
                0x20000fb8                dbg_lock_cnt
 .bss.dbg_trace_buffer
                0x20000fbc      0x408 build/obj/chdebug.o
                0x20000fbc                dbg_trace_buffer
 .bss.dbg_panic_msg
                0x200013c4        0x4 build/obj/chdebug.o
                0x200013c4                dbg_panic_msg
 .bss.vtlist    0x200013c8       0x10 build/obj/chvt.o
                0x200013c8                vtlist
 .bss.rlist     0x200013d8       0x1c build/obj/chschd.o
                0x200013d8                rlist
 .bss.nextmem   0x200013f4        0x4 build/obj/chmemcore.o
 .bss.endmem    0x200013f8        0x4 build/obj/chmemcore.o
 *fill*         0x200013fc        0x4 00
 .bss.default_heap
                0x20001400       0x20 build/obj/chheap.o
 .bss.dma_streams_mask
                0x20001420        0x4 build/obj/stm32_dma.o
 .bss.dma_isr_redir
                0x20001424       0x80 build/obj/stm32_dma.o
 .bss.ADCD1     0x200014a4       0x34 build/obj/adc_lld.o
                0x200014a4                ADCD1
 .bss.ADCD2     0x200014d8       0x34 build/obj/adc_lld.o
                0x200014d8                ADCD2
 .bss.ADCD3     0x2000150c       0x34 build/obj/adc_lld.o
                0x2000150c                ADCD3
 .bss.EXTD1     0x20001540        0x8 build/obj/ext_lld.o
                0x20001540                EXTD1
 .bss.GPTD14    0x20001548       0x10 build/obj/gpt_lld.o
                0x20001548                GPTD14
 .bss.ICUD1     0x20001558       0x18 build/obj/icu_lld.o
                0x20001558                ICUD1
 .bss.SDCD1     0x20001570       0x4c build/obj/sdc_lld.o
                0x20001570                SDCD1
 .bss.u         0x200015bc      0x200 build/obj/sdc_lld.o
 .bss.RTCD1     0x200017bc        0x4 build/obj/rtc_lld.o
                0x200017bc                RTCD1
 .bss.SPID1     0x200017c0       0x30 build/obj/spi_lld.o
                0x200017c0                SPID1
 .bss.SPID2     0x200017f0       0x30 build/obj/spi_lld.o
                0x200017f0                SPID2
 .bss.dummytx   0x20001820        0x2 build/obj/spi_lld.o
 .bss.dummyrx   0x20001822        0x2 build/obj/spi_lld.o
 .bss.SD1       0x20001824       0xd8 build/obj/serial_lld.o
                0x20001824                SD1
 .bss.SD2       0x200018fc       0xd8 build/obj/serial_lld.o
                0x200018fc                SD2
 .bss.SD6       0x200019d4       0xd8 build/obj/serial_lld.o
                0x200019d4                SD6
 .bss.FatFs     0x20001aac        0x4 build/obj/ff.o
 .bss.Fsid      0x20001ab0        0x2 build/obj/ff.o
 *fill*         0x20001ab2        0x2 00
 .bss.adc_samples
                0x20001ab4        0xc build/obj/kb_adc.o
 .bss.adc_trigger
                0x20001ac0       0x14 build/obj/kb_adc.o
 .bss.btn_0_pressed
                0x20001ad4        0x1 build/obj/kb_buttons.o
 .bss.btn_1_pressed
                0x20001ad5        0x1 build/obj/kb_buttons.o
 *fill*         0x20001ad6        0x2 00
 .bss.config    0x20001ad8       0x18 build/obj/kb_config.o
                0x20001ad8                config
 .bss.current_feature
                0x20001af0        0x4 build/obj/kb_featureA.o
 .bss.featureAThread
                0x20001af4        0x4 build/obj/kb_featureA.o
 .bss.waFeatureA
                0x20001af8      0x338 build/obj/kb_featureA.o
 .bss.ubx_nav_sol_buffer
                0x20001e30       0x3c build/obj/kb_gps.o
                0x20001e30                ubx_nav_sol_buffer
 .bss.ubx_nav_sol_idx
                0x20001e6c        0x1 build/obj/kb_gps.o
                0x20001e6c                ubx_nav_sol_idx
 *fill*         0x20001e6d        0x3 00
 .bss.gpsThread
                0x20001e70        0x4 build/obj/kb_gps.o
 *fill*         0x20001e74        0x4 00
 .bss.waGps     0x20001e78      0x1b8 build/obj/kb_gps.o
 .bss.loggerThread
                0x20002030        0x4 build/obj/kb_logger.o
 .bss.writerThread
                0x20002034        0x4 build/obj/kb_logger.o
 .bss.writerThreadForSleep
                0x20002038        0x4 build/obj/kb_logger.o
 .bss.sd_det_count
                0x2000203c        0x1 build/obj/kb_logger.o
 .bss.logger_state
                0x2000203d        0x1 build/obj/kb_logger.o
 .bss.fs_ready  0x2000203e        0x1 build/obj/kb_logger.o
 .bss.fs_write_protected
                0x2000203f        0x1 build/obj/kb_logger.o
 .bss.SDC_FS    0x20002040      0x234 build/obj/kb_logger.o
 .bss.cardsize_MB
                0x20002274        0x4 build/obj/kb_logger.o
                0x20002274                cardsize_MB
 .bss.current_msg
                0x20002278      0x200 build/obj/kb_logger.o
 .bss.write_buffer_semaphore
                0x20002478        0xc build/obj/kb_logger.o
 .bss.write_buffers
                0x20002484     0xc004 build/obj/kb_logger.o
 .bss.kbfile    0x2000e488      0x224 build/obj/kb_logger.o
                0x2000e488                kbfile
 *fill*         0x2000e6ac        0x4 00
 .bss.waWriter  0x2000e6b0     0x2138 build/obj/kb_logger.o
 .bss.waLogger  0x200107e8      0x538 build/obj/kb_logger.o
 .bss.kuroBox_request_standby
                0x20010d20        0x1 build/obj/kb_menu.o
                0x20010d20                kuroBox_request_standby
 *fill*         0x20010d21        0x3 00
 .bss.btn_semaphore
                0x20010d24        0xc build/obj/kb_menu.o
 .bss.btn_msgs  0x20010d30       0x28 build/obj/kb_menu.o
 .bss.btn_mailbox
                0x20010d58       0x28 build/obj/kb_menu.o
 .bss.charbuf   0x20010d80       0x80 build/obj/kb_menu.o
 .bss.msb       0x20010e00       0x14 build/obj/kb_menu.o
 .bss.screenThread
                0x20010e14        0x4 build/obj/kb_screen.o
 .bss.screen    0x20010e18       0x48 build/obj/kb_screen.o
 .bss.charbuf   0x20010e60       0x80 build/obj/kb_screen.o
 .bss.msb       0x20010ee0       0x14 build/obj/kb_screen.o
 *fill*         0x20010ef4        0x4 00
 .bss.waScreen  0x20010ef8     0x1138 build/obj/kb_screen.o
 .bss.serial1_cfg
                0x20012030        0x4 build/obj/kb_serial.o
 .bss.serial2_cfg
                0x20012034        0x4 build/obj/kb_serial.o
 .bss.last_edge_time
                0x20012038        0x4 build/obj/kb_time.o
 .bss.was_last_edge_short
                0x2001203c        0x1 build/obj/kb_time.o
 *fill*         0x2001203d        0x3 00
 .bss.ltc_frame
                0x20012040        0xc build/obj/kb_time.o
 .bss.ltc_timecode
                0x2001204c        0x4 build/obj/kb_time.o
 .bss.VND1      0x20012050        0xc build/obj/kb_vectornav.o
                0x20012050                VND1
 .bss.async_vn_msg
                0x2001205c      0x408 build/obj/kb_vectornav.o
 .bss.ypr       0x20012464        0xc build/obj/kb_vectornav.o
                0x20012464                ypr
 .bss.lcd_buffer
                0x20012470      0x200 build/obj/main.o
 .bss.blinkerThread
                0x20012670        0x4 build/obj/main.o
 .bss.global_state
                0x20012674        0x4 build/obj/main.o
 .bss.adc_cfg   0x20012678        0x4 build/obj/main.o
 *fill*         0x2001267c        0x4 00
 .bss.waBlinker
                0x20012680      0x1b8 build/obj/main.o
 .bss.spiEepromD1
                0x20012838        0x8 build/obj/spiEEPROM.o
                0x20012838                spiEepromD1
 .bss.ST7565D1  0x20012840        0xc build/obj/ST7565.o
                0x20012840                ST7565D1
 .bss.xUpdateMin
                0x2001284c        0x1 build/obj/ST7565.o
 .bss.xUpdateMax
                0x2001284d        0x1 build/obj/ST7565.o
 .bss.yUpdateMin
                0x2001284e        0x1 build/obj/ST7565.o
 .bss.yUpdateMax
                0x2001284f        0x1 build/obj/ST7565.o
                0x20012850                . = ALIGN (0x4)
 *(COMMON)
                0x20012850                . = ALIGN (0x4)
                0x20012850                PROVIDE (_bss_end, .)
                0x20012850                PROVIDE (end, .)
                0x20012850                _end = .
                0x20012850                __heap_base__ = _end
                0x2001c000                __heap_end__ = __ram_end__
OUTPUT(build/kuroBox.elf elf32-littlearm)

.ARM.attributes
                0x00000000       0x35
 .ARM.attributes
                0x00000000       0x21 build/obj/kb_debug_asm.o
 .ARM.attributes
                0x00000021       0x39 build/obj/crt0.o
 .ARM.attributes
                0x0000005a       0x39 build/obj/vectors.o
 .ARM.attributes
                0x00000093       0x39 build/obj/chcore.o
 .ARM.attributes
                0x000000cc       0x39 build/obj/chcore_v7m.o
 .ARM.attributes
                0x00000105       0x39 build/obj/nvic.o
 .ARM.attributes
                0x0000013e       0x39 build/obj/chsys.o
 .ARM.attributes
                0x00000177       0x39 build/obj/chdebug.o
 .ARM.attributes
                0x000001b0       0x39 build/obj/chvt.o
 .ARM.attributes
                0x000001e9       0x39 build/obj/chschd.o
 .ARM.attributes
                0x00000222       0x39 build/obj/chthreads.o
 .ARM.attributes
                0x0000025b       0x39 build/obj/chdynamic.o
 .ARM.attributes
                0x00000294       0x39 build/obj/chregistry.o
 .ARM.attributes
                0x000002cd       0x39 build/obj/chsem.o
 .ARM.attributes
                0x00000306       0x39 build/obj/chmtx.o
 .ARM.attributes
                0x0000033f       0x39 build/obj/chevents.o
 .ARM.attributes
                0x00000378       0x39 build/obj/chmboxes.o
 .ARM.attributes
                0x000003b1       0x39 build/obj/chqueues.o
 .ARM.attributes
                0x000003ea       0x39 build/obj/chmemcore.o
 .ARM.attributes
                0x00000423       0x39 build/obj/chheap.o
 .ARM.attributes
                0x0000045c       0x39 build/obj/chmempools.o
 .ARM.attributes
                0x00000495       0x39 build/obj/hal.o
 .ARM.attributes
                0x000004ce       0x39 build/obj/adc.o
 .ARM.attributes
                0x00000507       0x39 build/obj/ext.o
 .ARM.attributes
                0x00000540       0x39 build/obj/gpt.o
 .ARM.attributes
                0x00000579       0x39 build/obj/icu.o
 .ARM.attributes
                0x000005b2       0x39 build/obj/mmcsd.o
 .ARM.attributes
                0x000005eb       0x39 build/obj/rtc.o
 .ARM.attributes
                0x00000624       0x39 build/obj/sdc.o
 .ARM.attributes
                0x0000065d       0x39 build/obj/serial.o
 .ARM.attributes
                0x00000696       0x39 build/obj/spi.o
 .ARM.attributes
                0x000006cf       0x39 build/obj/stm32_dma.o
 .ARM.attributes
                0x00000708       0x39 build/obj/hal_lld.o
 .ARM.attributes
                0x00000741       0x39 build/obj/adc_lld.o
 .ARM.attributes
                0x0000077a       0x39 build/obj/ext_lld_isr.o
 .ARM.attributes
                0x000007b3       0x39 build/obj/ext_lld.o
 .ARM.attributes