Archive member included because of file (symbol)

c:/chibistudio/tools/gnu tools arm embedded/4.7 2013q1/bin/../lib/gcc/arm-none-eabi/4.7.3/../../../../arm-none-eabi/lib/armv7e-m\libm.a(lib_a-s_ceil.o)
                              build/obj/decoder.o (ceil)
c:/chibistudio/tools/gnu tools arm embedded/4.7 2013q1/bin/../lib/gcc/arm-none-eabi/4.7.3/../../../../arm-none-eabi/lib/armv7e-m\libm.a(lib_a-s_rint.o)
                              build/obj/ltc.o (rint)
c:/chibistudio/tools/gnu tools arm embedded/4.7 2013q1/bin/../lib/gcc/arm-none-eabi/4.7.3/../../../../arm-none-eabi/lib/armv7e-m\libm.a(lib_a-w_log10.o)
                              build/obj/decoder.o (log10)
c:/chibistudio/tools/gnu tools arm embedded/4.7 2013q1/bin/../lib/gcc/arm-none-eabi/4.7.3/../../../../arm-none-eabi/lib/armv7e-m\libm.a(lib_a-e_log10.o)
                              c:/chibistudio/tools/gnu tools arm embedded/4.7 2013q1/bin/../lib/gcc/arm-none-eabi/4.7.3/../../../../arm-none-eabi/lib/armv7e-m\libm.a(lib_a-w_log10.o) (__ieee754_log10)
c:/chibistudio/tools/gnu tools arm embedded/4.7 2013q1/bin/../lib/gcc/arm-none-eabi/4.7.3/../../../../arm-none-eabi/lib/armv7e-m\libm.a(lib_a-s_fpclassify.o)
                              c:/chibistudio/tools/gnu tools arm embedded/4.7 2013q1/bin/../lib/gcc/arm-none-eabi/4.7.3/../../../../arm-none-eabi/lib/armv7e-m\libm.a(lib_a-w_log10.o) (__fpclassifyd)
c:/chibistudio/tools/gnu tools arm embedded/4.7 2013q1/bin/../lib/gcc/arm-none-eabi/4.7.3/../../../../arm-none-eabi/lib/armv7e-m\libm.a(lib_a-s_lib_ver.o)
                              c:/chibistudio/tools/gnu tools arm embedded/4.7 2013q1/bin/../lib/gcc/arm-none-eabi/4.7.3/../../../../arm-none-eabi/lib/armv7e-m\libm.a(lib_a-w_log10.o) (__fdlib_version)
c:/chibistudio/tools/gnu tools arm embedded/4.7 2013q1/bin/../lib/gcc/arm-none-eabi/4.7.3/../../../../arm-none-eabi/lib/armv7e-m\libm.a(lib_a-s_matherr.o)
                              c:/chibistudio/tools/gnu tools arm embedded/4.7 2013q1/bin/../lib/gcc/arm-none-eabi/4.7.3/../../../../arm-none-eabi/lib/armv7e-m\libm.a(lib_a-w_log10.o) (matherr)
c:/chibistudio/tools/gnu tools arm embedded/4.7 2013q1/bin/../lib/gcc/arm-none-eabi/4.7.3/../../../../arm-none-eabi/lib/armv7e-m\libm.a(lib_a-s_nan.o)
                              c:/chibistudio/tools/gnu tools arm embedded/4.7 2013q1/bin/../lib/gcc/arm-none-eabi/4.7.3/../../../../arm-none-eabi/lib/armv7e-m\libm.a(lib_a-w_log10.o) (nan)
c:/chibistudio/tools/gnu tools arm embedded/4.7 2013q1/bin/../lib/gcc/arm-none-eabi/4.7.3/../../../../arm-none-eabi/lib/armv7e-m\libm.a(lib_a-e_log.o)
                              c:/chibistudio/tools/gnu tools arm embedded/4.7 2013q1/bin/../lib/gcc/arm-none-eabi/4.7.3/../../../../arm-none-eabi/lib/armv7e-m\libm.a(lib_a-e_log10.o) (__ieee754_log)
c:/chibistudio/tools/gnu tools arm embedded/4.7 2013q1/bin/../lib/gcc/arm-none-eabi/4.7.3/armv7e-m\libgcc.a(_arm_addsubdf3.o)
                              build/obj/decoder.o (__aeabi_dsub)
c:/chibistudio/tools/gnu tools arm embedded/4.7 2013q1/bin/../lib/gcc/arm-none-eabi/4.7.3/armv7e-m\libgcc.a(_arm_muldivdf3.o)
                              build/obj/decoder.o (__aeabi_dmul)
c:/chibistudio/tools/gnu tools arm embedded/4.7 2013q1/bin/../lib/gcc/arm-none-eabi/4.7.3/armv7e-m\libgcc.a(_arm_cmpdf2.o)
                              c:/chibistudio/tools/gnu tools arm embedded/4.7 2013q1/bin/../lib/gcc/arm-none-eabi/4.7.3/../../../../arm-none-eabi/lib/armv7e-m\libm.a(lib_a-w_log10.o) (__aeabi_dcmpeq)
c:/chibistudio/tools/gnu tools arm embedded/4.7 2013q1/bin/../lib/gcc/arm-none-eabi/4.7.3/armv7e-m\libgcc.a(_arm_fixdfsi.o)
                              build/obj/decoder.o (__aeabi_d2iz)
c:/chibistudio/tools/gnu tools arm embedded/4.7 2013q1/bin/../lib/gcc/arm-none-eabi/4.7.3/armv7e-m\libgcc.a(_arm_truncdfsf2.o)
                              build/obj/decoder.o (__aeabi_d2f)
c:/chibistudio/tools/gnu tools arm embedded/4.7 2013q1/bin/../lib/gcc/arm-none-eabi/4.7.3/armv7e-m\libgcc.a(_fixdfdi.o)
                              build/obj/decoder.o (__aeabi_d2lz)
c:/chibistudio/tools/gnu tools arm embedded/4.7 2013q1/bin/../lib/gcc/arm-none-eabi/4.7.3/armv7e-m\libgcc.a(_fixunsdfdi.o)
                              c:/chibistudio/tools/gnu tools arm embedded/4.7 2013q1/bin/../lib/gcc/arm-none-eabi/4.7.3/armv7e-m\libgcc.a(_fixdfdi.o) (__aeabi_d2ulz)
c:/chibistudio/tools/gnu tools arm embedded/4.7 2013q1/bin/../lib/gcc/arm-none-eabi/4.7.3/armv7e-m\libgcc.a(_arm_fixunsdfsi.o)
                              c:/chibistudio/tools/gnu tools arm embedded/4.7 2013q1/bin/../lib/gcc/arm-none-eabi/4.7.3/armv7e-m\libgcc.a(_fixunsdfdi.o) (__aeabi_d2uiz)
c:/chibistudio/tools/gnu tools arm embedded/4.7 2013q1/bin/../lib/gcc/arm-none-eabi/4.7.3/../../../../arm-none-eabi/lib/armv7e-m\libc.a(lib_a-errno.o)
[...]
Memory Configuration

Name             Origin             Length             Attributes
flash            0x08000000         0x00100000
ram              0x20000000         0x0001c000
ethram           0x2001c000         0x00004000
ccmram           0x10000000         0x00010000
*default*        0x00000000         0xffffffff

Linker script and memory map

LOAD build/obj/crt0.o
LOAD build/obj/vectors.o
LOAD build/obj/chcore.o
LOAD build/obj/chcore_v7m.o
LOAD build/obj/nvic.o
LOAD build/obj/chsys.o
LOAD build/obj/chdebug.o
LOAD build/obj/chlists.o
LOAD build/obj/chvt.o
LOAD build/obj/chschd.o
LOAD build/obj/chthreads.o
LOAD build/obj/chdynamic.o
LOAD build/obj/chregistry.o
LOAD build/obj/chsem.o
LOAD build/obj/chmtx.o
LOAD build/obj/chcond.o
LOAD build/obj/chevents.o
LOAD build/obj/chmsg.o
LOAD build/obj/chmboxes.o
LOAD build/obj/chqueues.o
LOAD build/obj/chmemcore.o
LOAD build/obj/chheap.o
LOAD build/obj/chmempools.o
LOAD build/obj/hal.o
LOAD build/obj/adc.o
LOAD build/obj/can.o
LOAD build/obj/ext.o
LOAD build/obj/gpt.o
LOAD build/obj/i2c.o
LOAD build/obj/icu.o
LOAD build/obj/mac.o
LOAD build/obj/mmc_spi.o
LOAD build/obj/mmcsd.o
LOAD build/obj/pal.o
LOAD build/obj/pwm.o
LOAD build/obj/rtc.o
LOAD build/obj/sdc.o
LOAD build/obj/serial.o
LOAD build/obj/serial_usb.o
LOAD build/obj/spi.o
LOAD build/obj/tm.o
LOAD build/obj/uart.o
LOAD build/obj/usb.o
LOAD build/obj/stm32_dma.o
LOAD build/obj/hal_lld.o
LOAD build/obj/adc_lld.o
LOAD build/obj/ext_lld_isr.o
LOAD build/obj/can_lld.o
LOAD build/obj/ext_lld.o
LOAD build/obj/gpt_lld.o
LOAD build/obj/icu_lld.o
LOAD build/obj/mac_lld.o
LOAD build/obj/pwm_lld.o
LOAD build/obj/sdc_lld.o
LOAD build/obj/pal_lld.o
LOAD build/obj/i2c_lld.o
LOAD build/obj/usb_lld.o
LOAD build/obj/rtc_lld.o
LOAD build/obj/spi_lld.o
LOAD build/obj/serial_lld.o
LOAD build/obj/uart_lld.o
LOAD build/obj/board.o
LOAD build/obj/chprintf.o
LOAD build/obj/chrtclib.o
LOAD build/obj/memstreams.o
LOAD build/obj/fatfsWrapper.o
LOAD build/obj/fatfs_diskio.o
LOAD build/obj/ff.o
LOAD build/obj/glcdfont.o
LOAD build/obj/kb_adc.o
LOAD build/obj/kb_buttons.o
LOAD build/obj/kb_logger.o
LOAD build/obj/kb_screen.o
LOAD build/obj/kb_time.o
LOAD build/obj/decoder.o
LOAD build/obj/ltc.o
LOAD build/obj/timecode.o
LOAD build/obj/main.o
LOAD build/obj/spiEEPROM.o
LOAD build/obj/ST7565.o
LOAD c:/chibistudio/tools/gnu tools arm embedded/4.7 2013q1/bin/../lib/gcc/arm-none-eabi/4.7.3/../../../../arm-none-eabi/lib/armv7e-m\libm.a
START GROUP
LOAD c:/chibistudio/tools/gnu tools arm embedded/4.7 2013q1/bin/../lib/gcc/arm-none-eabi/4.7.3/armv7e-m\libgcc.a
LOAD c:/chibistudio/tools/gnu tools arm embedded/4.7 2013q1/bin/../lib/gcc/arm-none-eabi/4.7.3/../../../../arm-none-eabi/lib/armv7e-m\libc.a
END GROUP
                0x00000400                __main_stack_size__ = 0x400
                0x00000400                __process_stack_size__ = 0x400
                0x20000000                __ram_start__ = ORIGIN (ram)
                0x0001c000                __ram_size__ = 0x1c000
                0x2001c000                __ram_end__ = (__ram_start__ + __ram_size__)
                0x00000000                . = 0x0
                0x00000000                _text = .

startup         0x08000000      0x188
 *(vectors)
 vectors        0x08000000      0x188 build/obj/vectors.o
                0x08000000                _vectors

constructors    0x08000188        0x0
                0x08000188                PROVIDE (__init_array_start, .)
 *(SORT(.init_array.*))
 *(.init_array)
                0x08000188                PROVIDE (__init_array_end, .)

destructors     0x08000188        0x0
                0x08000188                PROVIDE (__fini_array_start, .)
 *(.fini_array)
 *(SORT(.fini_array.*))
                0x08000188                PROVIDE (__fini_array_end, .)

.text           0x08000190     0xfa74
 *(.text.startup.*)
 *(.text)
 .text          0x08000190      0x370 c:/chibistudio/tools/gnu tools arm embedded/4.7 2013q1/bin/../lib/gcc/arm-none-eabi/4.7.3/armv7e-m\libgcc.a(_arm_addsubdf3.o)
                0x08000190                __aeabi_drsub
                0x08000198                __aeabi_dsub
                0x08000198                __subdf3
                0x0800019c                __aeabi_dadd
                0x0800019c                __adddf3
                0x08000414                __floatunsidf
                0x08000414                __aeabi_ui2d
                0x08000434                __floatsidf
                0x08000434                __aeabi_i2d
                0x08000458                __aeabi_f2d
                0x08000458                __extendsfdf2
                0x08000494                __floatundidf
                0x08000494                __aeabi_ul2d
                0x080004a4                __floatdidf
                0x080004a4                __aeabi_l2d
 .text          0x08000500      0x424 c:/chibistudio/tools/gnu tools arm embedded/4.7 2013q1/bin/../lib/gcc/arm-none-eabi/4.7.3/armv7e-m\libgcc.a(_arm_muldivdf3.o)
                0x08000500                __aeabi_dmul
                0x08000500                __muldf3
                0x08000754                __divdf3
                0x08000754                __aeabi_ddiv
 *fill*         0x08000924        0xc 00
 .text          0x08000930      0x110 c:/chibistudio/tools/gnu tools arm embedded/4.7 2013q1/bin/../lib/gcc/arm-none-eabi/4.7.3/armv7e-m\libgcc.a(_arm_cmpdf2.o)
                0x08000930                __gtdf2
                0x08000930                __gedf2
                0x08000938                __ltdf2
                0x08000938                __ledf2
                0x08000940                __nedf2
                0x08000940                __eqdf2
                0x08000940                __cmpdf2
                0x080009bc                __aeabi_cdrcmple
                0x080009cc                __aeabi_cdcmpeq
                0x080009cc                __aeabi_cdcmple
                0x080009dc                __aeabi_dcmpeq
                0x080009f0                __aeabi_dcmplt
                0x08000a04                __aeabi_dcmple
                0x08000a18                __aeabi_dcmpge
                0x08000a2c                __aeabi_dcmpgt
 .text          0x08000a40       0x50 c:/chibistudio/tools/gnu tools arm embedded/4.7 2013q1/bin/../lib/gcc/arm-none-eabi/4.7.3/armv7e-m\libgcc.a(_arm_fixdfsi.o)
                0x08000a40                __aeabi_d2iz
                0x08000a40                __fixdfsi
 .text          0x08000a90       0xa0 c:/chibistudio/tools/gnu tools arm embedded/4.7 2013q1/bin/../lib/gcc/arm-none-eabi/4.7.3/armv7e-m\libgcc.a(_arm_truncdfsf2.o)
                0x08000a90                __truncdfsf2
                0x08000a90                __aeabi_d2f
 .text          0x08000b30       0x34 c:/chibistudio/tools/gnu tools arm embedded/4.7 2013q1/bin/../lib/gcc/arm-none-eabi/4.7.3/armv7e-m\libgcc.a(_fixdfdi.o)
                0x08000b30                __fixdfdi
                0x08000b30                __aeabi_d2lz
 *fill*         0x08000b64        0xc 00
 .text          0x08000b70       0x44 c:/chibistudio/tools/gnu tools arm embedded/4.7 2013q1/bin/../lib/gcc/arm-none-eabi/4.7.3/armv7e-m\libgcc.a(_fixunsdfdi.o)
                0x08000b70                __fixunsdfdi
                0x08000b70                __aeabi_d2ulz
 *fill*         0x08000bb4        0xc 00
 .text          0x08000bc0       0x40 c:/chibistudio/tools/gnu tools arm embedded/4.7 2013q1/bin/../lib/gcc/arm-none-eabi/4.7.3/armv7e-m\libgcc.a(_arm_fixunsdfsi.o)
                0x08000bc0                __aeabi_d2uiz
                0x08000bc0                __fixunsdfsi
 *(.text.*)
 .text.__late_init
                0x08000c00       0x10 build/obj/crt0.o
                0x08000c00                __late_init
 .text._default_exit
                0x08000c10       0x10 build/obj/crt0.o
                0x08000c10                _default_exit
 .text.ResetHandler
                0x08000c20      0x130 build/obj/crt0.o
                0x08000c20                ResetHandler
 .text._unhandled_exception
                0x08000d50       0x10 build/obj/vectors.o
                0x08000d50                NMIVector
                0x08000d50                Vector11C
                0x08000d50                Vector8C
                0x08000d50                VectorDC
                0x08000d50                Vector168
                0x08000d50                Vector110
                0x08000d50                VectorC8
                0x08000d50                Vector94
                0x08000d50                VectorA8
                0x08000d50                VectorB4
                0x08000d50                Vector160
                0x08000d50                VectorEC
                0x08000d50                UsageFaultVector
                0x08000d50                DebugMonitorVector
                0x08000d50                Vector40
                0x08000d50                VectorF8
                0x08000d50                Vector108
                0x08000d50                VectorBC
                0x08000d50                Vector148
                0x08000d50                PendSVVector
                0x08000d50                Vector118
                0x08000d50                VectorCC
                0x08000d50                Vector54
                0x08000d50                Vector98
                0x08000d50                Vector24
                0x08000d50                Vector178
                0x08000d50                BusFaultVector
                0x08000d50                VectorD0
                0x08000d50                Vector140
                0x08000d50                VectorE4
                0x08000d50                VectorC0
                0x08000d50                Vector134
                0x08000d50                VectorF0
                0x08000d50                Vector13C
                0x08000d50                Vector100
                0x08000d50                MemManageVector
                0x08000d50                VectorA0
                0x08000d50                VectorC4
                0x08000d50                Vector180
                0x08000d50                VectorB0
                0x08000d50                Vector90
                0x08000d50                Vector114
                0x08000d50                Vector164
                0x08000d50                Vector1C
                0x08000d50                Vector17C
                0x08000d50                Vector48
                0x08000d50                Vector16C
                0x08000d50                Vector144
                0x08000d50                Vector15C
                0x08000d50                _unhandled_exception
                0x08000d50                Vector184
                0x08000d50                Vector10C
                0x08000d50                Vector14C
                0x08000d50                Vector50
                0x08000d50                Vector28
                0x08000d50                VectorB8
                0x08000d50                Vector34
                0x08000d50                Vector20
                0x08000d50                Vector174
 .text.HardFaultVector
                0x08000d60       0x20 build/obj/vectors.o
                0x08000d60                HardFaultVector
 .text.port_halt
                0x08000d80       0x10 build/obj/chcore.o
                0x08000d80                port_halt
 .text.SysTickVector
                0x08000d90       0x30 build/obj/chcore_v7m.o
                0x08000d90                SysTickVector
 .text.SVCallVector
                0x08000dc0       0x50 build/obj/chcore_v7m.o
                0x08000dc0                SVCallVector
 .text._port_init
                0x08000e10       0x50 build/obj/chcore_v7m.o
                0x08000e10                _port_init
 .text._port_irq_epilogue
                0x08000e60       0xf0 build/obj/chcore_v7m.o
                0x08000e60                _port_irq_epilogue
 .text._port_switch_from_isr
                0x08000f50       0x10 build/obj/chcore_v7m.o
                0x08000f50                _port_switch_from_isr
 .text._port_switch
                0x08000f60       0x20 build/obj/chcore_v7m.o
                0x08000f60                _port_switch
 .text._port_thread_start
                0x08000f80       0x20 build/obj/chcore_v7m.o
                0x08000f80                _port_thread_start
 .text.nvicEnableVector
                0x08000fa0       0xb0 build/obj/nvic.o
                0x08000fa0                nvicEnableVector
 .text.nvicSetSystemHandlerPriority
                0x08001050       0x60 build/obj/nvic.o
                0x08001050                nvicSetSystemHandlerPriority
 .text._idle_thread
                0x080010b0       0x20 build/obj/chsys.o
                0x080010b0                _idle_thread
 .text.chSysInit
                0x080010d0       0xb0 build/obj/chsys.o
                0x080010d0                chSysInit
 .text.chSysTimerHandlerI
                0x08001180       0xf0 build/obj/chsys.o
                0x08001180                chSysTimerHandlerI
 .text.dbg_check_enable
                0x08001270       0x30 build/obj/chdebug.o
                0x08001270                dbg_check_enable
 .text.dbg_check_lock
                0x080012a0       0x40 build/obj/chdebug.o
                0x080012a0                dbg_check_lock
 .text.dbg_check_unlock
                0x080012e0       0x40 build/obj/chdebug.o
                0x080012e0                dbg_check_unlock
 .text.dbg_check_lock_from_isr
                0x08001320       0x40 build/obj/chdebug.o
                0x08001320                dbg_check_lock_from_isr
 .text.dbg_check_unlock_from_isr
                0x08001360       0x40 build/obj/chdebug.o
                0x08001360                dbg_check_unlock_from_isr
 .text.dbg_check_enter_isr
                0x080013a0       0x60 build/obj/chdebug.o
                0x080013a0                dbg_check_enter_isr
 .text.dbg_check_leave_isr
                0x08001400       0x60 build/obj/chdebug.o
                0x08001400                dbg_check_leave_isr
 .text.chDbgCheckClassI
                0x08001460       0x30 build/obj/chdebug.o
                0x08001460                chDbgCheckClassI
 .text.chDbgCheckClassS
                0x08001490       0x30 build/obj/chdebug.o
                0x08001490                chDbgCheckClassS
 .text._trace_init
                0x080014c0       0x20 build/obj/chdebug.o
                0x080014c0                _trace_init
 .text.dbg_trace
                0x080014e0       0xa0 build/obj/chdebug.o
                0x080014e0                dbg_trace
 .text.chDbgPanic
                0x08001580       0x30 build/obj/chdebug.o
                0x08001580                chDbgPanic
 .text._vt_init
                0x080015b0       0x50 build/obj/chvt.o
                0x080015b0                _vt_init
 .text.chVTSetI
                0x08001600       0xb0 build/obj/chvt.o
                0x08001600                chVTSetI
 .text.chVTResetI
                0x080016b0       0x80 build/obj/chvt.o
                0x080016b0                chVTResetI
 .text.fifo_remove
                0x08001730       0x30 build/obj/chschd.o
 .text.dequeue  0x08001760       0x20 build/obj/chschd.o
 .text._scheduler_init
                0x08001780       0x60 build/obj/chschd.o
                0x08001780                _scheduler_init
 .text.chSchReadyI
                0x080017e0       0x80 build/obj/chschd.o
                0x080017e0                chSchReadyI
 .text.chSchGoSleepS
                0x08001860       0x90 build/obj/chschd.o
                0x08001860                chSchGoSleepS
 .text.wakeup   0x080018f0       0xa0 build/obj/chschd.o
 .text.chSchGoSleepTimeoutS
                0x08001990       0x70 build/obj/chschd.o
                0x08001990                chSchGoSleepTimeoutS
 .text.chSchWakeupS
                0x08001a00       0x90 build/obj/chschd.o
                0x08001a00                chSchWakeupS
 .text.chSchDoRescheduleBehind
                0x08001a90       0x80 build/obj/chschd.o
                0x08001a90                chSchDoRescheduleBehind
 .text.chSchDoRescheduleAhead
                0x08001b10       0xc0 build/obj/chschd.o
                0x08001b10                chSchDoRescheduleAhead
 .text.chSchDoReschedule
                0x08001bd0       0x20 build/obj/chschd.o
                0x08001bd0                chSchDoReschedule
 .text.list_remove
                0x08001bf0       0x20 build/obj/chthreads.o
 .text._thread_init
                0x08001c10       0xc0 build/obj/chthreads.o
                0x08001c10                _thread_init
 .text._thread_memfill
                0x08001cd0       0x30 build/obj/chthreads.o
                0x08001cd0                _thread_memfill
 .text.chThdCreateI
                0x08001d00       0x80 build/obj/chthreads.o
                0x08001d00                chThdCreateI
 .text.chThdCreateStatic
                0x08001d80       0x80 build/obj/chthreads.o
                0x08001d80                chThdCreateStatic
 .text.chThdSleep
                0x08001e00       0x40 build/obj/chthreads.o
                0x08001e00                chThdSleep
 .text.chThdSleepUntil
                0x08001e40       0x50 build/obj/chthreads.o
                0x08001e40                chThdSleepUntil
 .text.chThdExit
                0x08001e90       0x20 build/obj/chthreads.o
                0x08001e90                chThdExit
 .text.chThdExitS
                0x08001eb0       0x80 build/obj/chthreads.o
                0x08001eb0                chThdExitS
 .text.chMtxInit
                0x08001f30       0x40 build/obj/chmtx.o
                0x08001f30                chMtxInit
 .text.chEvtBroadcastFlagsI
                0x08001f70       0x60 build/obj/chevents.o
                0x08001f70                chEvtBroadcastFlagsI
 .text.chEvtSignalI
                0x08001fd0       0x70 build/obj/chevents.o
                0x08001fd0                chEvtSignalI
 .text.fifo_remove
                0x08002040       0x30 build/obj/chmsg.o
 .text.chMsgWait
                0x08002070       0x70 build/obj/chmsg.o
                0x08002070                chMsgWait
 .text.chMsgRelease
                0x080020e0       0x50 build/obj/chmsg.o
                0x080020e0                chMsgRelease
 .text.queue_insert
                0x08002130       0x30 build/obj/chqueues.o
 .text.fifo_remove
                0x08002160       0x30 build/obj/chqueues.o
 .text.qwait    0x08002190       0x50 build/obj/chqueues.o
 .text.chIQInit
                0x080021e0       0x50 build/obj/chqueues.o
                0x080021e0                chIQInit
 .text.chIQPutI
                0x08002230       0xa0 build/obj/chqueues.o
                0x08002230                chIQPutI
 .text.chIQGetTimeout
                0x080022d0       0xa0 build/obj/chqueues.o
                0x080022d0                chIQGetTimeout
 .text.chIQReadTimeout
                0x08002370       0xe0 build/obj/chqueues.o
                0x08002370                chIQReadTimeout
 .text.chOQInit
                0x08002450       0x50 build/obj/chqueues.o
                0x08002450                chOQInit
 .text.chOQPutTimeout
                0x080024a0       0xa0 build/obj/chqueues.o
                0x080024a0                chOQPutTimeout
 .text.chOQGetI
                0x08002540       0xa0 build/obj/chqueues.o
                0x08002540                chOQGetI
 .text.chOQWriteTimeout
                0x080025e0       0xe0 build/obj/chqueues.o
                0x080025e0                chOQWriteTimeout
 .text._core_init
                0x080026c0       0x40 build/obj/chmemcore.o
                0x080026c0                _core_init
 .text.chCoreAlloc
                0x08002700       0x30 build/obj/chmemcore.o
                0x08002700                chCoreAlloc
 .text.chCoreAllocI
                0x08002730       0x70 build/obj/chmemcore.o
                0x08002730                chCoreAllocI
 .text._heap_init
                0x080027a0       0x40 build/obj/chheap.o
                0x080027a0                _heap_init
 .text.halInit  0x080027e0       0x40 build/obj/hal.o
                0x080027e0                halInit
 .text.adcInit  0x08002820       0x10 build/obj/adc.o
                0x08002820                adcInit
 .text.adcObjectInit
                0x08002830       0x50 build/obj/adc.o
                0x08002830                adcObjectInit
 .text.adcStart
                0x08002880       0x70 build/obj/adc.o
                0x08002880                adcStart
 .text.adcStartConversionI
                0x080028f0       0x90 build/obj/adc.o
                0x080028f0                adcStartConversionI
 .text.extInit  0x08002980       0x10 build/obj/ext.o
                0x08002980                extInit
 .text.extObjectInit
                0x08002990       0x20 build/obj/ext.o
                0x08002990                extObjectInit
 .text.extStart
                0x080029b0       0x70 build/obj/ext.o
                0x080029b0                extStart
 .text.gptInit  0x08002a20       0x10 build/obj/gpt.o
                0x08002a20                gptInit
 .text.gptObjectInit
                0x08002a30       0x20 build/obj/gpt.o
                0x08002a30                gptObjectInit
 .text.icuInit  0x08002a50       0x10 build/obj/icu.o
                0x08002a50                icuInit
 .text.icuObjectInit
                0x08002a60       0x20 build/obj/icu.o
                0x08002a60                icuObjectInit
 .text.icuStart
                0x08002a80       0x70 build/obj/icu.o
                0x08002a80                icuStart
 .text.icuEnable
                0x08002af0       0x60 build/obj/icu.o
                0x08002af0                icuEnable
 .text.mmcsd_get_slice
                0x08002b50       0xb0 build/obj/mmcsd.o
 .text.mmcsdGetCapacity
                0x08002c00       0x90 build/obj/mmcsd.o
                0x08002c00                mmcsdGetCapacity
 .text.rtcInit  0x08002c90       0x10 build/obj/rtc.o
                0x08002c90                rtcInit
 .text.rtcGetTime
                0x08002ca0       0x50 build/obj/rtc.o
                0x08002ca0                rtcGetTime
 .text.rtcGetTimeFat
                0x08002cf0       0x30 build/obj/rtc.o
                0x08002cf0                rtcGetTimeFat
 .text._sdc_wait_for_transfer_state
                0x08002d20       0x70 build/obj/sdc.o
                0x08002d20                _sdc_wait_for_transfer_state
 .text.sdcInit  0x08002d90       0x10 build/obj/sdc.o
                0x08002d90                sdcInit
 .text.sdcObjectInit
                0x08002da0       0x40 build/obj/sdc.o
                0x08002da0                sdcObjectInit
 .text.sdcStart
                0x08002de0       0x70 build/obj/sdc.o
                0x08002de0                sdcStart
 .text.sdcConnect
                0x08002e50      0x2b0 build/obj/sdc.o
                0x08002e50                sdcConnect
 .text.sdcDisconnect
                0x08003100       0xb0 build/obj/sdc.o
                0x08003100                sdcDisconnect
 .text.sdcRead  0x080031b0       0x90 build/obj/sdc.o
                0x080031b0                sdcRead
 .text.sdcWrite
                0x08003240       0x90 build/obj/sdc.o
                0x08003240                sdcWrite
 .text.sdcSync  0x080032d0       0x50 build/obj/sdc.o
                0x080032d0                sdcSync
 .text.sdcGetInfo
                0x08003320       0x50 build/obj/sdc.o
                0x08003320                sdcGetInfo
 .text.write    0x08003370       0x30 build/obj/serial.o
 .text.read     0x080033a0       0x30 build/obj/serial.o
 .text.put      0x080033d0       0x30 build/obj/serial.o
 .text.get      0x08003400       0x20 build/obj/serial.o
 .text.putt     0x08003420       0x30 build/obj/serial.o
 .text.gett     0x08003450       0x20 build/obj/serial.o
 .text.writet   0x08003470       0x30 build/obj/serial.o
 .text.readt    0x080034a0       0x30 build/obj/serial.o
 .text.sdInit   0x080034d0       0x10 build/obj/serial.o
                0x080034d0                sdInit
 .text.sdObjectInit
                0x080034e0       0x70 build/obj/serial.o
                0x080034e0                sdObjectInit
 .text.sdStart  0x08003550       0x70 build/obj/serial.o
                0x08003550                sdStart
 .text.sdIncomingDataI
                0x080035c0       0x70 build/obj/serial.o
                0x080035c0                sdIncomingDataI
 .text.spiInit  0x08003630       0x10 build/obj/spi.o
                0x08003630                spiInit
 .text.spiObjectInit
                0x08003640       0x30 build/obj/spi.o
                0x08003640                spiObjectInit
 .text.spiStart
                0x08003670       0x70 build/obj/spi.o
                0x08003670                spiStart
 .text.spiSelect
                0x080036e0       0x50 build/obj/spi.o
                0x080036e0                spiSelect
 .text.spiUnselect
                0x08003730       0x50 build/obj/spi.o
                0x08003730                spiUnselect
 .text.Vector6C
                0x08003780       0x60 build/obj/stm32_dma.o
                0x08003780                Vector6C
 .text.Vector70
                0x080037e0       0x60 build/obj/stm32_dma.o
                0x080037e0                Vector70
 .text.Vector74
                0x08003840       0x60 build/obj/stm32_dma.o
                0x08003840                Vector74
 .text.Vector78
                0x080038a0       0x60 build/obj/stm32_dma.o
                0x080038a0                Vector78
 .text.Vector7C
                0x08003900       0x60 build/obj/stm32_dma.o
                0x08003900                Vector7C
 .text.Vector80
                0x08003960       0x60 build/obj/stm32_dma.o
                0x08003960                Vector80
 .text.Vector84
                0x080039c0       0x60 build/obj/stm32_dma.o
                0x080039c0                Vector84
 .text.VectorFC
                0x08003a20       0x60 build/obj/stm32_dma.o
                0x08003a20                VectorFC
 .text.Vector120
                0x08003a80       0x60 build/obj/stm32_dma.o
                0x08003a80                Vector120
 .text.Vector124
                0x08003ae0       0x60 build/obj/stm32_dma.o
                0x08003ae0                Vector124
 .text.Vector128
                0x08003b40       0x60 build/obj/stm32_dma.o
                0x08003b40                Vector128
 .text.Vector12C
                0x08003ba0       0x60 build/obj/stm32_dma.o
                0x08003ba0                Vector12C
 .text.Vector130
                0x08003c00       0x60 build/obj/stm32_dma.o
                0x08003c00                Vector130
 .text.Vector150
                0x08003c60       0x60 build/obj/stm32_dma.o
                0x08003c60                Vector150
 .text.Vector154
                0x08003cc0       0x60 build/obj/stm32_dma.o
                0x08003cc0                Vector154
 .text.Vector158
                0x08003d20       0x60 build/obj/stm32_dma.o
                0x08003d20                Vector158
 .text.dmaInit  0x08003d80       0xa0 build/obj/stm32_dma.o
                0x08003d80                dmaInit
 .text.dmaStreamAllocate
                0x08003e20      0x150 build/obj/stm32_dma.o
                0x08003e20                dmaStreamAllocate
 .text.hal_lld_backup_domain_init
                0x08003f70       0xc0 build/obj/hal_lld.o
 .text.hal_lld_init
                0x08004030      0x140 build/obj/hal_lld.o
                0x08004030                hal_lld_init
 .text.stm32_clock_init
                0x08004170      0x1f0 build/obj/hal_lld.o
                0x08004170                stm32_clock_init
 .text.adc_lld_serve_rx_interrupt
                0x08004360      0x210 build/obj/adc_lld.o
 .text.Vector88
                0x08004570      0x320 build/obj/adc_lld.o
                0x08004570                Vector88
 .text.adc_lld_init
                0x08004890       0xd0 build/obj/adc_lld.o
                0x08004890                adc_lld_init
 .text.adc_lld_start
                0x08004960      0x190 build/obj/adc_lld.o
                0x08004960                adc_lld_start
 .text.adc_lld_start_conversion
                0x08004af0      0x100 build/obj/adc_lld.o
                0x08004af0                adc_lld_start_conversion
 .text.adc_lld_stop_conversion
                0x08004bf0       0x60 build/obj/adc_lld.o
                0x08004bf0                adc_lld_stop_conversion
 .text.adcSTM32EnableTSVREFE
                0x08004c50       0x20 build/obj/adc_lld.o
                0x08004c50                adcSTM32EnableTSVREFE
 .text.adcSTM32EnableVBATE
                0x08004c70       0x20 build/obj/adc_lld.o
                0x08004c70                adcSTM32EnableVBATE
 .text.Vector58
                0x08004c90       0x40 build/obj/ext_lld_isr.o
                0x08004c90                Vector58
 .text.Vector5C
                0x08004cd0       0x40 build/obj/ext_lld_isr.o
                0x08004cd0                Vector5C
 .text.Vector60
                0x08004d10       0x40 build/obj/ext_lld_isr.o
                0x08004d10                Vector60
 .text.Vector64
                0x08004d50       0x40 build/obj/ext_lld_isr.o
                0x08004d50                Vector64
 .text.Vector68
                0x08004d90       0x40 build/obj/ext_lld_isr.o
                0x08004d90                Vector68
 .text.Vector9C
                0x08004dd0       0xf0 build/obj/ext_lld_isr.o
                0x08004dd0                Vector9C
 .text.VectorE0
                0x08004ec0      0x110 build/obj/ext_lld_isr.o
                0x08004ec0                VectorE0
 .text.Vector44
                0x08004fd0       0x40 build/obj/ext_lld_isr.o
                0x08004fd0                Vector44
 .text.VectorE8
                0x08005010       0x40 build/obj/ext_lld_isr.o
                0x08005010                VectorE8
 .text.Vector138
                0x08005050       0x40 build/obj/ext_lld_isr.o
                0x08005050                Vector138
 .text.Vector170
                0x08005090       0x40 build/obj/ext_lld_isr.o
                0x08005090                Vector170
 .text.Vector4C
                0x080050d0       0x40 build/obj/ext_lld_isr.o
                0x080050d0                Vector4C
 .text.ext_lld_exti_irq_enable
                0x08005110       0xb0 build/obj/ext_lld_isr.o
                0x08005110                ext_lld_exti_irq_enable
 .text.ext_lld_init
                0x080051c0       0x10 build/obj/ext_lld.o
                0x080051c0                ext_lld_init
 .text.ext_lld_start
                0x080051d0       0x50 build/obj/ext_lld.o
                0x080051d0                ext_lld_start
 .text.ext_lld_channel_enable
                0x08005220      0x1d0 build/obj/ext_lld.o
                0x08005220                ext_lld_channel_enable
 .text.ext_lld_channel_disable
                0x080053f0       0xb0 build/obj/ext_lld.o
                0x080053f0                ext_lld_channel_disable
 .text.gpt_lld_serve_interrupt
                0x080054a0       0x40 build/obj/gpt_lld.o
 .text.VectorF4
                0x080054e0       0x20 build/obj/gpt_lld.o
                0x080054e0                VectorF4
 .text.gpt_lld_init
                0x08005500       0x30 build/obj/gpt_lld.o
                0x08005500                gpt_lld_init
 .text.gpt_lld_stop_timer
                0x08005530       0x30 build/obj/gpt_lld.o
                0x08005530                gpt_lld_stop_timer
 .text.icu_lld_serve_interrupt
                0x08005560       0xf0 build/obj/icu_lld.o
 .text.VectorA4
                0x08005650       0x20 build/obj/icu_lld.o
                0x08005650                VectorA4
 .text.VectorAC
                0x08005670       0x20 build/obj/icu_lld.o
                0x08005670                VectorAC
 .text.icu_lld_init
                0x08005690       0x30 build/obj/icu_lld.o
                0x08005690                icu_lld_init
 .text.icu_lld_start
                0x080056c0      0x1e0 build/obj/icu_lld.o
                0x080056c0                icu_lld_start
 .text.icu_lld_enable
                0x080058a0       0xc0 build/obj/icu_lld.o
                0x080058a0                icu_lld_enable
 .text.sdc_lld_prepare_read
                0x08005960       0x90 build/obj/sdc_lld.o
 .text.sdc_lld_prepare_write
                0x080059f0       0x90 build/obj/sdc_lld.o
 .text.sdc_lld_wait_transaction_end
                0x08005a80      0x100 build/obj/sdc_lld.o
 .text.sdc_lld_collect_errors
                0x08005b80       0xa0 build/obj/sdc_lld.o
 .text.sdc_lld_error_cleanup
                0x08005c20       0xc0 build/obj/sdc_lld.o
 .text.Vector104
                0x08005ce0       0x70 build/obj/sdc_lld.o
                0x08005ce0                Vector104
 .text.sdc_lld_init
                0x08005d50       0x40 build/obj/sdc_lld.o
                0x08005d50                sdc_lld_init
 .text.sdc_lld_start
                0x08005d90       0xe0 build/obj/sdc_lld.o
                0x08005d90                sdc_lld_start
 .text.sdc_lld_start_clk
                0x08005e70       0x50 build/obj/sdc_lld.o
                0x08005e70                sdc_lld_start_clk
 .text.sdc_lld_set_data_clk
                0x08005ec0       0x20 build/obj/sdc_lld.o
                0x08005ec0                sdc_lld_set_data_clk
 .text.sdc_lld_stop_clk
                0x08005ee0       0x30 build/obj/sdc_lld.o
                0x08005ee0                sdc_lld_stop_clk
 .text.sdc_lld_set_bus_mode
                0x08005f10       0x60 build/obj/sdc_lld.o
                0x08005f10                sdc_lld_set_bus_mode
 .text.sdc_lld_send_cmd_none
                0x08005f70       0x50 build/obj/sdc_lld.o
                0x08005f70                sdc_lld_send_cmd_none
 .text.sdc_lld_send_cmd_short
                0x08005fc0       0x90 build/obj/sdc_lld.o
                0x08005fc0                sdc_lld_send_cmd_short
 .text.sdc_lld_send_cmd_short_crc
                0x08006050       0x90 build/obj/sdc_lld.o
                0x08006050                sdc_lld_send_cmd_short_crc
 .text.sdc_lld_send_cmd_long_crc
                0x080060e0       0xd0 build/obj/sdc_lld.o
                0x080060e0                sdc_lld_send_cmd_long_crc
 .text.sdc_lld_read_aligned
                0x080061b0      0x110 build/obj/sdc_lld.o
                0x080061b0                sdc_lld_read_aligned
 .text.sdc_lld_write_aligned
                0x080062c0      0x110 build/obj/sdc_lld.o
                0x080062c0                sdc_lld_write_aligned
 .text.sdc_lld_read
                0x080063d0       0xa0 build/obj/sdc_lld.o
                0x080063d0                sdc_lld_read
 .text.sdc_lld_write
                0x08006470       0xa0 build/obj/sdc_lld.o
                0x08006470                sdc_lld_write
 .text.sdc_lld_sync
                0x08006510       0x10 build/obj/sdc_lld.o
                0x08006510                sdc_lld_sync
 .text.initgpio
                0x08006520       0x50 build/obj/pal_lld.o
 .text._pal_lld_init
                0x08006570      0x100 build/obj/pal_lld.o
                0x08006570                _pal_lld_init
 .text.rtc_lld_init
                0x08006670       0xe0 build/obj/rtc_lld.o
                0x08006670                rtc_lld_init
 .text.rtc_lld_get_time
                0x08006750       0x90 build/obj/rtc_lld.o
                0x08006750                rtc_lld_get_time
 .text.rtc_lld_get_time_fat
                0x080067e0      0x190 build/obj/rtc_lld.o
                0x080067e0                rtc_lld_get_time_fat
 .text.spi_lld_serve_rx_interrupt
                0x08006970      0x100 build/obj/spi_lld.o
 .text.spi_lld_serve_tx_interrupt
                0x08006a70       0x30 build/obj/spi_lld.o
 .text.spi_lld_init
                0x08006aa0       0x80 build/obj/spi_lld.o
                0x08006aa0                spi_lld_init
 .text.spi_lld_start
                0x08006b20      0x140 build/obj/spi_lld.o
                0x08006b20                spi_lld_start
 .text.spi_lld_select
                0x08006c60       0x20 build/obj/spi_lld.o
                0x08006c60                spi_lld_select
 .text.spi_lld_unselect
                0x08006c80       0x20 build/obj/spi_lld.o
                0x08006c80                spi_lld_unselect
 .text.spi_lld_polled_exchange
                0x08006ca0       0x40 build/obj/spi_lld.o
                0x08006ca0                spi_lld_polled_exchange
 .text.usart_init
                0x08006ce0       0xb0 build/obj/serial_lld.o
 .text.set_error
                0x08006d90       0x90 build/obj/serial_lld.o
 .text.serve_interrupt
                0x08006e20      0x180 build/obj/serial_lld.o
 .text.notify1  0x08006fa0       0x30 build/obj/serial_lld.o
 .text.notify2  0x08006fd0       0x30 build/obj/serial_lld.o
 .text.VectorD4
                0x08007000       0x20 build/obj/serial_lld.o
                0x08007000                VectorD4
 .text.VectorD8
                0x08007020       0x20 build/obj/serial_lld.o
                0x08007020                VectorD8
 .text.sd_lld_init
                0x08007040       0x60 build/obj/serial_lld.o
                0x08007040                sd_lld_init
 .text.sd_lld_start
                0x080070a0       0x90 build/obj/serial_lld.o
                0x080070a0                sd_lld_start
 .text.__early_init
                0x08007130       0x10 build/obj/board.o
                0x08007130                __early_init
 .text.sdc_lld_is_card_inserted
                0x08007140       0x30 build/obj/board.o
                0x08007140                sdc_lld_is_card_inserted
 .text.sdc_lld_is_write_protected
                0x08007170       0x30 build/obj/board.o
                0x08007170                sdc_lld_is_write_protected
 .text.boardInit
                0x080071a0       0x10 build/obj/board.o
                0x080071a0                boardInit
 .text.long_to_string_with_divisor
                0x080071b0       0xc0 build/obj/chprintf.o
 .text.ltoa     0x08007270       0x20 build/obj/chprintf.o
 .text.chprintf
                0x08007290      0x4b0 build/obj/chprintf.o
                0x08007290                chprintf
 .text.stm32_rtc_bcd2tm
                0x08007740      0x1f0 build/obj/chrtclib.o
 .text.rtcGetTimeTm
                0x08007930       0x40 build/obj/chrtclib.o
                0x08007930                rtcGetTimeTm
 .text.writes   0x08007970       0x60 build/obj/memstreams.o
 .text.reads    0x080079d0       0x60 build/obj/memstreams.o
 .text.put      0x08007a30       0x50 build/obj/memstreams.o
 .text.get      0x08007a80       0x40 build/obj/memstreams.o
 .text.msObjectInit
                0x08007ac0       0x40 build/obj/memstreams.o
                0x08007ac0                msObjectInit
 .text.ThreadFatFSWorker
                0x08007b00      0x1f0 build/obj/fatfsWrapper.o
 .text.wf_init  0x08007cf0       0x40 build/obj/fatfsWrapper.o
                0x08007cf0                wf_init
 .text.disk_initialize
                0x08007d30       0x70 build/obj/fatfs_diskio.o
                0x08007d30                disk_initialize
 .text.disk_status
                0x08007da0       0x70 build/obj/fatfs_diskio.o
                0x08007da0                disk_status
 .text.disk_read
                0x08007e10       0x60 build/obj/fatfs_diskio.o
                0x08007e10                disk_read
 .text.disk_write
                0x08007e70       0x60 build/obj/fatfs_diskio.o
                0x08007e70                disk_write
 .text.disk_ioctl
                0x08007ed0       0x80 build/obj/fatfs_diskio.o
                0x08007ed0                disk_ioctl
 .text.get_fattime
                0x08007f50       0x20 build/obj/fatfs_diskio.o
                0x08007f50                get_fattime
 .text.mem_cpy  0x08007f70       0x50 build/obj/ff.o
 .text.mem_set  0x08007fc0       0x40 build/obj/ff.o
 .text.mem_cmp  0x08008000       0x70 build/obj/ff.o
 .text.chk_chr  0x08008070       0x30 build/obj/ff.o
 .text.sync_window
                0x080080a0       0xa0 build/obj/ff.o
 .text.move_window
                0x08008140       0x60 build/obj/ff.o
 .text.sync_fs  0x080081a0      0x180 build/obj/ff.o
 .text.clust2sect
                0x08008320       0x40 build/obj/ff.o
                0x08008320                clust2sect
 .text.get_fat  0x08008360      0x1a0 build/obj/ff.o
                0x08008360                get_fat
 .text.put_fat  0x08008500      0x280 build/obj/ff.o
                0x08008500                put_fat
 .text.remove_chain
                0x08008780       0xc0 build/obj/ff.o
 .text.create_chain
                0x08008840      0x130 build/obj/ff.o
 .text.dir_sdi  0x08008970      0x130 build/obj/ff.o
 .text.dir_next
                0x08008aa0      0x1f0 build/obj/ff.o
 .text.dir_alloc
                0x08008c90       0xa0 build/obj/ff.o
 .text.ld_clust
                0x08008d30       0x60 build/obj/ff.o
 .text.st_clust
                0x08008d90       0x60 build/obj/ff.o
 .text.dir_find
                0x08008df0       0xc0 build/obj/ff.o
 .text.dir_register
                0x08008eb0       0x80 build/obj/ff.o
 .text.dir_remove
                0x08008f30       0x60 build/obj/ff.o
 .text.create_name
                0x08008f90      0x200 build/obj/ff.o
 .text.get_fileinfo
                0x08009190      0x160 build/obj/ff.o
 .text.follow_path
                0x080092f0      0x100 build/obj/ff.o
 .text.check_fs
                0x080093f0       0xe0 build/obj/ff.o
 .text.chk_mounted
                0x080094d0      0x630 build/obj/ff.o
 .text.validate
                0x08009b00       0x60 build/obj/ff.o
 .text.f_mount  0x08009b60       0x70 build/obj/ff.o
                0x08009b60                f_mount
 .text.f_open   0x08009bd0      0x2e0 build/obj/ff.o
                0x08009bd0                f_open
 .text.f_read   0x08009eb0      0x2f0 build/obj/ff.o
                0x08009eb0                f_read
 .text.f_write  0x0800a1a0      0x360 build/obj/ff.o
                0x0800a1a0                f_write
 .text.f_sync   0x0800a500      0x190 build/obj/ff.o
                0x0800a500                f_sync
 .text.f_close  0x0800a690       0x30 build/obj/ff.o
                0x0800a690                f_close
 .text.f_lseek  0x0800a6c0      0x2e0 build/obj/ff.o
                0x0800a6c0                f_lseek
 .text.f_stat   0x0800a9a0       0x70 build/obj/ff.o
                0x0800a9a0                f_stat
 .text.f_getfree
                0x0800aa10      0x1d0 build/obj/ff.o
                0x0800aa10                f_getfree
 .text.f_mkdir  0x0800abe0      0x290 build/obj/ff.o
                0x0800abe0                f_mkdir
 .text.f_utime  0x0800ae70       0xc0 build/obj/ff.o
                0x0800ae70                f_utime
 .text.f_rename
                0x0800af30      0x1d0 build/obj/ff.o
                0x0800af30                f_rename
 .text.adc_make_avg
                0x0800b100       0x60 build/obj/kb_adc.o
                0x0800b100                adc_make_avg
 .text.adc_cb   0x0800b160       0x50 build/obj/kb_adc.o
                0x0800b160                adc_cb
 .text.adc_trigger_cb
                0x0800b1b0       0x60 build/obj/kb_adc.o
                0x0800b1b0                adc_trigger_cb
 .text.btn_0_exti_cb
                0x0800b210       0x30 build/obj/kb_buttons.o
                0x0800b210                btn_0_exti_cb
 .text.btn_1_exti_cb
                0x0800b240       0x30 build/obj/kb_buttons.o
                0x0800b240                btn_1_exti_cb
 .text.on_insert
                0x0800b270       0xe0 build/obj/kb_logger.o
 .text.on_remove
                0x0800b350       0x40 build/obj/kb_logger.o
 .text.wait_for_sd
                0x0800b390       0x70 build/obj/kb_logger.o
 .text.sd_card_status
                0x0800b400       0x70 build/obj/kb_logger.o
 .text.run      0x0800b470       0xd0 build/obj/kb_logger.o
 .text.thLogger
                0x0800b540       0xc0 build/obj/kb_logger.o
 .text.kuroBoxLogger
                0x0800b600       0x60 build/obj/kb_logger.o
                0x0800b600                kuroBoxLogger
 .text.thScreen
                0x0800b660      0x370 build/obj/kb_screen.o
 .text.kuroBoxScreenInit
                0x0800b9d0       0x50 build/obj/kb_screen.o
                0x0800b9d0                kuroBoxScreenInit
 .text.kbs_setVoltage
                0x0800ba20       0x20 build/obj/kb_screen.o
                0x0800ba20                kbs_setVoltage
 .text.kbs_setLTC
                0x0800ba40       0x30 build/obj/kb_screen.o
                0x0800ba40                kbs_setLTC
 .text.kbs_setCounter
                0x0800ba70       0x20 build/obj/kb_screen.o
                0x0800ba70                kbs_setCounter
 .text.kbs_setSDCFree
                0x0800ba90       0x20 build/obj/kb_screen.o
                0x0800ba90                kbs_setSDCFree
 .text.kbs_setBtn0
                0x0800bab0       0x20 build/obj/kb_screen.o
                0x0800bab0                kbs_setBtn0
 .text.kbs_setBtn1
                0x0800bad0       0x20 build/obj/kb_screen.o
                0x0800bad0                kbs_setBtn1
 .text.ltc_icu_period_cb
                0x0800baf0      0x190 build/obj/kb_time.o
                0x0800baf0                ltc_icu_period_cb
 .text.thTime   0x0800bc80       0xd0 build/obj/kb_time.o
 .text.kuroBoxTimeInit
                0x0800bd50       0x80 build/obj/kb_time.o
                0x0800bd50                kuroBoxTimeInit
 .text.calc_volume_db
                0x0800bdd0       0x80 build/obj/decoder.o
 .text.parse_ltc
                0x0800be50      0x8c0 build/obj/decoder.o
 .text.biphase_decode2
                0x0800c710      0x140 build/obj/decoder.o
 .text.decode_ltc
                0x0800c850      0x2a0 build/obj/decoder.o
                0x0800c850                decode_ltc
 .text.ltc_decoder_create
                0x0800caf0       0xd0 build/obj/ltc.o
                0x0800caf0                ltc_decoder_create
 .text.ltc_decoder_write
                0x0800cbc0       0x20 build/obj/ltc.o
                0x0800cbc0                ltc_decoder_write
 .text.ltc_decoder_read
                0x0800cbe0       0x70 build/obj/ltc.o
                0x0800cbe0                ltc_decoder_read
 .text.smpte_set_timezone_string
                0x0800cc50       0xd0 build/obj/timecode.o
 .text.ltc_frame_to_time
                0x0800cd20      0x190 build/obj/timecode.o
                0x0800cd20                ltc_frame_to_time
 .text.thBlinker
                0x0800ceb0       0x60 build/obj/main.o
 .text.kuroBox_panic
                0x0800cf10       0x50 build/obj/main.o
                0x0800cf10                kuroBox_panic
 .text.kuroBoxInit
                0x0800cf60      0x210 build/obj/main.o
                0x0800cf60                kuroBoxInit
 .text.main     0x0800d170       0x50 build/obj/main.o
                0x0800d170                main
 .text.spiEepromStart
                0x0800d1c0       0x20 build/obj/spiEEPROM.o
                0x0800d1c0                spiEepromStart
 .text.updateBoundingBox
                0x0800d1e0       0xa0 build/obj/ST7565.o
 .text.st7565Start
                0x0800d280      0x180 build/obj/ST7565.o
                0x0800d280                st7565Start
 .text.st7565_display
                0x0800d400      0x1d0 build/obj/ST7565.o
                0x0800d400                st7565_display
 .text.st7565_clear
                0x0800d5d0       0x30 build/obj/ST7565.o
                0x0800d5d0                st7565_clear
 .text.st7565_drawchar
                0x0800d600       0xb0 build/obj/ST7565.o
                0x0800d600                st7565_drawchar
 .text.st7565_drawstring
                0x0800d6b0       0xc0 build/obj/ST7565.o
                0x0800d6b0                st7565_drawstring
 .text.ceil     0x0800d770      0x120 c:/chibistudio/tools/gnu tools arm embedded/4.7 2013q1/bin/../lib/gcc/arm-none-eabi/4.7.3/../../../../arm-none-eabi/lib/armv7e-m\libm.a(lib_a-s_ceil.o)
                0x0800d770                ceil
 .text.log10    0x0800d890       0xe4 c:/chibistudio/tools/gnu tools arm embedded/4.7 2013q1/bin/../lib/gcc/arm-none-eabi/4.7.3/../../../../arm-none-eabi/lib/armv7e-m\libm.a(lib_a-w_log10.o)
                0x0800d890                log10
 *fill*         0x0800d974        0xc 00
 .text.__ieee754_log10
                0x0800d980      0x128 c:/chibistudio/tools/gnu tools arm embedded/4.7 2013q1/bin/../lib/gcc/arm-none-eabi/4.7.3/../../../../arm-none-eabi/lib/armv7e-m\libm.a(lib_a-e_log10.o)
                0x0800d980                __ieee754_log10
 *fill*         0x0800daa8        0x8 00
 .text.__fpclassifyd
                0x0800dab0       0x68 c:/chibistudio/tools/gnu tools arm embedded/4.7 2013q1/bin/../lib/gcc/arm-none-eabi/4.7.3/../../../../arm-none-eabi/lib/armv7e-m\libm.a(lib_a-s_fpclassify.o)
                0x0800dab0                __fpclassifyd
 *fill*         0x0800db18        0x8 00
 .text.matherr  0x0800db20        0x4 c:/chibistudio/tools/gnu tools arm embedded/4.7 2013q1/bin/../lib/gcc/arm-none-eabi/4.7.3/../../../../arm-none-eabi/lib/armv7e-m\libm.a(lib_a-s_matherr.o)
                0x0800db20                matherr
 *fill*         0x0800db24        0xc 00
 .text.nan      0x0800db30        0xc c:/chibistudio/tools/gnu tools arm embedded/4.7 2013q1/bin/../lib/gcc/arm-none-eabi/4.7.3/../../../../arm-none-eabi/lib/armv7e-m\libm.a(lib_a-s_nan.o)
                0x0800db30                nan
 *fill*         0x0800db3c        0x4 00
 .text.__ieee754_log
                0x0800db40      0x3f8 c:/chibistudio/tools/gnu tools arm embedded/4.7 2013q1/bin/../lib/gcc/arm-none-eabi/4.7.3/../../../../arm-none-eabi/lib/armv7e-m\libm.a(lib_a-e_log.o)
                0x0800db40                __ieee754_log
 *fill*         0x0800df38        0x8 00
 .text.__errno  0x0800df40        0xc c:/chibistudio/tools/gnu tools arm embedded/4.7 2013q1/bin/../lib/gcc/arm-none-eabi/4.7.3/../../../../arm-none-eabi/lib/armv7e-m\libc.a(lib_a-errno.o)
                0x0800df40                __errno
 *fill*         0x0800df4c        0x4 00
 .text.memcpy   0x0800df50      0x144 c:/chibistudio/tools/gnu tools arm embedded/4.7 2013q1/bin/../lib/gcc/arm-none-eabi/4.7.3/../../../../arm-none-eabi/lib/armv7e-m\libc.a(lib_a-memcpy.o)
                0x0800df50                memcpy
 *fill*         0x0800e094        0xc 00
 .text.memset   0x0800e0a0      0x12c c:/chibistudio/tools/gnu tools arm embedded/4.7 2013q1/bin/../lib/gcc/arm-none-eabi/4.7.3/../../../../arm-none-eabi/lib/armv7e-m\libc.a(lib_a-memset.o)
                0x0800e0a0                memset
 *fill*         0x0800e1cc        0x4 00
 .text.strcpy   0x0800e1d0       0xbc c:/chibistudio/tools/gnu tools arm embedded/4.7 2013q1/bin/../lib/gcc/arm-none-eabi/4.7.3/../../../../arm-none-eabi/lib/armv7e-m\libc.a(lib_a-strcpy.o)
                0x0800e1d0                strcpy
 *(.rodata)
 *fill*         0x0800e28c        0x4 00
 .rodata        0x0800e290        0x8 build/obj/chsys.o
 *fill*         0x0800e298        0x8 00
 .rodata        0x0800e2a0       0x58 build/obj/chdebug.o
 *fill*         0x0800e2f8        0x8 00
 .rodata        0x0800e300       0x34 build/obj/chvt.o
 *fill*         0x0800e334        0xc 00
 .rodata        0x0800e340       0x24 build/obj/chschd.o
 *fill*         0x0800e364        0xc 00
 .rodata        0x0800e370       0x94 build/obj/chthreads.o
 *fill*         0x0800e404        0xc 00
 .rodata        0x0800e410       0xac build/obj/chmtx.o
 *fill*         0x0800e4bc        0x4 00
 .rodata        0x0800e4c0       0x90 build/obj/chevents.o
 .rodata        0x0800e550       0x24 build/obj/chmsg.o
 *fill*         0x0800e574        0xc 00
 .rodata        0x0800e580       0x2c build/obj/chqueues.o
 *fill*         0x0800e5ac        0x4 00
 .rodata        0x0800e5b0      0x110 build/obj/adc.o
 .rodata        0x0800e6c0       0xd0 build/obj/ext.o
 .rodata        0x0800e790       0x80 build/obj/icu.o
 .rodata        0x0800e810       0x14 build/obj/mmcsd.o
 *fill*         0x0800e824        0xc 00
 .rodata        0x0800e830       0x40 build/obj/rtc.o
 .rodata        0x0800e870      0x138 build/obj/sdc.o
 *fill*         0x0800e9a8        0x8 00
 .rodata        0x0800e9b0       0x60 build/obj/serial.o
 .rodata        0x0800ea10      0x238 build/obj/spi.o
 *fill*         0x0800ec48        0x8 00
 .rodata        0x0800ec50       0x48 build/obj/stm32_dma.o
 *fill*         0x0800ec98        0x8 00
 .rodata        0x0800eca0       0x3c build/obj/adc_lld.o
 *fill*         0x0800ecdc        0x4 00
 .rodata        0x0800ece0       0x14 build/obj/icu_lld.o
 *fill*         0x0800ecf4        0xc 00
 .rodata        0x0800ed00       0x80 build/obj/sdc_lld.o
 .rodata        0x0800ed80       0x28 build/obj/spi_lld.o
 *fill*         0x0800eda8        0x8 00
 .rodata        0x0800edb0        0x8 build/obj/chprintf.o
 *fill*         0x0800edb8        0x8 00
 .rodata        0x0800edc0        0xc build/obj/fatfsWrapper.o
 *fill*         0x0800edcc        0x4 00
 .rodata        0x0800edd0       0x54 build/obj/ff.o
 *fill*         0x0800ee24        0xc 00
 .rodata        0x0800ee30       0x38 build/obj/kb_logger.o
 *fill*         0x0800ee68        0x8 00
 .rodata        0x0800ee70       0x6c build/obj/kb_screen.o
 *fill*         0x0800eedc        0x4 00
 .rodata        0x0800eee0        0x8 build/obj/kb_time.o
 *fill*         0x0800eee8        0x8 00
 .rodata        0x0800eef0       0x14 build/obj/timecode.o
 *fill*         0x0800ef04        0xc 00
 .rodata        0x0800ef10       0x3c build/obj/main.o
 *(.rodata.*)
 *fill*         0x0800ef4c        0x4 00
 .rodata.ch_debug
                0x0800ef50       0x18 build/obj/chregistry.o
                0x0800ef50                ch_debug
 *fill*         0x0800ef68        0x8 00
 .rodata.sdc_vmt
                0x0800ef70       0x20 build/obj/sdc.o
 .rodata.vmt    0x0800ef90       0x20 build/obj/serial.o
 .rodata._stm32_dma_streams
                0x0800efb0       0xc0 build/obj/stm32_dma.o
                0x0800efb0                _stm32_dma_streams
 .rodata.default_config
                0x0800f070        0xc build/obj/serial_lld.o
 *fill*         0x0800f07c        0x4 00
 .rodata.pal_default_config
                0x0800f080       0xfc build/obj/board.o
                0x0800f080                pal_default_config
 *fill*         0x0800f17c        0x4 00
 .rodata.vmt    0x0800f180       0x10 build/obj/memstreams.o
 .rodata.ExCvt  0x0800f190       0x80 build/obj/ff.o
 .rodata.ST7565font
                0x0800f210      0x4fc build/obj/glcdfont.o
                0x0800f210                ST7565font
 *fill*         0x0800f70c        0x4 00
 .rodata.adc_grp_cfg
                0x0800f710       0x28 build/obj/kb_adc.o
 *fill*         0x0800f738        0x8 00
 .rodata.smpte_time_zones
                0x0800f740      0x198 build/obj/timecode.o
 *fill*         0x0800f8d8        0x8 00
 .rodata.sdio_cfg
                0x0800f8e0        0x4 build/obj/main.o
 *fill*         0x0800f8e4        0xc 00
 .rodata.eeprom_cfg
                0x0800f8f0        0xc build/obj/main.o
 *fill*         0x0800f8fc        0x4 00
 .rodata.lcd_cfg
                0x0800f900       0x1c build/obj/main.o
 *fill*         0x0800f91c        0x4 00
 .rodata.extcfg
                0x0800f920       0xb8 build/obj/main.o
 *fill*         0x0800f9d8        0x8 00
 .rodata.pagemap
                0x0800f9e0        0x4 build/obj/ST7565.o
 *fill*         0x0800f9e4        0xc 00
 .rodata.st7565_nanibox
                0x0800f9f0      0x200 build/obj/ST7565.o
 .rodata.str1.4
                0x0800fbf0        0x9 c:/chibistudio/tools/gnu tools arm embedded/4.7 2013q1/bin/../lib/gcc/arm-none-eabi/4.7.3/../../../../arm-none-eabi/lib/armv7e-m\libm.a(lib_a-w_log10.o)
                                  0xc (size before relaxing)
 *fill*         0x0800fbf9        0x7 00
 .rodata.str1.4
                0x0800fc00        0x4 c:/chibistudio/tools/gnu tools arm embedded/4.7 2013q1/bin/../lib/gcc/arm-none-eabi/4.7.3/../../../../arm-none-eabi/lib/armv7e-m\libc.a(lib_a-impure.o)
 *(.glue_7t)
 .glue_7t       0x00000000        0x0 linker stubs
 *(.glue_7)
 .glue_7        0x00000000        0x0 linker stubs
 *(.gcc*)

.vfp11_veneer   0x0800fc04        0x0
 .vfp11_veneer  0x00000000        0x0 linker stubs

.v4_bx          0x0800fc04        0x0
 .v4_bx         0x00000000        0x0 linker stubs

.iplt           0x0800fc04        0x0
 .iplt          0x00000000        0x0 build/obj/crt0.o

.rel.dyn        0x0800fc04        0x0
 .rel.iplt      0x00000000        0x0 build/obj/crt0.o

.ARM.extab
 *(.ARM.extab* .gnu.linkonce.armextab.*)

.ARM.exidx      0x0800fc04        0x0
                0x0800fc04                PROVIDE (__exidx_start, .)
 *(.ARM.exidx* .gnu.linkonce.armexidx.*)
                0x0800fc04                PROVIDE (__exidx_end, .)

.eh_frame_hdr
 *(.eh_frame_hdr)

.eh_frame
 *(.eh_frame)

.textalign      0x0800fc04        0x4
                0x0800fc08                . = ALIGN (0x8)
 *fill*         0x0800fc04        0x4 00
                0x0800fc08                _etext = .
                0x0800fc08                _textdata = _etext

.stacks         0x20000000      0x800
                0x20000000                . = ALIGN (0x8)
                0x20000000                __main_stack_base__ = .
                0x20000400                . = (. + __main_stack_size__)
 *fill*         0x20000000      0x400 00
                0x20000400                . = ALIGN (0x8)
                0x20000400                __main_stack_end__ = .
                0x20000400                __process_stack_base__ = .
                0x20000400                __main_thread_stack_base__ = .
                0x20000800                . = (. + __process_stack_size__)
 *fill*         0x20000400      0x400 00
                0x20000800                . = ALIGN (0x8)
                0x20000800                __process_stack_end__ = .
                0x20000800                __main_thread_stack_end__ = .

.data           0x20000800      0x464 load address 0x0800fc08
                0x20000800                . = ALIGN (0x4)
                0x20000800                PROVIDE (_data, .)
 *(.data)
                0x20000800                . = ALIGN (0x4)
 *(.data.*)
 .data.ltc_icucfg
                0x20000800       0x18 build/obj/main.o
 .data.serial1_cfg
                0x20000818        0xc build/obj/main.o
 .data.serial2_cfg
                0x20000824        0xc build/obj/main.o
 .data.__fdlib_version
                0x20000830        0x1 c:/chibistudio/tools/gnu tools arm embedded/4.7 2013q1/bin/../lib/gcc/arm-none-eabi/4.7.3/../../../../arm-none-eabi/lib/armv7e-m\libm.a(lib_a-s_lib_ver.o)
                0x20000830                __fdlib_version
 *fill*         0x20000831        0x7 00
 .data.impure_data
                0x20000838      0x428 c:/chibistudio/tools/gnu tools arm embedded/4.7 2013q1/bin/../lib/gcc/arm-none-eabi/4.7.3/../../../../arm-none-eabi/lib/armv7e-m\libc.a(lib_a-impure.o)
 .data._impure_ptr
                0x20000c60        0x4 c:/chibistudio/tools/gnu tools arm embedded/4.7 2013q1/bin/../lib/gcc/arm-none-eabi/4.7.3/../../../../arm-none-eabi/lib/armv7e-m\libc.a(lib_a-impure.o)
                0x20000c60                _impure_ptr
                0x20000c64                . = ALIGN (0x4)
 *(.ramtext)
                0x20000c64                . = ALIGN (0x4)
                0x20000c64                PROVIDE (_edata, .)

.igot.plt       0x20000c64        0x0 load address 0x0801006c
 .igot.plt      0x00000000        0x0 build/obj/crt0.o

.bss            0x20000c68     0x5db8 load address 0x0801006c
                0x20000c68                . = ALIGN (0x4)
                0x20000c68                PROVIDE (_bss_start, .)
 *(.bss)
                0x20000c68                . = ALIGN (0x4)
 *(.bss.*)
 .bss.HARDFAULT_PSP
                0x20000c68        0x4 build/obj/vectors.o
                0x20000c68                HARDFAULT_PSP
 *fill*         0x20000c6c        0x4 00
 .bss._idle_thread_wa
                0x20000c70      0x158 build/obj/chsys.o
                0x20000c70                _idle_thread_wa
 .bss.mainthread.4860
                0x20000dc8       0x4c build/obj/chsys.o
 .bss.dbg_isr_cnt
                0x20000e14        0x4 build/obj/chdebug.o
                0x20000e14                dbg_isr_cnt
 .bss.dbg_lock_cnt
                0x20000e18        0x4 build/obj/chdebug.o
                0x20000e18                dbg_lock_cnt
 .bss.dbg_trace_buffer
                0x20000e1c      0x408 build/obj/chdebug.o
                0x20000e1c                dbg_trace_buffer
 .bss.dbg_panic_msg
                0x20001224        0x4 build/obj/chdebug.o
                0x20001224                dbg_panic_msg
 .bss.vtlist    0x20001228       0x10 build/obj/chvt.o
                0x20001228                vtlist
 .bss.rlist     0x20001238       0x1c build/obj/chschd.o
                0x20001238                rlist
 .bss.nextmem   0x20001254        0x4 build/obj/chmemcore.o
 .bss.endmem    0x20001258        0x4 build/obj/chmemcore.o
 *fill*         0x2000125c        0x4 00
 .bss.default_heap
                0x20001260       0x20 build/obj/chheap.o
 .bss.dma_streams_mask
                0x20001280        0x4 build/obj/stm32_dma.o
 .bss.dma_isr_redir
                0x20001284       0x80 build/obj/stm32_dma.o
 .bss.ADCD1     0x20001304       0x34 build/obj/adc_lld.o
                0x20001304                ADCD1
 .bss.ADCD2     0x20001338       0x34 build/obj/adc_lld.o
                0x20001338                ADCD2
 .bss.ADCD3     0x2000136c       0x34 build/obj/adc_lld.o
                0x2000136c                ADCD3
 .bss.EXTD1     0x200013a0        0x8 build/obj/ext_lld.o
                0x200013a0                EXTD1
 .bss.GPTD14    0x200013a8       0x10 build/obj/gpt_lld.o
                0x200013a8                GPTD14
 .bss.ICUD1     0x200013b8       0x18 build/obj/icu_lld.o
                0x200013b8                ICUD1
 .bss.SDCD1     0x200013d0       0x4c build/obj/sdc_lld.o
                0x200013d0                SDCD1
 .bss.u         0x2000141c      0x200 build/obj/sdc_lld.o
 .bss.RTCD1     0x2000161c        0x4 build/obj/rtc_lld.o
                0x2000161c                RTCD1
 .bss.SPID1     0x20001620       0x30 build/obj/spi_lld.o
                0x20001620                SPID1
 .bss.dummytx   0x20001650        0x2 build/obj/spi_lld.o
 *fill*         0x20001652        0x2 00
 .bss.SD1       0x20001654       0xd8 build/obj/serial_lld.o
                0x20001654                SD1
 .bss.SD2       0x2000172c       0xd8 build/obj/serial_lld.o
                0x2000172c                SD2
 .bss.workerThread
                0x20001804        0x4 build/obj/fatfsWrapper.o
 .bss.waFatFSWorkerThread
                0x20001808      0x938 build/obj/fatfsWrapper.o
 .bss.FatFs     0x20002140        0x4 build/obj/ff.o
 .bss.Fsid      0x20002144        0x2 build/obj/ff.o
 *fill*         0x20002146        0x2 00
 .bss.adc_samples
                0x20002148        0xc build/obj/kb_adc.o
 .bss.loggerThread
                0x20002154        0x4 build/obj/kb_logger.o
 .bss.counter   0x20002158        0x4 build/obj/kb_logger.o
                0x20002158                counter
 .bss.sd_det_count
                0x2000215c        0x1 build/obj/kb_logger.o
                0x2000215c                sd_det_count
 .bss.logger_state
                0x2000215d        0x1 build/obj/kb_logger.o
                0x2000215d                logger_state
 .bss.fs_ready  0x2000215e        0x1 build/obj/kb_logger.o
 *fill*         0x2000215f        0x1 00
 .bss.SDC_FS    0x20002160      0x234 build/obj/kb_logger.o
 *fill*         0x20002394        0x4 00
 .bss.waLogger  0x20002398      0x538 build/obj/kb_logger.o
 .bss.screen    0x200028d0       0x34 build/obj/kb_screen.o
 .bss.charbuf   0x20002904       0x80 build/obj/kb_screen.o
 .bss.msb       0x20002984       0x14 build/obj/kb_screen.o
 .bss.waScreen  0x20002998      0x1b8 build/obj/kb_screen.o
 .bss.timeThread
                0x20002b50        0x4 build/obj/kb_time.o
 .bss.ltc_buffer
                0x20002b54      0x800 build/obj/kb_time.o
                0x20002b54                ltc_buffer
 .bss.which_ltc_buffer
                0x20003354        0x4 build/obj/kb_time.o
                0x20003354                which_ltc_buffer
 .bss.ltc_buffer_pos
                0x20003358        0x4 build/obj/kb_time.o
                0x20003358                ltc_buffer_pos
 .bss.ltc_decoder
                0x2000335c        0x4 build/obj/kb_time.o
                0x2000335c                ltc_decoder
 .bss.ltc_frame
                0x20003360      0x170 build/obj/kb_time.o
                0x20003360                ltc_frame
 .bss.ltc_smpte_time
                0x200034d0       0x10 build/obj/kb_time.o
                0x200034d0                ltc_smpte_time
 .bss.waTime    0x200034e0      0x1b8 build/obj/kb_time.o
 .bss.LTCDecoderInstance
                0x20003698      0x198 build/obj/ltc.o
 .bss.LTCFrameExtInstances
                0x20003830     0x2e00 build/obj/ltc.o
 .bss.lcd_buffer
                0x20006630      0x200 build/obj/main.o
 .bss.global_state
                0x20006830        0x4 build/obj/main.o
 .bss.adc_trigger
                0x20006834       0x14 build/obj/main.o
 .bss.adc_cfg   0x20006848        0x4 build/obj/main.o
 *fill*         0x2000684c        0x4 00
 .bss.waBlinker
                0x20006850      0x1b8 build/obj/main.o
 .bss.spiEepromD1
                0x20006a08        0x8 build/obj/spiEEPROM.o
                0x20006a08                spiEepromD1
 .bss.ST7565D1  0x20006a10        0xc build/obj/ST7565.o
                0x20006a10                ST7565D1
 .bss.xUpdateMin
                0x20006a1c        0x1 build/obj/ST7565.o
 .bss.xUpdateMax
                0x20006a1d        0x1 build/obj/ST7565.o
 .bss.yUpdateMin
                0x20006a1e        0x1 build/obj/ST7565.o
 .bss.yUpdateMax
                0x20006a1f        0x1 build/obj/ST7565.o
                0x20006a20                . = ALIGN (0x4)
 *(COMMON)
                0x20006a20                . = ALIGN (0x4)
                0x20006a20                PROVIDE (_bss_end, .)
                0x20006a20                PROVIDE (end, .)
                0x20006a20                _end = .
                0x20006a20                __heap_base__ = _end
                0x2001c000                __heap_end__ = __ram_end__
OUTPUT(build/kuroBox.elf elf32-littlearm)

.debug_info     0x00000000    0x234cd
 .debug_info    0x00000000      0x2a4 build/obj/crt0.o
 .debug_info    0x000002a4      0x22d build/obj/vectors.o
 .debug_info    0x000004d1       0x9a build/obj/chcore.o
 .debug_info    0x0000056b      0xaa1 build/obj/chcore_v7m.o
 .debug_info    0x0000100c      0x44d build/obj/nvic.o
 .debug_info    0x00001459      0x8c0 build/obj/chsys.o
 .debug_info    0x00001d19      0x8fe build/obj/chdebug.o
 .debug_info    0x00002617      0x272 build/obj/chvt.o
 .debug_info    0x00002889      0x92a build/obj/chschd.o
 .debug_info    0x000031b3      0xb9c build/obj/chthreads.o
 .debug_info    0x00003d4f      0x77d build/obj/chregistry.o
 .debug_info    0x000044cc      0x934 build/obj/chmtx.o
 .debug_info    0x00004e00      0xdd6 build/obj/chevents.o
 .debug_info    0x00005bd6      0x71a build/obj/chmsg.o
 .debug_info    0x000062f0      0xbad build/obj/chqueues.o
 .debug_info    0x00006e9d      0x1e6 build/obj/chmemcore.o
 .debug_info    0x00007083      0x75f build/obj/chheap.o
 .debug_info    0x000077e2      0x326 build/obj/hal.o
 .debug_info    0x00007b08      0xdbb build/obj/adc.o
 .debug_info    0x000088c3      0x3e0 build/obj/ext.o
 .debug_info    0x00008ca3      0x729 build/obj/gpt.o
 .debug_info    0x000093cc      0x611 build/obj/icu.o
 .debug_info    0x000099dd      0x18f build/obj/mmcsd.o
 .debug_info    0x00009b6c      0x609 build/obj/rtc.o
 .debug_info    0x0000a175      0xea7 build/obj/sdc.o
 .debug_info    0x0000b01c      0xdb2 build/obj/serial.o
 .debug_info    0x0000bdce      0xfc7 build/obj/spi.o
 .debug_info    0x0000cd95      0xa1c build/obj/stm32_dma.o
 .debug_info    0x0000d7b1      0x4c3 build/obj/hal_lld.o
 .debug_info    0x0000dc74     0x1261 build/obj/adc_lld.o
 .debug_info    0x0000eed5      0x5eb build/obj/ext_lld_isr.o
 .debug_info    0x0000f4c0      0x3c7 build/obj/ext_lld.o
 .debug_info    0x0000f887      0x95a build/obj/gpt_lld.o
 .debug_info    0x000101e1      0x9f5 build/obj/icu_lld.o
 .debug_info    0x00010bd6     0x1656 build/obj/sdc_lld.o
 .debug_info    0x0001222c      0x60c build/obj/pal_lld.o
 .debug_info    0x00012838      0x682 build/obj/rtc_lld.o
 .debug_info    0x00012eba      0xeda build/obj/spi_lld.o
 .debug_info    0x00013d94     0x1176 build/obj/serial_lld.o
 .debug_info    0x00014f0a      0xcb7 build/obj/board.o
 .debug_info    0x00015bc1      0x3b1 build/obj/chprintf.o
 .debug_info    0x00015f72      0x675 build/obj/chrtclib.o
 .debug_info    0x000165e7      0x377 build/obj/memstreams.o
 .debug_info    0x0001695e     0x1207 build/obj/fatfsWrapper.o
 .debug_info    0x00017b65      0xec8 build/obj/fatfs_diskio.o
 .debug_info    0x00018a2d     0x1b4b build/obj/ff.o
 .debug_info    0x0001a578       0x54 build/obj/glcdfont.o
 .debug_info    0x0001a5cc      0xba2 build/obj/kb_adc.o
 .debug_info    0x0001b16e      0x318 build/obj/kb_buttons.o
 .debug_info    0x0001b486      0xf38 build/obj/kb_logger.o
 .debug_info    0x0001c3be     0x1298 build/obj/kb_screen.o
 .debug_info    0x0001d656      0xf67 build/obj/kb_time.o
 .debug_info    0x0001e5bd      0x6bd build/obj/decoder.o
 .debug_info    0x0001ec7a      0x849 build/obj/ltc.o
 .debug_info    0x0001f4c3      0x6e8 build/obj/timecode.o
 .debug_info    0x0001fbab     0x1f94 build/obj/main.o
 .debug_info    0x00021b3f      0xbd6 build/obj/spiEEPROM.o
 .debug_info    0x00022715      0xdb8 build/obj/ST7565.o

.debug_abbrev   0x00000000     0x5fd0
 .debug_abbrev  0x00000000       0xc7 build/obj/crt0.o
 .debug_abbrev  0x000000c7       0xb8 build/obj/vectors.o
 .debug_abbrev  0x0000017f       0x44 build/obj/chcore.o
 .debug_abbrev  0x000001c3      0x1e3 build/obj/chcore_v7m.o
 .debug_abbrev  0x000003a6       0xf2 build/obj/nvic.o
 .debug_abbrev  0x00000498      0x18d build/obj/chsys.o
 .debug_abbrev  0x00000625      0x1ea build/obj/chdebug.o
 .debug_abbrev  0x0000080f      0x126 build/obj/chvt.o
 .debug_abbrev  0x00000935      0x204 build/obj/chschd.o
 .debug_abbrev  0x00000b39      0x22c build/obj/chthreads.o
 .debug_abbrev  0x00000d65      0x14b build/obj/chregistry.o
 .debug_abbrev  0x00000eb0      0x1c8 build/obj/chmtx.o
 .debug_abbrev  0x00001078      0x1fe build/obj/chevents.o
 .debug_abbrev  0x00001276      0x174 build/obj/chmsg.o
 .debug_abbrev  0x000013ea      0x244 build/obj/chqueues.o
 .debug_abbrev  0x0000162e       0xf9 build/obj/chmemcore.o
 .debug_abbrev  0x00001727      0x181 build/obj/chheap.o
 .debug_abbrev  0x000018a8      0x136 build/obj/hal.o
 .debug_abbrev  0x000019de      0x1ff build/obj/adc.o
 .debug_abbrev  0x00001bdd      0x160 build/obj/ext.o
 .debug_abbrev  0x00001d3d      0x1b2 build/obj/gpt.o
 .debug_abbrev  0x00001eef      0x189 build/obj/icu.o
 .debug_abbrev  0x00002078       0xd5 build/obj/mmcsd.o
 .debug_abbrev  0x0000214d      0x146 build/obj/rtc.o
 .debug_abbrev  0x00002293      0x252 build/obj/sdc.o
 .debug_abbrev  0x000024e5      0x209 build/obj/serial.o
 .debug_abbrev  0x000026ee      0x206 build/obj/spi.o
 .debug_abbrev  0x000028f4      0x1ad build/obj/stm32_dma.o
 .debug_abbrev  0x00002aa1      0x104 build/obj/hal_lld.o
 .debug_abbrev  0x00002ba5      0x26c build/obj/adc_lld.o
 .debug_abbrev  0x00002e11      0x184 build/obj/ext_lld_isr.o
 .debug_abbrev  0x00002f95      0x19e build/obj/ext_lld.o
 .debug_abbrev  0x00003133      0x1bc build/obj/gpt_lld.o
 .debug_abbrev  0x000032ef      0x206 build/obj/icu_lld.o
 .debug_abbrev  0x000034f5      0x2f8 build/obj/sdc_lld.o
 .debug_abbrev  0x000037ed      0x172 build/obj/pal_lld.o
 .debug_abbrev  0x0000395f      0x1a0 build/obj/rtc_lld.o
 .debug_abbrev  0x00003aff      0x257 build/obj/spi_lld.o
 .debug_abbrev  0x00003d56      0x236 build/obj/serial_lld.o
 .debug_abbrev  0x00003f8c      0x1b6 build/obj/board.o
 .debug_abbrev  0x00004142      0x155 build/obj/chprintf.o
 .debug_abbrev  0x00004297      0x149 build/obj/chrtclib.o
 .debug_abbrev  0x000043e0      0x117 build/obj/memstreams.o
 .debug_abbrev  0x000044f7      0x1d9 build/obj/fatfsWrapper.o
 .debug_abbrev  0x000046d0      0x1cd build/obj/fatfs_diskio.o
 .debug_abbrev  0x0000489d      0x1a1 build/obj/ff.o
 .debug_abbrev  0x00004a3e       0x45 build/obj/glcdfont.o
 .debug_abbrev  0x00004a83      0x1ce build/obj/kb_adc.o
 .debug_abbrev  0x00004c51      0x116 build/obj/kb_buttons.o
 .debug_abbrev  0x00004d67      0x23f build/obj/kb_logger.o
 .debug_abbrev  0x00004fa6      0x206 build/obj/kb_screen.o
 .debug_abbrev  0x000051ac      0x240 build/obj/kb_time.o
 .debug_abbrev  0x000053ec      0x1af build/obj/decoder.o
 .debug_abbrev  0x0000559b      0x1f6 build/obj/ltc.o
 .debug_abbrev  0x00005791      0x1f0 build/obj/timecode.o
 .debug_abbrev  0x00005981      0x236 build/obj/main.o
 .debug_abbrev  0x00005bb7      0x1dc build/obj/spiEEPROM.o
 .debug_abbrev  0x00005d93      0x23d build/obj/ST7565.o

.debug_aranges  0x00000000     0x14c0
 .debug_aranges
                0x00000000       0x38 build/obj/crt0.o
 .debug_aranges
                0x00000038       0x28 build/obj/vectors.o
 .debug_aranges
                0x00000060       0x20 build/obj/chcore.o
 .debug_aranges
                0x00000080       0x50 build/obj/chcore_v7m.o
 .debug_aranges
                0x000000d0       0x30 build/obj/nvic.o
 .debug_aranges
                0x00000100       0x30 build/obj/chsys.o
 .debug_aranges
                0x00000130       0x88 build/obj/chdebug.o
 .debug_aranges
                0x000001b8       0x38 build/obj/chvt.o
 .debug_aranges
                0x000001f0       0x78 build/obj/chschd.o
 .debug_aranges
                0x00000268       0x90 build/obj/chthreads.o
 .debug_aranges
                0x000002f8       0x28 build/obj/chregistry.o
 .debug_aranges
                0x00000320       0x70 build/obj/chmtx.o
 .debug_aranges
                0x00000390       0xa0 build/obj/chevents.o
 .debug_aranges
                0x00000430       0x40 build/obj/chmsg.o
 .debug_aranges
                0x00000470       0x80 build/obj/chqueues.o
 .debug_aranges
                0x000004f0       0x38 build/obj/chmemcore.o
 .debug_aranges
                0x00000528       0x40 build/obj/chheap.o
 .debug_aranges
                0x00000568       0x30 build/obj/hal.o
 .debug_aranges
                0x00000598       0x70 build/obj/adc.o
 .debug_aranges
                0x00000608       0x50 build/obj/ext.o
 .debug_aranges
                0x00000658       0x78 build/obj/gpt.o
 .debug_aranges
                0x000006d0       0x48 build/obj/icu.o
 .debug_aranges
                0x00000718       0x28 build/obj/mmcsd.o
 .debug_aranges
                0x00000740       0x48 build/obj/rtc.o
 .debug_aranges
                0x00000788       0x80 build/obj/sdc.o
 .debug_aranges
                0x00000808       0x88 build/obj/serial.o
 .debug_aranges
                0x00000890       0x98 build/obj/spi.o
 .debug_aranges
                0x00000928       0xb0 build/obj/stm32_dma.o
 .debug_aranges
                0x000009d8       0x30 build/obj/hal_lld.o
 .debug_aranges
                0x00000a08       0x70 build/obj/adc_lld.o
 .debug_aranges
                0x00000a78       0x98 build/obj/ext_lld_isr.o
 .debug_aranges
                0x00000b10       0x40 build/obj/ext_lld.o
 .debug_aranges
                0x00000b50       0x58 build/obj/gpt_lld.o
 .debug_aranges
                0x00000ba8       0x58 build/obj/icu_lld.o
 .debug_aranges
                0x00000c00       0xc8 build/obj/sdc_lld.o
 .debug_aranges
                0x00000cc8       0x30 build/obj/pal_lld.o
 .debug_aranges
                0x00000cf8       0x58 build/obj/rtc_lld.o
 .debug_aranges
                0x00000d50       0x78 build/obj/spi_lld.o
 .debug_aranges
                0x00000dc8       0x70 build/obj/serial_lld.o
 .debug_aranges
                0x00000e38       0x38 build/obj/board.o
 .debug_aranges
                0x00000e70       0x30 build/obj/chprintf.o
 .debug_aranges
                0x00000ea0       0x50 build/obj/chrtclib.o
 .debug_aranges
                0x00000ef0       0x40 build/obj/memstreams.o
 .debug_aranges
                0x00000f30       0x88 build/obj/fatfsWrapper.o
 .debug_aranges
                0x00000fb8       0x48 build/obj/fatfs_diskio.o
 .debug_aranges
                0x00001000      0x190 build/obj/ff.o
 .debug_aranges
                0x00001190       0x18 build/obj/glcdfont.o
 .debug_aranges
                0x000011a8       0x30 build/obj/kb_adc.o
 .debug_aranges
                0x000011d8       0x28 build/obj/kb_buttons.o
 .debug_aranges
                0x00001200       0x50 build/obj/kb_logger.o
 .debug_aranges
                0x00001250       0x58 build/obj/kb_screen.o
 .debug_aranges
                0x000012a8       0x30 build/obj/kb_time.o
 .debug_aranges
                0x000012d8       0x38 build/obj/decoder.o
 .debug_aranges
                0x00001310       0x70 build/obj/ltc.o
 .debug_aranges
                0x00001380       0x60 build/obj/timecode.o
 .debug_aranges
                0x000013e0       0x38 build/obj/main.o
 .debug_aranges
                0x00001418       0x50 build/obj/spiEEPROM.o
 .debug_aranges
                0x00001468       0x58 build/obj/ST7565.o

.debug_ranges   0x00000000     0x1148
 .debug_ranges  0x00000000       0x28 build/obj/crt0.o
 .debug_ranges  0x00000028       0x18 build/obj/vectors.o
 .debug_ranges  0x00000040       0x10 build/obj/chcore.o
 .debug_ranges  0x00000050       0x40 build/obj/chcore_v7m.o
 .debug_ranges  0x00000090       0x20 build/obj/nvic.o
 .debug_ranges  0x000000b0       0x20 build/obj/chsys.o
 .debug_ranges  0x000000d0       0x78 build/obj/chdebug.o
 .debug_ranges  0x00000148       0x28 build/obj/chvt.o
 .debug_ranges  0x00000170       0x68 build/obj/chschd.o
 .debug_ranges  0x000001d8       0x80 build/obj/chthreads.o
 .debug_ranges  0x00000258       0x18 build/obj/chregistry.o
 .debug_ranges  0x00000270       0x60 build/obj/chmtx.o
 .debug_ranges  0x000002d0       0x90 build/obj/chevents.o
 .debug_ranges  0x00000360       0x30 build/obj/chmsg.o
 .debug_ranges  0x00000390       0x70 build/obj/chqueues.o
 .debug_ranges  0x00000400       0x28 build/obj/chmemcore.o
 .debug_ranges  0x00000428       0x30 build/obj/chheap.o
 .debug_ranges  0x00000458       0x20 build/obj/hal.o
 .debug_ranges  0x00000478       0x60 build/obj/adc.o
 .debug_ranges  0x000004d8       0x40 build/obj/ext.o
 .debug_ranges  0x00000518       0x68 build/obj/gpt.o
 .debug_ranges  0x00000580       0x38 build/obj/icu.o
 .debug_ranges  0x000005b8       0x18 build/obj/mmcsd.o
 .debug_ranges  0x000005d0       0x38 build/obj/rtc.o
 .debug_ranges  0x00000608       0x88 build/obj/sdc.o
 .debug_ranges  0x00000690       0x78 build/obj/serial.o
 .debug_ranges  0x00000708       0x88 build/obj/spi.o
 .debug_ranges  0x00000790       0xa0 build/obj/stm32_dma.o
 .debug_ranges  0x00000830       0x20 build/obj/hal_lld.o
 .debug_ranges  0x00000850       0x60 build/obj/adc_lld.o
 .debug_ranges  0x000008b0       0x88 build/obj/ext_lld_isr.o
 .debug_ranges  0x00000938       0x30 build/obj/ext_lld.o
 .debug_ranges  0x00000968       0x48 build/obj/gpt_lld.o
 .debug_ranges  0x000009b0       0x48 build/obj/icu_lld.o
 .debug_ranges  0x000009f8       0xb8 build/obj/sdc_lld.o
 .debug_ranges  0x00000ab0       0x20 build/obj/pal_lld.o
 .debug_ranges  0x00000ad0       0x48 build/obj/rtc_lld.o
 .debug_ranges  0x00000b18       0x68 build/obj/spi_lld.o
 .debug_ranges  0x00000b80       0x60 build/obj/serial_lld.o
 .debug_ranges  0x00000be0       0x28 build/obj/board.o
 .debug_ranges  0x00000c08       0x20 build/obj/chprintf.o
 .debug_ranges  0x00000c28       0x40 build/obj/chrtclib.o
 .debug_ranges  0x00000c68       0x30 build/obj/memstreams.o
 .debug_ranges  0x00000c98       0x78 build/obj/fatfsWrapper.o
 .debug_ranges  0x00000d10       0x38 build/obj/fatfs_diskio.o
 .debug_ranges  0x00000d48      0x180 build/obj/ff.o
 .debug_ranges  0x00000ec8       0x20 build/obj/kb_adc.o
 .debug_ranges  0x00000ee8       0x18 build/obj/kb_buttons.o
 .debug_ranges  0x00000f00       0x40 build/obj/kb_logger.o
 .debug_ranges  0x00000f40       0x48 build/obj/kb_screen.o
 .debug_ranges  0x00000f88       0x20 build/obj/kb_time.o
 .debug_ranges  0x00000fa8       0x28 build/obj/decoder.o
 .debug_ranges  0x00000fd0       0x60 build/obj/ltc.o
 .debug_ranges  0x00001030       0x50 build/obj/timecode.o
 .debug_ranges  0x00001080       0x28 build/obj/main.o
 .debug_ranges  0x000010a8       0x40 build/obj/spiEEPROM.o
 .debug_ranges  0x000010e8       0x60 build/obj/ST7565.o

.debug_line     0x00000000     0xace7
 .debug_line    0x00000000      0x169 build/obj/crt0.o
 .debug_line    0x00000169      0x10a build/obj/vectors.o
 .debug_line    0x00000273       0x60 build/obj/chcore.o
 .debug_line    0x000002d3      0x22d build/obj/chcore_v7m.o
 .debug_line    0x00000500      0x122 build/obj/nvic.o
 .debug_line    0x00000622      0x1d5 build/obj/chsys.o
 .debug_line    0x000007f7      0x2dd build/obj/chdebug.o
 .debug_line    0x00000ad4      0x1d3 build/obj/chvt.o
 .debug_line    0x00000ca7      0x308 build/obj/chschd.o
 .debug_line    0x00000faf      0x3ad build/obj/chthreads.o
 .debug_line    0x0000135c      0x218 build/obj/chregistry.o
 .debug_line    0x00001574      0x317 build/obj/chmtx.o
 .debug_line    0x0000188b      0x370 build/obj/chevents.o
 .debug_line    0x00001bfb      0x1f0 build/obj/chmsg.o
 .debug_line    0x00001deb      0x3b8 build/obj/chqueues.o
 .debug_line    0x000021a3      0x190 build/obj/chmemcore.o
 .debug_line    0x00002333      0x2c1 build/obj/chheap.o
 .debug_line    0x000025f4      0x250 build/obj/hal.o
 .debug_line    0x00002844      0x41a build/obj/adc.o
 .debug_line    0x00002c5e      0x269 build/obj/ext.o
 .debug_line    0x00002ec7      0x2dc build/obj/gpt.o
 .debug_line    0x000031a3      0x243 build/obj/icu.o
 .debug_line    0x000033e6      0x149 build/obj/mmcsd.o
 .debug_line    0x0000352f      0x282 build/obj/rtc.o
 .debug_line    0x000037b1      0x491 build/obj/sdc.o
 .debug_line    0x00003c42      0x403 build/obj/serial.o
 .debug_line    0x00004045      0x5c8 build/obj/spi.o
 .debug_line    0x0000460d      0x371 build/obj/stm32_dma.o
 .debug_line    0x0000497e      0x1fc build/obj/hal_lld.o
 .debug_line    0x00004b7a      0x491 build/obj/adc_lld.o
 .debug_line    0x0000500b      0x300 build/obj/ext_lld_isr.o
 .debug_line    0x0000530b      0x213 build/obj/ext_lld.o
 .debug_line    0x0000551e      0x259 build/obj/gpt_lld.o
 .debug_line    0x00005777      0x292 build/obj/icu_lld.o
 .debug_line    0x00005a09      0x4e5 build/obj/sdc_lld.o
 .debug_line    0x00005eee      0x1c8 build/obj/pal_lld.o
 .debug_line    0x000060b6      0x2c4 build/obj/rtc_lld.o
 .debug_line    0x0000637a      0x43c build/obj/spi_lld.o
 .debug_line    0x000067b6      0x3c9 build/obj/serial_lld.o
 .debug_line    0x00006b7f      0x2a2 build/obj/board.o
 .debug_line    0x00006e21      0x2b9 build/obj/chprintf.o
 .debug_line    0x000070da      0x33c build/obj/chrtclib.o
 .debug_line    0x00007416      0x1eb build/obj/memstreams.o
 .debug_line    0x00007601      0x2cc build/obj/fatfsWrapper.o
 .debug_line    0x000078cd      0x31b build/obj/fatfs_diskio.o
 .debug_line    0x00007be8      0xe9a build/obj/ff.o
 .debug_line    0x00008a82       0x31 build/obj/glcdfont.o
 .debug_line    0x00008ab3      0x2bf build/obj/kb_adc.o
 .debug_line    0x00008d72      0x1af build/obj/kb_buttons.o
 .debug_line    0x00008f21      0x34a build/obj/kb_logger.o
 .debug_line    0x0000926b      0x453 build/obj/kb_screen.o
 .debug_line    0x000096be      0x2cb build/obj/kb_time.o
 .debug_line    0x00009989      0x32d build/obj/decoder.o
 .debug_line    0x00009cb6      0x216 build/obj/ltc.o
 .debug_line    0x00009ecc      0x250 build/obj/timecode.o
 .debug_line    0x0000a11c      0x4b0 build/obj/main.o
 .debug_line    0x0000a5cc      0x32b build/obj/spiEEPROM.o
 .debug_line    0x0000a8f7      0x3f0 build/obj/ST7565.o

.debug_str      0x00000000     0x4a0c
 .debug_str     0x00000000      0x1fa build/obj/crt0.o
                                0x234 (size before relaxing)
 .debug_str     0x000001fa      0x179 build/obj/vectors.o
                                0x290 (size before relaxing)
 .debug_str     0x00000373       0x35 build/obj/chcore.o
                                0x137 (size before relaxing)
 .debug_str     0x000003a8      0x2ea build/obj/chcore_v7m.o
                                0x41c (size before relaxing)
 .debug_str     0x00000692       0xc3 build/obj/nvic.o
                                0x236 (size before relaxing)
 .debug_str     0x00000755      0x1d2 build/obj/chsys.o
                                0x4aa (size before relaxing)
 .debug_str     0x00000927      0x1a2 build/obj/chdebug.o
                                0x4d7 (size before relaxing)
 .debug_str     0x00000ac9       0x5d build/obj/chvt.o
                                0x1d3 (size before relaxing)
 .debug_str     0x00000b26       0xff build/obj/chschd.o
                                0x417 (size before relaxing)
 .debug_str     0x00000c25      0x110 build/obj/chthreads.o
                                0x44d (size before relaxing)
 .debug_str     0x00000d35       0x4a build/obj/chregistry.o
                                0x419 (size before relaxing)
 .debug_str     0x00000d7f       0x92 build/obj/chmtx.o
                                0x385 (size before relaxing)
 .debug_str     0x00000e11      0x1c1 build/obj/chevents.o
                                0x4a1 (size before relaxing)
 .debug_str     0x00000fd2       0x52 build/obj/chmsg.o
                                0x32e (size before relaxing)
 .debug_str     0x00001024      0x121 build/obj/chqueues.o
                                0x427 (size before relaxing)
 .debug_str     0x00001145       0x83 build/obj/chmemcore.o
                                0x1a2 (size before relaxing)
 .debug_str     0x000011c8       0xc0 build/obj/chheap.o
                                0x36d (size before relaxing)
 .debug_str     0x00001288      0x13d build/obj/hal.o
                                0x26a (size before relaxing)
 .debug_str     0x000013c5      0x2a8 build/obj/adc.o
                                0x5c7 (size before relaxing)
 .debug_str     0x0000166d       0xff build/obj/ext.o
                                0x23a (size before relaxing)
 .debug_str     0x0000176c      0x218 build/obj/gpt.o
                                0x34e (size before relaxing)
 .debug_str     0x00001984      0x154 build/obj/icu.o
                                0x35f (size before relaxing)
 .debug_str     0x00001ad8       0x63 build/obj/mmcsd.o
                                0x18e (size before relaxing)
 .debug_str     0x00001b3b      0x1b7 build/obj/rtc.o
                                0x2e4 (size before relaxing)
 .debug_str     0x00001cf2      0x2a9 build/obj/sdc.o
                                0x5f5 (size before relaxing)
 .debug_str     0x00001f9b      0x157 build/obj/serial.o
                                0x509 (size before relaxing)
 .debug_str     0x000020f2      0x1f6 build/obj/spi.o
                                0x5bb (size before relaxing)
 .debug_str     0x000022e8      0x735 build/obj/stm32_dma.o
                                0x925 (size before relaxing)
 .debug_str     0x00002a1d       0xcc build/obj/hal_lld.o
                                0x33d (size before relaxing)
 .debug_str     0x00002ae9      0x13b build/obj/adc_lld.o
                                0xc35 (size before relaxing)
 .debug_str     0x00002c24      0x125 build/obj/ext_lld_isr.o
                                0x7cc (size before relaxing)
 .debug_str     0x00002d49       0xb2 build/obj/ext_lld.o
                                0x291 (size before relaxing)
 .debug_str     0x00002dfb       0xbb build/obj/gpt_lld.o
                                0x945 (size before relaxing)
 .debug_str     0x00002eb6       0xb5 build/obj/icu_lld.o
                                0x9b7 (size before relaxing)
 .debug_str     0x00002f6b      0x1eb build/obj/sdc_lld.o
                                0xd4d (size before relaxing)
 .debug_str     0x00003156       0x8d build/obj/pal_lld.o
                                0x396 (size before relaxing)
 .debug_str     0x000031e3       0xf1 build/obj/rtc_lld.o
                                0x381 (size before relaxing)
 .debug_str     0x000032d4      0x11e build/obj/spi_lld.o
                                0x6b4 (size before relaxing)
 .debug_str     0x000033f2       0xa3 build/obj/serial_lld.o
                                0xafb (size before relaxing)
 .debug_str     0x00003495       0x4e build/obj/board.o
                                0x60a (size before relaxing)
 .debug_str     0x000034e3       0xe0 build/obj/chprintf.o
                                0x221 (size before relaxing)
 .debug_str     0x000035c3       0xe9 build/obj/chrtclib.o
                                0x351 (size before relaxing)
 .debug_str     0x000036ac       0x5a build/obj/memstreams.o
                                0x197 (size before relaxing)
 .debug_str     0x00003706      0x475 build/obj/fatfsWrapper.o
                                0x7b1 (size before relaxing)
 .debug_str     0x00003b7b       0xa3 build/obj/fatfs_diskio.o
                                0x69d (size before relaxing)
 .debug_str     0x00003c1e      0x22b build/obj/ff.o
                                0x64a (size before relaxing)
 .debug_str     0x00003e49       0x1c build/obj/glcdfont.o
                                 0x9d (size before relaxing)
 .debug_str     0x00003e65       0x52 build/obj/kb_adc.o
                                0x580 (size before relaxing)
 .debug_str     0x00003eb7       0x2f build/obj/kb_buttons.o
                                0x239 (size before relaxing)
 .debug_str     0x00003ee6       0xc2 build/obj/kb_logger.o
                                0x7ff (size before relaxing)
 .debug_str     0x00003fa8      0x13c build/obj/kb_screen.o
                                0x7e3 (size before relaxing)
 .debug_str     0x000040e4      0x227 build/obj/kb_time.o
                                0x7c3 (size before relaxing)
 .debug_str     0x0000430b      0x198 build/obj/decoder.o
                                0x455 (size before relaxing)
 .debug_str     0x000044a3      0x182 build/obj/ltc.o
                                0x54d (size before relaxing)
 .debug_str     0x00004625      0x132 build/obj/timecode.o
                                0x3f3 (size before relaxing)
 .debug_str     0x00004757      0x104 build/obj/main.o
                                0xdaf (size before relaxing)
 .debug_str     0x0000485b       0xa6 build/obj/spiEEPROM.o
                                0x569 (size before relaxing)
 .debug_str     0x00004901      0x10b build/obj/ST7565.o
                                0x603 (size before relaxing)

.comment        0x00000000       0x70
 .comment       0x00000000       0x70 build/obj/crt0.o
                                 0x71 (size before relaxing)
 .comment       0x00000000       0x71 build/obj/vectors.o
 .comment       0x00000000       0x71 build/obj/chcore.o
 .comment       0x00000000       0x71 build/obj/chcore_v7m.o
 .comment       0x00000000       0x71 build/obj/nvic.o
 .comment       0x00000000       0x71 build/obj/chsys.o
 .comment       0x00000000       0x71 build/obj/chdebug.o
 .comment       0x00000000       0x71 build/obj/chvt.o
 .comment       0x00000000       0x71 build/obj/chschd.o
 .comment       0x00000000       0x71 build/obj/chthreads.o
 .comment       0x00000000       0x71 build/obj/chregistry.o
 .comment       0x00000000       0x71 build/obj/chmtx.o
 .comment       0x00000000       0x71 build/obj/chevents.o
 .comment       0x00000000       0x71 build/obj/chmsg.o
 .comment       0x00000000       0x71 build/obj/chqueues.o
 .comment       0x00000000       0x71 build/obj/chmemcore.o
 .comment       0x00000000       0x71 build/obj/chheap.o
 .comment       0x00000000       0x71 build/obj/hal.o
 .comment       0x00000000       0x71 build/obj/adc.o
 .comment       0x00000000       0x71 build/obj/ext.o
 .comment       0x00000000       0x71 build/obj/gpt.o