Archive member included because of file (symbol)

c:/chibistudio/tools/gnu tools arm embedded/4.7 2013q1/bin/../lib/gcc/arm-none-eabi/4.7.3/../../../../arm-none-eabi/lib/armv7e-m\libm.a(lib_a-s_cos.o)
                              build/obj/kb_gps.o (cos)
c:/chibistudio/tools/gnu tools arm embedded/4.7 2013q1/bin/../lib/gcc/arm-none-eabi/4.7.3/../../../../arm-none-eabi/lib/armv7e-m\libm.a(lib_a-s_sin.o)
                              build/obj/kb_gps.o (sin)
c:/chibistudio/tools/gnu tools arm embedded/4.7 2013q1/bin/../lib/gcc/arm-none-eabi/4.7.3/../../../../arm-none-eabi/lib/armv7e-m\libm.a(lib_a-w_atan2.o)
                              build/obj/kb_gps.o (atan2)
c:/chibistudio/tools/gnu tools arm embedded/4.7 2013q1/bin/../lib/gcc/arm-none-eabi/4.7.3/../../../../arm-none-eabi/lib/armv7e-m\libm.a(lib_a-w_pow.o)
                              build/obj/kb_gps.o (pow)
c:/chibistudio/tools/gnu tools arm embedded/4.7 2013q1/bin/../lib/gcc/arm-none-eabi/4.7.3/../../../../arm-none-eabi/lib/armv7e-m\libm.a(lib_a-w_sqrt.o)
                              build/obj/kb_gps.o (sqrt)
c:/chibistudio/tools/gnu tools arm embedded/4.7 2013q1/bin/../lib/gcc/arm-none-eabi/4.7.3/../../../../arm-none-eabi/lib/armv7e-m\libm.a(lib_a-e_atan2.o)
                              c:/chibistudio/tools/gnu tools arm embedded/4.7 2013q1/bin/../lib/gcc/arm-none-eabi/4.7.3/../../../../arm-none-eabi/lib/armv7e-m\libm.a(lib_a-w_atan2.o) (__ieee754_atan2)
c:/chibistudio/tools/gnu tools arm embedded/4.7 2013q1/bin/../lib/gcc/arm-none-eabi/4.7.3/../../../../arm-none-eabi/lib/armv7e-m\libm.a(lib_a-e_pow.o)
                              c:/chibistudio/tools/gnu tools arm embedded/4.7 2013q1/bin/../lib/gcc/arm-none-eabi/4.7.3/../../../../arm-none-eabi/lib/armv7e-m\libm.a(lib_a-w_pow.o) (__ieee754_pow)
c:/chibistudio/tools/gnu tools arm embedded/4.7 2013q1/bin/../lib/gcc/arm-none-eabi/4.7.3/../../../../arm-none-eabi/lib/armv7e-m\libm.a(lib_a-e_rem_pio2.o)
                              c:/chibistudio/tools/gnu tools arm embedded/4.7 2013q1/bin/../lib/gcc/arm-none-eabi/4.7.3/../../../../arm-none-eabi/lib/armv7e-m\libm.a(lib_a-s_cos.o) (__ieee754_rem_pio2)
c:/chibistudio/tools/gnu tools arm embedded/4.7 2013q1/bin/../lib/gcc/arm-none-eabi/4.7.3/../../../../arm-none-eabi/lib/armv7e-m\libm.a(lib_a-e_sqrt.o)
                              c:/chibistudio/tools/gnu tools arm embedded/4.7 2013q1/bin/../lib/gcc/arm-none-eabi/4.7.3/../../../../arm-none-eabi/lib/armv7e-m\libm.a(lib_a-w_sqrt.o) (__ieee754_sqrt)
c:/chibistudio/tools/gnu tools arm embedded/4.7 2013q1/bin/../lib/gcc/arm-none-eabi/4.7.3/../../../../arm-none-eabi/lib/armv7e-m\libm.a(lib_a-k_cos.o)
                              c:/chibistudio/tools/gnu tools arm embedded/4.7 2013q1/bin/../lib/gcc/arm-none-eabi/4.7.3/../../../../arm-none-eabi/lib/armv7e-m\libm.a(lib_a-s_cos.o) (__kernel_cos)
c:/chibistudio/tools/gnu tools arm embedded/4.7 2013q1/bin/../lib/gcc/arm-none-eabi/4.7.3/../../../../arm-none-eabi/lib/armv7e-m\libm.a(lib_a-k_rem_pio2.o)
                              c:/chibistudio/tools/gnu tools arm embedded/4.7 2013q1/bin/../lib/gcc/arm-none-eabi/4.7.3/../../../../arm-none-eabi/lib/armv7e-m\libm.a(lib_a-e_rem_pio2.o) (__kernel_rem_pio2)
c:/chibistudio/tools/gnu tools arm embedded/4.7 2013q1/bin/../lib/gcc/arm-none-eabi/4.7.3/../../../../arm-none-eabi/lib/armv7e-m\libm.a(lib_a-k_sin.o)
                              c:/chibistudio/tools/gnu tools arm embedded/4.7 2013q1/bin/../lib/gcc/arm-none-eabi/4.7.3/../../../../arm-none-eabi/lib/armv7e-m\libm.a(lib_a-s_cos.o) (__kernel_sin)
c:/chibistudio/tools/gnu tools arm embedded/4.7 2013q1/bin/../lib/gcc/arm-none-eabi/4.7.3/../../../../arm-none-eabi/lib/armv7e-m\libm.a(lib_a-s_atan.o)
                              c:/chibistudio/tools/gnu tools arm embedded/4.7 2013q1/bin/../lib/gcc/arm-none-eabi/4.7.3/../../../../arm-none-eabi/lib/armv7e-m\libm.a(lib_a-e_atan2.o) (atan)
c:/chibistudio/tools/gnu tools arm embedded/4.7 2013q1/bin/../lib/gcc/arm-none-eabi/4.7.3/../../../../arm-none-eabi/lib/armv7e-m\libm.a(lib_a-s_fabs.o)
                              c:/chibistudio/tools/gnu tools arm embedded/4.7 2013q1/bin/../lib/gcc/arm-none-eabi/4.7.3/../../../../arm-none-eabi/lib/armv7e-m\libm.a(lib_a-e_atan2.o) (fabs)
c:/chibistudio/tools/gnu tools arm embedded/4.7 2013q1/bin/../lib/gcc/arm-none-eabi/4.7.3/../../../../arm-none-eabi/lib/armv7e-m\libm.a(lib_a-s_finite.o)
                              c:/chibistudio/tools/gnu tools arm embedded/4.7 2013q1/bin/../lib/gcc/arm-none-eabi/4.7.3/../../../../arm-none-eabi/lib/armv7e-m\libm.a(lib_a-w_pow.o) (finite)
c:/chibistudio/tools/gnu tools arm embedded/4.7 2013q1/bin/../lib/gcc/arm-none-eabi/4.7.3/../../../../arm-none-eabi/lib/armv7e-m\libm.a(lib_a-s_floor.o)
                              c:/chibistudio/tools/gnu tools arm embedded/4.7 2013q1/bin/../lib/gcc/arm-none-eabi/4.7.3/../../../../arm-none-eabi/lib/armv7e-m\libm.a(lib_a-k_rem_pio2.o) (floor)
[...]
Memory Configuration

Name             Origin             Length             Attributes
flash            0x08020000         0x000e0000
ram              0x20000000         0x0001c000
ethram           0x2001c000         0x00004000
ccmram           0x10000000         0x00010000
*default*        0x00000000         0xffffffff

Linker script and memory map

LOAD build/obj/kb_debug_asm.o
LOAD build/obj/crt0.o
LOAD build/obj/vectors.o
LOAD build/obj/chcore.o
LOAD build/obj/chcore_v7m.o
LOAD build/obj/nvic.o
LOAD build/obj/chsys.o
LOAD build/obj/chdebug.o
LOAD build/obj/chlists.o
LOAD build/obj/chvt.o
LOAD build/obj/chschd.o
LOAD build/obj/chthreads.o
LOAD build/obj/chdynamic.o
LOAD build/obj/chregistry.o
LOAD build/obj/chsem.o
LOAD build/obj/chmtx.o
LOAD build/obj/chcond.o
LOAD build/obj/chevents.o
LOAD build/obj/chmsg.o
LOAD build/obj/chmboxes.o
LOAD build/obj/chqueues.o
LOAD build/obj/chmemcore.o
LOAD build/obj/chheap.o
LOAD build/obj/chmempools.o
LOAD build/obj/hal.o
LOAD build/obj/adc.o
LOAD build/obj/can.o
LOAD build/obj/dac.o
LOAD build/obj/ext.o
LOAD build/obj/gpt.o
LOAD build/obj/i2c.o
LOAD build/obj/icu.o
LOAD build/obj/mac.o
LOAD build/obj/mmc_spi.o
LOAD build/obj/mmcsd.o
LOAD build/obj/pal.o
LOAD build/obj/pwm.o
LOAD build/obj/rtc.o
LOAD build/obj/sdc.o
LOAD build/obj/serial.o
LOAD build/obj/serial_usb.o
LOAD build/obj/spi.o
LOAD build/obj/tm.o
LOAD build/obj/uart.o
LOAD build/obj/usb.o
LOAD build/obj/stm32_dma.o
LOAD build/obj/hal_lld.o
LOAD build/obj/adc_lld.o
LOAD build/obj/ext_lld_isr.o
LOAD build/obj/can_lld.o
LOAD build/obj/ext_lld.o
LOAD build/obj/gpt_lld.o
LOAD build/obj/icu_lld.o
LOAD build/obj/mac_lld.o
LOAD build/obj/pwm_lld.o
LOAD build/obj/sdc_lld.o
LOAD build/obj/pal_lld.o
LOAD build/obj/i2c_lld.o
LOAD build/obj/usb_lld.o
LOAD build/obj/rtc_lld.o
LOAD build/obj/spi_lld.o
LOAD build/obj/serial_lld.o
LOAD build/obj/uart_lld.o
LOAD build/obj/board.o
LOAD build/obj/chprintf.o
LOAD build/obj/chrtclib.o
LOAD build/obj/memstreams.o
LOAD build/obj/fatfs_diskio.o
LOAD build/obj/ff.o
LOAD build/obj/glcdfont.o
LOAD build/obj/kb_adc.o
LOAD build/obj/kb_buttons.o
LOAD build/obj/kb_config.o
LOAD build/obj/kb_debug.o
LOAD build/obj/kb_featureA.o
LOAD build/obj/kb_gpio.o
LOAD build/obj/kb_gps.o
LOAD build/obj/kb_menu.o
LOAD build/obj/kb_screen.o
LOAD build/obj/kb_serial.o
LOAD build/obj/kb_time.o
LOAD build/obj/kb_util.o
LOAD build/obj/kb_vectornav.o
LOAD build/obj/kb_writer.o
LOAD build/obj/main.o
LOAD build/obj/spiEEPROM.o
LOAD build/obj/ST7565.o
LOAD c:/chibistudio/tools/gnu tools arm embedded/4.7 2013q1/bin/../lib/gcc/arm-none-eabi/4.7.3/../../../../arm-none-eabi/lib/armv7e-m\libm.a
START GROUP
LOAD c:/chibistudio/tools/gnu tools arm embedded/4.7 2013q1/bin/../lib/gcc/arm-none-eabi/4.7.3/armv7e-m\libgcc.a
LOAD c:/chibistudio/tools/gnu tools arm embedded/4.7 2013q1/bin/../lib/gcc/arm-none-eabi/4.7.3/../../../../arm-none-eabi/lib/armv7e-m\libc.a
END GROUP
                0x00000400                __main_stack_size__ = 0x400
                0x00000400                __process_stack_size__ = 0x400
                0x20000000                __ram_start__ = ORIGIN (ram)
                0x0001c000                __ram_size__ = 0x1c000
                0x2001c000                __ram_end__ = (__ram_start__ + __ram_size__)
                0x00000000                . = 0x0
                0x00000000                _text = .

startup         0x08020000      0x188
 *(vectors)
 vectors        0x08020000      0x188 build/obj/vectors.o
                0x08020000                _vectors

constructors    0x08020188        0x0
                0x08020188                PROVIDE (__init_array_start, .)
 *(SORT(.init_array.*))
 *(.init_array)
                0x08020188                PROVIDE (__init_array_end, .)

destructors     0x08020188        0x0
                0x08020188                PROVIDE (__fini_array_start, .)
 *(.fini_array)
 *(SORT(.fini_array.*))
                0x08020188                PROVIDE (__fini_array_end, .)

.text           0x08020190     0xfe34
 *(.text.startup.*)
 .text.startup.main
                0x08020190       0x70 build/obj/main.o
                0x08020190                main
 *(.text)
 .text          0x08020200       0x12 build/obj/kb_debug_asm.o
                0x08020200                HardFaultVector
 *fill*         0x08020212        0xe 00
 .text          0x08020220      0x370 c:/chibistudio/tools/gnu tools arm embedded/4.7 2013q1/bin/../lib/gcc/arm-none-eabi/4.7.3/armv7e-m\libgcc.a(_arm_addsubdf3.o)
                0x08020220                __aeabi_drsub
                0x08020228                __aeabi_dsub
                0x08020228                __subdf3
                0x0802022c                __aeabi_dadd
                0x0802022c                __adddf3
                0x080204a4                __floatunsidf
                0x080204a4                __aeabi_ui2d
                0x080204c4                __floatsidf
                0x080204c4                __aeabi_i2d
                0x080204e8                __aeabi_f2d
                0x080204e8                __extendsfdf2
                0x08020524                __floatundidf
                0x08020524                __aeabi_ul2d
                0x08020534                __floatdidf
                0x08020534                __aeabi_l2d
 .text          0x08020590      0x424 c:/chibistudio/tools/gnu tools arm embedded/4.7 2013q1/bin/../lib/gcc/arm-none-eabi/4.7.3/armv7e-m\libgcc.a(_arm_muldivdf3.o)
                0x08020590                __aeabi_dmul
                0x08020590                __muldf3
                0x080207e4                __divdf3
                0x080207e4                __aeabi_ddiv
 *fill*         0x080209b4        0xc 00
 .text          0x080209c0      0x110 c:/chibistudio/tools/gnu tools arm embedded/4.7 2013q1/bin/../lib/gcc/arm-none-eabi/4.7.3/armv7e-m\libgcc.a(_arm_cmpdf2.o)
                0x080209c0                __gtdf2
                0x080209c0                __gedf2
                0x080209c8                __ltdf2
                0x080209c8                __ledf2
                0x080209d0                __nedf2
                0x080209d0                __eqdf2
                0x080209d0                __cmpdf2
                0x08020a4c                __aeabi_cdrcmple
                0x08020a5c                __aeabi_cdcmpeq
                0x08020a5c                __aeabi_cdcmple
                0x08020a6c                __aeabi_dcmpeq
                0x08020a80                __aeabi_dcmplt
                0x08020a94                __aeabi_dcmple
                0x08020aa8                __aeabi_dcmpge
                0x08020abc                __aeabi_dcmpgt
 .text          0x08020ad0       0x50 c:/chibistudio/tools/gnu tools arm embedded/4.7 2013q1/bin/../lib/gcc/arm-none-eabi/4.7.3/armv7e-m\libgcc.a(_arm_fixdfsi.o)
                0x08020ad0                __aeabi_d2iz
                0x08020ad0                __fixdfsi
 .text          0x08020b20       0xa0 c:/chibistudio/tools/gnu tools arm embedded/4.7 2013q1/bin/../lib/gcc/arm-none-eabi/4.7.3/armv7e-m\libgcc.a(_arm_truncdfsf2.o)
                0x08020b20                __truncdfsf2
                0x08020b20                __aeabi_d2f
 *(.text.*)
 .text.__late_init
                0x08020bc0       0x10 build/obj/crt0.o
                0x08020bc0                __late_init
 .text._default_exit
                0x08020bd0       0x10 build/obj/crt0.o
                0x08020bd0                _default_exit
 .text.ResetHandler
                0x08020be0      0x200 build/obj/crt0.o
                0x08020be0                ResetHandler
 .text._unhandled_exception
                0x08020de0       0x10 build/obj/vectors.o
                0x08020de0                NMIVector
                0x08020de0                Vector11C
                0x08020de0                Vector8C
                0x08020de0                VectorDC
                0x08020de0                Vector168
                0x08020de0                Vector110
                0x08020de0                VectorC8
                0x08020de0                Vector94
                0x08020de0                VectorA8
                0x08020de0                VectorB4
                0x08020de0                Vector160
                0x08020de0                VectorEC
                0x08020de0                UsageFaultVector
                0x08020de0                DebugMonitorVector
                0x08020de0                Vector40
                0x08020de0                VectorF8
                0x08020de0                Vector108
                0x08020de0                VectorBC
                0x08020de0                Vector148
                0x08020de0                PendSVVector
                0x08020de0                Vector118
                0x08020de0                VectorCC
                0x08020de0                Vector54
                0x08020de0                Vector98
                0x08020de0                Vector24
                0x08020de0                Vector178
                0x08020de0                BusFaultVector
                0x08020de0                VectorD0
                0x08020de0                Vector140
                0x08020de0                VectorC0
                0x08020de0                Vector134
                0x08020de0                VectorF0
                0x08020de0                Vector13C
                0x08020de0                Vector100
                0x08020de0                MemManageVector
                0x08020de0                VectorA0
                0x08020de0                VectorC4
                0x08020de0                Vector180
                0x08020de0                VectorB0
                0x08020de0                Vector90
                0x08020de0                Vector114
                0x08020de0                Vector164
                0x08020de0                Vector1C
                0x08020de0                Vector17C
                0x08020de0                Vector48
                0x08020de0                Vector16C
                0x08020de0                Vector144
                0x08020de0                _unhandled_exception
                0x08020de0                Vector184
                0x08020de0                Vector10C
                0x08020de0                Vector14C
                0x08020de0                Vector50
                0x08020de0                Vector28
                0x08020de0                VectorB8
                0x08020de0                Vector34
                0x08020de0                Vector20
                0x08020de0                Vector174
 .text.port_halt
                0x08020df0       0x10 build/obj/chcore.o
                0x08020df0                port_halt
 .text._port_switch_from_isr
                0x08020e00       0x10 build/obj/chcore_v7m.o
                0x08020e00                _port_switch_from_isr
 .text.SVCallVector
                0x08020e10       0x30 build/obj/chcore_v7m.o
                0x08020e10                SVCallVector
 .text._port_init
                0x08020e40       0x40 build/obj/chcore_v7m.o
                0x08020e40                _port_init
 .text._port_irq_epilogue
                0x08020e80       0x90 build/obj/chcore_v7m.o
                0x08020e80                _port_irq_epilogue
 .text.SysTickVector
                0x08020f10       0x30 build/obj/chcore_v7m.o
                0x08020f10                SysTickVector
 .text._port_switch
                0x08020f40       0x20 build/obj/chcore_v7m.o
                0x08020f40                _port_switch
 .text._port_thread_start
                0x08020f60       0x20 build/obj/chcore_v7m.o
                0x08020f60                _port_thread_start
 .text.nvicEnableVector
                0x08020f80       0x50 build/obj/nvic.o
                0x08020f80                nvicEnableVector
 .text.nvicDisableVector
                0x08020fd0       0x40 build/obj/nvic.o
                0x08020fd0                nvicDisableVector
 .text.nvicSetSystemHandlerPriority
                0x08021010       0x30 build/obj/nvic.o
                0x08021010                nvicSetSystemHandlerPriority
 .text._idle_thread
                0x08021040       0x20 build/obj/chsys.o
                0x08021040                _idle_thread
 .text.chSysInit
                0x08021060       0x80 build/obj/chsys.o
                0x08021060                chSysInit
 .text.chSysTimerHandlerI
                0x080210e0       0x70 build/obj/chsys.o
                0x080210e0                chSysTimerHandlerI
 .text._trace_init
                0x08021150       0x20 build/obj/chdebug.o
                0x08021150                _trace_init
 .text.dbg_trace
                0x08021170       0x40 build/obj/chdebug.o
                0x08021170                dbg_trace
 .text.chDbgPanic
                0x080211b0       0x20 build/obj/chdebug.o
                0x080211b0                chDbgPanic
 .text.chDbgCheckClassS
                0x080211d0       0x30 build/obj/chdebug.o
                0x080211d0                chDbgCheckClassS
 .text.chDbgCheckClassI
                0x08021200       0x30 build/obj/chdebug.o
                0x08021200                chDbgCheckClassI
 .text.dbg_check_leave_isr
                0x08021230       0x40 build/obj/chdebug.o
                0x08021230                dbg_check_leave_isr
 .text.dbg_check_enter_isr
                0x08021270       0x40 build/obj/chdebug.o
                0x08021270                dbg_check_enter_isr
 .text.dbg_check_unlock_from_isr
                0x080212b0       0x30 build/obj/chdebug.o
                0x080212b0                dbg_check_unlock_from_isr
 .text.dbg_check_lock_from_isr
                0x080212e0       0x30 build/obj/chdebug.o
                0x080212e0                dbg_check_lock_from_isr
 .text.dbg_check_unlock
                0x08021310       0x30 build/obj/chdebug.o
                0x08021310                dbg_check_unlock
 .text.dbg_check_lock
                0x08021340       0x30 build/obj/chdebug.o
                0x08021340                dbg_check_lock
 .text.dbg_check_enable
                0x08021370       0x20 build/obj/chdebug.o
                0x08021370                dbg_check_enable
 .text.dbg_check_disable
                0x08021390       0x20 build/obj/chdebug.o
                0x08021390                dbg_check_disable
 .text._vt_init
                0x080213b0       0x20 build/obj/chvt.o
                0x080213b0                _vt_init
 .text.chVTSetI
                0x080213d0       0x60 build/obj/chvt.o
                0x080213d0                chVTSetI
 .text.chVTResetI
                0x08021430       0x50 build/obj/chvt.o
                0x08021430                chVTResetI
 .text._scheduler_init
                0x08021480       0x20 build/obj/chschd.o
                0x08021480                _scheduler_init
 .text.chSchReadyI
                0x080214a0       0x50 build/obj/chschd.o
                0x080214a0                chSchReadyI
 .text.wakeup   0x080214f0       0x60 build/obj/chschd.o
 .text.chSchGoSleepS
                0x08021550       0x50 build/obj/chschd.o
                0x08021550                chSchGoSleepS
 .text.chSchGoSleepTimeoutS
                0x080215a0       0x50 build/obj/chschd.o
                0x080215a0                chSchGoSleepTimeoutS
 .text.chSchWakeupS
                0x080215f0       0x60 build/obj/chschd.o
                0x080215f0                chSchWakeupS
 .text.chSchDoRescheduleBehind
                0x08021650       0x50 build/obj/chschd.o
                0x08021650                chSchDoRescheduleBehind
 .text.chSchDoRescheduleAhead
                0x080216a0       0x60 build/obj/chschd.o
                0x080216a0                chSchDoRescheduleAhead
 .text.chSchRescheduleS
                0x08021700       0x30 build/obj/chschd.o
                0x08021700                chSchRescheduleS
 .text.chSchDoReschedule
                0x08021730       0x20 build/obj/chschd.o
                0x08021730                chSchDoReschedule
 .text._thread_init
                0x08021750       0x60 build/obj/chthreads.o
                0x08021750                _thread_init
 .text.chThdCreateI
                0x080217b0       0xa0 build/obj/chthreads.o
                0x080217b0                chThdCreateI
 .text.chThdCreateStatic
                0x08021850       0xa0 build/obj/chthreads.o
                0x08021850                chThdCreateStatic
 .text.chThdTerminate
                0x080218f0       0x30 build/obj/chthreads.o
                0x080218f0                chThdTerminate
 .text.chThdSleep
                0x08021920       0x30 build/obj/chthreads.o
                0x08021920                chThdSleep
 .text.chThdSleepUntil
                0x08021950       0x30 build/obj/chthreads.o
                0x08021950                chThdSleepUntil
 .text.chThdExitS
                0x08021980       0x50 build/obj/chthreads.o
                0x08021980                chThdExitS
 .text.chThdExit
                0x080219d0       0x20 build/obj/chthreads.o
                0x080219d0                chThdExit
 .text.chThdWait
                0x080219f0       0x80 build/obj/chthreads.o
                0x080219f0                chThdWait
 .text.chThdRelease
                0x08021a70       0x80 build/obj/chdynamic.o
                0x08021a70                chThdRelease
 .text.chSemInit
                0x08021af0       0x20 build/obj/chsem.o
                0x08021af0                chSemInit
 .text.chSemWaitS
                0x08021b10       0x70 build/obj/chsem.o
                0x08021b10                chSemWaitS
 .text.chSemWait
                0x08021b80       0x30 build/obj/chsem.o
                0x08021b80                chSemWait
 .text.chSemWaitTimeoutS
                0x08021bb0       0x80 build/obj/chsem.o
                0x08021bb0                chSemWaitTimeoutS
 .text.chSemSignal
                0x08021c30       0x60 build/obj/chsem.o
                0x08021c30                chSemSignal
 .text.chSemSignalI
                0x08021c90       0x60 build/obj/chsem.o
                0x08021c90                chSemSignalI
 .text.chMtxInit
                0x08021cf0       0x20 build/obj/chmtx.o
                0x08021cf0                chMtxInit
 .text.chMtxLockS
                0x08021d10      0x100 build/obj/chmtx.o
                0x08021d10                chMtxLockS
 .text.chMtxLock
                0x08021e10       0x20 build/obj/chmtx.o
                0x08021e10                chMtxLock
 .text.chMtxUnlock
                0x08021e30       0x90 build/obj/chmtx.o
                0x08021e30                chMtxUnlock
 .text.chEvtSignalI
                0x08021ec0       0x50 build/obj/chevents.o
                0x08021ec0                chEvtSignalI
 .text.chEvtBroadcastFlagsI
                0x08021f10       0x40 build/obj/chevents.o
                0x08021f10                chEvtBroadcastFlagsI
 .text.chMBInit
                0x08021f50       0x40 build/obj/chmboxes.o
                0x08021f50                chMBInit
 .text.chMBPostI
                0x08021f90       0x50 build/obj/chmboxes.o
                0x08021f90                chMBPostI
 .text.chMBFetchS
                0x08021fe0       0x50 build/obj/chmboxes.o
                0x08021fe0                chMBFetchS
 .text.chMBFetch
                0x08022030       0x30 build/obj/chmboxes.o
                0x08022030                chMBFetch
 .text.qwait    0x08022060       0x30 build/obj/chqueues.o
 .text.chIQInit
                0x08022090       0x20 build/obj/chqueues.o
                0x08022090                chIQInit
 .text.chIQResetI
                0x080220b0       0x30 build/obj/chqueues.o
                0x080220b0                chIQResetI
 .text.chIQPutI
                0x080220e0       0x60 build/obj/chqueues.o
                0x080220e0                chIQPutI
 .text.chIQGetTimeout
                0x08022140       0x60 build/obj/chqueues.o
                0x08022140                chIQGetTimeout
 .text.chIQReadTimeout
                0x080221a0       0xa0 build/obj/chqueues.o
                0x080221a0                chIQReadTimeout
 .text.chOQInit
                0x08022240       0x20 build/obj/chqueues.o
                0x08022240                chOQInit
 .text.chOQResetI
                0x08022260       0x40 build/obj/chqueues.o
                0x08022260                chOQResetI
 .text.chOQPutTimeout
                0x080222a0       0x70 build/obj/chqueues.o
                0x080222a0                chOQPutTimeout
 .text.chOQGetI
                0x08022310       0x50 build/obj/chqueues.o
                0x08022310                chOQGetI
 .text.chOQWriteTimeout
                0x08022360       0xa0 build/obj/chqueues.o
                0x08022360                chOQWriteTimeout
 .text._core_init
                0x08022400       0x30 build/obj/chmemcore.o
                0x08022400                _core_init
 .text.chCoreAllocI
                0x08022430       0x30 build/obj/chmemcore.o
                0x08022430                chCoreAllocI
 .text.chCoreAlloc
                0x08022460       0x30 build/obj/chmemcore.o
                0x08022460                chCoreAlloc
 .text._heap_init
                0x08022490       0x20 build/obj/chheap.o
                0x08022490                _heap_init
 .text.chHeapFree
                0x080224b0       0xb0 build/obj/chheap.o
                0x080224b0                chHeapFree
 .text.chPoolFreeI
                0x08022560       0x30 build/obj/chmempools.o
                0x08022560                chPoolFreeI
 .text.chPoolFree
                0x08022590       0x30 build/obj/chmempools.o
                0x08022590                chPoolFree
 .text.halInit  0x080225c0       0x40 build/obj/hal.o
                0x080225c0                halInit
 .text.adcInit  0x08022600       0x10 build/obj/adc.o
                0x08022600                adcInit
 .text.adcObjectInit
                0x08022610       0x20 build/obj/adc.o
                0x08022610                adcObjectInit
 .text.adcStart
                0x08022630       0x50 build/obj/adc.o
                0x08022630                adcStart
 .text.adcStop  0x08022680       0x50 build/obj/adc.o
                0x08022680                adcStop
 .text.adcStartConversionI
                0x080226d0       0x60 build/obj/adc.o
                0x080226d0                adcStartConversionI
 .text.adcStopConversion
                0x08022730       0x60 build/obj/adc.o
                0x08022730                adcStopConversion
 .text.extInit  0x08022790       0x10 build/obj/ext.o
                0x08022790                extInit
 .text.extObjectInit
                0x080227a0       0x10 build/obj/ext.o
                0x080227a0                extObjectInit
 .text.extStart
                0x080227b0       0x50 build/obj/ext.o
                0x080227b0                extStart
 .text.extStop  0x08022800       0x50 build/obj/ext.o
                0x08022800                extStop
 .text.gptInit  0x08022850       0x10 build/obj/gpt.o
                0x08022850                gptInit
 .text.gptObjectInit
                0x08022860       0x10 build/obj/gpt.o
                0x08022860                gptObjectInit
 .text.gptStart
                0x08022870       0x50 build/obj/gpt.o
                0x08022870                gptStart
 .text.gptStop  0x080228c0       0x50 build/obj/gpt.o
                0x080228c0                gptStop
 .text.gptStartOneShotI
                0x08022910       0x40 build/obj/gpt.o
                0x08022910                gptStartOneShotI
 .text.gptPolledDelay
                0x08022950       0x30 build/obj/gpt.o
                0x08022950                gptPolledDelay
 .text.icuInit  0x08022980       0x10 build/obj/icu.o
                0x08022980                icuInit
 .text.icuObjectInit
                0x08022990       0x10 build/obj/icu.o
                0x08022990                icuObjectInit
 .text.mmcsd_get_slice
                0x080229a0       0x60 build/obj/mmcsd.o
 .text.mmcsdGetCapacity
                0x08022a00       0x50 build/obj/mmcsd.o
                0x08022a00                mmcsdGetCapacity
 .text.rtcInit  0x08022a50       0x10 build/obj/rtc.o
                0x08022a50                rtcInit
 .text.rtcSetTime
                0x08022a60       0x40 build/obj/rtc.o
                0x08022a60                rtcSetTime
 .text.rtcGetTime
                0x08022aa0       0x40 build/obj/rtc.o
                0x08022aa0                rtcGetTime
 .text.rtcGetTimeFat
                0x08022ae0       0x20 build/obj/rtc.o
                0x08022ae0                rtcGetTimeFat
 .text.sdcGetInfo
                0x08022b00       0x30 build/obj/sdc.o
                0x08022b00                sdcGetInfo
 .text.sdcConnect
                0x08022b30      0x270 build/obj/sdc.o
                0x08022b30                sdcConnect
 .text.sdcSync  0x08022da0       0x30 build/obj/sdc.o
                0x08022da0                sdcSync
 .text.sdcWrite
                0x08022dd0       0x60 build/obj/sdc.o
                0x08022dd0                sdcWrite
 .text.sdcRead  0x08022e30       0x60 build/obj/sdc.o
                0x08022e30                sdcRead
 .text._sdc_wait_for_transfer_state
                0x08022e90       0x50 build/obj/sdc.o
                0x08022e90                _sdc_wait_for_transfer_state
 .text.sdcDisconnect
                0x08022ee0       0x80 build/obj/sdc.o
                0x08022ee0                sdcDisconnect
 .text.sdcInit  0x08022f60       0x10 build/obj/sdc.o
                0x08022f60                sdcInit
 .text.sdcObjectInit
                0x08022f70       0x20 build/obj/sdc.o
                0x08022f70                sdcObjectInit
 .text.sdcStart
                0x08022f90       0x50 build/obj/sdc.o
                0x08022f90                sdcStart
 .text.sdcStop  0x08022fe0       0x50 build/obj/sdc.o
                0x08022fe0                sdcStop
 .text.readt    0x08023030       0x10 build/obj/serial.o
 .text.read     0x08023040       0x10 build/obj/serial.o
 .text.writet   0x08023050       0x10 build/obj/serial.o
 .text.write    0x08023060       0x10 build/obj/serial.o
 .text.gett     0x08023070       0x10 build/obj/serial.o
 .text.get      0x08023080       0x10 build/obj/serial.o
 .text.putt     0x08023090       0x10 build/obj/serial.o
 .text.put      0x080230a0       0x10 build/obj/serial.o
 .text.sdInit   0x080230b0       0x10 build/obj/serial.o
                0x080230b0                sdInit
 .text.sdObjectInit
                0x080230c0       0x50 build/obj/serial.o
                0x080230c0                sdObjectInit
 .text.sdStart  0x08023110       0x50 build/obj/serial.o
                0x08023110                sdStart
 .text.sdStop   0x08023160       0x60 build/obj/serial.o
                0x08023160                sdStop
 .text.sdIncomingDataI
                0x080231c0       0x50 build/obj/serial.o
                0x080231c0                sdIncomingDataI
 .text.spiInit  0x08023210       0x10 build/obj/spi.o
                0x08023210                spiInit
 .text.spiObjectInit
                0x08023220       0x10 build/obj/spi.o
                0x08023220                spiObjectInit
 .text.spiStart
                0x08023230       0x50 build/obj/spi.o
                0x08023230                spiStart
 .text.spiStop  0x08023280       0x50 build/obj/spi.o
                0x08023280                spiStop
 .text.spiSelect
                0x080232d0       0x40 build/obj/spi.o
                0x080232d0                spiSelect
 .text.spiUnselect
                0x08023310       0x40 build/obj/spi.o
                0x08023310                spiUnselect
 .text.Vector6C
                0x08023350       0x40 build/obj/stm32_dma.o
                0x08023350                Vector6C
 .text.Vector70
                0x08023390       0x40 build/obj/stm32_dma.o
                0x08023390                Vector70
 .text.Vector74
                0x080233d0       0x40 build/obj/stm32_dma.o
                0x080233d0                Vector74
 .text.Vector78
                0x08023410       0x40 build/obj/stm32_dma.o
                0x08023410                Vector78
 .text.Vector7C
                0x08023450       0x40 build/obj/stm32_dma.o
                0x08023450                Vector7C
 .text.Vector80
                0x08023490       0x40 build/obj/stm32_dma.o
                0x08023490                Vector80
 .text.Vector84
                0x080234d0       0x40 build/obj/stm32_dma.o
                0x080234d0                Vector84
 .text.VectorFC
                0x08023510       0x40 build/obj/stm32_dma.o
                0x08023510                VectorFC
 .text.Vector120
                0x08023550       0x40 build/obj/stm32_dma.o
                0x08023550                Vector120
 .text.Vector124
                0x08023590       0x40 build/obj/stm32_dma.o
                0x08023590                Vector124
 .text.Vector128
                0x080235d0       0x40 build/obj/stm32_dma.o
                0x080235d0                Vector128
 .text.Vector12C
                0x08023610       0x40 build/obj/stm32_dma.o
                0x08023610                Vector12C
 .text.Vector130
                0x08023650       0x40 build/obj/stm32_dma.o
                0x08023650                Vector130
 .text.Vector150
                0x08023690       0x40 build/obj/stm32_dma.o
                0x08023690                Vector150
 .text.Vector154
                0x080236d0       0x40 build/obj/stm32_dma.o
                0x080236d0                Vector154
 .text.Vector158
                0x08023710       0x40 build/obj/stm32_dma.o
                0x08023710                Vector158
 .text.dmaInit  0x08023750      0x140 build/obj/stm32_dma.o
                0x08023750                dmaInit
 .text.dmaStreamAllocate
                0x08023890       0xc0 build/obj/stm32_dma.o
                0x08023890                dmaStreamAllocate
 .text.dmaStreamRelease
                0x08023950       0x80 build/obj/stm32_dma.o
                0x08023950                dmaStreamRelease
 .text.hal_lld_init
                0x080239d0       0xe0 build/obj/hal_lld.o
                0x080239d0                hal_lld_init
 .text.stm32_clock_init
                0x08023ab0      0x120 build/obj/hal_lld.o
                0x08023ab0                stm32_clock_init
 .text.adc_lld_init
                0x08023bd0       0x90 build/obj/adc_lld.o
                0x08023bd0                adc_lld_init
 .text.adc_lld_start
                0x08023c60      0x100 build/obj/adc_lld.o
                0x08023c60                adc_lld_start
 .text.adc_lld_stop
                0x08023d60       0x70 build/obj/adc_lld.o
                0x08023d60                adc_lld_stop
 .text.adc_lld_start_conversion
                0x08023dd0       0x80 build/obj/adc_lld.o
                0x08023dd0                adc_lld_start_conversion
 .text.adc_lld_stop_conversion
                0x08023e50       0x30 build/obj/adc_lld.o
                0x08023e50                adc_lld_stop_conversion
 .text.adc_lld_serve_rx_interrupt
                0x08023e80      0x110 build/obj/adc_lld.o
 .text.Vector88
                0x08023f90      0x170 build/obj/adc_lld.o
                0x08023f90                Vector88
 .text.adcSTM32EnableTSVREFE
                0x08024100       0x20 build/obj/adc_lld.o
                0x08024100                adcSTM32EnableTSVREFE
 .text.adcSTM32EnableVBATE
                0x08024120       0x20 build/obj/adc_lld.o
                0x08024120                adcSTM32EnableVBATE
 .text.Vector58
                0x08024140       0x30 build/obj/ext_lld_isr.o
                0x08024140                Vector58
 .text.Vector5C
                0x08024170       0x30 build/obj/ext_lld_isr.o
                0x08024170                Vector5C
 .text.Vector60
                0x080241a0       0x30 build/obj/ext_lld_isr.o
                0x080241a0                Vector60
 .text.Vector64
                0x080241d0       0x30 build/obj/ext_lld_isr.o
                0x080241d0                Vector64
 .text.Vector68
                0x08024200       0x30 build/obj/ext_lld_isr.o
                0x08024200                Vector68
 .text.Vector9C
                0x08024230       0x80 build/obj/ext_lld_isr.o
                0x08024230                Vector9C
 .text.VectorE0
                0x080242b0       0x90 build/obj/ext_lld_isr.o
                0x080242b0                VectorE0
 .text.Vector44
                0x08024340       0x40 build/obj/ext_lld_isr.o
                0x08024340                Vector44
 .text.VectorE4
                0x08024380       0x40 build/obj/ext_lld_isr.o
                0x08024380                VectorE4
 .text.VectorE8
                0x080243c0       0x40 build/obj/ext_lld_isr.o
                0x080243c0                VectorE8
 .text.Vector138
                0x08024400       0x40 build/obj/ext_lld_isr.o
                0x08024400                Vector138
 .text.Vector170
                0x08024440       0x40 build/obj/ext_lld_isr.o
                0x08024440                Vector170
 .text.Vector4C
                0x08024480       0x40 build/obj/ext_lld_isr.o
                0x08024480                Vector4C
 .text.ext_lld_exti_irq_enable
                0x080244c0       0x80 build/obj/ext_lld_isr.o
                0x080244c0                ext_lld_exti_irq_enable
 .text.ext_lld_exti_irq_disable
                0x08024540       0x60 build/obj/ext_lld_isr.o
                0x08024540                ext_lld_exti_irq_disable
 .text.ext_lld_init
                0x080245a0       0x10 build/obj/ext_lld.o
                0x080245a0                ext_lld_init
 .text.ext_lld_stop
                0x080245b0       0x30 build/obj/ext_lld.o
                0x080245b0                ext_lld_stop
 .text.ext_lld_channel_enable
                0x080245e0       0xc0 build/obj/ext_lld.o
                0x080245e0                ext_lld_channel_enable
 .text.ext_lld_channel_disable
                0x080246a0       0x30 build/obj/ext_lld.o
                0x080246a0                ext_lld_channel_disable
 .text.ext_lld_start
                0x080246d0       0x80 build/obj/ext_lld.o
                0x080246d0                ext_lld_start
 .text.VectorF4
                0x08024750       0x40 build/obj/gpt_lld.o
                0x08024750                VectorF4
 .text.gpt_lld_init
                0x08024790       0x20 build/obj/gpt_lld.o
                0x08024790                gpt_lld_init
 .text.gpt_lld_start
                0x080247b0       0x80 build/obj/gpt_lld.o
                0x080247b0                gpt_lld_start
 .text.gpt_lld_stop
                0x08024830       0x40 build/obj/gpt_lld.o
                0x08024830                gpt_lld_stop
 .text.gpt_lld_start_timer
                0x08024870       0x20 build/obj/gpt_lld.o
                0x08024870                gpt_lld_start_timer
 .text.gpt_lld_polled_delay
                0x08024890       0x20 build/obj/gpt_lld.o
                0x08024890                gpt_lld_polled_delay
 .text.icu_lld_serve_interrupt.constprop.0
                0x080248b0       0x90 build/obj/icu_lld.o
 .text.VectorA4
                0x08024940       0x20 build/obj/icu_lld.o
                0x08024940                VectorA4
 .text.VectorAC
                0x08024960       0x20 build/obj/icu_lld.o
                0x08024960                VectorAC
 .text.icu_lld_init
                0x08024980       0x20 build/obj/icu_lld.o
                0x08024980                icu_lld_init
 .text.sdc_lld_collect_errors
                0x080249a0       0x40 build/obj/sdc_lld.o
 .text.Vector104
                0x080249e0       0x50 build/obj/sdc_lld.o
                0x080249e0                Vector104
 .text.sdc_lld_init
                0x08024a30       0x30 build/obj/sdc_lld.o
                0x08024a30                sdc_lld_init
 .text.sdc_lld_start
                0x08024a60       0x70 build/obj/sdc_lld.o
                0x08024a60                sdc_lld_start
 .text.sdc_lld_stop
                0x08024ad0       0x40 build/obj/sdc_lld.o
                0x08024ad0                sdc_lld_stop
 .text.sdc_lld_start_clk
                0x08024b10       0x20 build/obj/sdc_lld.o
                0x08024b10                sdc_lld_start_clk
 .text.sdc_lld_set_data_clk
                0x08024b30       0x20 build/obj/sdc_lld.o
                0x08024b30                sdc_lld_set_data_clk
 .text.sdc_lld_stop_clk
                0x08024b50       0x10 build/obj/sdc_lld.o
                0x08024b50                sdc_lld_stop_clk
 .text.sdc_lld_set_bus_mode
                0x08024b60       0x30 build/obj/sdc_lld.o
                0x08024b60                sdc_lld_set_bus_mode
 .text.sdc_lld_send_cmd_none
                0x08024b90       0x30 build/obj/sdc_lld.o
                0x08024b90                sdc_lld_send_cmd_none
 .text.sdc_lld_send_cmd_short
                0x08024bc0       0x40 build/obj/sdc_lld.o
                0x08024bc0                sdc_lld_send_cmd_short
 .text.sdc_lld_send_cmd_short_crc
                0x08024c00       0x40 build/obj/sdc_lld.o
                0x08024c00                sdc_lld_send_cmd_short_crc
 .text.sdc_lld_wait_transaction_end
                0x08024c40       0xc0 build/obj/sdc_lld.o
 .text.sdc_lld_error_cleanup
                0x08024d00       0x80 build/obj/sdc_lld.o
 .text.sdc_lld_send_cmd_long_crc
                0x08024d80       0x50 build/obj/sdc_lld.o
                0x08024d80                sdc_lld_send_cmd_long_crc
 .text.sdc_lld_read_aligned
                0x08024dd0       0xd0 build/obj/sdc_lld.o
                0x08024dd0                sdc_lld_read_aligned
 .text.sdc_lld_write_aligned
                0x08024ea0       0xe0 build/obj/sdc_lld.o
                0x08024ea0                sdc_lld_write_aligned
 .text.sdc_lld_read
                0x08024f80       0xd0 build/obj/sdc_lld.o
                0x08024f80                sdc_lld_read
 .text.sdc_lld_write
                0x08025050       0xd0 build/obj/sdc_lld.o
                0x08025050                sdc_lld_write
 .text.sdc_lld_sync
                0x08025120       0x10 build/obj/sdc_lld.o
                0x08025120                sdc_lld_sync
 .text._pal_lld_init
                0x08025130      0x1b0 build/obj/pal_lld.o
                0x08025130                _pal_lld_init
 .text.rtc_lld_init
                0x080252e0       0x50 build/obj/rtc_lld.o
                0x080252e0                rtc_lld_init
 .text.rtc_lld_set_time
                0x08025330       0x40 build/obj/rtc_lld.o
                0x08025330                rtc_lld_set_time
 .text.rtc_lld_get_time
                0x08025370       0x40 build/obj/rtc_lld.o
                0x08025370                rtc_lld_get_time
 .text.rtc_lld_get_time_fat
                0x080253b0       0xc0 build/obj/rtc_lld.o
                0x080253b0                rtc_lld_get_time_fat
 .text.spi_lld_serve_rx_interrupt
                0x08025470       0xa0 build/obj/spi_lld.o
 .text.spi_lld_serve_tx_interrupt
                0x08025510       0x20 build/obj/spi_lld.o
 .text.spi_lld_init
                0x08025530       0x80 build/obj/spi_lld.o
                0x08025530                spi_lld_init
 .text.spi_lld_start
                0x080255b0      0x120 build/obj/spi_lld.o
                0x080255b0                spi_lld_start
 .text.spi_lld_stop
                0x080256d0       0x60 build/obj/spi_lld.o
                0x080256d0                spi_lld_stop
 .text.spi_lld_select
                0x08025730       0x20 build/obj/spi_lld.o
                0x08025730                spi_lld_select
 .text.spi_lld_unselect
                0x08025750       0x20 build/obj/spi_lld.o
                0x08025750                spi_lld_unselect
 .text.spi_lld_send
                0x08025770       0x40 build/obj/spi_lld.o
                0x08025770                spi_lld_send
 .text.spi_lld_receive
                0x080257b0       0x40 build/obj/spi_lld.o
                0x080257b0                spi_lld_receive
 .text.spi_lld_polled_exchange
                0x080257f0       0x10 build/obj/spi_lld.o
                0x080257f0                spi_lld_polled_exchange
 .text.notify1  0x08025800       0x20 build/obj/serial_lld.o
 .text.notify2  0x08025820       0x20 build/obj/serial_lld.o
 .text.notify6  0x08025840       0x20 build/obj/serial_lld.o
 .text.serve_interrupt
                0x08025860      0x160 build/obj/serial_lld.o
 .text.VectorD4
                0x080259c0       0x20 build/obj/serial_lld.o
                0x080259c0                VectorD4
 .text.VectorD8
                0x080259e0       0x20 build/obj/serial_lld.o
                0x080259e0                VectorD8
 .text.Vector15C
                0x08025a00       0x20 build/obj/serial_lld.o
                0x08025a00                Vector15C
 .text.sd_lld_init
                0x08025a20       0x70 build/obj/serial_lld.o
                0x08025a20                sd_lld_init
 .text.sd_lld_start
                0x08025a90       0xf0 build/obj/serial_lld.o
                0x08025a90                sd_lld_start
 .text.sd_lld_stop
                0x08025b80       0x80 build/obj/serial_lld.o
                0x08025b80                sd_lld_stop
 .text.__early_init
                0x08025c00       0x10 build/obj/board.o
                0x08025c00                __early_init
 .text.sdc_lld_is_card_inserted
                0x08025c10       0x20 build/obj/board.o
                0x08025c10                sdc_lld_is_card_inserted
 .text.sdc_lld_is_write_protected
                0x08025c30       0x10 build/obj/board.o
                0x08025c30                sdc_lld_is_write_protected
 .text.boardInit
                0x08025c40       0x10 build/obj/board.o
                0x08025c40                boardInit
 .text.long_to_string_with_divisor
                0x08025c50       0x70 build/obj/chprintf.o
 .text.chprintf
                0x08025cc0      0x470 build/obj/chprintf.o
                0x08025cc0                chprintf
 .text.stm32_rtc_bcd2tm
                0x08026130       0xb0 build/obj/chrtclib.o
 .text.stm32_rtc_tm2bcd
                0x080261e0      0x110 build/obj/chrtclib.o
 .text.rtcGetTimeTm
                0x080262f0       0x30 build/obj/chrtclib.o
                0x080262f0                rtcGetTimeTm
 .text.rtcSetTimeTm
                0x08026320       0x30 build/obj/chrtclib.o
                0x08026320                rtcSetTimeTm
 .text.put      0x08026350       0x20 build/obj/memstreams.o
 .text.get      0x08026370       0x20 build/obj/memstreams.o
 .text.reads    0x08026390       0x30 build/obj/memstreams.o
 .text.writes   0x080263c0       0x30 build/obj/memstreams.o
 .text.msObjectInit
                0x080263f0       0x20 build/obj/memstreams.o
                0x080263f0                msObjectInit
 .text.disk_initialize
                0x08026410       0x30 build/obj/fatfs_diskio.o
                0x08026410                disk_initialize
 .text.disk_status
                0x08026440       0x30 build/obj/fatfs_diskio.o
                0x08026440                disk_status
 .text.disk_read
                0x08026470       0x30 build/obj/fatfs_diskio.o
                0x08026470                disk_read
 .text.disk_write
                0x080264a0       0x30 build/obj/fatfs_diskio.o
                0x080264a0                disk_write
 .text.disk_ioctl
                0x080264d0       0x40 build/obj/fatfs_diskio.o
                0x080264d0                disk_ioctl
 .text.get_fattime
                0x08026510       0x10 build/obj/fatfs_diskio.o
                0x08026510                get_fattime
 .text.validate
                0x08026520       0x30 build/obj/ff.o
 .text.sync_window
                0x08026550       0x70 build/obj/ff.o
 .text.sync_fs  0x080265c0       0xd0 build/obj/ff.o
 .text.check_fs
                0x08026690       0x90 build/obj/ff.o
 .text.chk_mounted
                0x08026720      0x330 build/obj/ff.o
 .text.move_window
                0x08026a50       0x30 build/obj/ff.o
 .text.get_fat  0x08026a80       0xd0 build/obj/ff.o
                0x08026a80                get_fat
 .text.dir_sdi  0x08026b50       0xa0 build/obj/ff.o
 .text.put_fat  0x08026bf0      0x110 build/obj/ff.o
                0x08026bf0                put_fat
 .text.create_chain
                0x08026d00       0xa0 build/obj/ff.o
 .text.dir_next
                0x08026da0      0x130 build/obj/ff.o
 .text.follow_path
                0x08026ed0      0x270 build/obj/ff.o
 .text.dir_alloc.part.7.constprop.11
                0x08027140       0x30 build/obj/ff.o
 .text.dir_register
                0x08027170       0x70 build/obj/ff.o
 .text.remove_chain
                0x080271e0       0x60 build/obj/ff.o
 .text.f_mount  0x08027240       0x20 build/obj/ff.o
                0x08027240                f_mount
 .text.f_open   0x08027260      0x190 build/obj/ff.o
                0x08027260                f_open
 .text.f_write  0x080273f0      0x260 build/obj/ff.o
                0x080273f0                f_write
 .text.f_sync   0x08027650       0xb0 build/obj/ff.o
                0x08027650                f_sync
 .text.f_close  0x08027700       0x10 build/obj/ff.o
                0x08027700                f_close
 .text.f_opendir
                0x08027710       0x80 build/obj/ff.o
                0x08027710                f_opendir
 .text.f_getfree
                0x08027790      0x1f0 build/obj/ff.o
                0x08027790                f_getfree
 .text.f_mkdir  0x08027980      0x260 build/obj/ff.o
                0x08027980                f_mkdir
 .text.adc_trigger_cb
                0x08027be0       0x50 build/obj/kb_adc.o
                0x08027be0                adc_trigger_cb
 .text.adc_cb   0x08027c30       0x70 build/obj/kb_adc.o
                0x08027c30                adc_cb
 .text.kuroBoxADCInit
                0x08027ca0       0x50 build/obj/kb_adc.o
                0x08027ca0                kuroBoxADCInit
 .text.kuroBoxADCStop
                0x08027cf0       0x40 build/obj/kb_adc.o
                0x08027cf0                kuroBoxADCStop
 .text.kuroBoxButtonsInit
                0x08027d30       0x40 build/obj/kb_buttons.o
                0x08027d30                kuroBoxButtonsInit
 .text.kuroBoxButtonsStop
                0x08027d70       0x10 build/obj/kb_buttons.o
                0x08027d70                kuroBoxButtonsStop
 .text.btn_0_exti_cb
                0x08027d80       0x40 build/obj/kb_buttons.o
                0x08027d80                btn_0_exti_cb
 .text.btn_1_exti_cb
                0x08027dc0       0x40 build/obj/kb_buttons.o
                0x08027dc0                btn_1_exti_cb
 .text.kbc_load
                0x08027e00       0x70 build/obj/kb_config.o
                0x08027e00                kbc_load
 .text.kbc_write
                0x08027e70       0x30 build/obj/kb_config.o
                0x08027e70                kbc_write
 .text.kbc_save
                0x08027ea0       0x60 build/obj/kb_config.o
                0x08027ea0                kbc_save
 .text.kuroBoxConfigInit
                0x08027f00       0x80 build/obj/kb_config.o
                0x08027f00                kuroBoxConfigInit
 .text.kuroBoxConfigStop
                0x08027f80       0x10 build/obj/kb_config.o
                0x08027f80                kuroBoxConfigStop
 .text.hard_fault_handler_c
                0x08027f90      0x130 build/obj/kb_debug.o
                0x08027f90                hard_fault_handler_c
 .text.thFeatureA
                0x080280c0      0x170 build/obj/kb_featureA.o
 .text.kbfa_getFeature
                0x08028230       0x10 build/obj/kb_featureA.o
                0x08028230                kbfa_getFeature
 .text.kbfa_setFeature
                0x08028240       0x10 build/obj/kb_featureA.o
                0x08028240                kbfa_setFeature
 .text.kbfa_changeFeature
                0x08028250       0x50 build/obj/kb_featureA.o
                0x08028250                kbfa_changeFeature
 .text.kuroBoxFeatureAInit
                0x080282a0       0x40 build/obj/kb_featureA.o
                0x080282a0                kuroBoxFeatureAInit
 .text.kuroBoxFeatureAStop
                0x080282e0       0x20 build/obj/kb_featureA.o
                0x080282e0                kuroBoxFeatureAStop
 .text.thGps    0x08028300      0x130 build/obj/kb_gps.o
 .text.ecef_to_lla
                0x08028430      0x220 build/obj/kb_gps.o
                0x08028430                ecef_to_lla
 .text.gps_timepulse_exti_cb
                0x08028650       0x20 build/obj/kb_gps.o
                0x08028650                gps_timepulse_exti_cb
 .text.kuroBoxGPSInit
                0x08028670       0x50 build/obj/kb_gps.o
                0x08028670                kuroBoxGPSInit
 .text.kuroBoxGPSStop
                0x080286c0       0x20 build/obj/kb_gps.o
                0x080286c0                kuroBoxGPSStop
 .text.kbg_getUbxNavSol
                0x080286e0       0x10 build/obj/kb_gps.o
                0x080286e0                kbg_getUbxNavSol
 .text.mi_exit  0x080286f0       0x10 build/obj/kb_menu.o
 .text.mi_led3  0x08028700       0x20 build/obj/kb_menu.o
 .text.mi_lcd_backlight
                0x08028720       0x20 build/obj/kb_menu.o
 .text.mi_standby
                0x08028740       0x20 build/obj/kb_menu.o
 .text.mi_time_from_gps
                0x08028760       0xa0 build/obj/kb_menu.o
 .text.mi_time_from_ltc
                0x08028800       0x40 build/obj/kb_menu.o
 .text.mi_serial2_getbaud
                0x08028840       0x10 build/obj/kb_menu.o
 .text.mi_serial1_getbaud
                0x08028850       0x10 build/obj/kb_menu.o
 .text.mi_serial2_baud
                0x08028860       0x10 build/obj/kb_menu.o
 .text.mi_serial1_baud
                0x08028870       0x10 build/obj/kb_menu.o
 .text.mi_serial2_pwr
                0x08028880       0x20 build/obj/kb_menu.o
 .text.mi_serial1_pwr
                0x080288a0       0x20 build/obj/kb_menu.o
 .text.mi_featureA_getFeature
                0x080288c0       0x10 build/obj/kb_menu.o
 .text.mi_featureA_change
                0x080288d0       0x10 build/obj/kb_menu.o
 .text.kbm_display
                0x080288e0      0x1a0 build/obj/kb_menu.o
                0x080288e0                kbm_display
 .text.kbm_btn0
                0x08028a80       0x20 build/obj/kb_menu.o
                0x08028a80                kbm_btn0
 .text.kbm_btn1
                0x08028aa0       0x20 build/obj/kb_menu.o
                0x08028aa0                kbm_btn1
 .text.kuroBoxMenuInit
                0x08028ac0       0x30 build/obj/kb_menu.o
                0x08028ac0                kuroBoxMenuInit
 .text.kuroBoxMenuStop
                0x08028af0       0x10 build/obj/kb_menu.o
                0x08028af0                kuroBoxMenuStop
 .text.thScreen
                0x08028b00      0x390 build/obj/kb_screen.o
 .text.kuroBoxScreenInit
                0x08028e90       0x50 build/obj/kb_screen.o
                0x08028e90                kuroBoxScreenInit
 .text.kuroBoxScreenStop
                0x08028ee0       0x30 build/obj/kb_screen.o
                0x08028ee0                kuroBoxScreenStop
 .text.kbs_setVoltage
                0x08028f10       0x10 build/obj/kb_screen.o
                0x08028f10                kbs_setVoltage
 .text.kbs_setTemperature
                0x08028f20       0x10 build/obj/kb_screen.o
                0x08028f20                kbs_setTemperature
 .text.kbs_setLTC
                0x08028f30       0x10 build/obj/kb_screen.o
                0x08028f30                kbs_setLTC
 .text.kbs_setWriteCount
                0x08028f40       0x10 build/obj/kb_screen.o
                0x08028f40                kbs_setWriteCount
 .text.kbs_setWriteErrors
                0x08028f50       0x10 build/obj/kb_screen.o
                0x08028f50                kbs_setWriteErrors
 .text.kbs_setSDCFree
                0x08028f60       0x10 build/obj/kb_screen.o
                0x08028f60                kbs_setSDCFree
 .text.kbs_setFName
                0x08028f70       0x10 build/obj/kb_screen.o
                0x08028f70                kbs_setFName
 .text.kbs_btn0
                0x08028f80       0x10 build/obj/kb_screen.o
                0x08028f80                kbs_btn0
 .text.kbs_btn1
                0x08028f90       0x10 build/obj/kb_screen.o
                0x08028f90                kbs_btn1
 .text.kbs_PPS  0x08028fa0       0x10 build/obj/kb_screen.o
                0x08028fa0                kbs_PPS
 .text.kbs_setGpsEcef
                0x08028fb0       0x10 build/obj/kb_screen.o
                0x08028fb0                kbs_setGpsEcef
 .text.kbs_setYPR
                0x08028fc0       0x10 build/obj/kb_screen.o
                0x08028fc0                kbs_setYPR
 .text.kuroBoxSerialInit
                0x08028fd0       0x50 build/obj/kb_serial.o
                0x08028fd0                kuroBoxSerialInit
 .text.kuroBoxSerialStop
                0x08029020       0x30 build/obj/kb_serial.o
                0x08029020                kuroBoxSerialStop
 .text.kbse_setPower
                0x08029050       0x40 build/obj/kb_serial.o
                0x08029050                kbse_setPower
 .text.kbse_getPower
                0x08029090       0x40 build/obj/kb_serial.o
                0x08029090                kbse_getPower
 .text.kbse_getBaud
                0x080290d0       0x30 build/obj/kb_serial.o
                0x080290d0                kbse_getBaud
 .text.kbse_changeBaud
                0x08029100       0xe0 build/obj/kb_serial.o
                0x08029100                kbse_changeBaud
 .text.kbse_setBaud
                0x080291e0       0x90 build/obj/kb_serial.o
                0x080291e0                kbse_setBaud
 .text.ltc_store
                0x08029270      0x140 build/obj/kb_time.o
 .text.ltc_exti_cb
                0x080293b0       0x70 build/obj/kb_time.o
                0x080293b0                ltc_exti_cb
 .text.kbt_getLTC
                0x08029420       0x10 build/obj/kb_time.o
                0x08029420                kbt_getLTC
 .text.kuroBoxTimeInit
                0x08029430       0x20 build/obj/kb_time.o
                0x08029430                kuroBoxTimeInit
 .text.kuroBoxTimeStop
                0x08029450       0x10 build/obj/kb_time.o
                0x08029450                kuroBoxTimeStop
 .text.calc_checksum_16
                0x08029460       0x70 build/obj/kb_util.o
                0x08029460                calc_checksum_16
 .text.vectornav_gpt_end_cb
                0x080294d0       0x70 build/obj/kb_vectornav.o
                0x080294d0                vectornav_gpt_end_cb
 .text.vectornav_dispatch_register
                0x08029540       0x50 build/obj/kb_vectornav.o
                0x08029540                vectornav_dispatch_register
 .text.vectornav_spi_end_cb
                0x08029590       0x70 build/obj/kb_vectornav.o
                0x08029590                vectornav_spi_end_cb
 .text.kbv_getYPR
                0x08029600       0x20 build/obj/kb_vectornav.o
                0x08029600                kbv_getYPR
 .text.vn_dr_int_exti_cb
                0x08029620       0x60 build/obj/kb_vectornav.o
                0x08029620                vn_dr_int_exti_cb
 .text.kuroBoxVectorNavStop
                0x08029680       0x20 build/obj/kb_vectornav.o
                0x08029680                kuroBoxVectorNavStop
 .text.kbv_readRegister
                0x080296a0      0x140 build/obj/kb_vectornav.o
                0x080296a0                kbv_readRegister
 .text.kuroBoxVectorNavInit
                0x080297e0       0x70 build/obj/kb_vectornav.o
                0x080297e0                kuroBoxVectorNavInit
 .text.thWriter
                0x08029850      0x4d0 build/obj/kb_writer.o
 .text.thLogger
                0x08029d20      0x260 build/obj/kb_writer.o
 .text.kuroBoxWriterInit
                0x08029f80       0x80 build/obj/kb_writer.o
                0x08029f80                kuroBoxWriterInit
 .text.kuroBoxWriterStop
                0x0802a000       0x60 build/obj/kb_writer.o
                0x0802a000                kuroBoxWriterStop
 .text.kbw_setLTC
                0x0802a060       0x20 build/obj/kb_writer.o
                0x0802a060                kbw_setLTC
 .text.kbw_incPPS
                0x0802a080       0x10 build/obj/kb_writer.o
                0x0802a080                kbw_incPPS
 .text.kbw_setGpsNavSol
                0x0802a090       0x40 build/obj/kb_writer.o
                0x0802a090                kbw_setGpsNavSol
 .text.kbw_setVNav
                0x0802a0d0       0x20 build/obj/kb_writer.o
                0x0802a0d0                kbw_setVNav
 .text.kbw_header_vnav
                0x0802a0f0       0x60 build/obj/kb_writer.o
                0x0802a0f0                kbw_header_vnav
 .text.thBlinker
                0x0802a150       0x40 build/obj/main.o
 .text.kuroBox_panic
                0x0802a190       0x10 build/obj/main.o
                0x0802a190                kuroBox_panic
 .text.kuroBoxInit
                0x0802a1a0      0x180 build/obj/main.o
                0x0802a1a0                kuroBoxInit
 .text.kuroBoxStop
                0x0802a320       0xa0 build/obj/main.o
                0x0802a320                kuroBoxStop
 .text.spiEepromStart
                0x0802a3c0       0x10 build/obj/spiEEPROM.o
                0x0802a3c0                spiEepromStart
 .text.st7565_display
                0x0802a3d0      0x190 build/obj/ST7565.o
                0x0802a3d0                st7565_display
 .text.st7565Start
                0x0802a560      0x110 build/obj/ST7565.o
                0x0802a560                st7565Start
 .text.st7565_clear
                0x0802a670       0x50 build/obj/ST7565.o
                0x0802a670                st7565_clear
 .text.st7565_drawchar
                0x0802a6c0       0xb0 build/obj/ST7565.o
                0x0802a6c0                st7565_drawchar
 .text.st7565_drawstring
                0x0802a770       0x50 build/obj/ST7565.o
                0x0802a770                st7565_drawstring
 .text.st7565_setpixel
                0x0802a7c0       0x90 build/obj/ST7565.o
                0x0802a7c0                st7565_setpixel
 .text.st7565_drawline
                0x0802a850      0x200 build/obj/ST7565.o
                0x0802a850                st7565_drawline
 .text.st7565_fillrect
                0x0802aa50       0xb0 build/obj/ST7565.o
                0x0802aa50                st7565_fillrect
 .text.cos      0x0802ab00       0x90 c:/chibistudio/tools/gnu tools arm embedded/4.7 2013q1/bin/../lib/gcc/arm-none-eabi/4.7.3/../../../../arm-none-eabi/lib/armv7e-m\libm.a(lib_a-s_cos.o)
                0x0802ab00                cos
 .text.sin      0x0802ab90       0x98 c:/chibistudio/tools/gnu tools arm embedded/4.7 2013q1/bin/../lib/gcc/arm-none-eabi/4.7.3/../../../../arm-none-eabi/lib/armv7e-m\libm.a(lib_a-s_sin.o)
                0x0802ab90                sin
 *fill*         0x0802ac28        0x8 00
 .text.atan2    0x0802ac30        0x4 c:/chibistudio/tools/gnu tools arm embedded/4.7 2013q1/bin/../lib/gcc/arm-none-eabi/4.7.3/../../../../arm-none-eabi/lib/armv7e-m\libm.a(lib_a-w_atan2.o)
                0x0802ac30                atan2
 *fill*         0x0802ac34        0xc 00
 .text.pow      0x0802ac40      0x310 c:/chibistudio/tools/gnu tools arm embedded/4.7 2013q1/bin/../lib/gcc/arm-none-eabi/4.7.3/../../../../arm-none-eabi/lib/armv7e-m\libm.a(lib_a-w_pow.o)
                0x0802ac40                pow
 .text.sqrt     0x0802af50       0xa8 c:/chibistudio/tools/gnu tools arm embedded/4.7 2013q1/bin/../lib/gcc/arm-none-eabi/4.7.3/../../../../arm-none-eabi/lib/armv7e-m\libm.a(lib_a-w_sqrt.o)
                0x0802af50                sqrt
 *fill*         0x0802aff8        0x8 00
 .text.__ieee754_atan2
                0x0802b000      0x218 c:/chibistudio/tools/gnu tools arm embedded/4.7 2013q1/bin/../lib/gcc/arm-none-eabi/4.7.3/../../../../arm-none-eabi/lib/armv7e-m\libm.a(lib_a-e_atan2.o)
                0x0802b000                __ieee754_atan2
 *fill*         0x0802b218        0x8 00
 .text.__ieee754_pow
                0x0802b220      0xb20 c:/chibistudio/tools/gnu tools arm embedded/4.7 2013q1/bin/../lib/gcc/arm-none-eabi/4.7.3/../../../../arm-none-eabi/lib/armv7e-m\libm.a(lib_a-e_pow.o)
                0x0802b220                __ieee754_pow
 .text.__ieee754_rem_pio2
                0x0802bd40      0x468 c:/chibistudio/tools/gnu tools arm embedded/4.7 2013q1/bin/../lib/gcc/arm-none-eabi/4.7.3/../../../../arm-none-eabi/lib/armv7e-m\libm.a(lib_a-e_rem_pio2.o)
                0x0802bd40                __ieee754_rem_pio2
 *fill*         0x0802c1a8        0x8 00
 .text.__ieee754_sqrt
                0x0802c1b0      0x208 c:/chibistudio/tools/gnu tools arm embedded/4.7 2013q1/bin/../lib/gcc/arm-none-eabi/4.7.3/../../../../arm-none-eabi/lib/armv7e-m\libm.a(lib_a-e_sqrt.o)
                0x0802c1b0                __ieee754_sqrt
 *fill*         0x0802c3b8        0x8 00
 .text.__kernel_cos
                0x0802c3c0      0x258 c:/chibistudio/tools/gnu tools arm embedded/4.7 2013q1/bin/../lib/gcc/arm-none-eabi/4.7.3/../../../../arm-none-eabi/lib/armv7e-m\libm.a(lib_a-k_cos.o)
                0x0802c3c0                __kernel_cos
 *fill*         0x0802c618        0x8 00
 .text.__kernel_rem_pio2
                0x0802c620      0xdec c:/chibistudio/tools/gnu tools arm embedded/4.7 2013q1/bin/../lib/gcc/arm-none-eabi/4.7.3/../../../../arm-none-eabi/lib/armv7e-m\libm.a(lib_a-k_rem_pio2.o)
                0x0802c620                __kernel_rem_pio2
 *fill*         0x0802d40c        0x4 00
 .text.__kernel_sin
                0x0802d410      0x170 c:/chibistudio/tools/gnu tools arm embedded/4.7 2013q1/bin/../lib/gcc/arm-none-eabi/4.7.3/../../../../arm-none-eabi/lib/armv7e-m\libm.a(lib_a-k_sin.o)
                0x0802d410                __kernel_sin
 .text.atan     0x0802d580      0x368 c:/chibistudio/tools/gnu tools arm embedded/4.7 2013q1/bin/../lib/gcc/arm-none-eabi/4.7.3/../../../../arm-none-eabi/lib/armv7e-m\libm.a(lib_a-s_atan.o)
                0x0802d580                atan
 *fill*         0x0802d8e8        0x8 00
 .text.fabs     0x0802d8f0        0x8 c:/chibistudio/tools/gnu tools arm embedded/4.7 2013q1/bin/../lib/gcc/arm-none-eabi/4.7.3/../../../../arm-none-eabi/lib/armv7e-m\libm.a(lib_a-s_fabs.o)
                0x0802d8f0                fabs
 *fill*         0x0802d8f8        0x8 00
 .text.finite   0x0802d900        0xc c:/chibistudio/tools/gnu tools arm embedded/4.7 2013q1/bin/../lib/gcc/arm-none-eabi/4.7.3/../../../../arm-none-eabi/lib/armv7e-m\libm.a(lib_a-s_finite.o)
                0x0802d900                finite
 *fill*         0x0802d90c        0x4 00
 .text.floor    0x0802d910      0x110 c:/chibistudio/tools/gnu tools arm embedded/4.7 2013q1/bin/../lib/gcc/arm-none-eabi/4.7.3/../../../../arm-none-eabi/lib/armv7e-m\libm.a(lib_a-s_floor.o)
                0x0802d910                floor
 .text.__fpclassifyd
                0x0802da20       0x68 c:/chibistudio/tools/gnu tools arm embedded/4.7 2013q1/bin/../lib/gcc/arm-none-eabi/4.7.3/../../../../arm-none-eabi/lib/armv7e-m\libm.a(lib_a-s_fpclassify.o)
                0x0802da20                __fpclassifyd
 *fill*         0x0802da88        0x8 00
 .text.matherr  0x0802da90        0x4 c:/chibistudio/tools/gnu tools arm embedded/4.7 2013q1/bin/../lib/gcc/arm-none-eabi/4.7.3/../../../../arm-none-eabi/lib/armv7e-m\libm.a(lib_a-s_matherr.o)
                0x0802da90                matherr
 *fill*         0x0802da94        0xc 00
 .text.nan      0x0802daa0        0xc c:/chibistudio/tools/gnu tools arm embedded/4.7 2013q1/bin/../lib/gcc/arm-none-eabi/4.7.3/../../../../arm-none-eabi/lib/armv7e-m\libm.a(lib_a-s_nan.o)
                0x0802daa0                nan
 *fill*         0x0802daac        0x4 00
 .text.rint     0x0802dab0      0x128 c:/chibistudio/tools/gnu tools arm embedded/4.7 2013q1/bin/../lib/gcc/arm-none-eabi/4.7.3/../../../../arm-none-eabi/lib/armv7e-m\libm.a(lib_a-s_rint.o)
                0x0802dab0                rint
 *fill*         0x0802dbd8        0x8 00
 .text.scalbn   0x0802dbe0      0x108 c:/chibistudio/tools/gnu tools arm embedded/4.7 2013q1/bin/../lib/gcc/arm-none-eabi/4.7.3/../../../../arm-none-eabi/lib/armv7e-m\libm.a(lib_a-s_scalbn.o)
                0x0802dbe0                scalbn
 *fill*         0x0802dce8        0x8 00
 .text.copysign
                0x0802dcf0       0x18 c:/chibistudio/tools/gnu tools arm embedded/4.7 2013q1/bin/../lib/gcc/arm-none-eabi/4.7.3/../../../../arm-none-eabi/lib/armv7e-m\libm.a(lib_a-s_copysign.o)
                0x0802dcf0                copysign
 *fill*         0x0802dd08        0x8 00
 .text.__errno  0x0802dd10        0xc c:/chibistudio/tools/gnu tools arm embedded/4.7 2013q1/bin/../lib/gcc/arm-none-eabi/4.7.3/../../../../arm-none-eabi/lib/armv7e-m\libc.a(lib_a-errno.o)
                0x0802dd10                __errno
 *fill*         0x0802dd1c        0x4 00
 .text.memcpy   0x0802dd20      0x144 c:/chibistudio/tools/gnu tools arm embedded/4.7 2013q1/bin/../lib/gcc/arm-none-eabi/4.7.3/../../../../arm-none-eabi/lib/armv7e-m\libc.a(lib_a-memcpy.o)
                0x0802dd20                memcpy
 *fill*         0x0802de64        0xc 00
 .text.memset   0x0802de70      0x12c c:/chibistudio/tools/gnu tools arm embedded/4.7 2013q1/bin/../lib/gcc/arm-none-eabi/4.7.3/../../../../arm-none-eabi/lib/armv7e-m\libc.a(lib_a-memset.o)
                0x0802de70                memset
 *fill*         0x0802df9c        0x4 00
 .text.strcpy   0x0802dfa0       0xbc c:/chibistudio/tools/gnu tools arm embedded/4.7 2013q1/bin/../lib/gcc/arm-none-eabi/4.7.3/../../../../arm-none-eabi/lib/armv7e-m\libc.a(lib_a-strcpy.o)
                0x0802dfa0                strcpy
 *(.rodata)
 *fill*         0x0802e05c        0x4 00
 .rodata        0x0802e060       0x10 build/obj/kb_featureA.o
 *(.rodata.*)
 .rodata.str1.4
                0x0802e070        0x5 build/obj/chsys.o
                                  0x8 (size before relaxing)
 *fill*         0x0802e075        0xb 00
 .rodata.str1.4
                0x0802e080       0x55 build/obj/chdebug.o
                                 0x58 (size before relaxing)
 *fill*         0x0802e0d5        0xb 00
 .rodata.str1.4
                0x0802e0e0       0x31 build/obj/chvt.o
                                 0x34 (size before relaxing)
 *fill*         0x0802e111        0xf 00
 .rodata.str1.4
                0x0802e120       0x23 build/obj/chschd.o
                                 0x24 (size before relaxing)
 *fill*         0x0802e143        0xd 00
 .rodata.str1.4
                0x0802e150       0x94 build/obj/chthreads.o
 *fill*         0x0802e1e4        0xc 00
 .rodata.str1.4
                0x0802e1f0       0x46 build/obj/chdynamic.o
                                 0x48 (size before relaxing)
 *fill*         0x0802e236        0xa 00
 .rodata.ch_debug
                0x0802e240       0x18 build/obj/chregistry.o
                0x0802e240                ch_debug
 *fill*         0x0802e258        0x8 00
 .rodata.str1.4
                0x0802e260      0x146 build/obj/chsem.o
                                0x148 (size before relaxing)
 *fill*         0x0802e3a6        0xa 00
 .rodata.str1.4
                0x0802e3b0       0xab build/obj/chmtx.o
                                 0xac (size before relaxing)
 *fill*         0x0802e45b        0x5 00
 .rodata.str1.4
                0x0802e460       0x90 build/obj/chevents.o
 .rodata.str1.4
                0x0802e4f0       0x87 build/obj/chmboxes.o
                                 0x88 (size before relaxing)
 *fill*         0x0802e577        0x9 00
 .rodata.str1.4
                0x0802e580       0x29 build/obj/chqueues.o
                                 0x2c (size before relaxing)
 *fill*         0x0802e5a9        0x7 00
 .rodata.str1.4
                0x0802e5b0       0x31 build/obj/chheap.o
                                 0x34 (size before relaxing)
 *fill*         0x0802e5e1        0xf 00
 .rodata.str1.4
                0x0802e5f0       0x48 build/obj/chmempools.o
 *fill*         0x0802e638        0x8 00
 .rodata.str1.4
                0x0802e640      0x10e build/obj/adc.o
                                0x110 (size before relaxing)
 *fill*         0x0802e74e        0x2 00
 .rodata.str1.4
                0x0802e750       0xcd build/obj/ext.o
                                 0xd0 (size before relaxing)
 *fill*         0x0802e81d        0x3 00
 .rodata.str1.4
                0x0802e820      0x109 build/obj/gpt.o
                                0x10c (size before relaxing)
 *fill*         0x0802e929        0x7 00
 .rodata.str1.4
                0x0802e930       0x14 build/obj/mmcsd.o
 *fill*         0x0802e944        0xc 00
 .rodata.str1.4
                0x0802e950       0x40 build/obj/rtc.o
 .rodata.sdc_vmt
                0x0802e990       0x20 build/obj/sdc.o
 .rodata.str1.4
                0x0802e9b0      0x137 build/obj/sdc.o
                                0x138 (size before relaxing)
 *fill*         0x0802eae7        0x9 00
 .rodata.str1.4
                0x0802eaf0       0x5f build/obj/serial.o
                                 0x60 (size before relaxing)
 *fill*         0x0802eb4f        0x1 00
 .rodata.vmt    0x0802eb50       0x20 build/obj/serial.o
 .rodata.str1.4
                0x0802eb70      0x236 build/obj/spi.o
                                0x238 (size before relaxing)
 *fill*         0x0802eda6        0xa 00
 .rodata.str1.4
                0x0802edb0       0x47 build/obj/stm32_dma.o
                                 0x48 (size before relaxing)
 *fill*         0x0802edf7        0x9 00
 .rodata._stm32_dma_streams
                0x0802ee00       0xc0 build/obj/stm32_dma.o
                0x0802ee00                _stm32_dma_streams
 .rodata.str1.4
                0x0802eec0       0x3c build/obj/adc_lld.o
 *fill*         0x0802eefc        0x4 00
 .rodata.str1.4
                0x0802ef00       0x14 build/obj/gpt_lld.o
 *fill*         0x0802ef14        0xc 00
 .rodata.str1.4
                0x0802ef20       0x7d build/obj/sdc_lld.o
                                 0x80 (size before relaxing)
 *fill*         0x0802ef9d        0x3 00
 .rodata.str1.4
                0x0802efa0       0x50 build/obj/spi_lld.o
 .rodata.default_config
                0x0802eff0        0xc build/obj/serial_lld.o
 *fill*         0x0802effc        0x4 00
 .rodata.pal_default_config
                0x0802f000       0xfc build/obj/board.o
                0x0802f000                pal_default_config
 *fill*         0x0802f0fc        0x4 00
 .rodata.str1.4
                0x0802f100        0x7 build/obj/chprintf.o
                                  0x8 (size before relaxing)
 *fill*         0x0802f107        0x9 00
 .rodata.vmt    0x0802f110       0x10 build/obj/memstreams.o
 .rodata.str1.4
                0x0802f120       0x54 build/obj/ff.o
 *fill*         0x0802f174        0xc 00
 .rodata.ExCvt  0x0802f180       0x80 build/obj/ff.o
 .rodata.ST7565font
                0x0802f200      0x4fc build/obj/glcdfont.o
                0x0802f200                ST7565font
 *fill*         0x0802f6fc        0x4 00
 .rodata.adc_grp_cfg
                0x0802f700       0x28 build/obj/kb_adc.o
 *fill*         0x0802f728        0x8 00
 .rodata.str1.4
                0x0802f730      0x114 build/obj/kb_debug.o
 *fill*         0x0802f844        0xc 00
 .rodata.str1.4
                0x0802f850       0x24 build/obj/kb_featureA.o
 *fill*         0x0802f874        0xc 00
 .rodata.str1.4
                0x0802f880        0x4 build/obj/kb_gps.o
 *fill*         0x0802f884        0xc 00
 .rodata.str1.4
                0x0802f890       0x21 build/obj/kb_menu.o
                                 0x24 (size before relaxing)
 *fill*         0x0802f8b1        0xf 00
 .rodata.str1.4
                0x0802f8c0       0x6b build/obj/kb_screen.o
                                 0x6c (size before relaxing)
 *fill*         0x0802f92b        0x5 00
 .rodata.default_vectornav_config
                0x0802f930       0x14 build/obj/kb_vectornav.o
 *fill*         0x0802f944        0xc 00
 .rodata.str1.4
                0x0802f950       0xa9 build/obj/kb_writer.o
                                 0xac (size before relaxing)
 *fill*         0x0802f9f9        0x7 00
 .rodata.str1.4
                0x0802fa00       0x2a build/obj/main.o
                                 0x2c (size before relaxing)
 *fill*         0x0802fa2a        0x6 00
 .rodata.extcfg
                0x0802fa30       0xb8 build/obj/main.o
 *fill*         0x0802fae8        0x8 00
 .rodata.sdio_cfg
                0x0802faf0        0x4 build/obj/main.o
 *fill*         0x0802faf4        0xc 00
 .rodata.lcd_cfg
                0x0802fb00       0x1c build/obj/main.o
 *fill*         0x0802fb1c        0x4 00
 .rodata.eeprom_cfg
                0x0802fb20        0xc build/obj/main.o
 *fill*         0x0802fb2c        0x4 00
 .rodata.st7565_nanibox
                0x0802fb30      0x200 build/obj/ST7565.o
 .rodata.pagemap
                0x0802fd30        0x4 build/obj/ST7565.o
 *fill*         0x0802fd34        0xc 00
 .rodata.str1.4
                0x0802fd40        0x4 c:/chibistudio/tools/gnu tools arm embedded/4.7 2013q1/bin/../lib/gcc/arm-none-eabi/4.7.3/../../../../arm-none-eabi/lib/armv7e-m\libm.a(lib_a-w_pow.o)
 *fill*         0x0802fd44        0xc 00
 .rodata.str1.4
                0x0802fd50        0x5 c:/chibistudio/tools/gnu tools arm embedded/4.7 2013q1/bin/../lib/gcc/arm-none-eabi/4.7.3/../../../../arm-none-eabi/lib/armv7e-m\libm.a(lib_a-w_sqrt.o)
                                  0x8 (size before relaxing)
 *fill*         0x0802fd55        0xb 00
 .rodata.dp_h   0x0802fd60       0x10 c:/chibistudio/tools/gnu tools arm embedded/4.7 2013q1/bin/../lib/gcc/arm-none-eabi/4.7.3/../../../../arm-none-eabi/lib/armv7e-m\libm.a(lib_a-e_pow.o)
 .rodata.dp_l   0x0802fd70       0x10 c:/chibistudio/tools/gnu tools arm embedded/4.7 2013q1/bin/../lib/gcc/arm-none-eabi/4.7.3/../../../../arm-none-eabi/lib/armv7e-m\libm.a(lib_a-e_pow.o)
 .rodata.bp     0x0802fd80       0x10 c:/chibistudio/tools/gnu tools arm embedded/4.7 2013q1/bin/../lib/gcc/arm-none-eabi/4.7.3/../../../../arm-none-eabi/lib/armv7e-m\libm.a(lib_a-e_pow.o)
 .rodata.str1.4
                0x00000000        0x5 c:/chibistudio/tools/gnu tools arm embedded/4.7 2013q1/bin/../lib/gcc/arm-none-eabi/4.7.3/../../../../arm-none-eabi/lib/armv7e-m\libm.a(lib_a-e_pow.o)
                                  0x4 (size before relaxing)
 .rodata.npio2_hw
                0x0802fd90       0x80 c:/chibistudio/tools/gnu tools arm embedded/4.7 2013q1/bin/../lib/gcc/arm-none-eabi/4.7.3/../../../../arm-none-eabi/lib/armv7e-m\libm.a(lib_a-e_rem_pio2.o)
 .rodata.two_over_pi
                0x0802fe10      0x108 c:/chibistudio/tools/gnu tools arm embedded/4.7 2013q1/bin/../lib/gcc/arm-none-eabi/4.7.3/../../../../arm-none-eabi/lib/armv7e-m\libm.a(lib_a-e_rem_pio2.o)
 *fill*         0x0802ff18        0x8 00
 .rodata.init_jk
                0x0802ff20       0x10 c:/chibistudio/tools/gnu tools arm embedded/4.7 2013q1/bin/../lib/gcc/arm-none-eabi/4.7.3/../../../../arm-none-eabi/lib/armv7e-m\libm.a(lib_a-k_rem_pio2.o)
 .rodata.PIo2   0x0802ff30       0x40 c:/chibistudio/tools/gnu tools arm embedded/4.7 2013q1/bin/../lib/gcc/arm-none-eabi/4.7.3/../../../../arm-none-eabi/lib/armv7e-m\libm.a(lib_a-k_rem_pio2.o)
 .rodata.atanlo
                0x0802ff70       0x20 c:/chibistudio/tools/gnu tools arm embedded/4.7 2013q1/bin/../lib/gcc/arm-none-eabi/4.7.3/../../../../arm-none-eabi/lib/armv7e-m\libm.a(lib_a-s_atan.o)
 .rodata.atanhi
                0x0802ff90       0x20 c:/chibistudio/tools/gnu tools arm embedded/4.7 2013q1/bin/../lib/gcc/arm-none-eabi/4.7.3/../../../../arm-none-eabi/lib/armv7e-m\libm.a(lib_a-s_atan.o)
 .rodata.TWO52  0x0802ffb0       0x10 c:/chibistudio/tools/gnu tools arm embedded/4.7 2013q1/bin/../lib/gcc/arm-none-eabi/4.7.3/../../../../arm-none-eabi/lib/armv7e-m\libm.a(lib_a-s_rint.o)
 .rodata.str1.4
                0x0802ffc0        0x4 c:/chibistudio/tools/gnu tools arm embedded/4.7 2013q1/bin/../lib/gcc/arm-none-eabi/4.7.3/../../../../arm-none-eabi/lib/armv7e-m\libc.a(lib_a-impure.o)
 *(.glue_7t)
 .glue_7t       0x00000000        0x0 linker stubs
 *(.glue_7)
 .glue_7        0x00000000        0x0 linker stubs
 *(.gcc*)

.vfp11_veneer   0x0802ffc4        0x0
 .vfp11_veneer  0x00000000        0x0 linker stubs

.v4_bx          0x0802ffc4        0x0
 .v4_bx         0x00000000        0x0 linker stubs

.iplt           0x0802ffc4        0x0
 .iplt          0x00000000        0x0 build/obj/kb_debug_asm.o

.rel.dyn        0x0802ffc4        0x0
 .rel.iplt      0x00000000        0x0 build/obj/kb_debug_asm.o

.ARM.extab
 *(.ARM.extab* .gnu.linkonce.armextab.*)

.ARM.exidx      0x0802ffc4        0x0
                0x0802ffc4                PROVIDE (__exidx_start, .)
 *(.ARM.exidx* .gnu.linkonce.armexidx.*)
                0x0802ffc4                PROVIDE (__exidx_end, .)

.eh_frame_hdr
 *(.eh_frame_hdr)

.eh_frame
 *(.eh_frame)

.textalign      0x0802ffc4        0x4
                0x0802ffc8                . = ALIGN (0x8)
 *fill*         0x0802ffc4        0x4 00
                0x0802ffc8                _etext = .
                0x0802ffc8                _textdata = _etext

.stacks         0x20000000      0x800
                0x20000000                . = ALIGN (0x8)
                0x20000000                __main_stack_base__ = .
                0x20000400                . = (. + __main_stack_size__)
 *fill*         0x20000000      0x400 00
                0x20000400                . = ALIGN (0x8)
                0x20000400                __main_stack_end__ = .
                0x20000400                __process_stack_base__ = .
                0x20000400                __main_thread_stack_base__ = .
                0x20000800                . = (. + __process_stack_size__)
 *fill*         0x20000400      0x400 00
                0x20000800                . = ALIGN (0x8)
                0x20000800                __process_stack_end__ = .
                0x20000800                __main_thread_stack_end__ = .

.data           0x20000800      0x66c load address 0x0802ffc8
                0x20000800                . = ALIGN (0x4)
                0x20000800                PROVIDE (_data, .)
 *(.data)
                0x20000800                . = ALIGN (0x4)
 *(.data.*)
 .data.gps_cfg  0x20000800        0xc build/obj/kb_gps.o
 .data.menu_items
                0x2000080c      0x210 build/obj/kb_menu.o
                0x2000080c                menu_items
 .data.current_item
                0x20000a1c        0x2 build/obj/kb_menu.o
                0x20000a1c                current_item
 *fill*         0x20000a1e        0x2 00
 .data.serial2_default_cfg
                0x20000a20        0xc build/obj/kb_serial.o
 .data.serial1_default_cfg
                0x20000a2c        0xc build/obj/kb_serial.o
 .data.__fdlib_version
                0x20000a38        0x1 c:/chibistudio/tools/gnu tools arm embedded/4.7 2013q1/bin/../lib/gcc/arm-none-eabi/4.7.3/../../../../arm-none-eabi/lib/armv7e-m\libm.a(lib_a-s_lib_ver.o)
                0x20000a38                __fdlib_version
 *fill*         0x20000a39        0x7 00
 .data.impure_data
                0x20000a40      0x428 c:/chibistudio/tools/gnu tools arm embedded/4.7 2013q1/bin/../lib/gcc/arm-none-eabi/4.7.3/../../../../arm-none-eabi/lib/armv7e-m\libc.a(lib_a-impure.o)
 .data._impure_ptr
                0x20000e68        0x4 c:/chibistudio/tools/gnu tools arm embedded/4.7 2013q1/bin/../lib/gcc/arm-none-eabi/4.7.3/../../../../arm-none-eabi/lib/armv7e-m\libc.a(lib_a-impure.o)
                0x20000e68                _impure_ptr
                0x20000e6c                . = ALIGN (0x4)
 *(.ramtext)
                0x20000e6c                . = ALIGN (0x4)
                0x20000e6c                PROVIDE (_edata, .)

.igot.plt       0x20000e6c        0x0 load address 0x08030634
 .igot.plt      0x00000000        0x0 build/obj/kb_debug_asm.o

.bss            0x20000e70    0x11c80 load address 0x08030634
                0x20000e70                . = ALIGN (0x4)
                0x20000e70                PROVIDE (_bss_start, .)
 *(.bss)
                0x20000e70                . = ALIGN (0x4)
 *(.bss.*)
 .bss.mainthread.4860
                0x20000e70       0x4c build/obj/chsys.o
 *fill*         0x20000ebc        0x4 00
 .bss._idle_thread_wa
                0x20000ec0      0x158 build/obj/chsys.o
                0x20000ec0                _idle_thread_wa
 .bss.dbg_isr_cnt
                0x20001018        0x4 build/obj/chdebug.o
                0x20001018                dbg_isr_cnt
 .bss.dbg_trace_buffer
                0x2000101c      0x408 build/obj/chdebug.o
                0x2000101c                dbg_trace_buffer
 .bss.dbg_lock_cnt
                0x20001424        0x4 build/obj/chdebug.o
                0x20001424                dbg_lock_cnt
 .bss.dbg_panic_msg
                0x20001428        0x4 build/obj/chdebug.o
                0x20001428                dbg_panic_msg
 .bss.vtlist    0x2000142c       0x10 build/obj/chvt.o
                0x2000142c                vtlist
 .bss.rlist     0x2000143c       0x1c build/obj/chschd.o
                0x2000143c                rlist
 .bss.endmem    0x20001458        0x4 build/obj/chmemcore.o
 .bss.nextmem   0x2000145c        0x4 build/obj/chmemcore.o
 .bss.default_heap
                0x20001460       0x20 build/obj/chheap.o
 .bss.dma_isr_redir
                0x20001480       0x80 build/obj/stm32_dma.o
 .bss.dma_streams_mask
                0x20001500        0x4 build/obj/stm32_dma.o
 .bss.ADCD1     0x20001504       0x34 build/obj/adc_lld.o
                0x20001504                ADCD1
 .bss.ADCD2     0x20001538       0x34 build/obj/adc_lld.o
                0x20001538                ADCD2
 .bss.ADCD3     0x2000156c       0x34 build/obj/adc_lld.o
                0x2000156c                ADCD3
 .bss.EXTD1     0x200015a0        0x8 build/obj/ext_lld.o
                0x200015a0                EXTD1
 .bss.GPTD14    0x200015a8       0x10 build/obj/gpt_lld.o
                0x200015a8                GPTD14
 .bss.ICUD1     0x200015b8       0x18 build/obj/icu_lld.o
                0x200015b8                ICUD1
 .bss.SDCD1     0x200015d0       0x4c build/obj/sdc_lld.o
                0x200015d0                SDCD1
 .bss.u         0x2000161c      0x200 build/obj/sdc_lld.o
 .bss.RTCD1     0x2000181c        0x4 build/obj/rtc_lld.o
                0x2000181c                RTCD1
 .bss.dummytx   0x20001820        0x2 build/obj/spi_lld.o
 *fill*         0x20001822        0x2 00
 .bss.SPID1     0x20001824       0x30 build/obj/spi_lld.o
                0x20001824                SPID1
 .bss.SPID2     0x20001854       0x30 build/obj/spi_lld.o
                0x20001854                SPID2
 .bss.dummyrx   0x20001884        0x2 build/obj/spi_lld.o
 *fill*         0x20001886        0x2 00
 .bss.SD1       0x20001888       0xd8 build/obj/serial_lld.o
                0x20001888                SD1
 .bss.SD2       0x20001960       0xd8 build/obj/serial_lld.o
                0x20001960                SD2
 .bss.SD6       0x20001a38       0xd8 build/obj/serial_lld.o
                0x20001a38                SD6
 .bss.Fsid      0x20001b10        0x2 build/obj/ff.o
 *fill*         0x20001b12        0x2 00
 .bss.FatFs     0x20001b14        0x4 build/obj/ff.o
 .bss.adc_trigger
                0x20001b18       0x14 build/obj/kb_adc.o
 .bss.adc_cfg   0x20001b2c        0x4 build/obj/kb_adc.o
 .bss.adc_samples
                0x20001b30        0xc build/obj/kb_adc.o
 .bss.btn_1_pressed
                0x20001b3c        0x1 build/obj/kb_buttons.o
 .bss.btn_0_pressed
                0x20001b3d        0x1 build/obj/kb_buttons.o
 *fill*         0x20001b3e        0x2 00
 .bss.config    0x20001b40       0x18 build/obj/kb_config.o
                0x20001b40                config
 .bss.current_feature
                0x20001b58        0x4 build/obj/kb_featureA.o
 .bss.featureAThread
                0x20001b5c        0x4 build/obj/kb_featureA.o
 .bss.waFeatureA
                0x20001b60      0x338 build/obj/kb_featureA.o
 .bss.waGps     0x20001e98      0x1b8 build/obj/kb_gps.o
 .bss.ubx_nav_sol_idx
                0x20002050        0x1 build/obj/kb_gps.o
                0x20002050                ubx_nav_sol_idx
 *fill*         0x20002051        0x3 00
 .bss.ubx_nav_sol_buffer
                0x20002054       0x3c build/obj/kb_gps.o
                0x20002054                ubx_nav_sol_buffer
 .bss.gpsThread
                0x20002090        0x4 build/obj/kb_gps.o
 .bss.ubx_nav_sol_valid
                0x20002094       0x3c build/obj/kb_gps.o
                0x20002094                ubx_nav_sol_valid
 .bss.charbuf   0x200020d0       0x80 build/obj/kb_menu.o
 .bss.msb       0x20002150       0x14 build/obj/kb_menu.o
 .bss.btn_mailbox
                0x20002164       0x28 build/obj/kb_menu.o
 .bss.kuroBox_request_standby
                0x2000218c        0x1 build/obj/kb_menu.o
                0x2000218c                kuroBox_request_standby
 *fill*         0x2000218d        0x3 00
 .bss.btn_semaphore
                0x20002190        0xc build/obj/kb_menu.o
 .bss.btn_msgs  0x2000219c       0x28 build/obj/kb_menu.o
 *fill*         0x200021c4        0x4 00
 .bss.waScreen  0x200021c8     0x1138 build/obj/kb_screen.o
 .bss.charbuf   0x20003300       0x80 build/obj/kb_screen.o
 .bss.msb       0x20003380       0x14 build/obj/kb_screen.o
 .bss.screenThread
                0x20003394        0x4 build/obj/kb_screen.o
 .bss.screen    0x20003398       0x48 build/obj/kb_screen.o
 .bss.serial1_cfg
                0x200033e0        0x4 build/obj/kb_serial.o
 .bss.serial2_cfg
                0x200033e4        0x4 build/obj/kb_serial.o
 .bss.was_last_edge_short
                0x200033e8        0x1 build/obj/kb_time.o
 *fill*         0x200033e9        0x3 00
 .bss.ltc_frame
                0x200033ec        0xc build/obj/kb_time.o
 .bss.ltc_timecode
                0x200033f8        0x4 build/obj/kb_time.o
 .bss.last_edge_time
                0x200033fc        0x4 build/obj/kb_time.o
 .bss.async_vn_msg
                0x20003400      0x408 build/obj/kb_vectornav.o
 .bss.vnav_data
                0x20003808       0x10 build/obj/kb_vectornav.o
                0x20003808                vnav_data
 .bss.VND1      0x20003818        0xc build/obj/kb_vectornav.o
                0x20003818                VND1
 .bss.write_buffers
                0x20003824     0xc004 build/obj/kb_writer.o
 .bss.write_buffer_semaphore
                0x2000f828        0xc build/obj/kb_writer.o
 .bss.writerThread
                0x2000f834        0x4 build/obj/kb_writer.o
 .bss.waWriter  0x2000f838     0x2138 build/obj/kb_writer.o
 .bss.cardsize_MB
                0x20011970        0x4 build/obj/kb_writer.o
                0x20011970                cardsize_MB
 .bss.writerThreadForSleep
                0x20011974        0x4 build/obj/kb_writer.o
 .bss.SDC_FS    0x20011978      0x234 build/obj/kb_writer.o
 .bss.kbfile    0x20011bac      0x224 build/obj/kb_writer.o
                0x20011bac                kbfile
 .bss.writer_header
                0x20011dd0      0x200 build/obj/kb_writer.o
 .bss.fs_ready  0x20011fd0        0x1 build/obj/kb_writer.o
 *fill*         0x20011fd1        0x3 00
 .bss.current_msg
                0x20011fd4      0x200 build/obj/kb_writer.o
 .bss.logger_state
                0x200121d4        0x1 build/obj/kb_writer.o
 *fill*         0x200121d5        0x3 00
 .bss.waLogger  0x200121d8      0x538 build/obj/kb_writer.o
 .bss.fs_write_protected
                0x20012710        0x1 build/obj/kb_writer.o
 *fill*         0x20012711        0x3 00
 .bss.loggerThread
                0x20012714        0x4 build/obj/kb_writer.o
 .bss.global_state
                0x20012718        0x4 build/obj/main.o
 .bss.blinkerThread
                0x2001271c        0x4 build/obj/main.o
 .bss.lcd_buffer
                0x20012720      0x200 build/obj/main.o
 .bss.waBlinker
                0x20012920      0x1b8 build/obj/main.o
 .bss.spiEepromD1
                0x20012ad8        0x8 build/obj/spiEEPROM.o
                0x20012ad8                spiEepromD1
 .bss.ST7565D1  0x20012ae0        0xc build/obj/ST7565.o
                0x20012ae0                ST7565D1
 .bss.xUpdateMin
                0x20012aec        0x1 build/obj/ST7565.o
 .bss.xUpdateMax
                0x20012aed        0x1 build/obj/ST7565.o
 .bss.yUpdateMin
                0x20012aee        0x1 build/obj/ST7565.o
 .bss.yUpdateMax
                0x20012aef        0x1 build/obj/ST7565.o
                0x20012af0                . = ALIGN (0x4)
 *(COMMON)
                0x20012af0                . = ALIGN (0x4)
                0x20012af0                PROVIDE (_bss_end, .)
                0x20012af0                PROVIDE (end, .)
                0x20012af0                _end = .
                0x20012af0                __heap_base__ = _end
                0x2001c000                __heap_end__ = __ram_end__
OUTPUT(build/kuroBox_relocated.elf elf32-littlearm)

.ARM.attributes
                0x00000000       0x35
 .ARM.attributes
                0x00000000       0x21 build/obj/kb_debug_asm.o
 .ARM.attributes
                0x00000021       0x39 build/obj/crt0.o
 .ARM.attributes
                0x0000005a       0x39 build/obj/vectors.o
 .ARM.attributes
                0x00000093       0x39 build/obj/chcore.o
 .ARM.attributes
                0x000000cc       0x39 build/obj/chcore_v7m.o
 .ARM.attributes
                0x00000105       0x39 build/obj/nvic.o
 .ARM.attributes
                0x0000013e       0x39 build/obj/chsys.o
 .ARM.attributes
                0x00000177       0x39 build/obj/chdebug.o
 .ARM.attributes
                0x000001b0       0x39 build/obj/chvt.o
 .ARM.attributes
                0x000001e9       0x39 build/obj/chschd.o
 .ARM.attributes
                0x00000222       0x39 build/obj/chthreads.o
 .ARM.attributes
                0x0000025b       0x39 build/obj/chdynamic.o
 .ARM.attributes
                0x00000294       0x39 build/obj/chregistry.o
 .ARM.attributes
                0x000002cd       0x39 build/obj/chsem.o
 .ARM.attributes
                0x00000306       0x39 build/obj/chmtx.o
 .ARM.attributes
                0x0000033f       0x39 build/obj/chevents.o
 .ARM.attributes
                0x00000378       0x39 build/obj/chmboxes.o
 .ARM.attributes
                0x000003b1       0x39 build/obj/chqueues.o
 .ARM.attributes
                0x000003ea       0x39 build/obj/chmemcore.o
 .ARM.attributes
                0x00000423       0x39 build/obj/chheap.o
 .ARM.attributes
                0x0000045c       0x39 build/obj/chmempools.o
 .ARM.attributes
                0x00000495       0x39 build/obj/hal.o
 .ARM.attributes
                0x000004ce       0x39 build/obj/adc.o
 .ARM.attributes
                0x00000507       0x39 build/obj/ext.o
 .ARM.attributes
                0x00000540       0x39 build/obj/gpt.o
 .ARM.attributes
                0x00000579       0x39 build/obj/icu.o
 .ARM.attributes
                0x000005b2       0x39 build/obj/mmcsd.o
 .ARM.attributes
                0x000005eb       0x39 build/obj/rtc.o
 .ARM.attributes
                0x00000624       0x39 build/obj/sdc.o
 .ARM.attributes
                0x0000065d       0x39 build/obj/serial.o
 .ARM.attributes
                0x00000696       0x39 build/obj/spi.o
 .ARM.attributes
                0x000006cf       0x39 build/obj/stm32_dma.o
 .ARM.attributes
                0x00000708       0x39 build/obj/hal_lld.o
 .ARM.attributes
                0x00000741       0x39 build/obj/adc_lld.o
 .ARM.attributes
                0x0000077a       0x39 build/obj/ext_lld_isr.o
 .ARM.attributes
                0x000007b3       0x39 build/obj/ext_lld.o
 .ARM.attributes
                0x000007ec       0x39 build/obj/gpt_lld.o
 .ARM.attributes
                0x00000825       0x39 build/obj/icu_lld.o
 .ARM.attributes
                0x0000085e       0x39 build/obj/sdc_lld.o
 .ARM.attributes
                0x00000897       0x39 build/obj/pal_lld.o
 .ARM.attributes
                0x000008d0       0x39 build/obj/rtc_lld.o
 .ARM.attributes
                0x00000909       0x39 build/obj/spi_lld.o
 .ARM.attributes